G2 stress: 540 driver runs x 30 trials
  A  1 clause part x 4 STOP counts x 1 arms x 10 seeds x 2 caps x 30 trials (N=12)
  B  1 clause part x 6 fleet sizes x 4 loads x 1 arms x 10 seeds x 2 caps x 30 trials (STOP=2)
  horizon 20000, bound 100 ms, STOP bearer PDB 5 ms (faithful)
  0 banked, 540 to run
    ... 25/540 (13s)
    ... 50/540 (25s)
    ... 75/540 (35s)
    ... 100/540 (43s)
    ... 125/540 (47s)
    ... 150/540 (56s)
    ... 175/540 (65s)
    ... 200/540 (71s)
    ... 225/540 (77s)
    ... 250/540 (83s)
    ... 275/540 (89s)
    ... 300/540 (92s)
    ... 325/540 (98s)
    ... 350/540 (103s)
    ... 375/540 (108s)
    ... 400/540 (113s)
    ... 425/540 (116s)
    ... 450/540 (121s)
    ... 475/540 (125s)
    ... 500/540 (128s)
    ... 525/540 (131s)

wrote sweeps/cs2-increments/inc1/aligned/g2.json  (132s, 540 runs, 36600 STOP events, 509 missed)
