270 runs = 3 arms x 9 fleet sizes x 10 seeds @ horizon 20000
  [1/270] TwoTier      N=16  never_granted=0   M08=0.026754
  [2/270] TwoTier      N=16  never_granted=0   M08=0.027586799999999998
  [3/270] TwoTier      N=16  never_granted=0   M08=7.32e-05
  [4/270] TwoTier      N=16  never_granted=0   M08=0.022542
  [5/270] TwoTier      N=16  never_granted=0   M08=0.1275192
  [6/270] TwoTier      N=16  never_granted=0   M08=0.008941200000000002
  [7/270] TwoTier      N=12  never_granted=0   M08=0.09866280000000001
  [8/270] TwoTier      N=12  never_granted=0   M08=0.22496560000000002
  [9/270] TwoTier      N=16  never_granted=0   M08=0.0188568
  [10/270] TwoTier      N=16  never_granted=0   M08=0.0267048
  [11/270] TwoTier      N=16  never_granted=0   M08=0.0100236
  [12/270] TwoTier      N=16  never_granted=0   M08=0.0159184
  [13/270] TwoTier      N=12  never_granted=0   M08=0.2152868
  [14/270] TwoTier      N=12  never_granted=0   M08=0.3091228
  [15/270] TwoTier      N=12  never_granted=0   M08=0.3226492
  [16/270] TwoTier      N=12  never_granted=0   M08=0.405302
  [17/270] TwoTier      N=12  never_granted=0   M08=0.2954172
  [18/270] TwoTier      N=12  never_granted=0   M08=0.22070520000000002
  [19/270] TwoTier      N=12  never_granted=0   M08=0.19866679999999998
  [20/270] TwoTier      N=12  never_granted=0   M08=0.0637144
  [21/270] TwoTier      N=10  never_granted=0   M08=0.4560876
  [22/270] TwoTier      N=10  never_granted=0   M08=0.2261108
  [23/270] TwoTier      N=10  never_granted=0   M08=0.3352508
  [24/270] TwoTier      N=10  never_granted=0   M08=0.6968148000000001
  [25/270] TwoTier      N=10  never_granted=0   M08=0.5116108
  [26/270] TwoTier      N=10  never_granted=0   M08=0.7668052
  [27/270] TwoTier      N=10  never_granted=0   M08=0.6957871999999999
  [28/270] TwoTier      N=10  never_granted=0   M08=0.1406704
  [29/270] TwoTier      N=10  never_granted=0   M08=0.673804
  [30/270] TwoTier      N=10  never_granted=0   M08=0.6660628000000001
  [31/270] Reservation  N=16  never_granted=8   M08=0.0
  [32/270] Reservation  N=16  never_granted=9   M08=0.0
  [33/270] Reservation  N=16  never_granted=8   M08=0.0
  [34/270] Reservation  N=16  never_granted=9   M08=0.0
  [35/270] Reservation  N=16  never_granted=8   M08=0.0
  [36/270] Reservation  N=16  never_granted=9   M08=0.0
  [37/270] Reservation  N=16  never_granted=8   M08=0.0
  [38/270] Reservation  N=16  never_granted=8   M08=0.0
  [39/270] Reservation  N=16  never_granted=8   M08=0.0
  [40/270] Reservation  N=16  never_granted=7   M08=0.0
  [41/270] TwoTier      N=8   never_granted=0   M08=0.978768
  [42/270] TwoTier      N=8   never_granted=0   M08=0.9566208
  [43/270] TwoTier      N=8   never_granted=0   M08=0.9610044
  [44/270] TwoTier      N=8   never_granted=0   M08=0.9917071999999999
  [45/270] TwoTier      N=8   never_granted=0   M08=0.9347684
  [46/270] TwoTier      N=8   never_granted=0   M08=0.9768884
  [47/270] TwoTier      N=8   never_granted=0   M08=0.980238
  [48/270] TwoTier      N=8   never_granted=0   M08=0.9924884
  [49/270] TwoTier      N=8   never_granted=0   M08=0.9462724
  [50/270] TwoTier      N=8   never_granted=0   M08=0.9844624000000001
  [51/270] PF           N=16  never_granted=0   M08=0.9475811999999999
  [52/270] PF           N=16  never_granted=0   M08=0.9585672
  [53/270] PF           N=16  never_granted=0   M08=0.9498331999999999
  [54/270] PF           N=16  never_granted=0   M08=0.9616351999999999
  [55/270] PF           N=16  never_granted=0   M08=0.9510248
  [56/270] PF           N=16  never_granted=0   M08=0.9475076
  [57/270] PF           N=16  never_granted=0   M08=0.9645616
  [58/270] PF           N=16  never_granted=0   M08=0.9062351999999999
  [59/270] PF           N=16  never_granted=0   M08=0.9348795999999999
  [60/270] PF           N=16  never_granted=0   M08=0.9548148000000001
  [61/270] Reservation  N=12  never_granted=4   M08=0.0
  [62/270] Reservation  N=12  never_granted=4   M08=0.0
  [63/270] Reservation  N=12  never_granted=5   M08=0.0
  [64/270] Reservation  N=12  never_granted=4   M08=0.0
  [65/270] Reservation  N=12  never_granted=5   M08=0.0
  [66/270] Reservation  N=12  never_granted=5   M08=0.0
  [67/270] Reservation  N=12  never_granted=4   M08=0.0
  [68/270] Reservation  N=12  never_granted=4   M08=0.0
  [69/270] Reservation  N=12  never_granted=5   M08=0.0
  [70/270] Reservation  N=12  never_granted=4   M08=0.0
  [71/270] TwoTier      N=7   never_granted=0   M08=0.989902
  [72/270] TwoTier      N=7   never_granted=0   M08=0.9806811999999999
  [73/270] TwoTier      N=7   never_granted=0   M08=0.9640908
  [74/270] TwoTier      N=7   never_granted=0   M08=0.9862295999999999
  [75/270] TwoTier      N=7   never_granted=0   M08=0.990218
  [76/270] TwoTier      N=7   never_granted=0   M08=0.9866864000000001
  [77/270] TwoTier      N=7   never_granted=0   M08=0.9882964000000001
  [78/270] TwoTier      N=7   never_granted=0   M08=0.9846204000000001
  [79/270] Reservation  N=10  never_granted=1   M08=0.0
  [80/270] TwoTier      N=7   never_granted=0   M08=0.9884888000000001
  [81/270] TwoTier      N=7   never_granted=0   M08=0.976002
  [82/270] Reservation  N=10  never_granted=3   M08=0.0
  [83/270] Reservation  N=10  never_granted=4   M08=0.0
  [84/270] Reservation  N=10  never_granted=2   M08=0.0
  [85/270] Reservation  N=10  never_granted=3   M08=0.0
  [86/270] Reservation  N=10  never_granted=4   M08=0.0
  [87/270] Reservation  N=10  never_granted=4   M08=0.0
  [88/270] Reservation  N=10  never_granted=3   M08=0.0
  [89/270] Reservation  N=10  never_granted=4   M08=0.0
  [90/270] Reservation  N=10  never_granted=4   M08=0.0
  [91/270] TwoTier      N=6   never_granted=0   M08=0.9895651999999999
  [92/270] TwoTier      N=6   never_granted=0   M08=0.972026
  [93/270] TwoTier      N=6   never_granted=0   M08=0.9895488
  [94/270] TwoTier      N=6   never_granted=0   M08=0.9942888000000001
  [95/270] TwoTier      N=6   never_granted=0   M08=0.9840016
  [96/270] TwoTier      N=6   never_granted=0   M08=0.9800668
  [97/270] TwoTier      N=6   never_granted=0   M08=0.989046
  [98/270] TwoTier      N=6   never_granted=0   M08=0.9929076
  [99/270] PF           N=12  never_granted=0   M08=0.983008
  [100/270] TwoTier      N=6   never_granted=0   M08=0.989964
  [101/270] PF           N=12  never_granted=0   M08=0.9774655999999999
  [102/270] TwoTier      N=6   never_granted=0   M08=0.979178
  [103/270] PF           N=12  never_granted=0   M08=0.9867895999999999
  [104/270] PF           N=12  never_granted=0   M08=0.9870272
  [105/270] PF           N=12  never_granted=0   M08=0.9890648000000001
  [106/270] PF           N=12  never_granted=0   M08=0.9796744000000001
  [107/270] PF           N=12  never_granted=0   M08=0.9879524000000001
  [108/270] PF           N=12  never_granted=0   M08=0.9856384
  [109/270] PF           N=12  never_granted=0   M08=0.989626
  [110/270] PF           N=12  never_granted=0   M08=0.997042
  [111/270] TwoTier      N=5   never_granted=0   M08=0.9911892
  [112/270] TwoTier      N=5   never_granted=0   M08=0.988256
  [113/270] TwoTier      N=5   never_granted=0   M08=0.9916075999999999
  [114/270] TwoTier      N=5   never_granted=0   M08=0.9904788
  [115/270] TwoTier      N=5   never_granted=0   M08=0.9968731999999999
  [116/270] TwoTier      N=5   never_granted=0   M08=1.0051988
  [117/270] TwoTier      N=5   never_granted=0   M08=0.9920748
  [118/270] TwoTier      N=5   never_granted=0   M08=1.0044088
  [119/270] Reservation  N=8   never_granted=0   M08=0.9904876
  [120/270] TwoTier      N=5   never_granted=0   M08=0.9972536
  [121/270] Reservation  N=8   never_granted=0   M08=0.987342
  [122/270] TwoTier      N=5   never_granted=0   M08=0.9961548
  [123/270] Reservation  N=8   never_granted=2   M08=0.0
  [124/270] Reservation  N=8   never_granted=2   M08=0.0
  [125/270] Reservation  N=8   never_granted=2   M08=0.0
  [126/270] Reservation  N=8   never_granted=1   M08=0.0
  [127/270] Reservation  N=8   never_granted=0   M08=0.9935168000000001
  [128/270] Reservation  N=8   never_granted=1   M08=0.0
  [129/270] Reservation  N=8   never_granted=1   M08=0.0
  [130/270] Reservation  N=8   never_granted=2   M08=0.0
  [131/270] PF           N=10  never_granted=0   M08=0.9870831999999999
  [132/270] PF           N=10  never_granted=0   M08=0.9920696
  [133/270] PF           N=10  never_granted=0   M08=0.9872291999999999
  [134/270] PF           N=10  never_granted=0   M08=0.988392
  [135/270] PF           N=10  never_granted=0   M08=0.9838768
  [136/270] PF           N=10  never_granted=0   M08=0.989576
  [137/270] PF           N=10  never_granted=0   M08=0.9952671999999999
  [138/270] PF           N=10  never_granted=0   M08=0.9950656
  [139/270] PF           N=10  never_granted=0   M08=1.0004284
  [140/270] Reservation  N=7   never_granted=0   M08=0.9856368000000001
  [141/270] PF           N=10  never_granted=0   M08=0.9947304
  [142/270] Reservation  N=7   never_granted=1   M08=0.0
  [143/270] Reservation  N=7   never_granted=0   M08=0.973324
  [144/270] Reservation  N=7   never_granted=1   M08=0.0
  [145/270] Reservation  N=7   never_granted=1   M08=0.0
  [146/270] Reservation  N=7   never_granted=0   M08=0.9910808000000001
  [147/270] Reservation  N=7   never_granted=1   M08=0.0
  [148/270] Reservation  N=7   never_granted=0   M08=1.0002288000000001
  [149/270] Reservation  N=7   never_granted=0   M08=0.982624
  [150/270] Reservation  N=7   never_granted=0   M08=0.9942688000000001
  [151/270] TwoTier      N=4   never_granted=0   M08=0.9899851999999999
  [152/270] TwoTier      N=4   never_granted=0   M08=0.9964868
  [153/270] TwoTier      N=4   never_granted=0   M08=0.9945988
  [154/270] TwoTier      N=4   never_granted=0   M08=0.989496
  [155/270] TwoTier      N=4   never_granted=0   M08=0.9936208000000001
  [156/270] TwoTier      N=4   never_granted=0   M08=0.9988348
  [157/270] TwoTier      N=4   never_granted=0   M08=0.9915124000000001
  [158/270] TwoTier      N=4   never_granted=0   M08=0.9932604
  [159/270] TwoTier      N=4   never_granted=0   M08=1.0071776
  [160/270] PF           N=8   never_granted=0   M08=0.9877904000000001
  [161/270] TwoTier      N=4   never_granted=0   M08=0.992612
  [162/270] PF           N=8   never_granted=0   M08=0.9882264000000001
  [163/270] PF           N=8   never_granted=0   M08=0.998286
  [164/270] PF           N=8   never_granted=0   M08=0.9937528
  [165/270] PF           N=8   never_granted=0   M08=0.982302
  [166/270] PF           N=8   never_granted=0   M08=0.9946
  [167/270] PF           N=8   never_granted=0   M08=0.980238
  [168/270] PF           N=8   never_granted=0   M08=0.9991868
  [169/270] PF           N=8   never_granted=0   M08=0.9969008
  [170/270] PF           N=8   never_granted=0   M08=0.9965284
  [171/270] Reservation  N=6   never_granted=0   M08=0.9959796
  [172/270] Reservation  N=6   never_granted=0   M08=0.9849108000000001
  [173/270] Reservation  N=6   never_granted=0   M08=0.9897648
  [174/270] Reservation  N=6   never_granted=0   M08=0.996488
  [175/270] Reservation  N=6   never_granted=0   M08=0.9851608000000001
  [176/270] Reservation  N=6   never_granted=0   M08=0.99055
  [177/270] Reservation  N=6   never_granted=0   M08=0.990338
  [178/270] Reservation  N=6   never_granted=0   M08=0.9929076
  [179/270] Reservation  N=6   never_granted=0   M08=0.995072
  [180/270] Reservation  N=6   never_granted=0   M08=0.9827028000000001
  [181/270] PF           N=7   never_granted=0   M08=0.9959036
  [182/270] PF           N=7   never_granted=0   M08=0.9856368000000001
  [183/270] PF           N=7   never_granted=0   M08=0.973324
  [184/270] PF           N=7   never_granted=0   M08=0.9984031999999999
  [185/270] PF           N=7   never_granted=0   M08=0.9968612
  [186/270] PF           N=7   never_granted=0   M08=0.9942364
  [187/270] PF           N=7   never_granted=0   M08=0.9883868
  [188/270] PF           N=7   never_granted=0   M08=1.0002288000000001
  [189/270] PF           N=7   never_granted=0   M08=0.982624
  [190/270] PF           N=7   never_granted=0   M08=0.9942688000000001
  [191/270] Reservation  N=5   never_granted=0   M08=0.9918504
  [192/270] Reservation  N=5   never_granted=0   M08=0.9916075999999999
  [193/270] Reservation  N=5   never_granted=0   M08=0.988256
  [194/270] Reservation  N=5   never_granted=0   M08=0.9904788
  [195/270] Reservation  N=5   never_granted=0   M08=1.0051988
  [196/270] Reservation  N=5   never_granted=0   M08=0.9968731999999999
  [197/270] Reservation  N=5   never_granted=0   M08=0.9921652
  [198/270] Reservation  N=5   never_granted=0   M08=1.0049164
  [199/270] Reservation  N=5   never_granted=0   M08=0.9961548
  [200/270] PF           N=6   never_granted=0   M08=0.9848152
  [201/270] Reservation  N=5   never_granted=0   M08=0.9973524
  [202/270] PF           N=6   never_granted=0   M08=0.9959796
  [203/270] PF           N=6   never_granted=0   M08=0.9897648
  [204/270] PF           N=6   never_granted=0   M08=0.996488
  [205/270] PF           N=6   never_granted=0   M08=0.9851608000000001
  [206/270] PF           N=6   never_granted=0   M08=0.9904444
  [207/270] PF           N=6   never_granted=0   M08=0.995174
  [208/270] PF           N=6   never_granted=0   M08=0.9929076
  [209/270] PF           N=6   never_granted=0   M08=0.9904712
  [210/270] PF           N=6   never_granted=0   M08=0.9827028000000001
  [211/270] Reservation  N=4   never_granted=0   M08=0.9899851999999999
  [212/270] Reservation  N=4   never_granted=0   M08=0.9964868
  [213/270] Reservation  N=4   never_granted=0   M08=0.989496
  [214/270] Reservation  N=4   never_granted=0   M08=0.9946891999999999
  [215/270] Reservation  N=4   never_granted=0   M08=0.9936208000000001
  [216/270] Reservation  N=4   never_granted=0   M08=0.9984428000000001
  [217/270] Reservation  N=4   never_granted=0   M08=0.9922384000000001
  [218/270] PF           N=5   never_granted=0   M08=0.9918504
  [219/270] Reservation  N=4   never_granted=0   M08=0.9932604
  [220/270] Reservation  N=4   never_granted=0   M08=1.0071776
  [221/270] Reservation  N=4   never_granted=0   M08=0.992612
  [222/270] PF           N=5   never_granted=0   M08=0.9916075999999999
  [223/270] PF           N=5   never_granted=0   M08=0.988256
  [224/270] PF           N=5   never_granted=0   M08=0.9968731999999999
  [225/270] PF           N=5   never_granted=0   M08=1.0051988
  [226/270] PF           N=5   never_granted=0   M08=0.9904788
  [227/270] PF           N=5   never_granted=0   M08=0.9922804000000001
  [228/270] PF           N=5   never_granted=0   M08=1.0049164
  [229/270] PF           N=5   never_granted=0   M08=0.9973524
  [230/270] PF           N=5   never_granted=0   M08=0.9961548
  [231/270] TwoTier      N=2   never_granted=0   M08=1.0118544
  [232/270] TwoTier      N=2   never_granted=0   M08=0.9928564
  [233/270] TwoTier      N=2   never_granted=0   M08=1.0049588
  [234/270] TwoTier      N=2   never_granted=0   M08=0.994254
  [235/270] TwoTier      N=2   never_granted=0   M08=0.9841356
  [236/270] TwoTier      N=2   never_granted=0   M08=0.9879536
  [237/270] TwoTier      N=2   never_granted=0   M08=0.9951471999999999
  [238/270] TwoTier      N=2   never_granted=0   M08=1.0043912
  [239/270] TwoTier      N=2   never_granted=0   M08=1.0015612
  [240/270] PF           N=4   never_granted=0   M08=0.9899851999999999
  [241/270] TwoTier      N=2   never_granted=0   M08=0.9967412
  [242/270] PF           N=4   never_granted=0   M08=0.9946891999999999
  [243/270] PF           N=4   never_granted=0   M08=0.9954888000000001
  [244/270] PF           N=4   never_granted=0   M08=0.9936208000000001
  [245/270] PF           N=4   never_granted=0   M08=0.989496
  [246/270] PF           N=4   never_granted=0   M08=0.9988348
  [247/270] Reservation  N=2   never_granted=0   M08=1.0118544
  [248/270] PF           N=4   never_granted=0   M08=0.9922384000000001
  [249/270] PF           N=4   never_granted=0   M08=0.9932604
  [250/270] PF           N=4   never_granted=0   M08=1.005862
  [251/270] Reservation  N=2   never_granted=0   M08=0.9929764
  [252/270] PF           N=4   never_granted=0   M08=0.9920408000000001
  [253/270] Reservation  N=2   never_granted=0   M08=0.9879536
  [254/270] Reservation  N=2   never_granted=0   M08=1.0040516
  [255/270] Reservation  N=2   never_granted=0   M08=0.9840156
  [256/270] Reservation  N=2   never_granted=0   M08=0.994254
  [257/270] Reservation  N=2   never_granted=0   M08=0.9951471999999999
  [258/270] Reservation  N=2   never_granted=0   M08=1.0015612
  [259/270] PF           N=2   never_granted=0   M08=1.0049588
  [260/270] PF           N=2   never_granted=0   M08=1.0118544
  [261/270] PF           N=2   never_granted=0   M08=0.9929764
  [262/270] Reservation  N=2   never_granted=0   M08=1.0043912
  [263/270] Reservation  N=2   never_granted=0   M08=0.9967412
  [264/270] PF           N=2   never_granted=0   M08=0.994254
  [265/270] PF           N=2   never_granted=0   M08=0.9951471999999999
  [266/270] PF           N=2   never_granted=0   M08=0.9841356
  [267/270] PF           N=2   never_granted=0   M08=1.0015612
  [268/270] PF           N=2   never_granted=0   M08=0.9879536
  [269/270] PF           N=2   never_granted=0   M08=1.0030008000000001
  [270/270] PF           N=2   never_granted=0   M08=0.9967412

wrote sweeps/g1-stress/g10_remeasure_cap4.json
