270 runs = 3 arms x 9 fleet sizes x 10 seeds @ horizon 20000
  [1/270] TwoTier      N=16  never_granted=0   M08=0.010858
  [2/270] TwoTier      N=16  never_granted=0   M08=0.003142
  [3/270] TwoTier      N=16  never_granted=0   M08=0.009134399999999999
  [4/270] TwoTier      N=16  never_granted=0   M08=0.0012032
  [5/270] TwoTier      N=16  never_granted=0   M08=0.00715
  [6/270] TwoTier      N=16  never_granted=0   M08=0.003936
  [7/270] TwoTier      N=16  never_granted=0   M08=0.0069824
  [8/270] TwoTier      N=16  never_granted=0   M08=0.0076276
  [9/270] TwoTier      N=12  never_granted=0   M08=0.035416800000000005
  [10/270] TwoTier      N=12  never_granted=0   M08=0.0754492
  [11/270] TwoTier      N=12  never_granted=0   M08=0.0316448
  [12/270] TwoTier      N=12  never_granted=0   M08=0.0062648
  [13/270] TwoTier      N=12  never_granted=0   M08=0.0249728
  [14/270] TwoTier      N=12  never_granted=0   M08=0.03477
  [15/270] TwoTier      N=16  never_granted=0   M08=0.0107684
  [16/270] TwoTier      N=16  never_granted=0   M08=0.0038928
  [17/270] TwoTier      N=10  never_granted=0   M08=0.0445324
  [18/270] TwoTier      N=12  never_granted=0   M08=0.0732748
  [19/270] TwoTier      N=12  never_granted=0   M08=0.052571599999999996
  [20/270] TwoTier      N=10  never_granted=0   M08=0.0296492
  [21/270] TwoTier      N=12  never_granted=0   M08=0.0015136
  [22/270] TwoTier      N=10  never_granted=0   M08=0.0395584
  [23/270] TwoTier      N=12  never_granted=0   M08=0.053294
  [24/270] TwoTier      N=10  never_granted=0   M08=0.0317812
  [25/270] TwoTier      N=10  never_granted=0   M08=0.04122
  [26/270] TwoTier      N=10  never_granted=0   M08=0.0463304
  [27/270] TwoTier      N=10  never_granted=0   M08=0.0353908
  [28/270] TwoTier      N=10  never_granted=0   M08=0.041830400000000004
  [29/270] TwoTier      N=10  never_granted=0   M08=0.0454356
  [30/270] TwoTier      N=10  never_granted=0   M08=0.04618
  [31/270] Reservation  N=16  never_granted=5   M08=0.0
  [32/270] Reservation  N=16  never_granted=2   M08=0.0
  [33/270] Reservation  N=16  never_granted=4   M08=0.0
  [34/270] Reservation  N=16  never_granted=3   M08=0.0
  [35/270] Reservation  N=16  never_granted=4   M08=0.0
  [36/270] Reservation  N=16  never_granted=5   M08=0.0
  [37/270] Reservation  N=16  never_granted=5   M08=0.0
  [38/270] Reservation  N=16  never_granted=5   M08=0.0
  [39/270] Reservation  N=16  never_granted=3   M08=0.0
  [40/270] Reservation  N=16  never_granted=3   M08=0.0
  [41/270] TwoTier      N=8   never_granted=0   M08=0.7743932
  [42/270] TwoTier      N=8   never_granted=0   M08=0.9095211999999999
  [43/270] TwoTier      N=8   never_granted=0   M08=0.9457011999999999
  [44/270] TwoTier      N=8   never_granted=0   M08=0.3230464
  [45/270] TwoTier      N=8   never_granted=0   M08=0.9171328000000001
  [46/270] TwoTier      N=8   never_granted=0   M08=0.6523171999999999
  [47/270] TwoTier      N=8   never_granted=0   M08=0.9191768
  [48/270] TwoTier      N=8   never_granted=0   M08=0.6635024
  [49/270] TwoTier      N=8   never_granted=0   M08=0.9200464
  [50/270] PF           N=16  never_granted=0   M08=0.9569424
  [51/270] PF           N=16  never_granted=0   M08=0.9467656
  [52/270] PF           N=16  never_granted=0   M08=0.9627316
  [53/270] TwoTier      N=8   never_granted=0   M08=0.924674
  [54/270] PF           N=16  never_granted=0   M08=0.948708
  [55/270] PF           N=16  never_granted=0   M08=0.9477468
  [56/270] PF           N=16  never_granted=0   M08=0.9481252
  [57/270] PF           N=16  never_granted=0   M08=0.9058884
  [58/270] Reservation  N=12  never_granted=4   M08=0.0
  [59/270] Reservation  N=12  never_granted=4   M08=0.0
  [60/270] PF           N=16  never_granted=0   M08=0.9343412
  [61/270] PF           N=16  never_granted=0   M08=0.9632252
  [62/270] PF           N=16  never_granted=0   M08=0.9543191999999999
  [63/270] Reservation  N=12  never_granted=4   M08=0.0
  [64/270] Reservation  N=12  never_granted=4   M08=0.0
  [65/270] Reservation  N=12  never_granted=5   M08=0.0
  [66/270] Reservation  N=12  never_granted=4   M08=0.0
  [67/270] Reservation  N=12  never_granted=4   M08=0.0
  [68/270] Reservation  N=12  never_granted=4   M08=0.0
  [69/270] Reservation  N=12  never_granted=4   M08=0.0
  [70/270] Reservation  N=12  never_granted=4   M08=0.0
  [71/270] TwoTier      N=7   never_granted=0   M08=0.6882132
  [72/270] TwoTier      N=7   never_granted=0   M08=0.7208456
  [73/270] TwoTier      N=7   never_granted=0   M08=0.9431288000000001
  [74/270] TwoTier      N=7   never_granted=0   M08=0.8015924
  [75/270] TwoTier      N=7   never_granted=0   M08=0.9532824
  [76/270] TwoTier      N=7   never_granted=0   M08=0.501322
  [77/270] TwoTier      N=7   never_granted=0   M08=0.5711224
  [78/270] TwoTier      N=7   never_granted=0   M08=0.9498032
  [79/270] TwoTier      N=7   never_granted=0   M08=0.7300496
  [80/270] TwoTier      N=7   never_granted=0   M08=0.8614111999999999
  [81/270] Reservation  N=10  never_granted=3   M08=0.0
  [82/270] Reservation  N=10  never_granted=3   M08=0.0
  [83/270] Reservation  N=10  never_granted=3   M08=0.0
  [84/270] Reservation  N=10  never_granted=3   M08=0.0
  [85/270] Reservation  N=10  never_granted=3   M08=0.0
  [86/270] Reservation  N=10  never_granted=3   M08=0.0
  [87/270] Reservation  N=10  never_granted=2   M08=0.0
  [88/270] Reservation  N=10  never_granted=3   M08=0.0
  [89/270] Reservation  N=10  never_granted=3   M08=0.0
  [90/270] Reservation  N=10  never_granted=3   M08=0.0
  [91/270] TwoTier      N=6   never_granted=0   M08=0.97935
  [92/270] TwoTier      N=6   never_granted=0   M08=0.9843868
  [93/270] TwoTier      N=6   never_granted=0   M08=0.9836028
  [94/270] TwoTier      N=6   never_granted=0   M08=0.9836684
  [95/270] TwoTier      N=6   never_granted=0   M08=0.9682044000000001
  [96/270] TwoTier      N=6   never_granted=0   M08=0.9345211999999999
  [97/270] TwoTier      N=6   never_granted=0   M08=0.9832436
  [98/270] TwoTier      N=6   never_granted=0   M08=0.9469576
  [99/270] TwoTier      N=6   never_granted=0   M08=0.9800064
  [100/270] TwoTier      N=6   never_granted=0   M08=0.9761871999999999
  [101/270] PF           N=12  never_granted=0   M08=0.983008
  [102/270] PF           N=12  never_granted=0   M08=0.9774655999999999
  [103/270] PF           N=12  never_granted=0   M08=0.9890648000000001
  [104/270] PF           N=12  never_granted=0   M08=0.986432
  [105/270] PF           N=12  never_granted=0   M08=0.9871456
  [106/270] PF           N=12  never_granted=0   M08=0.9809448000000001
  [107/270] PF           N=12  never_granted=0   M08=0.9866364
  [108/270] PF           N=12  never_granted=0   M08=0.99658
  [109/270] PF           N=12  never_granted=0   M08=0.987408
  [110/270] PF           N=12  never_granted=0   M08=0.989354
  [111/270] TwoTier      N=5   never_granted=0   M08=0.9918504
  [112/270] TwoTier      N=5   never_granted=0   M08=0.982916
  [113/270] TwoTier      N=5   never_granted=0   M08=0.98258
  [114/270] TwoTier      N=5   never_granted=0   M08=0.9904788
  [115/270] TwoTier      N=5   never_granted=0   M08=0.9968
  [116/270] TwoTier      N=5   never_granted=0   M08=1.0026948
  [117/270] TwoTier      N=5   never_granted=0   M08=0.9802068
  [118/270] TwoTier      N=5   never_granted=0   M08=0.9937496
  [119/270] Reservation  N=8   never_granted=1   M08=0.0
  [120/270] TwoTier      N=5   never_granted=0   M08=0.9973524
  [121/270] Reservation  N=8   never_granted=2   M08=0.0
  [122/270] Reservation  N=8   never_granted=1   M08=0.0
  [123/270] TwoTier      N=5   never_granted=0   M08=0.9961548
  [124/270] Reservation  N=8   never_granted=2   M08=0.0
  [125/270] Reservation  N=8   never_granted=3   M08=0.0
  [126/270] Reservation  N=8   never_granted=2   M08=0.0
  [127/270] Reservation  N=8   never_granted=2   M08=0.0
  [128/270] Reservation  N=8   never_granted=3   M08=0.0
  [129/270] Reservation  N=8   never_granted=2   M08=0.0
  [130/270] Reservation  N=8   never_granted=2   M08=0.0
  [131/270] PF           N=10  never_granted=0   M08=0.9919684
  [132/270] PF           N=10  never_granted=0   M08=0.9862748
  [133/270] PF           N=10  never_granted=0   M08=0.986594
  [134/270] PF           N=10  never_granted=0   M08=0.9896624
  [135/270] PF           N=10  never_granted=0   M08=0.9851472
  [136/270] PF           N=10  never_granted=0   M08=0.9902112
  [137/270] PF           N=10  never_granted=0   M08=0.9949044
  [138/270] PF           N=10  never_granted=0   M08=1.0004284
  [139/270] PF           N=10  never_granted=0   M08=0.9955276
  [140/270] Reservation  N=7   never_granted=0   M08=0.9853484
  [141/270] PF           N=10  never_granted=0   M08=0.9945676
  [142/270] Reservation  N=7   never_granted=1   M08=0.0
  [143/270] Reservation  N=7   never_granted=1   M08=0.0
  [144/270] Reservation  N=7   never_granted=0   M08=0.993276
  [145/270] Reservation  N=7   never_granted=1   M08=0.0
  [146/270] Reservation  N=7   never_granted=1   M08=0.0
  [147/270] Reservation  N=7   never_granted=1   M08=0.0
  [148/270] Reservation  N=7   never_granted=1   M08=0.0
  [149/270] Reservation  N=7   never_granted=1   M08=0.0
  [150/270] Reservation  N=7   never_granted=1   M08=0.0
  [151/270] TwoTier      N=4   never_granted=0   M08=0.9898948000000001
  [152/270] TwoTier      N=4   never_granted=0   M08=0.9946891999999999
  [153/270] TwoTier      N=4   never_granted=0   M08=0.9964868
  [154/270] TwoTier      N=4   never_granted=0   M08=0.989496
  [155/270] TwoTier      N=4   never_granted=0   M08=0.9936208000000001
  [156/270] TwoTier      N=4   never_granted=0   M08=0.9988348
  [157/270] TwoTier      N=4   never_granted=0   M08=0.9922384000000001
  [158/270] TwoTier      N=4   never_granted=0   M08=1.0071776
  [159/270] TwoTier      N=4   never_granted=0   M08=0.9932604
  [160/270] PF           N=8   never_granted=0   M08=0.9877904000000001
  [161/270] TwoTier      N=4   never_granted=0   M08=0.992612
  [162/270] PF           N=8   never_granted=0   M08=0.9884988
  [163/270] PF           N=8   never_granted=0   M08=0.9970156
  [164/270] PF           N=8   never_granted=0   M08=0.9835724
  [165/270] PF           N=8   never_granted=0   M08=0.9937528
  [166/270] PF           N=8   never_granted=0   M08=0.9946
  [167/270] PF           N=8   never_granted=0   M08=0.9797928
  [168/270] PF           N=8   never_granted=0   M08=0.9993248
  [169/270] PF           N=8   never_granted=0   M08=0.9969008
  [170/270] PF           N=8   never_granted=0   M08=0.9962976
  [171/270] Reservation  N=6   never_granted=0   M08=0.9955508000000001
  [172/270] Reservation  N=6   never_granted=0   M08=0.9849108000000001
  [173/270] Reservation  N=6   never_granted=0   M08=0.9897648
  [174/270] Reservation  N=6   never_granted=0   M08=0.996488
  [175/270] Reservation  N=6   never_granted=0   M08=0.99055
  [176/270] Reservation  N=6   never_granted=0   M08=0.9845836
  [177/270] Reservation  N=6   never_granted=0   M08=0.9904712
  [178/270] Reservation  N=6   never_granted=0   M08=0.9937452
  [179/270] Reservation  N=6   never_granted=0   M08=0.9929076
  [180/270] Reservation  N=6   never_granted=0   M08=0.98201
  [181/270] PF           N=7   never_granted=0   M08=0.9856368000000001
  [182/270] PF           N=7   never_granted=0   M08=0.973324
  [183/270] PF           N=7   never_granted=0   M08=0.997174
  [184/270] PF           N=7   never_granted=0   M08=0.9984936
  [185/270] PF           N=7   never_granted=0   M08=0.9968612
  [186/270] PF           N=7   never_granted=0   M08=0.9942364
  [187/270] PF           N=7   never_granted=0   M08=0.9883868
  [188/270] PF           N=7   never_granted=0   M08=1.0002288000000001
  [189/270] PF           N=7   never_granted=0   M08=0.982624
  [190/270] PF           N=7   never_granted=0   M08=0.9942688000000001
  [191/270] Reservation  N=5   never_granted=0   M08=0.9918504
  [192/270] Reservation  N=5   never_granted=0   M08=0.9916075999999999
  [193/270] Reservation  N=5   never_granted=0   M08=0.9904788
  [194/270] Reservation  N=5   never_granted=0   M08=0.988256
  [195/270] Reservation  N=5   never_granted=0   M08=0.9968731999999999
  [196/270] Reservation  N=5   never_granted=0   M08=0.9922804000000001
  [197/270] Reservation  N=5   never_granted=0   M08=1.0051988
  [198/270] Reservation  N=5   never_granted=0   M08=0.9973524
  [199/270] Reservation  N=5   never_granted=0   M08=0.9961548
  [200/270] Reservation  N=5   never_granted=0   M08=1.0049164
  [201/270] PF           N=6   never_granted=0   M08=0.9959796
  [202/270] PF           N=6   never_granted=0   M08=0.9836404
  [203/270] PF           N=6   never_granted=0   M08=0.9897648
  [204/270] PF           N=6   never_granted=0   M08=0.996488
  [205/270] PF           N=6   never_granted=0   M08=0.9892795999999999
  [206/270] PF           N=6   never_granted=0   M08=0.99028
  [207/270] PF           N=6   never_granted=0   M08=0.9939036
  [208/270] PF           N=6   never_granted=0   M08=0.9929076
  [209/270] PF           N=6   never_granted=0   M08=0.9838904
  [210/270] PF           N=6   never_granted=0   M08=0.9827028000000001
  [211/270] Reservation  N=4   never_granted=0   M08=0.9899851999999999
  [212/270] Reservation  N=4   never_granted=0   M08=0.99365
  [213/270] Reservation  N=4   never_granted=0   M08=0.9964868
  [214/270] Reservation  N=4   never_granted=0   M08=0.989496
  [215/270] Reservation  N=4   never_granted=0   M08=0.9936208000000001
  [216/270] Reservation  N=4   never_granted=0   M08=0.9922384000000001
  [217/270] Reservation  N=4   never_granted=0   M08=0.9988348
  [218/270] Reservation  N=4   never_granted=0   M08=1.0071776
  [219/270] Reservation  N=4   never_granted=0   M08=0.9932604
  [220/270] Reservation  N=4   never_granted=0   M08=0.992612
  [221/270] PF           N=5   never_granted=0   M08=0.9918504
  [222/270] PF           N=5   never_granted=0   M08=0.9904788
  [223/270] PF           N=5   never_granted=0   M08=0.9916075999999999
  [224/270] PF           N=5   never_granted=0   M08=0.9968731999999999
  [225/270] PF           N=5   never_granted=0   M08=0.988256
  [226/270] PF           N=5   never_granted=0   M08=1.0038304
  [227/270] PF           N=5   never_granted=0   M08=0.9922804000000001
  [228/270] PF           N=5   never_granted=0   M08=1.0049164
  [229/270] PF           N=5   never_granted=0   M08=0.9961976
  [230/270] PF           N=5   never_granted=0   M08=0.9961548
  [231/270] TwoTier      N=2   never_granted=0   M08=1.0118544
  [232/270] TwoTier      N=2   never_granted=0   M08=1.0049012
  [233/270] TwoTier      N=2   never_granted=0   M08=0.9929764
  [234/270] TwoTier      N=2   never_granted=0   M08=0.994254
  [235/270] TwoTier      N=2   never_granted=0   M08=0.9841356
  [236/270] TwoTier      N=2   never_granted=0   M08=0.9951471999999999
  [237/270] TwoTier      N=2   never_granted=0   M08=0.9879536
  [238/270] PF           N=4   never_granted=0   M08=0.9899851999999999
  [239/270] TwoTier      N=2   never_granted=0   M08=1.0015612
  [240/270] TwoTier      N=2   never_granted=0   M08=1.0043912
  [241/270] PF           N=4   never_granted=0   M08=0.9946891999999999
  [242/270] PF           N=4   never_granted=0   M08=0.9964868
  [243/270] TwoTier      N=2   never_granted=0   M08=0.9967412
  [244/270] PF           N=4   never_granted=0   M08=0.989496
  [245/270] PF           N=4   never_granted=0   M08=0.9936208000000001
  [246/270] Reservation  N=2   never_granted=0   M08=1.0118544
  [247/270] PF           N=4   never_granted=0   M08=0.9988348
  [248/270] PF           N=4   never_granted=0   M08=0.9922384000000001
  [249/270] PF           N=4   never_granted=0   M08=1.0071776
  [250/270] Reservation  N=2   never_granted=0   M08=0.9929764
  [251/270] PF           N=4   never_granted=0   M08=0.9932604
  [252/270] Reservation  N=2   never_granted=0   M08=1.0049588
  [253/270] PF           N=4   never_granted=0   M08=0.992612
  [254/270] Reservation  N=2   never_granted=0   M08=0.991976
  [255/270] Reservation  N=2   never_granted=0   M08=0.9841356
  [256/270] Reservation  N=2   never_granted=0   M08=0.9951471999999999
  [257/270] Reservation  N=2   never_granted=0   M08=0.9879536
  [258/270] Reservation  N=2   never_granted=0   M08=1.0015612
  [259/270] PF           N=2   never_granted=0   M08=1.0108564
  [260/270] Reservation  N=2   never_granted=0   M08=1.0043912
  [261/270] Reservation  N=2   never_granted=0   M08=0.9967412
  [262/270] PF           N=2   never_granted=0   M08=0.9929764
  [263/270] PF           N=2   never_granted=0   M08=1.0049588
  [264/270] PF           N=2   never_granted=0   M08=0.994254
  [265/270] PF           N=2   never_granted=0   M08=0.9841356
  [266/270] PF           N=2   never_granted=0   M08=0.9951471999999999
  [267/270] PF           N=2   never_granted=0   M08=1.0015612
  [268/270] PF           N=2   never_granted=0   M08=0.9879536
  [269/270] PF           N=2   never_granted=0   M08=1.0042712
  [270/270] PF           N=2   never_granted=0   M08=0.9967412

wrote sweeps/g1-stress/g10_remeasure_cap4.json
