G1 stress: 960 driver runs
  A  2 clause parts x 9 UE counts x 3 arms x 10 seeds x 2 caps  (committed x1)
  B  2 clause parts x 8 load levels x 3 arms x 10 seeds x 2 caps  (N=6)
  horizon 40000 slots, 2 driven robots, bound p98 <= 95 ms, gap bound 200 ms
  0 banked, 960 to run
    ... 25/960 (107s)
    ... 50/960 (182s)
    ... 75/960 (232s)
    ... 100/960 (277s)
    ... 125/960 (331s)
    ... 150/960 (373s)
    ... 175/960 (413s)
    ... 200/960 (444s)
    ... 225/960 (479s)
    ... 250/960 (514s)
    ... 275/960 (539s)
    ... 300/960 (566s)
    ... 325/960 (593s)
    ... 350/960 (619s)
    ... 375/960 (648s)
    ... 400/960 (671s)
    ... 425/960 (700s)
    ... 450/960 (725s)
    ... 475/960 (749s)
    ... 500/960 (768s)
    ... 525/960 (788s)
    ... 550/960 (804s)
    ... 575/960 (819s)
    ... 600/960 (833s)
    ... 625/960 (848s)
    ... 650/960 (861s)
    ... 675/960 (876s)
    ... 700/960 (889s)
    ... 725/960 (905s)
    ... 750/960 (917s)
    ... 775/960 (929s)
    ... 800/960 (941s)
    ... 825/960 (951s)
    ... 850/960 (962s)
    ... 875/960 (974s)
    ... 900/960 (984s)
    ... 925/960 (995s)
    ... 950/960 (1002s)

wrote sweeps/g1-stress/g1_stress.json  (1004s, 960 runs)
