G1 stress: 960 driver runs
  A  2 clause parts x 9 UE counts x 3 arms x 10 seeds x 2 caps  (committed x1)
  B  2 clause parts x 8 load levels x 3 arms x 10 seeds x 2 caps  (N=6)
  horizon 40000 slots, 2 driven robots, bound p98 <= 95 ms, gap bound 200 ms
  0 banked, 960 to run
    ... 25/960 (330s)
    ... 50/960 (540s)
Process SpawnPoolWorker-5:
Traceback (most recent call last):
  File "/usr/lib/python3.12/multiprocessing/pool.py", line 131, in worker
    put((job, i, result))
  File "/usr/lib/python3.12/multiprocessing/queues.py", line 399, in put
    self._writer.send_bytes(obj)
  File "/usr/lib/python3.12/multiprocessing/connection.py", line 200, in send_bytes
    self._send_bytes(m[offset:offset + size])
  File "/usr/lib/python3.12/multiprocessing/connection.py", line 427, in _send_bytes
    self._send(header + buf)
  File "/usr/lib/python3.12/multiprocessing/connection.py", line 384, in _send
    n = write(self._handle, buf)
        ^^^^^^^^^^^^^^^^^^^^^^^^
BrokenPipeError: [Errno 32] Broken pipe

During handling of the above exception, another exception occurred:

Traceback (most recent call last):
  File "/usr/lib/python3.12/multiprocessing/process.py", line 314, in _bootstrap
    self.run()
  File "/usr/lib/python3.12/multiprocessing/process.py", line 108, in run
    self._target(*self._args, **self._kwargs)
  File "/usr/lib/python3.12/multiprocessing/pool.py", line 136, in worker
    put((job, i, (False, wrapped)))
  File "/usr/lib/python3.12/multiprocessing/queues.py", line 399, in put
    self._writer.send_bytes(obj)
  File "/usr/lib/python3.12/multiprocessing/connection.py", line 200, in send_bytes
    self._send_bytes(m[offset:offset + size])
  File "/usr/lib/python3.12/multiprocessing/connection.py", line 427, in _send_bytes
    self._send(header + buf)
  File "/usr/lib/python3.12/multiprocessing/connection.py", line 384, in _send
    n = write(self._handle, buf)
        ^^^^^^^^^^^^^^^^^^^^^^^^
BrokenPipeError: [Errno 32] Broken pipe
Process SpawnPoolWorker-4:
Traceback (most recent call last):
  File "/usr/lib/python3.12/multiprocessing/pool.py", line 131, in worker
    put((job, i, result))
  File "/usr/lib/python3.12/multiprocessing/queues.py", line 399, in put
    self._writer.send_bytes(obj)
  File "/usr/lib/python3.12/multiprocessing/connection.py", line 200, in send_bytes
    self._send_bytes(m[offset:offset + size])
  File "/usr/lib/python3.12/multiprocessing/connection.py", line 427, in _send_bytes
    self._send(header + buf)
  File "/usr/lib/python3.12/multiprocessing/connection.py", line 384, in _send
    n = write(self._handle, buf)
        ^^^^^^^^^^^^^^^^^^^^^^^^
BrokenPipeError: [Errno 32] Broken pipe

During handling of the above exception, another exception occurred:

Traceback (most recent call last):
  File "/usr/lib/python3.12/multiprocessing/process.py", line 314, in _bootstrap
    self.run()
  File "/usr/lib/python3.12/multiprocessing/process.py", line 108, in run
    self._target(*self._args, **self._kwargs)
  File "/usr/lib/python3.12/multiprocessing/pool.py", line 136, in worker
    put((job, i, (False, wrapped)))
  File "/usr/lib/python3.12/multiprocessing/queues.py", line 399, in put
    self._writer.send_bytes(obj)
  File "/usr/lib/python3.12/multiprocessing/connection.py", line 200, in send_bytes
    self._send_bytes(m[offset:offset + size])
  File "/usr/lib/python3.12/multiprocessing/connection.py", line 427, in _send_bytes
    self._send(header + buf)
  File "/usr/lib/python3.12/multiprocessing/connection.py", line 384, in _send
    n = write(self._handle, buf)
        ^^^^^^^^^^^^^^^^^^^^^^^^
BrokenPipeError: [Errno 32] Broken pipe
Process SpawnPoolWorker-2:
Traceback (most recent call last):
  File "/usr/lib/python3.12/multiprocessing/pool.py", line 131, in worker
    put((job, i, result))
  File "/usr/lib/python3.12/multiprocessing/queues.py", line 399, in put
    self._writer.send_bytes(obj)
  File "/usr/lib/python3.12/multiprocessing/connection.py", line 200, in send_bytes
    self._send_bytes(m[offset:offset + size])
  File "/usr/lib/python3.12/multiprocessing/connection.py", line 427, in _send_bytes
    self._send(header + buf)
  File "/usr/lib/python3.12/multiprocessing/connection.py", line 384, in _send
    n = write(self._handle, buf)
        ^^^^^^^^^^^^^^^^^^^^^^^^
BrokenPipeError: [Errno 32] Broken pipe

During handling of the above exception, another exception occurred:

Traceback (most recent call last):
  File "/usr/lib/python3.12/multiprocessing/process.py", line 314, in _bootstrap
    self.run()
  File "/usr/lib/python3.12/multiprocessing/process.py", line 108, in run
    self._target(*self._args, **self._kwargs)
  File "/usr/lib/python3.12/multiprocessing/pool.py", line 136, in worker
    put((job, i, (False, wrapped)))
  File "/usr/lib/python3.12/multiprocessing/queues.py", line 399, in put
    self._writer.send_bytes(obj)
  File "/usr/lib/python3.12/multiprocessing/connection.py", line 200, in send_bytes
    self._send_bytes(m[offset:offset + size])
  File "/usr/lib/python3.12/multiprocessing/connection.py", line 427, in _send_bytes
    self._send(header + buf)
  File "/usr/lib/python3.12/multiprocessing/connection.py", line 384, in _send
    n = write(self._handle, buf)
        ^^^^^^^^^^^^^^^^^^^^^^^^
BrokenPipeError: [Errno 32] Broken pipe
Process SpawnPoolWorker-1:
Traceback (most recent call last):
  File "/usr/lib/python3.12/multiprocessing/pool.py", line 131, in worker
    put((job, i, result))
  File "/usr/lib/python3.12/multiprocessing/queues.py", line 399, in put
    self._writer.send_bytes(obj)
  File "/usr/lib/python3.12/multiprocessing/connection.py", line 200, in send_bytes
    self._send_bytes(m[offset:offset + size])
  File "/usr/lib/python3.12/multiprocessing/connection.py", line 427, in _send_bytes
    self._send(header + buf)
  File "/usr/lib/python3.12/multiprocessing/connection.py", line 384, in _send
    n = write(self._handle, buf)
        ^^^^^^^^^^^^^^^^^^^^^^^^
BrokenPipeError: [Errno 32] Broken pipe

During handling of the above exception, another exception occurred:

Traceback (most recent call last):
  File "/usr/lib/python3.12/multiprocessing/process.py", line 314, in _bootstrap
    self.run()
  File "/usr/lib/python3.12/multiprocessing/process.py", line 108, in run
    self._target(*self._args, **self._kwargs)
  File "/usr/lib/python3.12/multiprocessing/pool.py", line 136, in worker
    put((job, i, (False, wrapped)))
  File "/usr/lib/python3.12/multiprocessing/queues.py", line 399, in put
    self._writer.send_bytes(obj)
  File "/usr/lib/python3.12/multiprocessing/connection.py", line 200, in send_bytes
    self._send_bytes(m[offset:offset + size])
  File "/usr/lib/python3.12/multiprocessing/connection.py", line 427, in _send_bytes
    self._send(header + buf)
  File "/usr/lib/python3.12/multiprocessing/connection.py", line 384, in _send
    n = write(self._handle, buf)
        ^^^^^^^^^^^^^^^^^^^^^^^^
BrokenPipeError: [Errno 32] Broken pipe
/usr/lib/python3.12/multiprocessing/resource_tracker.py:254: UserWarning: resource_tracker: There appear to be 6 leaked semaphore objects to clean up at shutdown
  warnings.warn('resource_tracker: There appear to be %d '
G1 stress: 960 driver runs
  A  2 clause parts x 9 UE counts x 3 arms x 10 seeds x 2 caps  (committed x1)
  B  2 clause parts x 8 load levels x 3 arms x 10 seeds x 2 caps  (N=6)
  horizon 40000 slots, 2 driven robots, bound p98 <= 95 ms, gap bound 200 ms
  74 banked, 886 to run
    ... 75/960 (33s)
    ... 100/960 (52s)
    ... 125/960 (103s)
    ... 150/960 (148s)
    ... 175/960 (184s)
    ... 200/960 (211s)
    ... 225/960 (236s)
    ... 250/960 (263s)
    ... 275/960 (290s)
    ... 300/960 (309s)
    ... 325/960 (335s)
    ... 350/960 (356s)
    ... 375/960 (379s)
    ... 400/960 (399s)
    ... 425/960 (422s)
    ... 450/960 (442s)
    ... 475/960 (464s)
    ... 500/960 (482s)
    ... 525/960 (495s)
    ... 550/960 (508s)
    ... 575/960 (523s)
    ... 600/960 (536s)
    ... 625/960 (547s)
    ... 650/960 (558s)
    ... 675/960 (571s)
    ... 700/960 (583s)
    ... 725/960 (596s)
    ... 750/960 (607s)
    ... 775/960 (615s)
    ... 800/960 (625s)
    ... 825/960 (635s)
    ... 850/960 (645s)
    ... 875/960 (654s)
    ... 900/960 (664s)
    ... 925/960 (672s)
    ... 950/960 (677s)

wrote sweeps/g1-stress/g1_stress.json  (678s, 960 runs)
