G1 stress: 960 driver runs
  A  2 clause parts x 9 UE counts x 3 arms x 10 seeds x 2 caps  (committed x1)
  B  2 clause parts x 8 load levels x 3 arms x 10 seeds x 2 caps  (N=6)
  horizon 40000 slots, 2 driven robots, bound p98 <= 95 ms, gap bound 200 ms
  0 banked, 960 to run
    ... 25/960 (107s)
    ... 50/960 (183s)
    ... 75/960 (235s)
    ... 100/960 (282s)
    ... 125/960 (340s)
    ... 150/960 (395s)
    ... 175/960 (439s)
    ... 200/960 (473s)
    ... 225/960 (505s)
    ... 250/960 (537s)
    ... 275/960 (568s)
    ... 300/960 (591s)
    ... 325/960 (622s)
    ... 350/960 (647s)
    ... 375/960 (674s)
    ... 400/960 (702s)
    ... 425/960 (728s)
    ... 450/960 (752s)
    ... 475/960 (778s)
    ... 500/960 (794s)
    ... 525/960 (816s)
    ... 550/960 (831s)
    ... 575/960 (844s)
    ... 600/960 (860s)
    ... 625/960 (877s)
    ... 650/960 (889s)
    ... 675/960 (905s)
    ... 700/960 (917s)
    ... 725/960 (933s)
    ... 750/960 (945s)
    ... 775/960 (958s)
    ... 800/960 (969s)
    ... 825/960 (981s)
    ... 850/960 (991s)
    ... 875/960 (1003s)
    ... 900/960 (1013s)
    ... 925/960 (1023s)
    ... 950/960 (1031s)

wrote sweeps/g1-stress/g1_stress.json  (1033s, 960 runs)
