
n_ues=8 load=1.0 horizon=40000 (10s sim) seeds=10

G1  M01 p98 (ms) and M15 jitter (ms) -- ALL flows vs PROTECTED fleet
  arm            p98 all       winner  p98 prot       winner   M15 all  M15 prot
  PF              300.00     ue8_qfi9     20.50     ue2_qfi1     40.50     40.50
  Reservation     300.25     ue8_qfi9     49.50     ue5_qfi1     43.75     43.75
  TwoTier         300.00     ue6_qfi9    133.08     ue6_qfi2    275.25     94.00
  PF              300.00     ue8_qfi9     26.00     ue5_qfi1     40.75     40.75
  Reservation     300.00     ue8_qfi9     27.75     ue6_qfi1     26.25     26.25
  TwoTier         292.50     ue1_qfi9     34.00     ue1_qfi1    278.75     86.75
  PF              300.00     ue8_qfi9     21.75     ue1_qfi1     30.75     30.75
  Reservation     300.25     ue8_qfi9     35.50     ue5_qfi1     36.50     36.50
  TwoTier         297.75     ue3_qfi9     47.00     ue4_qfi1    271.00     85.50
  PF              300.25     ue8_qfi9     21.50     ue2_qfi1     44.50     44.50
  Reservation     300.25     ue8_qfi9     24.25     ue5_qfi1     38.25     38.25
  TwoTier         300.00     ue5_qfi9    124.25     ue2_qfi2    185.75     85.45
  PF              300.00     ue8_qfi9     34.00     ue3_qfi1     48.75     48.75
  Reservation     300.00     ue7_qfi9     96.54     ue4_qfi2    115.63    115.63
  TwoTier         300.00     ue4_qfi9    125.88     ue3_qfi2    175.75    100.44
  PF              300.25     ue8_qfi9     19.00     ue7_qfi1     52.25     52.25
  Reservation     300.25     ue7_qfi9     28.50     ue5_qfi1     41.00     41.00
  TwoTier         300.00     ue5_qfi9    124.79     ue3_qfi2    171.00     92.42
  PF              300.25     ue8_qfi9     34.00     ue3_qfi1     90.25     90.25
  Reservation     300.00     ue2_qfi9     25.50     ue4_qfi1     74.25     20.00
  TwoTier         298.25     ue5_qfi9     95.75     ue1_qfi1    215.50     95.75
  PF              300.00     ue8_qfi9     24.25     ue4_qfi1     70.50     70.50
  Reservation     300.00     ue8_qfi9     76.00     ue6_qfi2     96.54     96.54
  TwoTier         298.25     ue5_qfi9     87.25     ue5_qfi1    208.75     86.00
  PF              300.25     ue8_qfi9     22.75     ue1_qfi1     44.75     44.75
  Reservation     300.00     ue8_qfi9     29.25     ue7_qfi1     28.50     28.50
  TwoTier         299.75     ue1_qfi9    112.05     ue1_qfi2    201.25    101.14
  PF              300.00     ue8_qfi9     24.50     ue3_qfi1     23.75     23.75
  Reservation     299.50     ue8_qfi9     20.50     ue7_qfi1     47.50     19.50
  TwoTier         300.00     ue3_qfi9    104.49     ue2_qfi2    177.00     86.00

G3  liveness gap (ms) -- M03 all-flow vs M20 protected fleet
  arm            M03 all       winner  M20 prot       winner  caveats
  PF              138.25     ue6_qfi1    138.25     ue6_qfi1        1
  Reservation     152.00     ue6_qfi1    152.00     ue6_qfi1        1
  TwoTier        2679.25     ue4_qfi1   2679.25     ue4_qfi1        1
  PF              140.00     ue5_qfi1    140.00     ue5_qfi1        1
  Reservation     131.75     ue1_qfi1    131.75     ue1_qfi1        1
  TwoTier         186.25     ue1_qfi1    186.25     ue1_qfi1        1
  PF              132.00     ue1_qfi1    132.00     ue1_qfi1        1
  Reservation     135.00     ue7_qfi1    135.00     ue7_qfi1        1
  TwoTier         198.75     ue5_qfi1    198.75     ue5_qfi1        1
  PF              138.00     ue2_qfi1    138.00     ue2_qfi1        1
  Reservation     129.25     ue7_qfi1    129.25     ue7_qfi1        1
  TwoTier         765.00     ue2_qfi9    736.25     ue2_qfi1        1
  PF              151.50     ue3_qfi1    151.50     ue3_qfi1        1
  Reservation     126.25     ue3_qfi1    126.25     ue3_qfi1        1
  TwoTier        2511.25     ue4_qfi1   2511.25     ue4_qfi1        1
  PF              144.50     ue7_qfi1    144.50     ue7_qfi1        1
  Reservation     133.25     ue2_qfi1    133.25     ue2_qfi1        1
  TwoTier        5173.75     ue3_qfi9   2700.25     ue3_qfi1        1
  PF              192.25     ue3_qfi1    192.25     ue3_qfi1        1
  Reservation     198.25     ue4_qfi1    198.25     ue4_qfi1        1
  TwoTier         295.00     ue5_qfi9    276.50     ue5_qfi1        1
  PF              168.75     ue4_qfi1    168.75     ue4_qfi1        1
  Reservation     129.75     ue4_qfi1    129.75     ue4_qfi1        1
  TwoTier         308.75     ue5_qfi1    308.75     ue5_qfi1        1
  PF              138.50     ue1_qfi1    138.50     ue1_qfi1        1
  Reservation     133.00     ue1_qfi1    133.00     ue1_qfi1        1
  TwoTier        2856.00     ue1_qfi9   2018.25     ue1_qfi1        1
  PF              123.25     ue3_qfi1    123.25     ue3_qfi1        1
  Reservation     124.25     ue7_qfi1    124.25     ue7_qfi1        1
  TwoTier        1505.50     ue2_qfi9   1418.00     ue2_qfi1        1

G5  PDU-set completeness (>=0.99) and frame age p95 (<=67 ms)
  arm            M05 all  M05 prot   M06 p95
  PF              0.9967    0.9967     25.40
  Reservation     0.9934    0.9934     34.09
  TwoTier         0.0000    0.0000    131.95
  PF              0.9934    0.9934     25.06
  Reservation     0.0000    0.0000     24.80
  TwoTier         0.0000    0.0000     34.56
  PF              0.9967    0.9967     24.34
  Reservation     0.0000    0.0000     29.73
  TwoTier         0.0000    0.0000     31.67
  PF              0.9967    0.9967     25.17
  Reservation     0.0000    0.0000     25.25
  TwoTier         0.0000    0.0000    110.66
  PF              0.9967    0.9967     24.57
  Reservation     0.0000    0.0000     43.70
  TwoTier         0.0000    0.0000    120.49
  PF              0.9967    0.9967     25.37
  Reservation     0.0000    0.0000     24.52
  TwoTier         0.0000    0.0000    114.28
  PF              0.9967    0.9967     27.27
  Reservation     0.0000    0.0000     20.08
  TwoTier         0.0000    0.0000     50.07
  PF              0.9967    0.9967     26.79
  Reservation     0.0000    0.0000     25.82
  TwoTier         0.0000    0.0000     45.62
  PF              0.9967    0.9967     25.06
  Reservation     0.0000    0.0000     25.69
  TwoTier         0.0000    0.0000    106.94
  PF              0.9967    0.9967     25.13
  Reservation     0.0000    0.0000     20.66
  TwoTier         0.0000    0.0000    102.56

G8  BOTH conjuncts -- M09 per-1s Jain (>=0.9) AND M22 starvation epochs (==0)
  arm           Jain all Jain prot  epochs all  epochs prot  longest s   worst flow
  PF              0.9444    0.9998           0            0       0.00         None
  Reservation     0.8812    0.9997           0            0       0.00         None
  TwoTier         0.6825    0.7422          13            7      10.00     ue7_qfi9
  PF              0.9447    0.9998           0            0       0.00         None
  Reservation     0.7771    0.8332           6            4      10.00     ue3_qfi9
  TwoTier         0.7133    0.7498           9            6      10.00     ue6_qfi9
  PF              0.9470    0.9998           0            0       0.00         None
  Reservation     0.8369    0.9164           3            2      10.00     ue4_qfi9
  TwoTier         0.7127    0.7495           9            6      10.00     ue6_qfi9
  PF              0.9425    0.9998           0            0       0.00         None
  Reservation     0.7742    0.8332           6            4      10.00     ue4_qfi9
  TwoTier         0.6893    0.7878           6            4      10.00     ue7_qfi9
  PF              0.9410    0.9998           0            0       0.00         None
  Reservation     0.7101    0.7499           9            6      10.00     ue6_qfi9
  TwoTier         0.6419    0.7297          13            7      10.00     ue7_qfi9
  PF              0.9431    0.9998           0            0       0.00         None
  Reservation     0.7769    0.8332           6            4      10.00     ue3_qfi9
  TwoTier         0.6690    0.7580          11            7      10.00     ue7_qfi9
  PF              0.9374    0.9998           0            0       0.00         None
  Reservation     0.7086    0.7499           9            6      10.00     ue5_qfi9
  TwoTier         0.7051    0.7495           9            6      10.00     ue6_qfi9
  PF              0.9418    0.9998           0            0       0.00         None
  Reservation     0.7105    0.7498           9            6      10.00     ue5_qfi9
  TwoTier         0.6899    0.7462           9            6      10.00     ue6_qfi9
  PF              0.9467    0.9998           0            0       0.00         None
  Reservation     0.7764    0.8332           6            4      10.00     ue3_qfi9
  TwoTier         0.6781    0.7563          12            5      10.00     ue7_qfi9
  PF              0.9501    0.9998           0            0       0.00         None
  Reservation     0.7133    0.7498           9            6      10.00     ue3_qfi9
  TwoTier         0.6908    0.7557          14            8      10.00     ue7_qfi9

wall: 499s total
