  a=0.0   seed=161576974 burst=    35.0 flow_p98=144.138
  a=0.0   seed=579362555 burst=    11.0 flow_p98=122.936
  a=0.0   seed=35492826 burst=     4.0 flow_p98=131.545
  a=0.0   seed=1097657231 burst=    10.0 flow_p98=97.5
  a=0.0   seed=661058651 burst=    92.0 flow_p98=98.0
  a=0.0   seed=1746484539 burst=     2.5 flow_p98=96.75
  a=0.0   seed=1826701614 burst=   120.0 flow_p98=97.0
  a=0.25  seed=1826701614 burst=     2.4 flow_p98=88.25
  a=0.25  seed=1367864806 burst=     4.2 flow_p98=88.25
  a=0.0   seed=376383645 burst=    90.0 flow_p98=94.25
  a=0.0   seed=1367864806 burst=     8.9 flow_p98=99.25
  a=0.0   seed=87989972 burst=   165.8 flow_p98=99.75
  a=0.25  seed=579362555 burst=    11.0 flow_p98=134.124
  a=0.25  seed=161576974 burst=    99.0 flow_p98=29.065
  a=0.25  seed=1097657231 burst=     2.7 flow_p98=96.0
  a=0.25  seed=661058651 burst=     1.6 flow_p98=80.5
  a=0.25  seed=35492826 burst=     5.0 flow_p98=117.829
  a=0.5   seed=579362555 burst=     7.0 flow_p98=121.156
  a=0.5   seed=1097657231 burst=     5.0 flow_p98=111.39
  a=0.25  seed=87989972 burst=   153.8 flow_p98=98.5
  a=0.5   seed=1826701614 burst=     2.6 flow_p98=80.25
  a=0.25  seed=376383645 burst=     9.4 flow_p98=97.25
  a=0.25  seed=1746484539 burst=     1.9 flow_p98=83.5
  a=0.5   seed=1367864806 burst=     2.4 flow_p98=98.25
  a=0.5   seed=661058651 burst=     3.7 flow_p98=74.75
  a=0.5   seed=35492826 burst=     5.0 flow_p98=130.833
  a=0.5   seed=87989972 burst=     5.3 flow_p98=78.25
  a=0.75  seed=1097657231 burst=     5.0 flow_p98=147.595
  a=0.5   seed=161576974 burst=     1.3 flow_p98=100.0
  a=0.75  seed=87989972 burst=     5.0 flow_p98=140.576
  a=0.5   seed=1746484539 burst=   100.8 flow_p98=56.0
  a=0.5   seed=376383645 burst=    63.1 flow_p98=98.0
  a=0.75  seed=579362555 burst=     1.5 flow_p98=59.75
  a=0.75  seed=661058651 burst=     5.3 flow_p98=91.5
  a=0.75  seed=1367864806 burst=     1.2 flow_p98=91.5
  a=0.75  seed=1826701614 burst=     1.6 flow_p98=69.0
  a=0.75  seed=35492826 burst=    84.0 flow_p98=18.857
  a=0.75  seed=161576974 burst=   108.6 flow_p98=88.0
  a=0.75  seed=1746484539 burst=     9.3 flow_p98=94.0
  a=0.75  seed=376383645 burst=     1.5 flow_p98=97.25
wrote sweeps/burstiness-2026-09-06/burst.json
