
================================================================================
SCENARIO: SENSOR_DENSE
================================================================================

  [RoundRobin]
                                     flat-BLER       HARQ/IR       delta
  --------------------------------------------------------------------
  DL PRB utilization                     0.0%         0.0%  +    +0.0%
  UL PRB utilization                    35.1%        25.5%      -9.7%

  flow ue10_qfi1:
    delivery ratio                       74.0%         79.5%      +5.5%
    retx ratio                            0.0%          8.8%      +8.8%
    loss ratio                           0.00%         0.00%      +0.0%
    tput Mbps                             0.24          0.25      +0.02M
    p50 HoL ms                            10.5           7.5      -3.00
    p95 HoL ms                            14.5          14.0      -0.50
    p99 HoL ms                            15.0          15.0      +0.00

  flow ue11_qfi1:
    delivery ratio                       72.0%         19.0%     -53.0%
    retx ratio                            0.0%          1.2%      +1.2%
    loss ratio                           0.00%         0.00%      +0.0%
    tput Mbps                             0.23          0.06      -0.17M
    p50 HoL ms                            10.5          12.0      +1.50
    p95 HoL ms                            14.5          14.5      +0.00
    p99 HoL ms                            15.0          15.0      +0.00

  flow ue12_qfi1:
    delivery ratio                       73.8%         89.0%     +15.2%
    retx ratio                            0.0%          7.2%      +7.2%
    loss ratio                           0.00%         0.00%      +0.0%
    tput Mbps                             0.24          0.28      +0.05M
    p50 HoL ms                            10.5           5.5      -5.00
    p95 HoL ms                            14.5          13.5      -1.00
    p99 HoL ms                            15.0          14.5      -0.50

  flow ue13_qfi1:
    delivery ratio                       72.0%         30.7%     -41.3%
    retx ratio                            0.0%          1.5%      +1.5%
    loss ratio                           0.00%         0.00%      +0.0%
    tput Mbps                             0.23          0.10      -0.13M
    p50 HoL ms                            10.5          11.5      +1.00
    p95 HoL ms                            14.5          14.5      +0.00
    p99 HoL ms                            15.0          15.0      +0.00

  flow ue14_qfi1:
    delivery ratio                       74.7%         89.8%     +15.0%
    retx ratio                            0.0%          9.5%      +9.5%
    loss ratio                           0.00%         0.00%      +0.0%
    tput Mbps                             0.24          0.29      +0.05M
    p50 HoL ms                            10.5           5.5      -5.00
    p95 HoL ms                            14.5          13.0      -1.50
    p99 HoL ms                            15.0          14.5      -0.50

  flow ue15_qfi1:
    delivery ratio                       72.0%         32.1%     -39.8%
    retx ratio                            0.0%          2.2%      +2.2%
    loss ratio                           0.00%         0.00%      +0.0%
    tput Mbps                             0.23          0.10      -0.13M
    p50 HoL ms                            10.5          11.5      +1.00
    p95 HoL ms                            14.5          14.5      +0.00
    p99 HoL ms                            15.0          15.0      +0.00

  flow ue16_qfi1:
    delivery ratio                       75.1%         89.5%     +14.4%
    retx ratio                            0.0%          8.0%      +8.0%
    loss ratio                           0.00%         0.00%      +0.0%
    tput Mbps                             0.24          0.29      +0.05M
    p50 HoL ms                            10.5           5.5      -5.00
    p95 HoL ms                            14.5          13.5      -1.00
    p99 HoL ms                            15.0          14.5      -0.50

  flow ue17_qfi1:
    delivery ratio                       72.0%         33.0%     -39.0%
    retx ratio                            0.0%          2.8%      +2.8%
    loss ratio                           0.00%         0.00%      +0.0%
    tput Mbps                             0.23          0.11      -0.12M
    p50 HoL ms                            10.5          11.5      +1.00
    p95 HoL ms                            14.5          14.5      +0.00
    p99 HoL ms                            15.0          15.0      +0.00

  flow ue18_qfi1:
    delivery ratio                       74.2%         90.0%     +15.7%
    retx ratio                            0.0%         10.2%     +10.2%
    loss ratio                           0.00%         0.00%      +0.0%
    tput Mbps                             0.24          0.29      +0.05M
    p50 HoL ms                            10.5           5.5      -5.00
    p95 HoL ms                            14.5          13.5      -1.00
    p99 HoL ms                            15.0          14.5      -0.50

  flow ue19_qfi1:
    delivery ratio                       72.2%         33.5%     -38.7%
    retx ratio                            0.0%          4.8%      +4.8%
    loss ratio                           0.00%         0.00%      +0.0%
    tput Mbps                             0.23          0.11      -0.12M
    p50 HoL ms                            10.5          11.5      +1.00
    p95 HoL ms                            14.5          14.5      +0.00
    p99 HoL ms                            15.0          15.0      +0.00

  flow ue1_qfi1:
    delivery ratio                       71.5%         19.8%     -51.8%
    retx ratio                            0.0%          2.2%      +2.2%
    loss ratio                           0.00%         0.00%      +0.0%
    tput Mbps                             0.23          0.06      -0.17M
    p50 HoL ms                            10.5          12.0      +1.50
    p95 HoL ms                            14.5          14.5      +0.00
    p99 HoL ms                            15.0          15.0      +0.00

  flow ue20_qfi1:
    delivery ratio                       75.1%         90.5%     +15.4%
    retx ratio                            0.0%          9.5%      +9.5%
    loss ratio                           0.00%         0.00%      +0.0%
    tput Mbps                             0.24          0.29      +0.05M
    p50 HoL ms                            10.5           5.0      -5.50
    p95 HoL ms                            14.5          13.5      -1.00
    p99 HoL ms                            15.0          14.5      -0.50

  flow ue21_qfi1:
    delivery ratio                       72.2%         28.0%     -44.2%
    retx ratio                            0.0%          5.5%      +5.5%
    loss ratio                           0.00%         0.00%      +0.0%
    tput Mbps                             0.23          0.09      -0.14M
    p50 HoL ms                            10.5          12.0      +1.50
    p95 HoL ms                            14.5          14.5      +0.00
    p99 HoL ms                            15.0          15.0      +0.00

  flow ue22_qfi1:
    delivery ratio                       73.8%         86.2%     +12.5%
    retx ratio                            0.0%          7.2%      +7.2%
    loss ratio                           0.00%         0.00%      +0.0%
    tput Mbps                             0.24          0.28      +0.04M
    p50 HoL ms                            10.5           5.5      -5.00
    p95 HoL ms                            14.5          13.5      -1.00
    p99 HoL ms                            15.0          15.0      +0.00

  flow ue23_qfi1:
    delivery ratio                       71.5%         31.8%     -39.8%
    retx ratio                            0.0%          2.0%      +2.0%
    loss ratio                           0.00%         0.00%      +0.0%
    tput Mbps                             0.23          0.10      -0.13M
    p50 HoL ms                            10.5          11.5      +1.00
    p95 HoL ms                            14.5          14.5      +0.00
    p99 HoL ms                            15.0          15.0      +0.00

  flow ue24_qfi1:
    delivery ratio                       74.0%         87.2%     +13.2%
    retx ratio                            0.0%          7.0%      +7.0%
    loss ratio                           0.00%         0.00%      +0.0%
    tput Mbps                             0.24          0.28      +0.04M
    p50 HoL ms                            10.5           6.0      -4.50
    p95 HoL ms                            14.5          13.5      -1.00
    p99 HoL ms                            15.0          14.5      -0.50

  flow ue25_qfi1:
    delivery ratio                       71.5%         31.5%     -40.1%
    retx ratio                            0.0%          2.5%      +2.5%
    loss ratio                           0.00%         0.00%      +0.0%
    tput Mbps                             0.23          0.10      -0.13M
    p50 HoL ms                            10.5          11.5      +1.00
    p95 HoL ms                            14.5          14.5      +0.00
    p99 HoL ms                            15.0          15.0      +0.00

  flow ue26_qfi1:
    delivery ratio                       74.0%         86.5%     +12.5%
    retx ratio                            0.0%          8.2%      +8.2%
    loss ratio                           0.00%         0.00%      +0.0%
    tput Mbps                             0.24          0.28      +0.04M
    p50 HoL ms                            10.5           5.5      -5.00
    p95 HoL ms                            14.5          13.5      -1.00
    p99 HoL ms                            15.0          15.0      +0.00

  flow ue27_qfi1:
    delivery ratio                       71.5%         32.5%     -39.1%
    retx ratio                            0.0%          1.8%      +1.8%
    loss ratio                           0.00%         0.00%      +0.0%
    tput Mbps                             0.23          0.10      -0.12M
    p50 HoL ms                            10.5          11.5      +1.00
    p95 HoL ms                            14.5          14.5      +0.00
    p99 HoL ms                            15.0          15.0      +0.00

  flow ue28_qfi1:
    delivery ratio                       73.8%         78.5%      +4.7%
    retx ratio                            0.0%          9.5%      +9.5%
    loss ratio                           0.00%         0.00%      +0.0%
    tput Mbps                             0.24          0.25      +0.02M
    p50 HoL ms                            10.5           8.0      -2.50
    p95 HoL ms                            14.5          14.0      -0.50
    p99 HoL ms                            15.0          15.0      +0.00

  flow ue29_qfi1:
    delivery ratio                       71.5%         19.8%     -51.8%
    retx ratio                            0.0%          3.8%      +3.8%
    loss ratio                           0.00%         0.00%      +0.0%
    tput Mbps                             0.23          0.06      -0.17M
    p50 HoL ms                            10.5          12.0      +1.50
    p95 HoL ms                            14.5          14.5      +0.00
    p99 HoL ms                            15.0          15.0      +0.00

  flow ue2_qfi1:
    delivery ratio                       74.0%         78.8%      +4.7%
    retx ratio                            0.0%          4.2%      +4.2%
    loss ratio                           0.00%         0.00%      +0.0%
    tput Mbps                             0.24          0.25      +0.02M
    p50 HoL ms                            10.5           9.0      -1.50
    p95 HoL ms                            14.5          14.0      -0.50
    p99 HoL ms                            15.0          15.0      +0.00

  flow ue30_qfi1:
    delivery ratio                       74.7%         77.5%      +2.8%
    retx ratio                            0.0%          9.0%      +9.0%
    loss ratio                           0.00%         0.00%      +0.0%
    tput Mbps                             0.24          0.25      +0.01M
    p50 HoL ms                            10.5           8.5      -2.00
    p95 HoL ms                            14.5          14.0      -0.50
    p99 HoL ms                            15.0          15.0      +0.00

  flow ue3_qfi1:
    delivery ratio                       71.8%         21.2%     -50.5%
    retx ratio                            0.0%          1.8%      +1.8%
    loss ratio                           0.00%         0.00%      +0.0%
    tput Mbps                             0.23          0.07      -0.16M
    p50 HoL ms                            10.5          12.0      +1.50
    p95 HoL ms                            14.5          14.5      +0.00
    p99 HoL ms                            15.0          15.0      +0.00

  flow ue4_qfi1:
    delivery ratio                       74.5%         90.0%     +15.5%
    retx ratio                            0.0%          8.0%      +8.0%
    loss ratio                           0.00%         0.00%      +0.0%
    tput Mbps                             0.24          0.29      +0.05M
    p50 HoL ms                            10.5           5.5      -5.00
    p95 HoL ms                            14.5          13.5      -1.00
    p99 HoL ms                            15.0          15.0      +0.00

  flow ue5_qfi1:
    delivery ratio                       71.8%         25.8%     -46.0%
    retx ratio                            0.0%          3.2%      +3.2%
    loss ratio                           0.00%         0.00%      +0.0%
    tput Mbps                             0.23          0.08      -0.15M
    p50 HoL ms                            10.5          12.0      +1.50
    p95 HoL ms                            14.5          14.5      +0.00
    p99 HoL ms                            15.0          15.0      +0.00

  flow ue6_qfi1:
    delivery ratio                       74.7%         81.0%      +6.3%
    retx ratio                            0.0%          9.2%      +9.2%
    loss ratio                           0.00%         0.00%      +0.0%
    tput Mbps                             0.24          0.26      +0.02M
    p50 HoL ms                            10.5           7.0      -3.50
    p95 HoL ms                            14.5          14.0      -0.50
    p99 HoL ms                            15.0          15.0      +0.00

  flow ue7_qfi1:
    delivery ratio                       71.8%         18.0%     -53.8%
    retx ratio                            0.0%          0.8%      +0.8%
    loss ratio                           0.00%         0.00%      +0.0%
    tput Mbps                             0.23          0.06      -0.17M
    p50 HoL ms                            10.5          12.0      +1.50
    p95 HoL ms                            14.5          14.5      +0.00
    p99 HoL ms                            15.0          15.0      +0.00

  flow ue8_qfi1:
    delivery ratio                       74.2%         80.5%      +6.2%
    retx ratio                            0.0%          6.0%      +6.0%
    loss ratio                           0.00%         0.00%      +0.0%
    tput Mbps                             0.24          0.26      +0.02M
    p50 HoL ms                            10.5           7.5      -3.00
    p95 HoL ms                            14.5          14.0      -0.50
    p99 HoL ms                            15.0          15.0      +0.00

  flow ue9_qfi1:
    delivery ratio                       71.8%         17.8%     -54.0%
    retx ratio                            0.0%          3.5%      +3.5%
    loss ratio                           0.00%         0.00%      +0.0%
    tput Mbps                             0.23          0.06      -0.17M
    p50 HoL ms                            10.5          12.0      +1.50
    p95 HoL ms                            14.5          14.5      +0.00
    p99 HoL ms                            15.0          15.0      +0.00

  [ProportionalFair]
                                     flat-BLER       HARQ/IR       delta
  --------------------------------------------------------------------
  DL PRB utilization                     0.0%         0.0%  +    +0.0%
  UL PRB utilization                    45.9%        46.8%  +    +0.9%

  flow ue10_qfi1:
    delivery ratio                       96.6%        100.0%      +3.4%
    retx ratio                            0.0%         13.2%     +13.2%
    loss ratio                           0.00%         0.00%      +0.0%
    tput Mbps                             0.31          0.32      +0.01M
    p50 HoL ms                             4.5           1.0      -3.50
    p95 HoL ms                            12.0           4.5      -7.50
    p99 HoL ms                            14.0           5.0      -9.00

  flow ue11_qfi1:
    delivery ratio                       95.7%         99.8%      +4.1%
    retx ratio                            0.0%         12.0%     +12.0%
    loss ratio                           0.00%         0.00%      +0.0%
    tput Mbps                             0.31          0.32      +0.01M
    p50 HoL ms                             5.5           1.0      -4.50
    p95 HoL ms                            12.5           4.5      -8.00
    p99 HoL ms                            14.5           5.0      -9.50

  flow ue12_qfi1:
    delivery ratio                       95.1%        100.0%      +4.9%
    retx ratio                            0.0%          9.2%      +9.2%
    loss ratio                           0.00%         0.00%      +0.0%
    tput Mbps                             0.30          0.32      +0.02M
    p50 HoL ms                             4.5           1.0      -3.50
    p95 HoL ms                            12.5           4.5      -8.00
    p99 HoL ms                            14.5           5.0      -9.50

  flow ue13_qfi1:
    delivery ratio                       87.9%        100.0%     +12.1%
    retx ratio                            0.0%         12.5%     +12.5%
    loss ratio                           0.00%         0.00%      +0.0%
    tput Mbps                             0.28          0.32      +0.04M
    p50 HoL ms                             7.0           1.0      -6.00
    p95 HoL ms                            14.0           4.5      -9.50
    p99 HoL ms                            14.5           5.5      -9.00

  flow ue14_qfi1:
    delivery ratio                       96.7%        100.0%      +3.3%
    retx ratio                            0.0%          8.5%      +8.5%
    loss ratio                           0.00%         0.00%      +0.0%
    tput Mbps                             0.31          0.32      +0.01M
    p50 HoL ms                             5.0           1.0      -4.00
    p95 HoL ms                            12.0           4.5      -7.50
    p99 HoL ms                            14.5           5.0      -9.50

  flow ue15_qfi1:
    delivery ratio                       95.3%        100.0%      +4.7%
    retx ratio                            0.0%          9.2%      +9.2%
    loss ratio                           0.00%         0.00%      +0.0%
    tput Mbps                             0.30          0.32      +0.02M
    p50 HoL ms                             5.5           1.0      -4.50
    p95 HoL ms                            12.5           4.5      -8.00
    p99 HoL ms                            14.5           5.0      -9.50

  flow ue16_qfi1:
    delivery ratio                       94.4%         99.8%      +5.3%
    retx ratio                            0.0%         11.0%     +11.0%
    loss ratio                           0.00%         0.00%      +0.0%
    tput Mbps                             0.30          0.32      +0.02M
    p50 HoL ms                             5.0           1.0      -4.00
    p95 HoL ms                            12.5           4.5      -8.00
    p99 HoL ms                            14.5           5.0      -9.50

  flow ue17_qfi1:
    delivery ratio                       97.9%        100.0%      +2.1%
    retx ratio                            0.0%         10.8%     +10.8%
    loss ratio                           0.00%         0.00%      +0.0%
    tput Mbps                             0.31          0.32      +0.01M
    p50 HoL ms                             4.0           1.0      -3.00
    p95 HoL ms                            11.5           5.0      -6.50
    p99 HoL ms                            14.0           5.5      -8.50

  flow ue18_qfi1:
    delivery ratio                       87.0%        100.0%     +13.0%
    retx ratio                            0.0%         11.0%     +11.0%
    loss ratio                           0.00%         0.00%      +0.0%
    tput Mbps                             0.28          0.32      +0.04M
    p50 HoL ms                             7.0           1.0      -6.00
    p95 HoL ms                            14.0           4.5      -9.50
    p99 HoL ms                            14.5           5.0      -9.50

  flow ue19_qfi1:
    delivery ratio                       94.3%        100.0%      +5.7%
    retx ratio                            0.0%          9.8%      +9.8%
    loss ratio                           0.00%         0.00%      +0.0%
    tput Mbps                             0.30          0.32      +0.02M
    p50 HoL ms                             5.5           1.0      -4.50
    p95 HoL ms                            13.0           4.5      -8.50
    p99 HoL ms                            14.5           5.5      -9.00

  flow ue1_qfi1:
    delivery ratio                       84.4%        100.0%     +15.6%
    retx ratio                            0.0%         10.8%     +10.8%
    loss ratio                           0.00%         0.00%      +0.0%
    tput Mbps                             0.27          0.32      +0.05M
    p50 HoL ms                             5.5           1.5      -4.00
    p95 HoL ms                            14.0           4.5      -9.50
    p99 HoL ms                            14.5           5.0      -9.50

  flow ue20_qfi1:
    delivery ratio                       96.4%        100.0%      +3.6%
    retx ratio                            0.0%         11.3%     +11.3%
    loss ratio                           0.00%         0.00%      +0.0%
    tput Mbps                             0.31          0.32      +0.01M
    p50 HoL ms                             4.5           1.0      -3.50
    p95 HoL ms                            12.5           5.0      -7.50
    p99 HoL ms                            14.0           5.0      -9.00

  flow ue21_qfi1:
    delivery ratio                       86.0%        100.0%     +14.0%
    retx ratio                            0.0%          8.7%      +8.7%
    loss ratio                           0.00%         0.00%      +0.0%
    tput Mbps                             0.28          0.32      +0.04M
    p50 HoL ms                             5.5           1.0      -4.50
    p95 HoL ms                            14.0           4.5      -9.50
    p99 HoL ms                            14.5           5.0      -9.50

  flow ue22_qfi1:
    delivery ratio                       94.0%         99.8%      +5.7%
    retx ratio                            0.0%          8.8%      +8.8%
    loss ratio                           0.00%         0.00%      +0.0%
    tput Mbps                             0.30          0.32      +0.02M
    p50 HoL ms                             6.0           1.5      -4.50
    p95 HoL ms                            13.0           4.5      -8.50
    p99 HoL ms                            14.5           5.5      -9.00

  flow ue23_qfi1:
    delivery ratio                       96.3%        100.0%      +3.7%
    retx ratio                            0.0%          9.0%      +9.0%
    loss ratio                           0.00%         0.00%      +0.0%
    tput Mbps                             0.31          0.32      +0.01M
    p50 HoL ms                             5.0           1.0      -4.00
    p95 HoL ms                            12.5           4.5      -8.00
    p99 HoL ms                            14.5           5.5      -9.00

  flow ue24_qfi1:
    delivery ratio                       98.7%        100.0%      +1.3%
    retx ratio                            0.0%         10.5%     +10.5%
    loss ratio                           0.00%         0.00%      +0.0%
    tput Mbps                             0.32          0.32      +0.00M
    p50 HoL ms                             4.0           1.0      -3.00
    p95 HoL ms                            10.5           5.0      -5.50
    p99 HoL ms                            13.5           5.5      -8.00

  flow ue25_qfi1:
    delivery ratio                       93.3%        100.0%      +6.7%
    retx ratio                            0.0%         10.0%     +10.0%
    loss ratio                           0.00%         0.00%      +0.0%
    tput Mbps                             0.30          0.32      +0.02M
    p50 HoL ms                             5.0           1.0      -4.00
    p95 HoL ms                            13.0           4.5      -8.50
    p99 HoL ms                            14.5           5.5      -9.00

  flow ue26_qfi1:
    delivery ratio                       82.8%        100.0%     +17.2%
    retx ratio                            0.0%          9.9%      +9.9%
    loss ratio                           0.00%         0.00%      +0.0%
    tput Mbps                             0.26          0.32      +0.06M
    p50 HoL ms                             5.5           1.5      -4.00
    p95 HoL ms                            14.0           4.5      -9.50
    p99 HoL ms                            14.5           5.0      -9.50

  flow ue27_qfi1:
    delivery ratio                       71.2%        100.0%     +28.8%
    retx ratio                            0.0%         10.4%     +10.4%
    loss ratio                           0.00%         0.00%      +0.0%
    tput Mbps                             0.23          0.32      +0.09M
    p50 HoL ms                            10.0           1.5      -8.50
    p95 HoL ms                            14.5           5.0      -9.50
    p99 HoL ms                            15.0           5.5      -9.50

  flow ue28_qfi1:
    delivery ratio                       92.4%        100.0%      +7.6%
    retx ratio                            0.0%          9.0%      +9.0%
    loss ratio                           0.00%         0.00%      +0.0%
    tput Mbps                             0.30          0.32      +0.02M
    p50 HoL ms                             5.5           1.0      -4.50
    p95 HoL ms                            13.0           4.5      -8.50
    p99 HoL ms                            14.5           5.5      -9.00

  flow ue29_qfi1:
    delivery ratio                       90.1%        100.0%      +9.9%
    retx ratio                            0.0%         10.0%     +10.0%
    loss ratio                           0.00%         0.00%      +0.0%
    tput Mbps                             0.29          0.32      +0.03M
    p50 HoL ms                             5.0           1.5      -3.50
    p95 HoL ms                            13.5           5.0      -8.50
    p99 HoL ms                            14.5           6.5      -8.00

  flow ue2_qfi1:
    delivery ratio                       99.1%        100.0%      +0.9%
    retx ratio                            0.0%          6.8%      +6.8%
    loss ratio                           0.00%         0.00%      +0.0%
    tput Mbps                             0.32          0.32      +0.00M
    p50 HoL ms                             4.0           1.0      -3.00
    p95 HoL ms                            10.5           4.5      -6.00
    p99 HoL ms                            13.5           5.0      -8.50

  flow ue30_qfi1:
    delivery ratio                       91.5%        100.0%      +8.5%
    retx ratio                            0.0%          9.6%      +9.6%
    loss ratio                           0.00%         0.00%      +0.0%
    tput Mbps                             0.29          0.32      +0.03M
    p50 HoL ms                             5.5           1.5      -4.00
    p95 HoL ms                            13.5           5.0      -8.50
    p99 HoL ms                            14.5           6.5      -8.00

  flow ue3_qfi1:
    delivery ratio                       94.3%        100.0%      +5.7%
    retx ratio                            0.0%         11.0%     +11.0%
    loss ratio                           0.00%         0.00%      +0.0%
    tput Mbps                             0.30          0.32      +0.02M
    p50 HoL ms                             5.5           1.5      -4.00
    p95 HoL ms                            13.0           4.5      -8.50
    p99 HoL ms                            14.5           5.0      -9.50

  flow ue4_qfi1:
    delivery ratio                       88.2%        100.0%     +11.8%
    retx ratio                            0.0%         10.8%     +10.8%
    loss ratio                           0.00%         0.00%      +0.0%
    tput Mbps                             0.28          0.32      +0.04M
    p50 HoL ms                             5.0           1.0      -4.00
    p95 HoL ms                            13.5           5.0      -8.50
    p99 HoL ms                            14.5           5.5      -9.00

  flow ue5_qfi1:
    delivery ratio                       96.7%        100.0%      +3.3%
    retx ratio                            0.0%         10.2%     +10.2%
    loss ratio                           0.00%         0.00%      +0.0%
    tput Mbps                             0.31          0.32      +0.01M
    p50 HoL ms                             4.5           1.0      -3.50
    p95 HoL ms                            12.0           5.0      -7.00
    p99 HoL ms                            14.0           5.0      -9.00

  flow ue6_qfi1:
    delivery ratio                       93.8%        100.0%      +6.2%
    retx ratio                            0.0%          7.2%      +7.2%
    loss ratio                           0.00%         0.00%      +0.0%
    tput Mbps                             0.30          0.32      +0.02M
    p50 HoL ms                             5.5           1.0      -4.50
    p95 HoL ms                            13.0           4.5      -8.50
    p99 HoL ms                            14.5           5.0      -9.50

  flow ue7_qfi1:
    delivery ratio                       94.8%        100.0%      +5.1%
    retx ratio                            0.0%         11.5%     +11.5%
    loss ratio                           0.00%         0.00%      +0.0%
    tput Mbps                             0.30          0.32      +0.02M
    p50 HoL ms                             5.0           1.5      -3.50
    p95 HoL ms                            12.5           5.0      -7.50
    p99 HoL ms                            14.5           6.5      -8.00

  flow ue8_qfi1:
    delivery ratio                       98.0%        100.0%      +2.0%
    retx ratio                            0.0%          9.8%      +9.8%
    loss ratio                           0.00%         0.00%      +0.0%
    tput Mbps                             0.31          0.32      +0.01M
    p50 HoL ms                             4.0           1.0      -3.00
    p95 HoL ms                            11.5           4.5      -7.00
    p99 HoL ms                            14.0           5.0      -9.00

  flow ue9_qfi1:
    delivery ratio                       94.8%        100.0%      +5.2%
    retx ratio                            0.0%          9.0%      +9.0%
    loss ratio                           0.00%         0.00%      +0.0%
    tput Mbps                             0.30          0.32      +0.02M
    p50 HoL ms                             5.5           1.5      -4.00
    p95 HoL ms                            13.0           5.0      -8.00
    p99 HoL ms                            14.5           6.0      -8.50

  [Gradient]
                                     flat-BLER       HARQ/IR       delta
  --------------------------------------------------------------------
  DL PRB utilization                     0.0%         0.0%  +    +0.0%
  UL PRB utilization                    49.6%        46.9%      -2.7%

  flow ue10_qfi1:
    delivery ratio                      100.0%        100.0%      +0.0%
    retx ratio                            0.0%          8.8%      +8.8%
    loss ratio                           0.00%         0.00%      +0.0%
    tput Mbps                             0.32          0.32      +0.00M
    p50 HoL ms                             3.5           1.0      -2.50
    p95 HoL ms                             6.0           4.5      -1.50
    p99 HoL ms                             6.5           5.0      -1.50

  flow ue11_qfi1:
    delivery ratio                      100.0%        100.0%      +0.0%
    retx ratio                            0.0%         10.2%     +10.2%
    loss ratio                           0.00%         0.00%      +0.0%
    tput Mbps                             0.32          0.32      +0.00M
    p50 HoL ms                             3.5           1.0      -2.50
    p95 HoL ms                             6.0           4.5      -1.50
    p99 HoL ms                             6.5           5.0      -1.50

  flow ue12_qfi1:
    delivery ratio                      100.0%        100.0%      +0.0%
    retx ratio                            0.0%         11.5%     +11.5%
    loss ratio                           0.00%         0.00%      +0.0%
    tput Mbps                             0.32          0.32      +0.00M
    p50 HoL ms                             3.5           1.0      -2.50
    p95 HoL ms                             6.0           4.5      -1.50
    p99 HoL ms                             6.5           5.0      -1.50

  flow ue13_qfi1:
    delivery ratio                      100.0%        100.0%      +0.0%
    retx ratio                            0.0%         10.0%     +10.0%
    loss ratio                           0.00%         0.00%      +0.0%
    tput Mbps                             0.32          0.32      +0.00M
    p50 HoL ms                             4.0           1.5      -2.50
    p95 HoL ms                             6.5           4.5      -2.00
    p99 HoL ms                             7.5           5.5      -2.00

  flow ue14_qfi1:
    delivery ratio                      100.0%        100.0%      +0.0%
    retx ratio                            0.0%          8.2%      +8.2%
    loss ratio                           0.00%         0.00%      +0.0%
    tput Mbps                             0.32          0.32      +0.00M
    p50 HoL ms                             3.5           1.0      -2.50
    p95 HoL ms                             6.0           4.5      -1.50
    p99 HoL ms                             6.5           5.0      -1.50

  flow ue15_qfi1:
    delivery ratio                      100.0%        100.0%      +0.0%
    retx ratio                            0.0%          9.9%      +9.9%
    loss ratio                           0.00%         0.00%      +0.0%
    tput Mbps                             0.32          0.32      +0.00M
    p50 HoL ms                             3.5           1.0      -2.50
    p95 HoL ms                             6.0           4.5      -1.50
    p99 HoL ms                             6.5           5.0      -1.50

  flow ue16_qfi1:
    delivery ratio                      100.0%        100.0%      +0.0%
    retx ratio                            0.0%          9.0%      +9.0%
    loss ratio                           0.00%         0.00%      +0.0%
    tput Mbps                             0.32          0.32      +0.00M
    p50 HoL ms                             3.5           1.0      -2.50
    p95 HoL ms                             6.0           4.5      -1.50
    p99 HoL ms                             6.5           5.0      -1.50

  flow ue17_qfi1:
    delivery ratio                      100.0%        100.0%      +0.0%
    retx ratio                            0.0%          8.8%      +8.8%
    loss ratio                           0.00%         0.00%      +0.0%
    tput Mbps                             0.32          0.32      +0.00M
    p50 HoL ms                             3.5           1.0      -2.50
    p95 HoL ms                             6.0           4.5      -1.50
    p99 HoL ms                             6.5           5.0      -1.50

  flow ue18_qfi1:
    delivery ratio                      100.0%        100.0%      +0.0%
    retx ratio                            0.0%         10.0%     +10.0%
    loss ratio                           0.00%         0.00%      +0.0%
    tput Mbps                             0.32          0.32      +0.00M
    p50 HoL ms                             4.0           1.0      -3.00
    p95 HoL ms                             7.0           4.5      -2.50
    p99 HoL ms                             8.0           5.0      -3.00

  flow ue19_qfi1:
    delivery ratio                      100.0%        100.0%      +0.0%
    retx ratio                            0.0%         11.0%     +11.0%
    loss ratio                           0.00%         0.00%      +0.0%
    tput Mbps                             0.32          0.32      +0.00M
    p50 HoL ms                             3.5           1.0      -2.50
    p95 HoL ms                             6.0           4.5      -1.50
    p99 HoL ms                             6.5           5.0      -1.50

  flow ue1_qfi1:
    delivery ratio                      100.0%        100.0%      +0.0%
    retx ratio                            0.0%          8.2%      +8.2%
    loss ratio                           0.00%         0.00%      +0.0%
    tput Mbps                             0.32          0.32      +0.00M
    p50 HoL ms                             4.5           1.0      -3.50
    p95 HoL ms                             7.5           4.5      -3.00
    p99 HoL ms                             8.0           5.0      -3.00

  flow ue20_qfi1:
    delivery ratio                      100.0%        100.0%      +0.0%
    retx ratio                            0.0%          9.8%      +9.8%
    loss ratio                           0.00%         0.00%      +0.0%
    tput Mbps                             0.32          0.32      +0.00M
    p50 HoL ms                             3.5           1.0      -2.50
    p95 HoL ms                             6.0           4.5      -1.50
    p99 HoL ms                             6.5           5.0      -1.50

  flow ue21_qfi1:
    delivery ratio                      100.0%        100.0%      +0.0%
    retx ratio                            0.0%         10.0%     +10.0%
    loss ratio                           0.00%         0.00%      +0.0%
    tput Mbps                             0.32          0.32      +0.00M
    p50 HoL ms                             4.5           1.0      -3.50
    p95 HoL ms                             7.0           4.5      -2.50
    p99 HoL ms                             8.0           5.0      -3.00

  flow ue22_qfi1:
    delivery ratio                      100.0%        100.0%      +0.0%
    retx ratio                            0.0%         10.0%     +10.0%
    loss ratio                           0.00%         0.00%      +0.0%
    tput Mbps                             0.32          0.32      +0.00M
    p50 HoL ms                             3.5           1.0      -2.50
    p95 HoL ms                             6.0           4.5      -1.50
    p99 HoL ms                             6.5           5.0      -1.50

  flow ue23_qfi1:
    delivery ratio                      100.0%        100.0%      +0.0%
    retx ratio                            0.0%          9.1%      +9.1%
    loss ratio                           0.00%         0.00%      +0.0%
    tput Mbps                             0.32          0.32      +0.00M
    p50 HoL ms                             3.5           1.0      -2.50
    p95 HoL ms                             6.0           4.5      -1.50
    p99 HoL ms                             6.5           5.0      -1.50

  flow ue24_qfi1:
    delivery ratio                      100.0%        100.0%      +0.0%
    retx ratio                            0.0%          8.3%      +8.3%
    loss ratio                           0.00%         0.00%      +0.0%
    tput Mbps                             0.32          0.32      +0.00M
    p50 HoL ms                             3.5           1.0      -2.50
    p95 HoL ms                             5.5           4.5      -1.00
    p99 HoL ms                             6.5           5.0      -1.50

  flow ue25_qfi1:
    delivery ratio                      100.0%        100.0%      +0.0%
    retx ratio                            0.0%          9.5%      +9.5%
    loss ratio                           0.00%         0.00%      +0.0%
    tput Mbps                             0.32          0.32      +0.00M
    p50 HoL ms                             3.5           1.5      -2.00
    p95 HoL ms                             6.0           4.5      -1.50
    p99 HoL ms                             7.0           5.5      -1.50

  flow ue26_qfi1:
    delivery ratio                      100.0%        100.0%      +0.0%
    retx ratio                            0.0%          9.8%      +9.8%
    loss ratio                           0.00%         0.00%      +0.0%
    tput Mbps                             0.32          0.32      +0.00M
    p50 HoL ms                             4.5           1.0      -3.50
    p95 HoL ms                             8.0           4.5      -3.50
    p99 HoL ms                             9.5           5.0      -4.50

  flow ue27_qfi1:
    delivery ratio                      100.0%        100.0%      +0.0%
    retx ratio                            0.0%         10.0%     +10.0%
    loss ratio                           0.00%         0.00%      +0.0%
    tput Mbps                             0.32          0.32      +0.00M
    p50 HoL ms                             5.5           1.0      -4.50
    p95 HoL ms                             8.5           4.5      -4.00
    p99 HoL ms                            10.0           5.0      -5.00

  flow ue28_qfi1:
    delivery ratio                      100.0%         99.8%      -0.2%
    retx ratio                            0.0%         10.5%     +10.5%
    loss ratio                           0.00%         0.00%      +0.0%
    tput Mbps                             0.32          0.32      -0.00M
    p50 HoL ms                             4.0           1.5      -2.50
    p95 HoL ms                             6.0           4.5      -1.50
    p99 HoL ms                             6.5           5.0      -1.50

  flow ue29_qfi1:
    delivery ratio                      100.0%        100.0%      +0.0%
    retx ratio                            0.0%         11.5%     +11.5%
    loss ratio                           0.00%         0.00%      +0.0%
    tput Mbps                             0.32          0.32      +0.00M
    p50 HoL ms                             4.0           1.0      -3.00
    p95 HoL ms                             7.0           4.5      -2.50
    p99 HoL ms                             8.5           5.0      -3.50

  flow ue2_qfi1:
    delivery ratio                      100.0%        100.0%      +0.0%
    retx ratio                            0.0%          9.8%      +9.8%
    loss ratio                           0.00%         0.00%      +0.0%
    tput Mbps                             0.32          0.32      +0.00M
    p50 HoL ms                             3.5           1.0      -2.50
    p95 HoL ms                             5.5           4.5      -1.00
    p99 HoL ms                             6.5           5.0      -1.50

  flow ue30_qfi1:
    delivery ratio                      100.0%        100.0%      +0.0%
    retx ratio                            0.0%         11.0%     +11.0%
    loss ratio                           0.00%         0.00%      +0.0%
    tput Mbps                             0.32          0.32      +0.00M
    p50 HoL ms                             4.0           1.5      -2.50
    p95 HoL ms                             6.5           4.5      -2.00
    p99 HoL ms                             7.0           5.0      -2.00

  flow ue3_qfi1:
    delivery ratio                      100.0%        100.0%      +0.0%
    retx ratio                            0.0%         12.7%     +12.7%
    loss ratio                           0.00%         0.00%      +0.0%
    tput Mbps                             0.32          0.32      +0.00M
    p50 HoL ms                             3.5           1.0      -2.50
    p95 HoL ms                             6.0           4.5      -1.50
    p99 HoL ms                             6.5           5.0      -1.50

  flow ue4_qfi1:
    delivery ratio                      100.0%        100.0%      +0.0%
    retx ratio                            0.0%          8.8%      +8.8%
    loss ratio                           0.00%         0.00%      +0.0%
    tput Mbps                             0.32          0.32      +0.00M
    p50 HoL ms                             4.0           1.0      -3.00
    p95 HoL ms                             7.0           4.5      -2.50
    p99 HoL ms                             8.0           5.0      -3.00

  flow ue5_qfi1:
    delivery ratio                      100.0%        100.0%      +0.0%
    retx ratio                            0.0%         10.0%     +10.0%
    loss ratio                           0.00%         0.00%      +0.0%
    tput Mbps                             0.32          0.32      +0.00M
    p50 HoL ms                             3.5           1.0      -2.50
    p95 HoL ms                             6.0           4.5      -1.50
    p99 HoL ms                             6.5           5.0      -1.50

  flow ue6_qfi1:
    delivery ratio                      100.0%        100.0%      +0.0%
    retx ratio                            0.0%          9.5%      +9.5%
    loss ratio                           0.00%         0.00%      +0.0%
    tput Mbps                             0.32          0.32      +0.00M
    p50 HoL ms                             3.5           1.0      -2.50
    p95 HoL ms                             6.0           4.5      -1.50
    p99 HoL ms                             6.0           5.0      -1.00

  flow ue7_qfi1:
    delivery ratio                      100.0%         99.8%      -0.2%
    retx ratio                            0.0%         10.0%     +10.0%
    loss ratio                           0.00%         0.00%      +0.0%
    tput Mbps                             0.32          0.32      -0.00M
    p50 HoL ms                             3.5           1.0      -2.50
    p95 HoL ms                             6.0           4.5      -1.50
    p99 HoL ms                             6.5           5.0      -1.50

  flow ue8_qfi1:
    delivery ratio                      100.0%        100.0%      +0.0%
    retx ratio                            0.0%         10.0%     +10.0%
    loss ratio                           0.00%         0.00%      +0.0%
    tput Mbps                             0.32          0.32      +0.00M
    p50 HoL ms                             3.5           1.0      -2.50
    p95 HoL ms                             6.0           4.5      -1.50
    p99 HoL ms                             6.5           5.0      -1.50

  flow ue9_qfi1:
    delivery ratio                      100.0%        100.0%      +0.0%
    retx ratio                            0.0%         12.0%     +12.0%
    loss ratio                           0.00%         0.00%      +0.0%
    tput Mbps                             0.32          0.32      +0.00M
    p50 HoL ms                             3.5           1.0      -2.50
    p95 HoL ms                             6.0           4.5      -1.50
    p99 HoL ms                             6.5           5.5      -1.00

  [TwoTier]
                                     flat-BLER       HARQ/IR       delta
  --------------------------------------------------------------------
  DL PRB utilization                     0.0%         0.0%  +    +0.0%
  UL PRB utilization                    67.9%        45.2%     -22.7%

  flow ue10_qfi1:
    delivery ratio                      100.0%         99.9%      -0.1%
    retx ratio                            0.0%         11.3%     +11.3%
    loss ratio                           0.00%         0.00%      +0.0%
    tput Mbps                             0.32          0.32      -0.00M
    p50 HoL ms                             2.5           2.0      -0.50
    p95 HoL ms                             5.0           5.0      +0.00
    p99 HoL ms                             5.0           5.5      +0.50

  flow ue11_qfi1:
    delivery ratio                      100.0%        100.0%      +0.0%
    retx ratio                            0.0%          9.1%      +9.1%
    loss ratio                           0.00%         0.00%      +0.0%
    tput Mbps                             0.32          0.32      +0.00M
    p50 HoL ms                             2.5           1.5      -1.00
    p95 HoL ms                             5.0           5.0      +0.00
    p99 HoL ms                             5.0           5.5      +0.50

  flow ue12_qfi1:
    delivery ratio                      100.0%         99.9%      -0.1%
    retx ratio                            0.0%          8.8%      +8.8%
    loss ratio                           0.00%         0.00%      +0.0%
    tput Mbps                             0.32          0.32      -0.00M
    p50 HoL ms                             2.5           1.5      -1.00
    p95 HoL ms                             5.0           5.0      +0.00
    p99 HoL ms                             5.0           5.0      +0.00

  flow ue13_qfi1:
    delivery ratio                      100.0%        100.0%      +0.0%
    retx ratio                            0.0%         10.6%     +10.6%
    loss ratio                           0.00%         0.00%      +0.0%
    tput Mbps                             0.32          0.32      +0.00M
    p50 HoL ms                             2.5           1.5      -1.00
    p95 HoL ms                             5.0           5.0      +0.00
    p99 HoL ms                             5.0           5.0      +0.00

  flow ue14_qfi1:
    delivery ratio                      100.0%        100.0%      +0.0%
    retx ratio                            0.0%          9.1%      +9.1%
    loss ratio                           0.00%         0.00%      +0.0%
    tput Mbps                             0.32          0.32      +0.00M
    p50 HoL ms                             2.5           1.5      -1.00
    p95 HoL ms                             5.0           5.0      +0.00
    p99 HoL ms                             5.0           5.5      +0.50

  flow ue15_qfi1:
    delivery ratio                      100.0%        100.0%      +0.0%
    retx ratio                            0.0%          9.2%      +9.2%
    loss ratio                           0.00%         0.00%      +0.0%
    tput Mbps                             0.32          0.32      +0.00M
    p50 HoL ms                             2.5           1.5      -1.00
    p95 HoL ms                             5.0           5.0      +0.00
    p99 HoL ms                             5.0           5.5      +0.50

  flow ue16_qfi1:
    delivery ratio                      100.0%        100.0%      +0.0%
    retx ratio                            0.0%          9.3%      +9.3%
    loss ratio                           0.00%         0.00%      +0.0%
    tput Mbps                             0.32          0.32      +0.00M
    p50 HoL ms                             2.5           1.5      -1.00
    p95 HoL ms                             5.0           5.0      +0.00
    p99 HoL ms                             5.0           5.5      +0.50

  flow ue17_qfi1:
    delivery ratio                      100.0%        100.0%      +0.0%
    retx ratio                            0.0%         10.7%     +10.7%
    loss ratio                           0.00%         0.00%      +0.0%
    tput Mbps                             0.32          0.32      +0.00M
    p50 HoL ms                             2.5           1.5      -1.00
    p95 HoL ms                             5.0           5.0      +0.00
    p99 HoL ms                             5.0           5.0      +0.00

  flow ue18_qfi1:
    delivery ratio                      100.0%        100.0%      +0.0%
    retx ratio                            0.0%          9.1%      +9.1%
    loss ratio                           0.00%         0.00%      +0.0%
    tput Mbps                             0.32          0.32      +0.00M
    p50 HoL ms                             2.5           1.5      -1.00
    p95 HoL ms                             5.0           5.0      +0.00
    p99 HoL ms                             5.0           5.5      +0.50

  flow ue19_qfi1:
    delivery ratio                      100.0%        100.0%      +0.0%
    retx ratio                            0.0%         10.9%     +10.9%
    loss ratio                           0.00%         0.00%      +0.0%
    tput Mbps                             0.32          0.32      +0.00M
    p50 HoL ms                             2.5           1.5      -1.00
    p95 HoL ms                             5.0           5.0      +0.00
    p99 HoL ms                             5.0           5.0      +0.00

  flow ue1_qfi1:
    delivery ratio                      100.0%        100.0%      +0.0%
    retx ratio                            0.0%          9.0%      +9.0%
    loss ratio                           0.00%         0.00%      +0.0%
    tput Mbps                             0.32          0.32      +0.00M
    p50 HoL ms                             2.5           1.5      -1.00
    p95 HoL ms                             5.0           5.0      +0.00
    p99 HoL ms                             5.0           5.0      +0.00

  flow ue20_qfi1:
    delivery ratio                      100.0%         99.9%      -0.1%
    retx ratio                            0.0%          9.7%      +9.7%
    loss ratio                           0.00%         0.00%      +0.0%
    tput Mbps                             0.32          0.32      -0.00M
    p50 HoL ms                             2.5           2.0      -0.50
    p95 HoL ms                             5.0           5.0      +0.00
    p99 HoL ms                             5.0           5.5      +0.50

  flow ue21_qfi1:
    delivery ratio                      100.0%        100.0%      +0.0%
    retx ratio                            0.0%         11.5%     +11.5%
    loss ratio                           0.00%         0.00%      +0.0%
    tput Mbps                             0.32          0.32      +0.00M
    p50 HoL ms                             2.5           2.0      -0.50
    p95 HoL ms                             5.0           5.0      +0.00
    p99 HoL ms                             5.0           5.5      +0.50

  flow ue22_qfi1:
    delivery ratio                      100.0%         99.9%      -0.1%
    retx ratio                            0.0%          8.9%      +8.9%
    loss ratio                           0.00%         0.00%      +0.0%
    tput Mbps                             0.32          0.32      -0.00M
    p50 HoL ms                             2.5           1.5      -1.00
    p95 HoL ms                             5.0           5.0      +0.00
    p99 HoL ms                             5.0           5.0      +0.00

  flow ue23_qfi1:
    delivery ratio                      100.0%        100.0%      +0.0%
    retx ratio                            0.0%         10.1%     +10.1%
    loss ratio                           0.00%         0.00%      +0.0%
    tput Mbps                             0.32          0.32      +0.00M
    p50 HoL ms                             2.5           2.0      -0.50
    p95 HoL ms                             5.0           5.0      +0.00
    p99 HoL ms                             5.0           5.5      +0.50

  flow ue24_qfi1:
    delivery ratio                      100.0%        100.0%      +0.0%
    retx ratio                            0.0%          9.4%      +9.4%
    loss ratio                           0.00%         0.00%      +0.0%
    tput Mbps                             0.32          0.32      +0.00M
    p50 HoL ms                             2.5           2.0      -0.50
    p95 HoL ms                             5.0           5.0      +0.00
    p99 HoL ms                             5.0           5.5      +0.50

  flow ue25_qfi1:
    delivery ratio                      100.0%        100.0%      +0.0%
    retx ratio                            0.0%         10.9%     +10.9%
    loss ratio                           0.00%         0.00%      +0.0%
    tput Mbps                             0.32          0.32      +0.00M
    p50 HoL ms                             2.5           2.0      -0.50
    p95 HoL ms                             5.0           5.0      +0.00
    p99 HoL ms                             5.0           5.5      +0.50

  flow ue26_qfi1:
    delivery ratio                      100.0%         99.9%      -0.1%
    retx ratio                            0.0%         10.5%     +10.5%
    loss ratio                           0.00%         0.00%      +0.0%
    tput Mbps                             0.32          0.32      -0.00M
    p50 HoL ms                             2.5           2.0      -0.50
    p95 HoL ms                             5.0           5.0      +0.00
    p99 HoL ms                             5.0           5.5      +0.50

  flow ue27_qfi1:
    delivery ratio                      100.0%        100.0%      +0.0%
    retx ratio                            0.0%          9.6%      +9.6%
    loss ratio                           0.00%         0.00%      +0.0%
    tput Mbps                             0.32          0.32      +0.00M
    p50 HoL ms                             2.5           2.0      -0.50
    p95 HoL ms                             5.0           5.0      +0.00
    p99 HoL ms                             5.0           5.5      +0.50

  flow ue28_qfi1:
    delivery ratio                      100.0%        100.0%      +0.0%
    retx ratio                            0.0%         10.4%     +10.4%
    loss ratio                           0.00%         0.00%      +0.0%
    tput Mbps                             0.32          0.32      +0.00M
    p50 HoL ms                             2.5           2.0      -0.50
    p95 HoL ms                             5.0           5.0      +0.00
    p99 HoL ms                             5.0           5.5      +0.50

  flow ue29_qfi1:
    delivery ratio                      100.0%        100.0%      +0.0%
    retx ratio                            0.0%          9.7%      +9.7%
    loss ratio                           0.00%         0.00%      +0.0%
    tput Mbps                             0.32          0.32      +0.00M
    p50 HoL ms                             2.5           2.0      -0.50
    p95 HoL ms                             5.0           5.0      +0.00
    p99 HoL ms                             5.0           5.5      +0.50

  flow ue2_qfi1:
    delivery ratio                      100.0%         99.9%      -0.1%
    retx ratio                            0.0%         11.2%     +11.2%
    loss ratio                           0.00%         0.00%      +0.0%
    tput Mbps                             0.32          0.32      -0.00M
    p50 HoL ms                             2.5           2.0      -0.50
    p95 HoL ms                             5.0           5.0      +0.00
    p99 HoL ms                             5.0           5.0      +0.00

  flow ue30_qfi1:
    delivery ratio                      100.0%         99.8%      -0.2%
    retx ratio                            0.0%         10.2%     +10.2%
    loss ratio                           0.00%         0.00%      +0.0%
    tput Mbps                             0.32          0.32      -0.00M
    p50 HoL ms                             2.5           2.0      -0.50
    p95 HoL ms                             5.0           5.0      +0.00
    p99 HoL ms                             5.0           5.0      +0.00

  flow ue3_qfi1:
    delivery ratio                      100.0%        100.0%      +0.0%
    retx ratio                            0.0%         10.9%     +10.9%
    loss ratio                           0.00%         0.00%      +0.0%
    tput Mbps                             0.32          0.32      +0.00M
    p50 HoL ms                             2.5           2.0      -0.50
    p95 HoL ms                             5.0           5.0      +0.00
    p99 HoL ms                             5.0           5.0      +0.00

  flow ue4_qfi1:
    delivery ratio                      100.0%        100.0%      +0.0%
    retx ratio                            0.0%         10.8%     +10.8%
    loss ratio                           0.00%         0.00%      +0.0%
    tput Mbps                             0.32          0.32      +0.00M
    p50 HoL ms                             2.5           2.0      -0.50
    p95 HoL ms                             5.0           5.0      +0.00
    p99 HoL ms                             5.0           5.0      +0.00

  flow ue5_qfi1:
    delivery ratio                      100.0%        100.0%      +0.0%
    retx ratio                            0.0%          9.2%      +9.2%
    loss ratio                           0.00%         0.00%      +0.0%
    tput Mbps                             0.32          0.32      +0.00M
    p50 HoL ms                             2.5           1.5      -1.00
    p95 HoL ms                             5.0           5.0      +0.00
    p99 HoL ms                             5.0           5.0      +0.00

  flow ue6_qfi1:
    delivery ratio                      100.0%        100.0%      +0.0%
    retx ratio                            0.0%         10.7%     +10.7%
    loss ratio                           0.00%         0.00%      +0.0%
    tput Mbps                             0.32          0.32      +0.00M
    p50 HoL ms                             2.5           2.0      -0.50
    p95 HoL ms                             5.0           5.0      +0.00
    p99 HoL ms                             5.0           5.0      +0.00

  flow ue7_qfi1:
    delivery ratio                      100.0%        100.0%      +0.0%
    retx ratio                            0.0%          9.2%      +9.2%
    loss ratio                           0.00%         0.00%      +0.0%
    tput Mbps                             0.32          0.32      +0.00M
    p50 HoL ms                             2.5           1.5      -1.00
    p95 HoL ms                             5.0           5.0      +0.00
    p99 HoL ms                             5.0           5.0      +0.00

  flow ue8_qfi1:
    delivery ratio                      100.0%        100.0%      +0.0%
    retx ratio                            0.0%         10.7%     +10.7%
    loss ratio                           0.00%         0.00%      +0.0%
    tput Mbps                             0.32          0.32      +0.00M
    p50 HoL ms                             2.5           1.5      -1.00
    p95 HoL ms                             5.0           5.0      +0.00
    p99 HoL ms                             5.0           5.0      +0.00

  flow ue9_qfi1:
    delivery ratio                      100.0%        100.0%      +0.0%
    retx ratio                            0.0%         11.6%     +11.6%
    loss ratio                           0.00%         0.00%      +0.0%
    tput Mbps                             0.32          0.32      +0.00M
    p50 HoL ms                             2.5           1.5      -1.00
    p95 HoL ms                             5.0           5.0      +0.00
    p99 HoL ms                             5.0           5.0      +0.00

================================================================================
HARQ parameters: max_retx=3, mode=IR, harq_rtt=8 slots, ewma_alpha=0.1
================================================================================

