120 runs = 3 arms x 4 fleet sizes x 10 seeds @ horizon 20000
  [1/120] Reservation  N=16  never_granted=0   M08=0.3497516
  [2/120] Reservation  N=16  never_granted=0   M08=0.3318276
  [3/120] TwoTier      N=16  never_granted=0   M08=0.048172
  [4/120] TwoTier      N=16  never_granted=0   M08=0.024790799999999998
  [5/120] TwoTier      N=16  never_granted=0   M08=0.0887992
  [6/120] TwoTier      N=16  never_granted=0   M08=0.022074
  [7/120] TwoTier      N=16  never_granted=0   M08=0.0807988
  [8/120] TwoTier      N=16  never_granted=0   M08=0.096364
  [9/120] TwoTier      N=16  never_granted=0   M08=0.018585599999999997
  [10/120] TwoTier      N=16  never_granted=0   M08=0.0195864
  [11/120] TwoTier      N=16  never_granted=0   M08=0.0835672
  [12/120] TwoTier      N=16  never_granted=0   M08=0.118382
  [13/120] Reservation  N=16  never_granted=0   M08=0.3394348
  [14/120] Reservation  N=16  never_granted=0   M08=0.336764
  [15/120] TwoTier      N=8   never_granted=0   M08=0.9510984
  [16/120] TwoTier      N=8   never_granted=0   M08=0.9128116
  [17/120] TwoTier      N=8   never_granted=0   M08=0.9607475999999999
  [18/120] TwoTier      N=8   never_granted=0   M08=0.8766564
  [19/120] Reservation  N=16  never_granted=0   M08=0.35901120000000003
  [20/120] Reservation  N=16  never_granted=0   M08=0.33682
  [21/120] Reservation  N=16  never_granted=0   M08=0.349752
  [22/120] Reservation  N=16  never_granted=0   M08=0.3532944
  [23/120] Reservation  N=16  never_granted=0   M08=0.324436
  [24/120] Reservation  N=16  never_granted=0   M08=0.3566188
  [25/120] TwoTier      N=8   never_granted=0   M08=0.9446588
  [26/120] TwoTier      N=8   never_granted=0   M08=0.9475156
  [27/120] PF           N=16  never_granted=0   M08=0.9389128
  [28/120] PF           N=16  never_granted=0   M08=0.9424928
  [29/120] PF           N=16  never_granted=0   M08=0.931634
  [30/120] PF           N=16  never_granted=0   M08=0.926768
  [31/120] PF           N=16  never_granted=0   M08=0.9353792
  [32/120] PF           N=16  never_granted=0   M08=0.9338835999999999
  [33/120] TwoTier      N=8   never_granted=0   M08=0.9424224
  [34/120] TwoTier      N=8   never_granted=0   M08=0.9590408
  [35/120] TwoTier      N=8   never_granted=0   M08=0.8586116
  [36/120] TwoTier      N=8   never_granted=0   M08=0.9478096
  [37/120] PF           N=16  never_granted=0   M08=0.904928
  [38/120] PF           N=16  never_granted=0   M08=0.9439988
  [39/120] Reservation  N=8   never_granted=0   M08=0.9557604000000001
  [40/120] Reservation  N=8   never_granted=0   M08=0.9540756
  [41/120] Reservation  N=8   never_granted=0   M08=0.9680356
  [42/120] Reservation  N=8   never_granted=0   M08=0.9636376
  [43/120] Reservation  N=8   never_granted=0   M08=0.9537664
  [44/120] Reservation  N=8   never_granted=0   M08=0.9619964
  [45/120] PF           N=16  never_granted=0   M08=0.9142128
  [46/120] Reservation  N=8   never_granted=0   M08=0.9505348
  [47/120] PF           N=16  never_granted=0   M08=0.9358476
  [48/120] Reservation  N=8   never_granted=0   M08=0.9683796
  [49/120] Reservation  N=8   never_granted=0   M08=0.963678
  [50/120] Reservation  N=8   never_granted=0   M08=0.9591668000000001
  [51/120] TwoTier      N=4   never_granted=0   M08=0.9645452
  [52/120] TwoTier      N=4   never_granted=0   M08=0.959984
  [53/120] TwoTier      N=4   never_granted=0   M08=0.9660831999999999
  [54/120] TwoTier      N=4   never_granted=0   M08=0.9595132
  [55/120] TwoTier      N=4   never_granted=0   M08=0.9635072
  [56/120] TwoTier      N=4   never_granted=0   M08=0.9766556
  [57/120] TwoTier      N=4   never_granted=0   M08=0.9621716
  [58/120] TwoTier      N=4   never_granted=0   M08=0.9685688
  [59/120] TwoTier      N=4   never_granted=0   M08=0.9631616
  [60/120] TwoTier      N=4   never_granted=0   M08=0.9625315999999999
  [61/120] PF           N=8   never_granted=0   M08=0.9578576
  [62/120] PF           N=8   never_granted=0   M08=0.9587068000000001
  [63/120] PF           N=8   never_granted=0   M08=0.9680356
  [64/120] PF           N=8   never_granted=0   M08=0.9636376
  [65/120] PF           N=8   never_granted=0   M08=0.9537664
  [66/120] Reservation  N=4   never_granted=0   M08=0.958986
  [67/120] PF           N=8   never_granted=0   M08=0.9505348
  [68/120] PF           N=8   never_granted=0   M08=0.9645228
  [69/120] Reservation  N=4   never_granted=0   M08=0.9645452
  [70/120] PF           N=8   never_granted=0   M08=0.9666928
  [71/120] PF           N=8   never_granted=0   M08=0.9690408
  [72/120] PF           N=8   never_granted=0   M08=0.9658652
  [73/120] Reservation  N=4   never_granted=0   M08=0.9653816
  [74/120] Reservation  N=4   never_granted=0   M08=0.9595132
  [75/120] Reservation  N=4   never_granted=0   M08=0.9685688
  [76/120] Reservation  N=4   never_granted=0   M08=0.9635072
  [77/120] Reservation  N=4   never_granted=0   M08=0.9621716
  [78/120] Reservation  N=4   never_granted=0   M08=0.9625004
  [79/120] Reservation  N=4   never_granted=0   M08=0.9766556
  [80/120] Reservation  N=4   never_granted=0   M08=0.9616076
  [81/120] TwoTier      N=2   never_granted=0   M08=0.9811892
  [82/120] TwoTier      N=2   never_granted=0   M08=0.9616124
  [83/120] TwoTier      N=2   never_granted=0   M08=0.9735068
  [84/120] TwoTier      N=2   never_granted=0   M08=0.9641224
  [85/120] TwoTier      N=2   never_granted=0   M08=0.9535004
  [86/120] TwoTier      N=2   never_granted=0   M08=0.964992
  [87/120] PF           N=4   never_granted=0   M08=0.9645452
  [88/120] PF           N=4   never_granted=0   M08=0.959984
  [89/120] TwoTier      N=2   never_granted=0   M08=0.9580144
  [90/120] PF           N=4   never_granted=0   M08=0.9662888000000001
  [91/120] TwoTier      N=2   never_granted=0   M08=0.9712076
  [92/120] TwoTier      N=2   never_granted=0   M08=0.9739536
  [93/120] TwoTier      N=2   never_granted=0   M08=0.9665368000000001
  [94/120] PF           N=4   never_granted=0   M08=0.9595132
  [95/120] PF           N=4   never_granted=0   M08=0.9635072
  [96/120] PF           N=4   never_granted=0   M08=0.9685688
  [97/120] PF           N=4   never_granted=0   M08=0.9621716
  [98/120] Reservation  N=2   never_granted=0   M08=0.9811892
  [99/120] PF           N=4   never_granted=0   M08=0.9766556
  [100/120] Reservation  N=2   never_granted=0   M08=0.9628871999999999
  [101/120] Reservation  N=2   never_granted=0   M08=0.9745048000000001
  [102/120] PF           N=4   never_granted=0   M08=0.9631616
  [103/120] Reservation  N=2   never_granted=0   M08=0.9641224
  [104/120] Reservation  N=2   never_granted=0   M08=0.9543088000000001
  [105/120] PF           N=4   never_granted=0   M08=0.961942
  [106/120] Reservation  N=2   never_granted=0   M08=0.9649188000000001
  [107/120] Reservation  N=2   never_granted=0   M08=0.9580144
  [108/120] Reservation  N=2   never_granted=0   M08=0.9712076
  [109/120] PF           N=2   never_granted=0   M08=0.9811892
  [110/120] PF           N=2   never_granted=0   M08=0.9628871999999999
  [111/120] Reservation  N=2   never_granted=0   M08=0.9665368000000001
  [112/120] Reservation  N=2   never_granted=0   M08=0.9739536
  [113/120] PF           N=2   never_granted=0   M08=0.9739736
  [114/120] PF           N=2   never_granted=0   M08=0.9641224
  [115/120] PF           N=2   never_granted=0   M08=0.9543088000000001
  [116/120] PF           N=2   never_granted=0   M08=0.964992
  [117/120] PF           N=2   never_granted=0   M08=0.9580144
  [118/120] PF           N=2   never_granted=0   M08=0.9712076
  [119/120] PF           N=2   never_granted=0   M08=0.9665368000000001
  [120/120] PF           N=2   never_granted=0   M08=0.9739536

wrote sweeps/m6cap4-2026-09-07/attach/g10_attach.json
