G11 C3/C4/C5 -- sweeps/rerun-2026-09-06/g11_c1_soak.json
  30/30 runs, n_ues=4, horizon=7200000, window=60.0s, 10 seeds

C3 -- CoV(worst-window p98) <= 15%, across fresh seeds
   PF           n=10  mean= 18.500 ms  sd=  0.264  CoV=0.0142  PASS
   Reservation  n=10  mean= 16.225 ms  sd=  0.837  CoV=0.0516  PASS
   TwoTier      n=10  mean= 16.650 ms  sd=  0.242  CoV=0.0145  PASS

C4 -- identical PASS/FAIL verdicts across repeats
   PF           n=10  verdicts=[True]  PASS
      ** SATISFIED BY CONSTRUCTION -- every run in this artefact reports 0 failing windows, so the verdict vector is constant and C4 could not have come out otherwise. A verdict that could not have been otherwise is not evidence; this is not an independent result.
   Reservation  n=10  verdicts=[True]  PASS
      ** SATISFIED BY CONSTRUCTION -- every run in this artefact reports 0 failing windows, so the verdict vector is constant and C4 could not have come out otherwise. A verdict that could not have been otherwise is not evidence; this is not an independent result.
   TwoTier      n=10  verdicts=[True]  PASS
      ** SATISFIED BY CONSTRUCTION -- every run in this artefact reports 0 failing windows, so the verdict vector is constant and C4 could not have come out otherwise. A verdict that could not have been otherwise is not evidence; this is not an independent result.

C5 -- bimodality in the per-seed p98 VECTOR (C3 is blind to this)
   PF           vector=[18.25, 18.25, 18.25, 18.25, 18.5, 18.5, 18.5, 18.75, 18.75, 19.0]
                4 distinct levels on a 0.250 ms quantum; best split at 7, gap=0.476 ms, pooled sd=0.122, separation=3.90 sd
                -> NOT SCOREABLE: the p98 vector holds only 4 distinct levels on a 0.250 ms quantum, and the pooled within-cluster SD (0.122 ms) is below it -- a separation-in-SDs statistic measures the quantisation here, not the distribution
   Reservation  vector=[15.5, 15.5, 15.75, 15.75, 15.75, 16.0, 16.0, 16.75, 17.25, 18.0]
                6 distinct levels on a 0.250 ms quantum; best split at 7, gap=1.583 ms, pooled sd=0.323, separation=4.91 sd
                -> BIMODAL
                low seeds=[35492826, 87989972, 161576974, 376383645, 661058651, 1097657231, 1746484539]
                high seeds=[579362555, 1367864806, 1826701614]
   TwoTier      vector=[16.5, 16.5, 16.5, 16.5, 16.5, 16.5, 16.75, 16.75, 16.75, 17.25]
                3 distinct levels on a 0.250 ms quantum; best split at 6, gap=0.375 ms, pooled sd=0.137, separation=2.74 sd
                -> NOT SCOREABLE: the p98 vector holds only 3 distinct levels on a 0.250 ms quantum, and the pooled within-cluster SD (0.137 ms) is below it -- a separation-in-SDs statistic measures the quantisation here, not the distribution

wrote sweeps/rerun-2026-09-06/g11_c345.json
