  g7              TwoTier      seed=161576974 identical=True
  g7              TwoTier      seed=376383645 identical=True
  g7              TwoTier      seed=579362555 identical=True
  g7              TwoTier      seed=661058651 identical=True
  g7              TwoTier      seed=87989972 identical=True
  g7              TwoTier      seed=1746484539 identical=True
  g7              TwoTier      seed=1367864806 identical=True
  g7              TwoTier      seed=1097657231 identical=True
  g7              TwoTier      seed=1826701614 identical=True
  g7              TwoTier      seed=35492826 identical=True
  attach          TwoTier      seed=1826701614 identical=True
  attach          TwoTier      seed=661058651 identical=True
  attach          TwoTier      seed=1367864806 identical=True
  attach          TwoTier      seed=1097657231 identical=True
  attach          TwoTier      seed=35492826 identical=True
  attach          TwoTier      seed=376383645 identical=True
  attach          TwoTier      seed=1746484539 identical=True
  attach          TwoTier      seed=579362555 identical=True
  attach          TwoTier      seed=87989972 identical=True
  attach          TwoTier      seed=161576974 identical=True
  attach_control  TwoTier      seed=161576974 identical=True
  attach_control  TwoTier      seed=35492826 identical=True
  attach_control  TwoTier      seed=579362555 identical=True
  attach_control  TwoTier      seed=1097657231 identical=True
  attach_control  TwoTier      seed=1826701614 identical=True
  attach_control  TwoTier      seed=661058651 identical=True
  attach_control  TwoTier      seed=1367864806 identical=True
  attach_control  TwoTier      seed=87989972 identical=True
  attach_control  TwoTier      seed=1746484539 identical=True
  attach_control  TwoTier      seed=376383645 identical=True
  g5_residual     TwoTier      seed=1367864806 identical=True
  g5_residual     TwoTier      seed=1826701614 identical=True
  g5_residual     TwoTier      seed=1097657231 identical=True
  g5_residual     TwoTier      seed=579362555 identical=True
  g5_residual     TwoTier      seed=661058651 identical=True
  g5_residual     TwoTier      seed=161576974 identical=True
  g5_residual     TwoTier      seed=87989972 identical=True
  g5_residual     TwoTier      seed=35492826 identical=True
  g5_residual     TwoTier      seed=1746484539 identical=True
  g5_residual     TwoTier      seed=376383645 identical=True
  g7              Reservation  seed=1826701614 identical=True
  g7              Reservation  seed=1367864806 identical=True
  g7              Reservation  seed=1097657231 identical=True
  g7              Reservation  seed=579362555 identical=True
  g7              Reservation  seed=661058651 identical=True
  g7              Reservation  seed=87989972 identical=True
  g7              Reservation  seed=35492826 identical=True
  g7              Reservation  seed=161576974 identical=True
  g7              Reservation  seed=376383645 identical=True
  g7              Reservation  seed=1746484539 identical=True
  attach          Reservation  seed=1826701614 identical=True
  attach          Reservation  seed=1367864806 identical=True
  attach          Reservation  seed=1097657231 identical=True
  attach          Reservation  seed=579362555 identical=True
  attach          Reservation  seed=661058651 identical=True
  attach          Reservation  seed=87989972 identical=True
  attach          Reservation  seed=161576974 identical=True
  attach          Reservation  seed=35492826 identical=True
  attach          Reservation  seed=376383645 identical=True
  attach          Reservation  seed=1746484539 identical=True
  attach_control  Reservation  seed=1826701614 identical=True
  attach_control  Reservation  seed=1097657231 identical=True
  attach_control  Reservation  seed=1367864806 identical=True
  attach_control  Reservation  seed=579362555 identical=True
  attach_control  Reservation  seed=661058651 identical=True
  attach_control  Reservation  seed=87989972 identical=True
  attach_control  Reservation  seed=161576974 identical=True
  attach_control  Reservation  seed=376383645 identical=True
  attach_control  Reservation  seed=35492826 identical=True
  attach_control  Reservation  seed=1746484539 identical=True
  g5_residual     Reservation  seed=1826701614 identical=True
  g5_residual     Reservation  seed=1367864806 identical=True
  g5_residual     Reservation  seed=1097657231 identical=True
  g5_residual     Reservation  seed=661058651 identical=True
  g5_residual     Reservation  seed=579362555 identical=True
  g5_residual     Reservation  seed=87989972 identical=True
  g5_residual     Reservation  seed=161576974 identical=True
  g5_residual     Reservation  seed=1746484539 identical=True
  g5_residual     Reservation  seed=35492826 identical=True
  g5_residual     Reservation  seed=376383645 identical=True
  g7              PF           seed=1826701614 identical=True
  g7              PF           seed=1097657231 identical=True
  g7              PF           seed=1367864806 identical=True
  g7              PF           seed=579362555 identical=True
  g7              PF           seed=661058651 identical=True
  g7              PF           seed=87989972 identical=True
  g7              PF           seed=161576974 identical=True
  g7              PF           seed=1746484539 identical=True
  g7              PF           seed=35492826 identical=True
  g7              PF           seed=376383645 identical=True
  attach          PF           seed=1826701614 identical=True
  attach          PF           seed=1367864806 identical=True
  attach          PF           seed=1097657231 identical=True
  attach          PF           seed=579362555 identical=True
  attach          PF           seed=661058651 identical=True
  attach          PF           seed=87989972 identical=True
  attach          PF           seed=161576974 identical=True
  attach          PF           seed=35492826 identical=True
  attach          PF           seed=376383645 identical=True
  attach          PF           seed=1746484539 identical=True
  attach_control  PF           seed=1826701614 identical=True
  attach_control  PF           seed=1367864806 identical=True
  attach_control  PF           seed=1097657231 identical=True
  attach_control  PF           seed=579362555 identical=True
  attach_control  PF           seed=661058651 identical=True
  attach_control  PF           seed=87989972 identical=True
  attach_control  PF           seed=35492826 identical=True
  attach_control  PF           seed=161576974 identical=True
  attach_control  PF           seed=376383645 identical=True
  attach_control  PF           seed=1746484539 identical=True
  g5_residual     PF           seed=1826701614 identical=True
  g5_residual     PF           seed=1367864806 identical=True
  g5_residual     PF           seed=1097657231 identical=True
  g5_residual     PF           seed=661058651 identical=True
  g5_residual     PF           seed=579362555 identical=True
  g5_residual     PF           seed=35492826 identical=True
  g5_residual     PF           seed=161576974 identical=True
  g5_residual     PF           seed=376383645 identical=True
  g5_residual     PF           seed=87989972 identical=True
  g5_residual     PF           seed=1746484539 identical=True
wrote sweeps/rerun-2026-09-06/traces.json
