G2 stress: 540 driver runs x 30 trials
  A  1 clause part x 4 STOP counts x 1 arms x 10 seeds x 2 caps x 30 trials (N=12)
  B  1 clause part x 6 fleet sizes x 4 loads x 1 arms x 10 seeds x 2 caps x 30 trials (STOP=2)
  horizon 20000, bound 100 ms, STOP bearer PDB 5 ms (faithful)
  0 banked, 540 to run
    ... 25/540 (14s)
    ... 50/540 (26s)
    ... 75/540 (36s)
    ... 100/540 (45s)
    ... 125/540 (49s)
    ... 150/540 (58s)
    ... 175/540 (67s)
    ... 200/540 (74s)
    ... 225/540 (79s)
    ... 250/540 (85s)
    ... 275/540 (91s)
    ... 300/540 (96s)
    ... 325/540 (101s)
    ... 350/540 (106s)
    ... 375/540 (111s)
    ... 400/540 (116s)
    ... 425/540 (120s)
    ... 450/540 (124s)
    ... 475/540 (128s)
    ... 500/540 (131s)
    ... 525/540 (134s)

wrote sweeps/cs2-increments/inc7/aligned/g2.json  (136s, 540 runs, 36600 STOP events, 428 missed)
