G2 stress: 540 driver runs x 30 trials
  A  1 clause part x 4 STOP counts x 1 arms x 10 seeds x 2 caps x 30 trials (N=12)
  B  1 clause part x 6 fleet sizes x 4 loads x 1 arms x 10 seeds x 2 caps x 30 trials (STOP=2)
  horizon 20000, bound 100 ms, STOP bearer PDB 5 ms (faithful)
  0 banked, 540 to run
    ... 25/540 (14s)
    ... 50/540 (26s)
    ... 75/540 (37s)
    ... 100/540 (46s)
    ... 125/540 (49s)
    ... 150/540 (59s)
    ... 175/540 (66s)
    ... 200/540 (75s)
    ... 225/540 (80s)
    ... 250/540 (87s)
    ... 275/540 (93s)
    ... 300/540 (97s)
    ... 325/540 (103s)
    ... 350/540 (108s)
    ... 375/540 (113s)
    ... 400/540 (118s)
    ... 425/540 (122s)
    ... 450/540 (127s)
    ... 475/540 (130s)
    ... 500/540 (134s)
    ... 525/540 (137s)

wrote sweeps/cs2-increments/inc5/aligned/g2.json  (138s, 540 runs, 36600 STOP events, 2548 missed)
