270 runs = 3 arms x 9 fleet sizes x 10 seeds @ horizon 20000
  [1/270] TwoTier      N=12  never_granted=5   M08=0.0
  [2/270] TwoTier      N=12  never_granted=7   M08=0.0
  [3/270] TwoTier      N=16  never_granted=9   M08=0.0
  [4/270] TwoTier      N=16  never_granted=10  M08=0.0
  [5/270] TwoTier      N=16  never_granted=10  M08=0.0
  [6/270] TwoTier      N=16  never_granted=10  M08=0.0
  [7/270] TwoTier      N=16  never_granted=10  M08=0.0
  [8/270] TwoTier      N=16  never_granted=11  M08=0.0
  [9/270] TwoTier      N=16  never_granted=10  M08=0.0
  [10/270] TwoTier      N=16  never_granted=11  M08=0.0
  [11/270] TwoTier      N=16  never_granted=11  M08=0.0
  [12/270] TwoTier      N=16  never_granted=11  M08=0.0
  [13/270] TwoTier      N=12  never_granted=7   M08=0.0
  [14/270] TwoTier      N=12  never_granted=6   M08=0.0
  [15/270] TwoTier      N=10  never_granted=4   M08=0.0
  [16/270] TwoTier      N=12  never_granted=6   M08=0.0
  [17/270] TwoTier      N=10  never_granted=5   M08=0.0
  [18/270] TwoTier      N=10  never_granted=5   M08=0.0
  [19/270] TwoTier      N=10  never_granted=4   M08=0.0
  [20/270] TwoTier      N=12  never_granted=6   M08=0.0
  [21/270] TwoTier      N=12  never_granted=6   M08=0.0
  [22/270] TwoTier      N=12  never_granted=6   M08=0.0
  [23/270] TwoTier      N=12  never_granted=7   M08=0.0
  [24/270] TwoTier      N=12  never_granted=7   M08=0.0
  [25/270] TwoTier      N=10  never_granted=4   M08=0.0
  [26/270] TwoTier      N=10  never_granted=4   M08=0.0
  [27/270] TwoTier      N=10  never_granted=4   M08=0.0
  [28/270] TwoTier      N=10  never_granted=5   M08=0.0
  [29/270] TwoTier      N=10  never_granted=4   M08=0.0
  [30/270] Reservation  N=16  never_granted=3   M08=0.0
  [31/270] Reservation  N=16  never_granted=4   M08=0.0
  [32/270] TwoTier      N=10  never_granted=5   M08=0.0
  [33/270] Reservation  N=16  never_granted=3   M08=0.0
  [34/270] Reservation  N=16  never_granted=6   M08=0.0
  [35/270] Reservation  N=16  never_granted=5   M08=0.0
  [36/270] Reservation  N=16  never_granted=5   M08=0.0
  [37/270] Reservation  N=16  never_granted=3   M08=0.0
  [38/270] Reservation  N=16  never_granted=5   M08=0.0
  [39/270] TwoTier      N=8   never_granted=3   M08=0.0
  [40/270] TwoTier      N=8   never_granted=2   M08=0.0
  [41/270] TwoTier      N=8   never_granted=2   M08=0.0
  [42/270] TwoTier      N=8   never_granted=2   M08=0.0
  [43/270] TwoTier      N=8   never_granted=3   M08=0.0
  [44/270] TwoTier      N=8   never_granted=2   M08=0.0
  [45/270] Reservation  N=16  never_granted=3   M08=0.0
  [46/270] TwoTier      N=8   never_granted=3   M08=0.0
  [47/270] Reservation  N=16  never_granted=4   M08=0.0
  [48/270] TwoTier      N=8   never_granted=3   M08=0.0
  [49/270] PF           N=16  never_granted=0   M08=0.9375152
  [50/270] PF           N=16  never_granted=0   M08=0.9320888
  [51/270] TwoTier      N=8   never_granted=2   M08=0.0
  [52/270] PF           N=16  never_granted=0   M08=0.9434108
  [53/270] PF           N=16  never_granted=0   M08=0.9372592
  [54/270] PF           N=16  never_granted=0   M08=0.926094
  [55/270] TwoTier      N=8   never_granted=2   M08=0.0
  [56/270] PF           N=16  never_granted=0   M08=0.93398
  [57/270] PF           N=16  never_granted=0   M08=0.9031244
  [58/270] PF           N=16  never_granted=0   M08=0.9433376
  [59/270] PF           N=16  never_granted=0   M08=0.9371144
  [60/270] PF           N=16  never_granted=0   M08=0.9150292
  [61/270] Reservation  N=12  never_granted=5   M08=0.0
  [62/270] Reservation  N=12  never_granted=4   M08=0.0
  [63/270] Reservation  N=12  never_granted=4   M08=0.0
  [64/270] Reservation  N=12  never_granted=4   M08=0.0
  [65/270] Reservation  N=12  never_granted=4   M08=0.0
  [66/270] Reservation  N=12  never_granted=3   M08=0.0
  [67/270] Reservation  N=12  never_granted=5   M08=0.0
  [68/270] Reservation  N=12  never_granted=3   M08=0.0
  [69/270] Reservation  N=12  never_granted=4   M08=0.0
  [70/270] Reservation  N=12  never_granted=4   M08=0.0
  [71/270] TwoTier      N=7   never_granted=0   M08=0.3853204
  [72/270] TwoTier      N=7   never_granted=1   M08=0.0
  [73/270] Reservation  N=10  never_granted=3   M08=0.0
  [74/270] Reservation  N=10  never_granted=3   M08=0.0
  [75/270] Reservation  N=10  never_granted=3   M08=0.0
  [76/270] TwoTier      N=7   never_granted=1   M08=0.0
  [77/270] TwoTier      N=7   never_granted=1   M08=0.0
  [78/270] Reservation  N=10  never_granted=3   M08=0.0
  [79/270] TwoTier      N=7   never_granted=2   M08=0.0
  [80/270] TwoTier      N=7   never_granted=1   M08=0.0
  [81/270] TwoTier      N=7   never_granted=1   M08=0.0
  [82/270] TwoTier      N=7   never_granted=1   M08=0.0
  [83/270] TwoTier      N=7   never_granted=2   M08=0.0
  [84/270] TwoTier      N=7   never_granted=2   M08=0.0
  [85/270] Reservation  N=10  never_granted=3   M08=0.0
  [86/270] Reservation  N=10  never_granted=3   M08=0.0
  [87/270] Reservation  N=10  never_granted=3   M08=0.0
  [88/270] Reservation  N=10  never_granted=3   M08=0.0
  [89/270] Reservation  N=10  never_granted=3   M08=0.0
  [90/270] Reservation  N=10  never_granted=3   M08=0.0
  [91/270] TwoTier      N=6   never_granted=0   M08=0.578116
  [92/270] TwoTier      N=6   never_granted=0   M08=0.9562728
  [93/270] TwoTier      N=6   never_granted=0   M08=0.9415564000000001
  [94/270] TwoTier      N=6   never_granted=1   M08=0.0
  [95/270] TwoTier      N=6   never_granted=1   M08=0.0
  [96/270] TwoTier      N=6   never_granted=0   M08=0.9112591999999999
  [97/270] PF           N=12  never_granted=0   M08=0.9478388000000001
  [98/270] PF           N=12  never_granted=0   M08=0.95337
  [99/270] PF           N=12  never_granted=0   M08=0.9566792
  [100/270] TwoTier      N=6   never_granted=0   M08=0.9547028000000001
  [101/270] TwoTier      N=6   never_granted=0   M08=0.9410128000000001
  [102/270] PF           N=12  never_granted=0   M08=0.9591816
  [103/270] TwoTier      N=6   never_granted=1   M08=0.0
  [104/270] PF           N=12  never_granted=0   M08=0.9572936
  [105/270] PF           N=12  never_granted=0   M08=0.9512932
  [106/270] TwoTier      N=6   never_granted=1   M08=0.0
  [107/270] PF           N=12  never_granted=0   M08=0.9578776
  [108/270] PF           N=12  never_granted=0   M08=0.9569004
  [109/270] PF           N=12  never_granted=0   M08=0.9665036
  [110/270] PF           N=12  never_granted=0   M08=0.9593964
  [111/270] TwoTier      N=5   never_granted=0   M08=0.960696
  [112/270] TwoTier      N=5   never_granted=0   M08=0.9615592
  [113/270] TwoTier      N=5   never_granted=0   M08=0.967128
  [114/270] TwoTier      N=5   never_granted=0   M08=0.9604644
  [115/270] TwoTier      N=5   never_granted=0   M08=0.95831
  [116/270] TwoTier      N=5   never_granted=0   M08=0.9666652
  [117/270] TwoTier      N=5   never_granted=0   M08=0.974738
  [118/270] TwoTier      N=5   never_granted=0   M08=0.962214
  [119/270] TwoTier      N=5   never_granted=0   M08=0.9681168
  [120/270] Reservation  N=8   never_granted=0   M08=0.9578576
  [121/270] TwoTier      N=5   never_granted=0   M08=0.9659652
  [122/270] Reservation  N=8   never_granted=2   M08=0.0
  [123/270] Reservation  N=8   never_granted=1   M08=0.0
  [124/270] Reservation  N=8   never_granted=2   M08=0.0
  [125/270] Reservation  N=8   never_granted=2   M08=0.0
  [126/270] Reservation  N=8   never_granted=3   M08=0.0
  [127/270] PF           N=10  never_granted=0   M08=0.9565644
  [128/270] Reservation  N=8   never_granted=3   M08=0.0
  [129/270] PF           N=10  never_granted=0   M08=0.9598652
  [130/270] PF           N=10  never_granted=0   M08=0.9568196
  [131/270] Reservation  N=8   never_granted=3   M08=0.0
  [132/270] PF           N=10  never_granted=0   M08=0.96226
  [133/270] Reservation  N=8   never_granted=2   M08=0.0
  [134/270] Reservation  N=8   never_granted=3   M08=0.0
  [135/270] PF           N=10  never_granted=0   M08=0.9552964
  [136/270] PF           N=10  never_granted=0   M08=0.9603636
  [137/270] PF           N=10  never_granted=0   M08=0.9648852
  [138/270] PF           N=10  never_granted=0   M08=0.964586
  [139/270] PF           N=10  never_granted=0   M08=0.970112
  [140/270] PF           N=10  never_granted=0   M08=0.96555
  [141/270] Reservation  N=7   never_granted=0   M08=0.9554764
  [142/270] Reservation  N=7   never_granted=1   M08=0.0
  [143/270] Reservation  N=7   never_granted=1   M08=0.0
  [144/270] Reservation  N=7   never_granted=1   M08=0.0
  [145/270] Reservation  N=7   never_granted=1   M08=0.0
  [146/270] Reservation  N=7   never_granted=1   M08=0.0
  [147/270] Reservation  N=7   never_granted=0   M08=0.9584368000000001
  [148/270] Reservation  N=7   never_granted=1   M08=0.0
  [149/270] TwoTier      N=4   never_granted=0   M08=0.9645452
  [150/270] Reservation  N=7   never_granted=1   M08=0.0
  [151/270] TwoTier      N=4   never_granted=0   M08=0.9662888000000001
  [152/270] TwoTier      N=4   never_granted=0   M08=0.959984
  [153/270] Reservation  N=7   never_granted=1   M08=0.0
  [154/270] TwoTier      N=4   never_granted=0   M08=0.9635072
  [155/270] TwoTier      N=4   never_granted=0   M08=0.9595132
  [156/270] TwoTier      N=4   never_granted=0   M08=0.9621716
  [157/270] TwoTier      N=4   never_granted=0   M08=0.9756164
  [158/270] TwoTier      N=4   never_granted=0   M08=0.9685688
  [159/270] PF           N=8   never_granted=0   M08=0.9578576
  [160/270] PF           N=8   never_granted=0   M08=0.9587068000000001
  [161/270] PF           N=8   never_granted=0   M08=0.9667652
  [162/270] PF           N=8   never_granted=0   M08=0.9636376
  [163/270] PF           N=8   never_granted=0   M08=0.9537664
  [164/270] TwoTier      N=4   never_granted=0   M08=0.9631616
  [165/270] PF           N=8   never_granted=0   M08=0.950306
  [166/270] PF           N=8   never_granted=0   M08=0.9645228
  [167/270] PF           N=8   never_granted=0   M08=0.9690408
  [168/270] TwoTier      N=4   never_granted=0   M08=0.9625315999999999
  [169/270] PF           N=8   never_granted=0   M08=0.9666928
  [170/270] PF           N=8   never_granted=0   M08=0.9663271999999999
  [171/270] Reservation  N=6   never_granted=0   M08=0.9597708
  [172/270] Reservation  N=6   never_granted=0   M08=0.9550636
  [173/270] Reservation  N=6   never_granted=0   M08=0.9657984000000001
  [174/270] Reservation  N=6   never_granted=0   M08=0.9605275999999999
  [175/270] PF           N=7   never_granted=0   M08=0.9557648000000001
  [176/270] Reservation  N=6   never_granted=0   M08=0.966292
  [177/270] PF           N=7   never_granted=0   M08=0.9438284
  [178/270] Reservation  N=6   never_granted=0   M08=0.9553084000000001
  [179/270] Reservation  N=6   never_granted=0   M08=0.9604584
  [180/270] Reservation  N=6   never_granted=0   M08=0.962818
  [181/270] Reservation  N=6   never_granted=0   M08=0.9638831999999999
  [182/270] Reservation  N=6   never_granted=0   M08=0.9529224000000001
  [183/270] PF           N=7   never_granted=0   M08=0.966956
  [184/270] PF           N=7   never_granted=0   M08=0.968418
  [185/270] PF           N=7   never_granted=0   M08=0.9666496
  [186/270] PF           N=7   never_granted=0   M08=0.9641064
  [187/270] PF           N=7   never_granted=0   M08=0.9699164
  [188/270] PF           N=7   never_granted=0   M08=0.9584368000000001
  [189/270] PF           N=7   never_granted=0   M08=0.9528448
  [190/270] PF           N=7   never_granted=0   M08=0.9641375999999999
  [191/270] Reservation  N=5   never_granted=0   M08=0.9615592
  [192/270] Reservation  N=5   never_granted=0   M08=0.9617928
  [193/270] Reservation  N=5   never_granted=0   M08=0.95831
  [194/270] Reservation  N=5   never_granted=0   M08=0.9604644
  [195/270] Reservation  N=5   never_granted=0   M08=0.9666652
  [196/270] PF           N=6   never_granted=0   M08=0.965246
  [197/270] Reservation  N=5   never_granted=0   M08=0.974738
  [198/270] PF           N=6   never_granted=0   M08=0.9550636
  [199/270] PF           N=6   never_granted=0   M08=0.9597708
  [200/270] PF           N=6   never_granted=0   M08=0.966292
  [201/270] Reservation  N=5   never_granted=0   M08=0.962214
  [202/270] PF           N=6   never_granted=0   M08=0.9605275999999999
  [203/270] Reservation  N=5   never_granted=0   M08=0.9744628000000001
  [204/270] PF           N=6   never_granted=0   M08=0.9553084000000001
  [205/270] Reservation  N=5   never_granted=0   M08=0.9671308000000001
  [206/270] Reservation  N=5   never_granted=0   M08=0.9659652
  [207/270] Reservation  N=4   never_granted=0   M08=0.9645452
  [208/270] Reservation  N=4   never_granted=0   M08=0.958986
  [209/270] PF           N=6   never_granted=0   M08=0.9604584
  [210/270] Reservation  N=4   never_granted=0   M08=0.9595132
  [211/270] Reservation  N=4   never_granted=0   M08=0.9653648
  [212/270] Reservation  N=4   never_granted=0   M08=0.9635072
  [213/270] Reservation  N=4   never_granted=0   M08=0.9621716
  [214/270] Reservation  N=4   never_granted=0   M08=0.9685688
  [215/270] PF           N=6   never_granted=0   M08=0.9529224000000001
  [216/270] Reservation  N=4   never_granted=0   M08=0.9766556
  [217/270] PF           N=6   never_granted=0   M08=0.962818
  [218/270] PF           N=6   never_granted=0   M08=0.9650168
  [219/270] PF           N=5   never_granted=0   M08=0.9617928
  [220/270] Reservation  N=4   never_granted=0   M08=0.9618055999999999
  [221/270] PF           N=5   never_granted=0   M08=0.9604688
  [222/270] Reservation  N=4   never_granted=0   M08=0.9631616
  [223/270] PF           N=5   never_granted=0   M08=0.95831
  [224/270] PF           N=5   never_granted=0   M08=0.9604644
  [225/270] PF           N=5   never_granted=0   M08=0.9666652
  [226/270] PF           N=5   never_granted=0   M08=0.962214
  [227/270] PF           N=5   never_granted=0   M08=0.9732884
  [228/270] PF           N=5   never_granted=0   M08=0.9744628000000001
  [229/270] PF           N=5   never_granted=0   M08=0.9671308000000001
  [230/270] PF           N=5   never_granted=0   M08=0.9659652
  [231/270] PF           N=4   never_granted=0   M08=0.9645452
  [232/270] PF           N=4   never_granted=0   M08=0.9587135999999999
  [233/270] TwoTier      N=2   never_granted=0   M08=0.9811892
  [234/270] TwoTier      N=2   never_granted=0   M08=0.9641224
  [235/270] TwoTier      N=2   never_granted=0   M08=0.9745048000000001
  [236/270] TwoTier      N=2   never_granted=0   M08=0.9543088000000001
  [237/270] TwoTier      N=2   never_granted=0   M08=0.96231
  [238/270] TwoTier      N=2   never_granted=0   M08=0.9580144
  [239/270] TwoTier      N=2   never_granted=0   M08=0.9739536
  [240/270] TwoTier      N=2   never_granted=0   M08=0.9712076
  [241/270] TwoTier      N=2   never_granted=0   M08=0.964992
  [242/270] TwoTier      N=2   never_granted=0   M08=0.9665368000000001
  [243/270] PF           N=4   never_granted=0   M08=0.9662888000000001
  [244/270] Reservation  N=2   never_granted=0   M08=0.9811892
  [245/270] Reservation  N=2   never_granted=0   M08=0.9628871999999999
  [246/270] Reservation  N=2   never_granted=0   M08=0.9745048000000001
  [247/270] PF           N=4   never_granted=0   M08=0.9595132
  [248/270] Reservation  N=2   never_granted=0   M08=0.9641224
  [249/270] PF           N=4   never_granted=0   M08=0.9635072
  [250/270] PF           N=4   never_granted=0   M08=0.9685688
  [251/270] PF           N=4   never_granted=0   M08=0.9621716
  [252/270] PF           N=4   never_granted=0   M08=0.9631616
  [253/270] PF           N=4   never_granted=0   M08=0.9766556
  [254/270] PF           N=4   never_granted=0   M08=0.9625315999999999
  [255/270] Reservation  N=2   never_granted=0   M08=0.9543088000000001
  [256/270] Reservation  N=2   never_granted=0   M08=0.964992
  [257/270] Reservation  N=2   never_granted=0   M08=0.9580144
  [258/270] Reservation  N=2   never_granted=0   M08=0.9712076
  [259/270] Reservation  N=2   never_granted=0   M08=0.9739536
  [260/270] Reservation  N=2   never_granted=0   M08=0.9665368000000001
  [261/270] PF           N=2   never_granted=0   M08=0.9811892
  [262/270] PF           N=2   never_granted=0   M08=0.9628871999999999
  [263/270] PF           N=2   never_granted=0   M08=0.9745048000000001
  [264/270] PF           N=2   never_granted=0   M08=0.9641224
  [265/270] PF           N=2   never_granted=0   M08=0.9543088000000001
  [266/270] PF           N=2   never_granted=0   M08=0.964992
  [267/270] PF           N=2   never_granted=0   M08=0.9580144
  [268/270] PF           N=2   never_granted=0   M08=0.9712076
  [269/270] PF           N=2   never_granted=0   M08=0.9739536
  [270/270] PF           N=2   never_granted=0   M08=0.9665368000000001

wrote sweeps/axis-2026-09-07/g10_cap2.json
