270 runs = 3 arms x 9 fleet sizes x 10 seeds @ horizon 20000
  [1/270] TwoTier      N=12  never_granted=4   M08=0.0
  [2/270] TwoTier      N=12  never_granted=4   M08=0.0
  [3/270] TwoTier      N=16  never_granted=8   M08=0.0
  [4/270] TwoTier      N=16  never_granted=8   M08=0.0
  [5/270] TwoTier      N=16  never_granted=8   M08=0.0
  [6/270] TwoTier      N=16  never_granted=8   M08=0.0
  [7/270] TwoTier      N=16  never_granted=8   M08=0.0
  [8/270] TwoTier      N=16  never_granted=8   M08=0.0
  [9/270] TwoTier      N=16  never_granted=8   M08=0.0
  [10/270] TwoTier      N=16  never_granted=10  M08=0.0
  [11/270] TwoTier      N=16  never_granted=9   M08=0.0
  [12/270] TwoTier      N=16  never_granted=9   M08=0.0
  [13/270] TwoTier      N=12  never_granted=4   M08=0.0
  [14/270] TwoTier      N=12  never_granted=5   M08=0.0
  [15/270] TwoTier      N=10  never_granted=2   M08=0.0
  [16/270] TwoTier      N=12  never_granted=4   M08=0.0
  [17/270] TwoTier      N=12  never_granted=4   M08=0.0
  [18/270] TwoTier      N=10  never_granted=2   M08=0.0
  [19/270] TwoTier      N=10  never_granted=2   M08=0.0
  [20/270] TwoTier      N=12  never_granted=4   M08=0.0
  [21/270] TwoTier      N=12  never_granted=4   M08=0.0
  [22/270] TwoTier      N=12  never_granted=4   M08=0.0
  [23/270] TwoTier      N=12  never_granted=5   M08=0.0
  [24/270] TwoTier      N=10  never_granted=3   M08=0.0
  [25/270] TwoTier      N=10  never_granted=2   M08=0.0
  [26/270] TwoTier      N=10  never_granted=2   M08=0.0
  [27/270] TwoTier      N=10  never_granted=2   M08=0.0
  [28/270] Reservation  N=16  never_granted=8   M08=0.0
  [29/270] TwoTier      N=10  never_granted=2   M08=0.0
  [30/270] TwoTier      N=10  never_granted=2   M08=0.0
  [31/270] TwoTier      N=10  never_granted=2   M08=0.0
  [32/270] Reservation  N=16  never_granted=9   M08=0.0
  [33/270] Reservation  N=16  never_granted=8   M08=0.0
  [34/270] Reservation  N=16  never_granted=8   M08=0.0
  [35/270] Reservation  N=16  never_granted=8   M08=0.0
  [36/270] Reservation  N=16  never_granted=9   M08=0.0
  [37/270] Reservation  N=16  never_granted=8   M08=0.0
  [38/270] Reservation  N=16  never_granted=8   M08=0.0
  [39/270] TwoTier      N=8   never_granted=0   M08=0.949246
  [40/270] TwoTier      N=8   never_granted=0   M08=0.9580028
  [41/270] Reservation  N=16  never_granted=7   M08=0.0
  [42/270] Reservation  N=16  never_granted=8   M08=0.0
  [43/270] TwoTier      N=8   never_granted=0   M08=0.949618
  [44/270] TwoTier      N=8   never_granted=0   M08=0.9113891999999999
  [45/270] TwoTier      N=8   never_granted=1   M08=0.0
  [46/270] TwoTier      N=8   never_granted=0   M08=0.9486351999999999
  [47/270] TwoTier      N=8   never_granted=0   M08=0.9378984
  [48/270] TwoTier      N=8   never_granted=0   M08=0.7876708
  [49/270] PF           N=16  never_granted=0   M08=0.9329624
  [50/270] PF           N=16  never_granted=0   M08=0.9395076
  [51/270] PF           N=16  never_granted=0   M08=0.9431388
  [52/270] PF           N=16  never_granted=0   M08=0.9364292
  [53/270] PF           N=16  never_granted=0   M08=0.9325404
  [54/270] PF           N=16  never_granted=0   M08=0.9033932
  [55/270] TwoTier      N=8   never_granted=0   M08=0.9565964
  [56/270] PF           N=16  never_granted=0   M08=0.9278371999999999
  [57/270] PF           N=16  never_granted=0   M08=0.9449744
  [58/270] PF           N=16  never_granted=0   M08=0.9153588
  [59/270] PF           N=16  never_granted=0   M08=0.93761
  [60/270] TwoTier      N=8   never_granted=1   M08=0.0
  [61/270] Reservation  N=12  never_granted=5   M08=0.0
  [62/270] Reservation  N=12  never_granted=4   M08=0.0
  [63/270] Reservation  N=12  never_granted=4   M08=0.0
  [64/270] Reservation  N=12  never_granted=6   M08=0.0
  [65/270] Reservation  N=12  never_granted=4   M08=0.0
  [66/270] Reservation  N=12  never_granted=5   M08=0.0
  [67/270] Reservation  N=12  never_granted=4   M08=0.0
  [68/270] Reservation  N=12  never_granted=4   M08=0.0
  [69/270] Reservation  N=12  never_granted=4   M08=0.0
  [70/270] Reservation  N=12  never_granted=5   M08=0.0
  [71/270] TwoTier      N=7   never_granted=0   M08=0.9469
  [72/270] TwoTier      N=7   never_granted=0   M08=0.9381896
  [73/270] Reservation  N=10  never_granted=1   M08=0.0
  [74/270] Reservation  N=10  never_granted=3   M08=0.0
  [75/270] TwoTier      N=7   never_granted=0   M08=0.9601904
  [76/270] TwoTier      N=7   never_granted=0   M08=0.951682
  [77/270] TwoTier      N=7   never_granted=0   M08=0.9605964
  [78/270] TwoTier      N=7   never_granted=0   M08=0.9473355999999999
  [79/270] TwoTier      N=7   never_granted=0   M08=0.9638008
  [80/270] TwoTier      N=7   never_granted=0   M08=0.9556631999999999
  [81/270] Reservation  N=10  never_granted=3   M08=0.0
  [82/270] TwoTier      N=7   never_granted=0   M08=0.9535891999999999
  [83/270] TwoTier      N=7   never_granted=0   M08=0.9433064
  [84/270] Reservation  N=10  never_granted=2   M08=0.0
  [85/270] Reservation  N=10  never_granted=4   M08=0.0
  [86/270] Reservation  N=10  never_granted=4   M08=0.0
  [87/270] Reservation  N=10  never_granted=4   M08=0.0
  [88/270] Reservation  N=10  never_granted=4   M08=0.0
  [89/270] Reservation  N=10  never_granted=1   M08=0.0
  [90/270] Reservation  N=10  never_granted=4   M08=0.0
  [91/270] TwoTier      N=6   never_granted=0   M08=0.9612771999999999
  [92/270] TwoTier      N=6   never_granted=0   M08=0.9487755999999999
  [93/270] TwoTier      N=6   never_granted=0   M08=0.9600024
  [94/270] TwoTier      N=6   never_granted=0   M08=0.9576788
  [95/270] TwoTier      N=6   never_granted=0   M08=0.9597708
  [96/270] TwoTier      N=6   never_granted=0   M08=0.9546284
  [97/270] PF           N=12  never_granted=0   M08=0.95337
  [98/270] PF           N=12  never_granted=0   M08=0.9478388000000001
  [99/270] TwoTier      N=6   never_granted=0   M08=0.9554496
  [100/270] TwoTier      N=6   never_granted=0   M08=0.962818
  [101/270] PF           N=12  never_granted=0   M08=0.9591816
  [102/270] PF           N=12  never_granted=0   M08=0.9570368
  [103/270] PF           N=12  never_granted=0   M08=0.9574611999999999
  [104/270] PF           N=12  never_granted=0   M08=0.9500228000000001
  [105/270] TwoTier      N=6   never_granted=0   M08=0.9642084000000001
  [106/270] PF           N=12  never_granted=0   M08=0.9581516
  [107/270] TwoTier      N=6   never_granted=0   M08=0.9516088
  [108/270] PF           N=12  never_granted=0   M08=0.9559024
  [109/270] PF           N=12  never_granted=0   M08=0.9596684
  [110/270] PF           N=12  never_granted=0   M08=0.9669656
  [111/270] TwoTier      N=5   never_granted=0   M08=0.9617928
  [112/270] TwoTier      N=5   never_granted=0   M08=0.9615592
  [113/270] TwoTier      N=5   never_granted=0   M08=0.95831
  [114/270] TwoTier      N=5   never_granted=0   M08=0.9604644
  [115/270] TwoTier      N=5   never_granted=0   M08=0.9671308000000001
  [116/270] TwoTier      N=5   never_granted=0   M08=0.9666652
  [117/270] Reservation  N=8   never_granted=0   M08=0.9578576
  [118/270] Reservation  N=8   never_granted=1   M08=0.0
  [119/270] TwoTier      N=5   never_granted=0   M08=0.962214
  [120/270] TwoTier      N=5   never_granted=0   M08=0.9746228
  [121/270] TwoTier      N=5   never_granted=0   M08=0.9707176
  [122/270] TwoTier      N=5   never_granted=0   M08=0.9659076
  [123/270] Reservation  N=8   never_granted=1   M08=0.0
  [124/270] Reservation  N=8   never_granted=2   M08=0.0
  [125/270] PF           N=10  never_granted=0   M08=0.95725
  [126/270] PF           N=10  never_granted=0   M08=0.9621831999999999
  [127/270] PF           N=10  never_granted=0   M08=0.9574548
  [128/270] Reservation  N=8   never_granted=1   M08=0.0
  [129/270] Reservation  N=8   never_granted=1   M08=0.0
  [130/270] Reservation  N=8   never_granted=1   M08=0.0
  [131/270] Reservation  N=8   never_granted=2   M08=0.0
  [132/270] Reservation  N=8   never_granted=1   M08=0.0
  [133/270] Reservation  N=8   never_granted=2   M08=0.0
  [134/270] PF           N=10  never_granted=0   M08=0.9585948000000001
  [135/270] PF           N=10  never_granted=0   M08=0.954026
  [136/270] PF           N=10  never_granted=0   M08=0.9597284
  [137/270] PF           N=10  never_granted=0   M08=0.965088
  [138/270] PF           N=10  never_granted=0   M08=0.965248
  [139/270] PF           N=10  never_granted=0   M08=0.964586
  [140/270] PF           N=10  never_granted=0   M08=0.970112
  [141/270] Reservation  N=7   never_granted=0   M08=0.9557648000000001
  [142/270] Reservation  N=7   never_granted=1   M08=0.0
  [143/270] Reservation  N=7   never_granted=0   M08=0.966956
  [144/270] Reservation  N=7   never_granted=1   M08=0.0
  [145/270] Reservation  N=7   never_granted=1   M08=0.0
  [146/270] Reservation  N=7   never_granted=0   M08=0.9597391999999999
  [147/270] Reservation  N=7   never_granted=1   M08=0.0
  [148/270] Reservation  N=7   never_granted=1   M08=0.0
  [149/270] Reservation  N=7   never_granted=1   M08=0.0
  [150/270] Reservation  N=7   never_granted=1   M08=0.0
  [151/270] TwoTier      N=4   never_granted=0   M08=0.9625168000000001
  [152/270] TwoTier      N=4   never_granted=0   M08=0.959984
  [153/270] TwoTier      N=4   never_granted=0   M08=0.9662888000000001
  [154/270] TwoTier      N=4   never_granted=0   M08=0.9635072
  [155/270] TwoTier      N=4   never_granted=0   M08=0.9595132
  [156/270] TwoTier      N=4   never_granted=0   M08=0.9685688
  [157/270] TwoTier      N=4   never_granted=0   M08=0.9621716
  [158/270] TwoTier      N=4   never_granted=0   M08=0.9766556
  [159/270] PF           N=8   never_granted=0   M08=0.9578576
  [160/270] TwoTier      N=4   never_granted=0   M08=0.9618912
  [161/270] PF           N=8   never_granted=0   M08=0.9584344
  [162/270] PF           N=8   never_granted=0   M08=0.9636376
  [163/270] PF           N=8   never_granted=0   M08=0.952496
  [164/270] PF           N=8   never_granted=0   M08=0.9680356
  [165/270] TwoTier      N=4   never_granted=0   M08=0.9625315999999999
  [166/270] PF           N=8   never_granted=0   M08=0.9645228
  [167/270] PF           N=8   never_granted=0   M08=0.9505348
  [168/270] PF           N=8   never_granted=0   M08=0.9690408
  [169/270] PF           N=8   never_granted=0   M08=0.9658652
  [170/270] PF           N=8   never_granted=0   M08=0.9666928
  [171/270] Reservation  N=6   never_granted=0   M08=0.9657984000000001
  [172/270] PF           N=7   never_granted=0   M08=0.9557648000000001
  [173/270] Reservation  N=6   never_granted=0   M08=0.9550636
  [174/270] Reservation  N=6   never_granted=0   M08=0.9597708
  [175/270] Reservation  N=6   never_granted=0   M08=0.9605275999999999
  [176/270] PF           N=7   never_granted=0   M08=0.9433876
  [177/270] Reservation  N=6   never_granted=0   M08=0.966292
  [178/270] Reservation  N=6   never_granted=0   M08=0.9553084000000001
  [179/270] Reservation  N=6   never_granted=0   M08=0.9604584
  [180/270] Reservation  N=6   never_granted=0   M08=0.962818
  [181/270] Reservation  N=6   never_granted=0   M08=0.9593031999999999
  [182/270] Reservation  N=6   never_granted=0   M08=0.9529224000000001
  [183/270] PF           N=7   never_granted=0   M08=0.966956
  [184/270] PF           N=7   never_granted=0   M08=0.9683276
  [185/270] PF           N=7   never_granted=0   M08=0.9584368000000001
  [186/270] PF           N=7   never_granted=0   M08=0.9528448
  [187/270] PF           N=7   never_granted=0   M08=0.9641064
  [188/270] PF           N=7   never_granted=0   M08=0.9699164
  [189/270] PF           N=7   never_granted=0   M08=0.9666496
  [190/270] Reservation  N=5   never_granted=0   M08=0.9617928
  [191/270] Reservation  N=5   never_granted=0   M08=0.9615592
  [192/270] PF           N=7   never_granted=0   M08=0.9641375999999999
  [193/270] Reservation  N=5   never_granted=0   M08=0.95831
  [194/270] Reservation  N=5   never_granted=0   M08=0.9601704
  [195/270] Reservation  N=5   never_granted=0   M08=0.9658488000000001
  [196/270] PF           N=6   never_granted=0   M08=0.9657984000000001
  [197/270] PF           N=6   never_granted=0   M08=0.9550636
  [198/270] PF           N=6   never_granted=0   M08=0.9597708
  [199/270] PF           N=6   never_granted=0   M08=0.966292
  [200/270] Reservation  N=5   never_granted=0   M08=0.974738
  [201/270] PF           N=6   never_granted=0   M08=0.9605275999999999
  [202/270] Reservation  N=5   never_granted=0   M08=0.962214
  [203/270] PF           N=6   never_granted=0   M08=0.9553084000000001
  [204/270] Reservation  N=5   never_granted=0   M08=0.9659652
  [205/270] Reservation  N=5   never_granted=0   M08=0.9744628000000001
  [206/270] Reservation  N=5   never_granted=0   M08=0.9671308000000001
  [207/270] PF           N=6   never_granted=0   M08=0.9604584
  [208/270] Reservation  N=4   never_granted=0   M08=0.959984
  [209/270] Reservation  N=4   never_granted=0   M08=0.9645452
  [210/270] Reservation  N=4   never_granted=0   M08=0.9662888000000001
  [211/270] Reservation  N=4   never_granted=0   M08=0.9595132
  [212/270] Reservation  N=4   never_granted=0   M08=0.9635072
  [213/270] Reservation  N=4   never_granted=0   M08=0.961652
  [214/270] PF           N=6   never_granted=0   M08=0.9529224000000001
  [215/270] Reservation  N=4   never_granted=0   M08=0.9685688
  [216/270] PF           N=6   never_granted=0   M08=0.9650168
  [217/270] Reservation  N=4   never_granted=0   M08=0.9762772
  [218/270] PF           N=6   never_granted=0   M08=0.962818
  [219/270] PF           N=5   never_granted=0   M08=0.9615592
  [220/270] Reservation  N=4   never_granted=0   M08=0.9631616
  [221/270] PF           N=5   never_granted=0   M08=0.9617928
  [222/270] PF           N=5   never_granted=0   M08=0.95831
  [223/270] Reservation  N=4   never_granted=0   M08=0.9625315999999999
  [224/270] PF           N=5   never_granted=0   M08=0.9666652
  [225/270] PF           N=5   never_granted=0   M08=0.9604644
  [226/270] PF           N=5   never_granted=0   M08=0.974406
  [227/270] PF           N=5   never_granted=0   M08=0.962214
  [228/270] PF           N=5   never_granted=0   M08=0.9744628000000001
  [229/270] PF           N=5   never_granted=0   M08=0.9644664000000001
  [230/270] PF           N=5   never_granted=0   M08=0.9659652
  [231/270] PF           N=4   never_granted=0   M08=0.959984
  [232/270] PF           N=4   never_granted=0   M08=0.9645452
  [233/270] TwoTier      N=2   never_granted=0   M08=0.9811892
  [234/270] TwoTier      N=2   never_granted=0   M08=0.9627671999999999
  [235/270] TwoTier      N=2   never_granted=0   M08=0.9745048000000001
  [236/270] TwoTier      N=2   never_granted=0   M08=0.9641224
  [237/270] TwoTier      N=2   never_granted=0   M08=0.9580144
  [238/270] TwoTier      N=2   never_granted=0   M08=0.964992
  [239/270] TwoTier      N=2   never_granted=0   M08=0.9712076
  [240/270] TwoTier      N=2   never_granted=0   M08=0.9535004
  [241/270] TwoTier      N=2   never_granted=0   M08=0.9665368000000001
  [242/270] TwoTier      N=2   never_granted=0   M08=0.9739536
  [243/270] PF           N=4   never_granted=0   M08=0.9662888000000001
  [244/270] Reservation  N=2   never_granted=0   M08=0.9811892
  [245/270] Reservation  N=2   never_granted=0   M08=0.9745048000000001
  [246/270] Reservation  N=2   never_granted=0   M08=0.9628871999999999
  [247/270] PF           N=4   never_granted=0   M08=0.9595132
  [248/270] Reservation  N=2   never_granted=0   M08=0.9641224
  [249/270] PF           N=4   never_granted=0   M08=0.9635072
  [250/270] PF           N=4   never_granted=0   M08=0.9685688
  [251/270] PF           N=4   never_granted=0   M08=0.9766556
  [252/270] PF           N=4   never_granted=0   M08=0.9621716
  [253/270] PF           N=4   never_granted=0   M08=0.9631616
  [254/270] PF           N=4   never_granted=0   M08=0.9625315999999999
  [255/270] Reservation  N=2   never_granted=0   M08=0.964992
  [256/270] Reservation  N=2   never_granted=0   M08=0.9543088000000001
  [257/270] Reservation  N=2   never_granted=0   M08=0.9580144
  [258/270] PF           N=2   never_granted=0   M08=0.9811892
  [259/270] Reservation  N=2   never_granted=0   M08=0.9712076
  [260/270] Reservation  N=2   never_granted=0   M08=0.9664168000000001
  [261/270] Reservation  N=2   never_granted=0   M08=0.9739536
  [262/270] PF           N=2   never_granted=0   M08=0.9745048000000001
  [263/270] PF           N=2   never_granted=0   M08=0.9628871999999999
  [264/270] PF           N=2   never_granted=0   M08=0.9641224
  [265/270] PF           N=2   never_granted=0   M08=0.9543088000000001
  [266/270] PF           N=2   never_granted=0   M08=0.964992
  [267/270] PF           N=2   never_granted=0   M08=0.9580144
  [268/270] PF           N=2   never_granted=0   M08=0.9739536
  [269/270] PF           N=2   never_granted=0   M08=0.9712076
  [270/270] PF           N=2   never_granted=0   M08=0.9665368000000001

wrote sweeps/axis-2026-09-07/g10_cap4.json
