  RAMP OVERRIDDEN: 14 points 0.5..2.0
G12 campaign -- ramp [0.5, 0.6, 0.7, 0.8, 0.9, 1.0, 1.1, 1.2, 1.3, 1.4, 1.5, 1.6, 1.8, 2.0] (14 points), in-range <= x3.3: [0.5, 0.6, 0.7, 0.8, 0.9, 1.0, 1.1, 1.2, 1.3, 1.4, 1.5, 1.6, 1.8, 2.0]
  NOTE: this ramp has no out-of-range points, so REGION 2 is not reported at all.
  scoreable cells (3): [('mixed', 8), ('ugv_heavy', 8), ('drone_heavy', 8)]
  EXCLUDED ('sensor_dense', 8): g12_sensor_dense_n8_x1.0: GBR classes [4] absent (census {2: 1})
  3 arms x 10 seeds; 1260 runs
==============================================================================
E1's CONTROL PASS -- ramp bottom only, every cell, read FIRST
==============================================================================
  mixed_n8   clean: 0/30 groups breach at x0.5
  ugv_heavy_n8   CONTAMINATED: 9/30 (arm, seed) groups breach at x0.5; EXCLUDED WHOLE
      PF/seed579362555: 5QI [2] worst {2: 0.9472, 4: 1.0}
      Reservation/seed579362555: 5QI [2] worst {2: 0.9471, 4: 1.0}
      TwoTier/seed1826701614: 5QI [2] worst {2: 0.8709, 4: 0.9879}
      TwoTier/seed1367864806: 5QI [2] worst {2: 0.9017, 4: 0.9835}
      ... and 5 more
  drone_heavy_n8   CONTAMINATED: 10/30 (arm, seed) groups breach at x0.5; EXCLUDED WHOLE
      TwoTier/seed1826701614: 5QI [2] worst {2: 0.452, 4: 0.9904}
      TwoTier/seed1367864806: 5QI [2] worst {2: 0.1517, 4: 0.98}
      TwoTier/seed1097657231: 5QI [2] worst {2: 0.2747, 4: 0.991}
      TwoTier/seed579362555: 5QI [2] worst {2: 0.5128, 4: 0.9998}
      ... and 6 more

  cells with a clean control: [('mixed', 8)]
    ... mixed_n8/Reservation/seed1367864806 ran
    ... mixed_n8/Reservation/seed1826701614 ran
    ... mixed_n8/Reservation/seed579362555 ran
    ... mixed_n8/Reservation/seed1097657231 ran
    ... mixed_n8/TwoTier/seed1367864806 ran
    ... mixed_n8/TwoTier/seed35492826 ran
    ... mixed_n8/TwoTier/seed1097657231 ran
    ... mixed_n8/TwoTier/seed1746484539 ran
    ... mixed_n8/TwoTier/seed1826701614 ran
    ... mixed_n8/TwoTier/seed661058651 ran
    ... mixed_n8/TwoTier/seed87989972 ran
    ... mixed_n8/TwoTier/seed161576974 ran
    ... mixed_n8/TwoTier/seed579362555 ran
    ... mixed_n8/TwoTier/seed376383645 ran
    ... mixed_n8/PF/seed1826701614 ran
    ... mixed_n8/PF/seed579362555 ran
    ... mixed_n8/PF/seed1367864806 ran
    ... mixed_n8/PF/seed661058651 ran
    ... mixed_n8/PF/seed1097657231 ran
    ... mixed_n8/Reservation/seed661058651 ran
    ... mixed_n8/PF/seed87989972 ran
    ... mixed_n8/Reservation/seed87989972 ran
    ... mixed_n8/Reservation/seed376383645 ran
    ... mixed_n8/Reservation/seed161576974 ran
    ... mixed_n8/Reservation/seed1746484539 ran
    ... mixed_n8/Reservation/seed35492826 ran
    ... mixed_n8/PF/seed161576974 ran
    ... mixed_n8/PF/seed35492826 ran
    ... mixed_n8/PF/seed1746484539 ran
    ... mixed_n8/PF/seed376383645 ran

==============================================================================
mixed_n8
==============================================================================
    ... mixed_n8/PF/seed1826701614  in-range [4]  full [4]
    ... mixed_n8/PF/seed1367864806  in-range [4]  full [4]
    ... mixed_n8/PF/seed1097657231  in-range [4, 2]  full [4, 2]
    ... mixed_n8/PF/seed579362555  in-range [4]  full [4]
    ... mixed_n8/PF/seed661058651  in-range [4]  full [4]
    ... mixed_n8/PF/seed87989972  in-range [4, 2]  full [4, 2]
    ... mixed_n8/PF/seed161576974  in-range [4]  full [4]
    ... mixed_n8/PF/seed35492826  in-range [4]  full [4]
    ... mixed_n8/PF/seed376383645  in-range [4]  full [4]
    ... mixed_n8/PF/seed1746484539  in-range [4]  full [4]
  PF           IN-RANGE [4]x8  [4, 2]x2   |   FULL [4]x8  [4, 2]x2
    ... mixed_n8/Reservation/seed1826701614  in-range []  full []
    ... mixed_n8/Reservation/seed1367864806  in-range []  full []
    ... mixed_n8/Reservation/seed1097657231  in-range []  full []
    ... mixed_n8/Reservation/seed579362555  in-range []  full []
    ... mixed_n8/Reservation/seed661058651  in-range []  full []
    ... mixed_n8/Reservation/seed87989972  in-range []  full []
    ... mixed_n8/Reservation/seed161576974  in-range []  full []
    ... mixed_n8/Reservation/seed35492826  in-range []  full []
    ... mixed_n8/Reservation/seed376383645  in-range []  full []
    ... mixed_n8/Reservation/seed1746484539  in-range []  full []
  Reservation  IN-RANGE []x10   |   FULL []x10
    ... mixed_n8/TwoTier/seed1826701614  in-range [2, 4]  full [2, 4]
    ... mixed_n8/TwoTier/seed1367864806  in-range [2, 4]  full [2, 4]
    ... mixed_n8/TwoTier/seed1097657231  in-range [2, 4]  full [2, 4]
    ... mixed_n8/TwoTier/seed579362555  in-range [2, 4]  full [2, 4]
    ... mixed_n8/TwoTier/seed661058651  in-range [2, 4]  full [2, 4]
    ... mixed_n8/TwoTier/seed87989972  in-range [2, 4]  full [2, 4]
    ... mixed_n8/TwoTier/seed161576974  in-range [2, 4]  full [2, 4]
    ... mixed_n8/TwoTier/seed35492826  in-range [2, 4]  full [2, 4]
    ... mixed_n8/TwoTier/seed376383645  in-range [2, 4]  full [2, 4]
    ... mixed_n8/TwoTier/seed1746484539  in-range [2, 4]  full [2, 4]
  TwoTier      IN-RANGE [2, 4]x10   |   FULL [2, 4]x10

==============================================================================
D4 permutation control -- mixed N=8
==============================================================================
  PF           perm 101: [4]x5
  PF           perm 102: [4]x5
  PF           perm 103: [4]x5
  PF           perm 104: [4]x4  [4, 2]x1
  Reservation  perm 101: []x5
  Reservation  perm 102: []x5
  Reservation  perm 103: []x5
  Reservation  perm 104: []x5
  TwoTier      perm 101: [2, 4]x5
  TwoTier      perm 102: [2, 4]x5
  TwoTier      perm 103: [2, 4]x5
  TwoTier      perm 104: [2, 4]x5

wrote sweeps/axis-2026-09-07/g12_rebased_final.json
