30 runs = 3 arms x 10 seeds, sensor_dense @ horizon 20000, PDB 15.0 ms
  [1/30] Reservation  seed=1367864806 on_time=15/30 starved=15 cce=0.359 never=15
  [2/30] Reservation  seed=1826701614 on_time=15/30 starved=15 cce=0.349 never=15
  [3/30] TwoTier      seed=1826701614 on_time=22/30 starved=8 cce=0.341 never=8
  [4/30] TwoTier      seed=376383645 on_time=21/30 starved=9 cce=0.342 never=9
  [5/30] TwoTier      seed=35492826 on_time=24/30 starved=6 cce=0.349 never=6
  [6/30] TwoTier      seed=1097657231 on_time=21/30 starved=9 cce=0.347 never=9
  [7/30] TwoTier      seed=1367864806 on_time=21/30 starved=9 cce=0.348 never=9
  [8/30] TwoTier      seed=1746484539 on_time=20/30 starved=10 cce=0.346 never=10
  [9/30] TwoTier      seed=161576974 on_time=23/30 starved=7 cce=0.355 never=7
  [10/30] TwoTier      seed=661058651 on_time=22/30 starved=8 cce=0.347 never=8
  [11/30] TwoTier      seed=579362555 on_time=24/30 starved=6 cce=0.349 never=6
  [12/30] TwoTier      seed=87989972 on_time=24/30 starved=6 cce=0.346 never=6
  [13/30] Reservation  seed=1097657231 on_time=16/30 starved=14 cce=0.356 never=14
  [14/30] Reservation  seed=579362555 on_time=16/30 starved=14 cce=0.364 never=14
  [15/30] PF           seed=1826701614 on_time=30/30 starved=0 cce=0.340 never=0
  [16/30] PF           seed=1097657231 on_time=30/30 starved=0 cce=0.351 never=0
  [17/30] PF           seed=1367864806 on_time=30/30 starved=0 cce=0.350 never=0
  [18/30] PF           seed=579362555 on_time=30/30 starved=0 cce=0.352 never=0
  [19/30] Reservation  seed=661058651 on_time=15/30 starved=15 cce=0.362 never=15
  [20/30] Reservation  seed=87989972 on_time=16/30 starved=14 cce=0.363 never=14
  [21/30] Reservation  seed=161576974 on_time=18/30 starved=11 cce=0.365 never=11
  [22/30] Reservation  seed=35492826 on_time=13/30 starved=17 cce=0.364 never=17
  [23/30] PF           seed=661058651 on_time=30/30 starved=0 cce=0.346 never=0
  [24/30] Reservation  seed=376383645 on_time=15/30 starved=15 cce=0.348 never=15
  [25/30] Reservation  seed=1746484539 on_time=16/30 starved=14 cce=0.360 never=14
  [26/30] PF           seed=87989972 on_time=30/30 starved=0 cce=0.352 never=0
  [27/30] PF           seed=161576974 on_time=30/30 starved=0 cce=0.350 never=0
  [28/30] PF           seed=35492826 on_time=30/30 starved=0 cce=0.352 never=0
  [29/30] PF           seed=376383645 on_time=30/30 starved=0 cce=0.343 never=0
  [30/30] PF           seed=1746484539 on_time=30/30 starved=0 cce=0.351 never=0

wrote sweeps/m6cap4-2026-09-07/plain/sensor_dense.json
