start 1788855268 Tue Sep  8 01:44:28 PM IST 2026
270 runs = 3 arms x 9 fleet sizes x 10 seeds @ horizon 20000
  [1/270] TwoTier      N=12  never_granted=0   M08=0.19666679999999997
  [2/270] TwoTier      N=12  never_granted=0   M08=0.2420516
  [3/270] TwoTier      N=16  never_granted=0   M08=0.057032400000000004
  [4/270] TwoTier      N=16  never_granted=0   M08=0.0843576
  [5/270] TwoTier      N=16  never_granted=0   M08=0.0145644
  [6/270] TwoTier      N=16  never_granted=0   M08=0.0040844
  [7/270] TwoTier      N=16  never_granted=0   M08=0.0153088
  [8/270] TwoTier      N=16  never_granted=0   M08=0.095792
  [9/270] TwoTier      N=16  never_granted=0   M08=0.05294
  [10/270] TwoTier      N=16  never_granted=0   M08=0.0783532
  [11/270] TwoTier      N=16  never_granted=0   M08=0.0311904
  [12/270] TwoTier      N=16  never_granted=0   M08=0.021491200000000002
  [13/270] TwoTier      N=12  never_granted=0   M08=0.4034352
  [14/270] TwoTier      N=12  never_granted=0   M08=0.009630399999999999
  [15/270] TwoTier      N=10  never_granted=0   M08=0.6661248000000001
  [16/270] TwoTier      N=10  never_granted=0   M08=0.6736772
  [17/270] TwoTier      N=10  never_granted=0   M08=0.37884840000000003
  [18/270] TwoTier      N=10  never_granted=0   M08=0.6948584
  [19/270] TwoTier      N=12  never_granted=0   M08=0.1130804
  [20/270] TwoTier      N=12  never_granted=0   M08=0.1710596
  [21/270] TwoTier      N=12  never_granted=0   M08=0.3201056
  [22/270] TwoTier      N=12  never_granted=0   M08=0.27370079999999997
  [23/270] TwoTier      N=12  never_granted=0   M08=0.2050856
  [24/270] TwoTier      N=12  never_granted=0   M08=0.361346
  [25/270] TwoTier      N=10  never_granted=0   M08=0.36924640000000003
  [26/270] TwoTier      N=10  never_granted=0   M08=0.350586
  [27/270] TwoTier      N=10  never_granted=0   M08=0.5246064
  [28/270] TwoTier      N=10  never_granted=0   M08=0.7035724
  [29/270] TwoTier      N=10  never_granted=0   M08=0.22306079999999998
  [30/270] TwoTier      N=10  never_granted=0   M08=0.782496
  [31/270] Reservation  N=16  never_granted=8   M08=0.0
  [32/270] Reservation  N=16  never_granted=9   M08=0.0
  [33/270] Reservation  N=16  never_granted=8   M08=0.0
  [34/270] Reservation  N=16  never_granted=9   M08=0.0
  [35/270] Reservation  N=16  never_granted=8   M08=0.0
  [36/270] Reservation  N=16  never_granted=8   M08=0.0
  [37/270] Reservation  N=16  never_granted=8   M08=0.0
  [38/270] TwoTier      N=8   never_granted=0   M08=0.9517404
  [39/270] Reservation  N=16  never_granted=9   M08=0.0
  [40/270] TwoTier      N=8   never_granted=0   M08=0.9476248
  [41/270] TwoTier      N=8   never_granted=0   M08=0.960396
  [42/270] TwoTier      N=8   never_granted=0   M08=0.9468795999999999
  [43/270] Reservation  N=16  never_granted=8   M08=0.0
  [44/270] TwoTier      N=8   never_granted=0   M08=0.943944
  [45/270] TwoTier      N=8   never_granted=0   M08=0.94249
  [46/270] TwoTier      N=8   never_granted=0   M08=0.9549612
  [47/270] TwoTier      N=8   never_granted=0   M08=0.9425588
  [48/270] Reservation  N=16  never_granted=8   M08=0.0
  [49/270] PF           N=16  never_granted=0   M08=0.9375976
  [50/270] PF           N=16  never_granted=0   M08=0.9313832
  [51/270] PF           N=16  never_granted=0   M08=0.9423971999999999
  [52/270] PF           N=16  never_granted=0   M08=0.9259352
  [53/270] PF           N=16  never_granted=0   M08=0.9010332
  [54/270] PF           N=16  never_granted=0   M08=0.93047
  [55/270] PF           N=16  never_granted=0   M08=0.9359804
  [56/270] TwoTier      N=8   never_granted=0   M08=0.9061051999999999
  [57/270] PF           N=16  never_granted=0   M08=0.9435732
  [58/270] PF           N=16  never_granted=0   M08=0.9348424000000001
  [59/270] PF           N=16  never_granted=0   M08=0.9146955999999999
  [60/270] TwoTier      N=8   never_granted=0   M08=0.8835491999999999
  [61/270] Reservation  N=12  never_granted=5   M08=0.0
  [62/270] Reservation  N=12  never_granted=5   M08=0.0
  [63/270] Reservation  N=12  never_granted=5   M08=0.0
  [64/270] Reservation  N=12  never_granted=5   M08=0.0
  [65/270] Reservation  N=12  never_granted=5   M08=0.0
  [66/270] Reservation  N=12  never_granted=5   M08=0.0
  [67/270] Reservation  N=12  never_granted=5   M08=0.0
  [68/270] Reservation  N=12  never_granted=4   M08=0.0
  [69/270] Reservation  N=12  never_granted=5   M08=0.0
  [70/270] Reservation  N=12  never_granted=5   M08=0.0
  [71/270] TwoTier      N=7   never_granted=0   M08=0.95011
  [72/270] TwoTier      N=7   never_granted=0   M08=0.937676
  [73/270] TwoTier      N=7   never_granted=0   M08=0.960516
  [74/270] Reservation  N=10  never_granted=1   M08=0.0
  [75/270] Reservation  N=10  never_granted=3   M08=0.0
  [76/270] TwoTier      N=7   never_granted=0   M08=0.9655844
  [77/270] TwoTier      N=7   never_granted=0   M08=0.9602704
  [78/270] Reservation  N=10  never_granted=4   M08=0.0
  [79/270] Reservation  N=10  never_granted=2   M08=0.0
  [80/270] TwoTier      N=7   never_granted=0   M08=0.9589624
  [81/270] TwoTier      N=7   never_granted=0   M08=0.9500911999999999
  [82/270] TwoTier      N=7   never_granted=0   M08=0.9528448
  [83/270] TwoTier      N=7   never_granted=0   M08=0.9588784
  [84/270] TwoTier      N=7   never_granted=0   M08=0.9556216
  [85/270] Reservation  N=10  never_granted=3   M08=0.0
  [86/270] Reservation  N=10  never_granted=4   M08=0.0
  [87/270] Reservation  N=10  never_granted=3   M08=0.0
  [88/270] Reservation  N=10  never_granted=3   M08=0.0
  [89/270] Reservation  N=10  never_granted=1   M08=0.0
  [90/270] Reservation  N=10  never_granted=4   M08=0.0
  [91/270] TwoTier      N=6   never_granted=0   M08=0.962182
  [92/270] TwoTier      N=6   never_granted=0   M08=0.9501776
  [93/270] TwoTier      N=6   never_granted=0   M08=0.9652384
  [94/270] TwoTier      N=6   never_granted=0   M08=0.9605275999999999
  [95/270] TwoTier      N=6   never_granted=0   M08=0.9597708
  [96/270] TwoTier      N=6   never_granted=0   M08=0.9473355999999999
  [97/270] PF           N=12  never_granted=0   M08=0.9541784
  [98/270] PF           N=12  never_granted=0   M08=0.9478388000000001
  [99/270] TwoTier      N=6   never_granted=0   M08=0.9574792
  [100/270] PF           N=12  never_granted=0   M08=0.9565748000000001
  [101/270] PF           N=12  never_granted=0   M08=0.9587316
  [102/270] PF           N=12  never_granted=0   M08=0.9597196
  [103/270] TwoTier      N=6   never_granted=0   M08=0.962818
  [104/270] PF           N=12  never_granted=0   M08=0.9512932
  [105/270] TwoTier      N=6   never_granted=0   M08=0.9636524000000001
  [106/270] PF           N=12  never_granted=0   M08=0.95896
  [107/270] PF           N=12  never_granted=0   M08=0.956892
  [108/270] TwoTier      N=6   never_granted=0   M08=0.9529224000000001
  [109/270] PF           N=12  never_granted=0   M08=0.9674275999999999
  [110/270] PF           N=12  never_granted=0   M08=0.9596684
  [111/270] TwoTier      N=5   never_granted=0   M08=0.9615592
  [112/270] TwoTier      N=5   never_granted=0   M08=0.9617928
  [113/270] TwoTier      N=5   never_granted=0   M08=0.95831
  [114/270] TwoTier      N=5   never_granted=0   M08=0.9668431999999999
  [115/270] TwoTier      N=5   never_granted=0   M08=0.9666652
  [116/270] TwoTier      N=5   never_granted=0   M08=0.962214
  [117/270] TwoTier      N=5   never_granted=0   M08=0.9604644
  [118/270] TwoTier      N=5   never_granted=0   M08=0.9659652
  [119/270] TwoTier      N=5   never_granted=0   M08=0.974738
  [120/270] TwoTier      N=5   never_granted=0   M08=0.9743724
  [121/270] Reservation  N=8   never_granted=0   M08=0.9576304
  [122/270] Reservation  N=8   never_granted=1   M08=0.0
  [123/270] PF           N=10  never_granted=0   M08=0.9568876
  [124/270] Reservation  N=8   never_granted=1   M08=0.0
  [125/270] Reservation  N=8   never_granted=2   M08=0.0
  [126/270] PF           N=10  never_granted=0   M08=0.9630496
  [127/270] Reservation  N=8   never_granted=1   M08=0.0
  [128/270] Reservation  N=8   never_granted=1   M08=0.0
  [129/270] Reservation  N=8   never_granted=1   M08=0.0
  [130/270] Reservation  N=8   never_granted=2   M08=0.0
  [131/270] Reservation  N=8   never_granted=2   M08=0.0
  [132/270] Reservation  N=8   never_granted=1   M08=0.0
  [133/270] PF           N=10  never_granted=0   M08=0.9568196
  [134/270] PF           N=10  never_granted=0   M08=0.9581328
  [135/270] PF           N=10  never_granted=0   M08=0.9552964
  [136/270] PF           N=10  never_granted=0   M08=0.9602548000000001
  [137/270] PF           N=10  never_granted=0   M08=0.965088
  [138/270] PF           N=10  never_granted=0   M08=0.9654672
  [139/270] PF           N=10  never_granted=0   M08=0.970112
  [140/270] PF           N=10  never_granted=0   M08=0.963798
  [141/270] Reservation  N=7   never_granted=0   M08=0.9557648000000001
  [142/270] Reservation  N=7   never_granted=0   M08=0.9668656
  [143/270] Reservation  N=7   never_granted=1   M08=0.0
  [144/270] Reservation  N=7   never_granted=1   M08=0.0
  [145/270] Reservation  N=7   never_granted=1   M08=0.0
  [146/270] Reservation  N=7   never_granted=0   M08=0.9641064
  [147/270] Reservation  N=7   never_granted=0   M08=0.9578924
  [148/270] TwoTier      N=4   never_granted=0   M08=0.9587135999999999
  [149/270] TwoTier      N=4   never_granted=0   M08=0.9645452
  [150/270] TwoTier      N=4   never_granted=0   M08=0.9662888000000001
  [151/270] TwoTier      N=4   never_granted=0   M08=0.9595132
  [152/270] Reservation  N=7   never_granted=1   M08=0.0
  [153/270] Reservation  N=7   never_granted=1   M08=0.0
  [154/270] TwoTier      N=4   never_granted=0   M08=0.9634168000000001
  [155/270] Reservation  N=7   never_granted=1   M08=0.0
  [156/270] TwoTier      N=4   never_granted=0   M08=0.9621716
  [157/270] TwoTier      N=4   never_granted=0   M08=0.9685688
  [158/270] TwoTier      N=4   never_granted=0   M08=0.9766556
  [159/270] PF           N=8   never_granted=0   M08=0.9590696
  [160/270] TwoTier      N=4   never_granted=0   M08=0.9630464
  [161/270] PF           N=8   never_granted=0   M08=0.9578576
  [162/270] PF           N=8   never_granted=0   M08=0.9680356
  [163/270] PF           N=8   never_granted=0   M08=0.9632524
  [164/270] PF           N=8   never_granted=0   M08=0.9505348
  [165/270] PF           N=8   never_granted=0   M08=0.9537664
  [166/270] TwoTier      N=4   never_granted=0   M08=0.9625315999999999
  [167/270] PF           N=8   never_granted=0   M08=0.9636376
  [168/270] PF           N=8   never_granted=0   M08=0.9690408
  [169/270] PF           N=8   never_granted=0   M08=0.9666928
  [170/270] PF           N=8   never_granted=0   M08=0.9658652
  [171/270] Reservation  N=6   never_granted=0   M08=0.9657984000000001
  [172/270] Reservation  N=6   never_granted=0   M08=0.9550636
  [173/270] Reservation  N=6   never_granted=0   M08=0.966292
  [174/270] PF           N=7   never_granted=0   M08=0.9557648000000001
  [175/270] Reservation  N=6   never_granted=0   M08=0.9597708
  [176/270] Reservation  N=6   never_granted=0   M08=0.9546156
  [177/270] Reservation  N=6   never_granted=0   M08=0.9588852
  [178/270] Reservation  N=6   never_granted=0   M08=0.9600048
  [179/270] Reservation  N=6   never_granted=0   M08=0.962818
  [180/270] Reservation  N=6   never_granted=0   M08=0.9529224000000001
  [181/270] Reservation  N=6   never_granted=0   M08=0.9650168
  [182/270] PF           N=7   never_granted=0   M08=0.9438284
  [183/270] PF           N=7   never_granted=0   M08=0.966956
  [184/270] PF           N=7   never_granted=0   M08=0.9690532
  [185/270] PF           N=7   never_granted=0   M08=0.9666496
  [186/270] PF           N=7   never_granted=0   M08=0.9699164
  [187/270] PF           N=7   never_granted=0   M08=0.9641064
  [188/270] PF           N=7   never_granted=0   M08=0.9528448
  [189/270] PF           N=7   never_granted=0   M08=0.9571664
  [190/270] PF           N=7   never_granted=0   M08=0.9641375999999999
  [191/270] Reservation  N=5   never_granted=0   M08=0.9615592
  [192/270] Reservation  N=5   never_granted=0   M08=0.961562
  [193/270] Reservation  N=5   never_granted=0   M08=0.95831
  [194/270] Reservation  N=5   never_granted=0   M08=0.9604644
  [195/270] Reservation  N=5   never_granted=0   M08=0.9666652
  [196/270] PF           N=6   never_granted=0   M08=0.9657984000000001
  [197/270] PF           N=6   never_granted=0   M08=0.9550636
  [198/270] Reservation  N=5   never_granted=0   M08=0.974738
  [199/270] Reservation  N=5   never_granted=0   M08=0.962214
  [200/270] PF           N=6   never_granted=0   M08=0.9597708
  [201/270] PF           N=6   never_granted=0   M08=0.9605275999999999
  [202/270] Reservation  N=5   never_granted=0   M08=0.9660915999999999
  [203/270] Reservation  N=5   never_granted=0   M08=0.9659652
  [204/270] Reservation  N=5   never_granted=0   M08=0.9744628000000001
  [205/270] PF           N=6   never_granted=0   M08=0.966292
  [206/270] PF           N=6   never_granted=0   M08=0.9553084000000001
  [207/270] PF           N=6   never_granted=0   M08=0.9604584
  [208/270] PF           N=6   never_granted=0   M08=0.962818
  [209/270] Reservation  N=4   never_granted=0   M08=0.9645452
  [210/270] Reservation  N=4   never_granted=0   M08=0.959984
  [211/270] Reservation  N=4   never_granted=0   M08=0.9662888000000001
  [212/270] Reservation  N=4   never_granted=0   M08=0.9635072
  [213/270] Reservation  N=4   never_granted=0   M08=0.9595132
  [214/270] PF           N=6   never_granted=0   M08=0.9650168
  [215/270] Reservation  N=4   never_granted=0   M08=0.9685688
  [216/270] Reservation  N=4   never_granted=0   M08=0.9619904
  [217/270] PF           N=6   never_granted=0   M08=0.9529224000000001
  [218/270] Reservation  N=4   never_granted=0   M08=0.9760856
  [219/270] Reservation  N=4   never_granted=0   M08=0.9631616
  [220/270] PF           N=5   never_granted=0   M08=0.9617928
  [221/270] PF           N=5   never_granted=0   M08=0.9615592
  [222/270] Reservation  N=4   never_granted=0   M08=0.9625315999999999
  [223/270] PF           N=5   never_granted=0   M08=0.95831
  [224/270] PF           N=5   never_granted=0   M08=0.9666652
  [225/270] PF           N=5   never_granted=0   M08=0.9604644
  [226/270] PF           N=5   never_granted=0   M08=0.9610776
  [227/270] PF           N=5   never_granted=0   M08=0.974738
  [228/270] PF           N=5   never_granted=0   M08=0.9671308000000001
  [229/270] PF           N=5   never_granted=0   M08=0.9744628000000001
  [230/270] PF           N=5   never_granted=0   M08=0.9659652
  [231/270] TwoTier      N=2   never_granted=0   M08=0.9811892
  [232/270] PF           N=4   never_granted=0   M08=0.959984
  [233/270] TwoTier      N=2   never_granted=0   M08=0.9628871999999999
  [234/270] TwoTier      N=2   never_granted=0   M08=0.9641224
  [235/270] TwoTier      N=2   never_granted=0   M08=0.9745048000000001
  [236/270] TwoTier      N=2   never_granted=0   M08=0.9543088000000001
  [237/270] TwoTier      N=2   never_granted=0   M08=0.9580144
  [238/270] TwoTier      N=2   never_granted=0   M08=0.964992
  [239/270] TwoTier      N=2   never_granted=0   M08=0.97115
  [240/270] TwoTier      N=2   never_granted=0   M08=0.9739536
  [241/270] TwoTier      N=2   never_granted=0   M08=0.9665368000000001
  [242/270] PF           N=4   never_granted=0   M08=0.9645452
  [243/270] Reservation  N=2   never_granted=0   M08=0.9811892
  [244/270] Reservation  N=2   never_granted=0   M08=0.9628871999999999
  [245/270] PF           N=4   never_granted=0   M08=0.9662888000000001
  [246/270] Reservation  N=2   never_granted=0   M08=0.9724608
  [247/270] PF           N=4   never_granted=0   M08=0.9635072
  [248/270] PF           N=4   never_granted=0   M08=0.9621716
  [249/270] PF           N=4   never_granted=0   M08=0.9595132
  [250/270] PF           N=4   never_granted=0   M08=0.9685688
  [251/270] PF           N=4   never_granted=0   M08=0.9758471999999999
  [252/270] PF           N=4   never_granted=0   M08=0.9631616
  [253/270] PF           N=4   never_granted=0   M08=0.9625315999999999
  [254/270] Reservation  N=2   never_granted=0   M08=0.9641224
  [255/270] Reservation  N=2   never_granted=0   M08=0.9543088000000001
  [256/270] Reservation  N=2   never_granted=0   M08=0.964992
  [257/270] Reservation  N=2   never_granted=0   M08=0.9580144
  [258/270] PF           N=2   never_granted=0   M08=0.9811892
  [259/270] PF           N=2   never_granted=0   M08=0.9628508
  [260/270] PF           N=2   never_granted=0   M08=0.9745048000000001
  [261/270] PF           N=2   never_granted=0   M08=0.9543088000000001
  [262/270] PF           N=2   never_granted=0   M08=0.9641224
  [263/270] Reservation  N=2   never_granted=0   M08=0.9712076
  [264/270] Reservation  N=2   never_granted=0   M08=0.9726832
  [265/270] Reservation  N=2   never_granted=0   M08=0.9665368000000001
  [266/270] PF           N=2   never_granted=0   M08=0.964992
  [267/270] PF           N=2   never_granted=0   M08=0.9580144
  [268/270] PF           N=2   never_granted=0   M08=0.9712076
  [269/270] PF           N=2   never_granted=0   M08=0.9739536
  [270/270] PF           N=2   never_granted=0   M08=0.9665368000000001

wrote sweeps/g9-stress/g10_cap4_rasrb.json
WALL 250.43 s
done 1788855518 Tue Sep  8 01:48:38 PM IST 2026 exit=0
