start 1788860167
1080 runs = 2 seed-columns x 3 cases x 6 occupancy levels x 3 arms x 10 seeds (each run also builds its paired control)
  0 banked, 1080 to run
    ... 25/1080 (30s)
    ... 50/1080 (58s)
    ... 75/1080 (83s)
    ... 100/1080 (109s)
    ... 125/1080 (144s)
    ... 150/1080 (179s)
    ... 175/1080 (232s)
    ... 200/1080 (252s)
    ... 225/1080 (281s)
    ... 250/1080 (308s)
    ... 275/1080 (335s)
    ... 300/1080 (369s)
    ... 325/1080 (404s)
    ... 350/1080 (447s)
    ... 375/1080 (471s)
    ... 400/1080 (485s)
    ... 425/1080 (503s)
    ... 450/1080 (515s)
    ... 475/1080 (537s)
    ... 500/1080 (552s)
    ... 525/1080 (578s)
    ... 550/1080 (596s)
    ... 575/1080 (610s)
    ... 600/1080 (628s)
    ... 625/1080 (641s)
    ... 650/1080 (657s)
    ... 675/1080 (675s)
    ... 700/1080 (696s)
    ... 725/1080 (720s)
    ... 750/1080 (730s)
    ... 775/1080 (746s)
    ... 800/1080 (755s)
    ... 825/1080 (769s)
    ... 850/1080 (784s)
    ... 875/1080 (803s)
    ... 900/1080 (822s)
    ... 925/1080 (834s)
    ... 950/1080 (848s)
    ... 975/1080 (858s)
    ... 1000/1080 (870s)
    ... 1025/1080 (886s)
    ... 1050/1080 (902s)
    ... 1075/1080 (926s)

wrote sweeps/opt-2026-09-08/g9_opt.json  (931s wall, 1080 runs)
WALL 934.49 s
done 1788861102 exit=0
