Connecting to host 192.168.70.135, port 5201
[  5] local 10.0.0.23 port 38899 connected to 192.168.70.135 port 5201
[  7] local 10.0.0.23 port 53221 connected to 192.168.70.135 port 5201
[ ID][Role] Interval           Transfer     Bitrate         Retr  Cwnd
[  5][TX-C]   0.00-1.00   sec  25.6 MBytes   215 Mbits/sec    0   1.14 MBytes       
[  7][RX-C]   0.00-1.00   sec  43.9 MBytes   368 Mbits/sec                  
[  5][TX-C]   1.00-2.00   sec  38.8 MBytes   325 Mbits/sec    0   3.09 MBytes       
[  7][RX-C]   1.00-2.00   sec  11.9 MBytes  99.6 Mbits/sec                  
[  5][TX-C]   2.00-3.00   sec  38.9 MBytes   326 Mbits/sec   39   3.15 MBytes       
[  7][RX-C]   2.00-3.00   sec  6.62 MBytes  55.6 Mbits/sec                  
[  5][TX-C]   3.00-4.00   sec  38.8 MBytes   325 Mbits/sec    0   3.42 MBytes       
[  7][RX-C]   3.00-4.00   sec  6.88 MBytes  57.7 Mbits/sec                  
[  5][TX-C]   4.00-5.00   sec  40.2 MBytes   337 Mbits/sec    0   3.65 MBytes       
[  7][RX-C]   4.00-5.00   sec  7.25 MBytes  60.8 Mbits/sec                  
[  5][TX-C]   5.00-6.00   sec  39.1 MBytes   328 Mbits/sec  949   1.87 MBytes       
[  7][RX-C]   5.00-6.00   sec  9.50 MBytes  79.8 Mbits/sec                  
[  5][TX-C]   6.00-7.00   sec  38.6 MBytes   324 Mbits/sec    0   1.98 MBytes       
[  7][RX-C]   6.00-7.00   sec  10.6 MBytes  89.1 Mbits/sec                  
[  5][TX-C]   7.00-8.00   sec  39.8 MBytes   333 Mbits/sec    0   2.07 MBytes       
[  7][RX-C]   7.00-8.00   sec  10.6 MBytes  89.1 Mbits/sec                  
[  5][TX-C]   8.00-9.00   sec  38.5 MBytes   323 Mbits/sec    0   2.13 MBytes       
[  7][RX-C]   8.00-9.00   sec  9.50 MBytes  79.7 Mbits/sec                  
[  5][TX-C]   9.00-10.00  sec  40.0 MBytes   335 Mbits/sec    0   2.18 MBytes       
[  7][RX-C]   9.00-10.00  sec  9.88 MBytes  82.8 Mbits/sec                  
- - - - - - - - - - - - - - - - - - - - - - - - -
[ ID][Role] Interval           Transfer     Bitrate         Retr
[  5][TX-C]   0.00-10.00  sec   378 MBytes   317 Mbits/sec  988             sender
[  5][TX-C]   0.00-10.08  sec   377 MBytes   313 Mbits/sec                  receiver
[  7][RX-C]   0.00-10.00  sec   130 MBytes   109 Mbits/sec   79             sender
[  7][RX-C]   0.00-10.08  sec   127 MBytes   105 Mbits/sec                  receiver

iperf Done.
