G12 campaign -- ramp [1.0, 1.6, 2.3, 2.7, 3.3, 4.0, 6.0, 8.0] (8 points), in-range <= x3.3: [1.0, 1.6, 2.3, 2.7, 3.3]
  scoreable cells (3): [('mixed', 8), ('ugv_heavy', 8), ('drone_heavy', 8)]
  EXCLUDED ('sensor_dense', 8): g12_sensor_dense_n8_x1.0: GBR classes [4] absent (census {2: 1})
  3 arms x 10 seeds; 720 runs
==============================================================================
E1's CONTROL PASS -- ramp bottom only, every cell, read FIRST
==============================================================================
  mixed_n8   clean: 0/30 groups breach at x1.0
  ugv_heavy_n8   CONTAMINATED: 3/30 (arm, seed) groups breach at x1.0; EXCLUDED WHOLE
      PF/seed579362555: 5QI [2] worst {2: 0.9472, 4: 1.0}
      Reservation/seed579362555: 5QI [2] worst {2: 0.9471, 4: 0.9994}
      TwoTier/seed579362555: 5QI [2] worst {2: 0.9472, 4: 1.0}
  drone_heavy_n8   clean: 0/30 groups breach at x1.0

  cells with a clean control: [('mixed', 8), ('drone_heavy', 8)]
    ... mixed_n8/TwoTier/seed35492826 ran
    ... mixed_n8/TwoTier/seed1367864806 ran
    ... mixed_n8/TwoTier/seed87989972 ran
    ... mixed_n8/TwoTier/seed376383645 ran
    ... mixed_n8/TwoTier/seed661058651 ran
    ... mixed_n8/TwoTier/seed579362555 ran
    ... mixed_n8/TwoTier/seed1097657231 ran
    ... mixed_n8/TwoTier/seed1826701614 ran
    ... mixed_n8/TwoTier/seed161576974 ran
    ... mixed_n8/TwoTier/seed1746484539 ran
    ... drone_heavy_n8/TwoTier/seed1367864806 ran
    ... drone_heavy_n8/TwoTier/seed1826701614 ran
    ... mixed_n8/Reservation/seed1826701614 ran
    ... mixed_n8/Reservation/seed1367864806 ran
    ... mixed_n8/Reservation/seed1097657231 ran
    ... mixed_n8/Reservation/seed579362555 ran
    ... mixed_n8/Reservation/seed661058651 ran
    ... mixed_n8/Reservation/seed87989972 ran
    ... mixed_n8/Reservation/seed161576974 ran
    ... mixed_n8/Reservation/seed35492826 ran
    ... drone_heavy_n8/TwoTier/seed87989972 ran
    ... drone_heavy_n8/TwoTier/seed1097657231 ran
    ... drone_heavy_n8/TwoTier/seed661058651 ran
    ... drone_heavy_n8/TwoTier/seed161576974 ran
    ... drone_heavy_n8/TwoTier/seed35492826 ran
    ... drone_heavy_n8/TwoTier/seed376383645 ran
    ... drone_heavy_n8/TwoTier/seed579362555 ran
    ... drone_heavy_n8/TwoTier/seed1746484539 ran
    ... mixed_n8/Reservation/seed376383645 ran
    ... mixed_n8/Reservation/seed1746484539 ran
    ... drone_heavy_n8/Reservation/seed1826701614 ran
    ... drone_heavy_n8/Reservation/seed1367864806 ran
    ... drone_heavy_n8/Reservation/seed1097657231 ran
    ... drone_heavy_n8/Reservation/seed661058651 ran
    ... drone_heavy_n8/Reservation/seed35492826 ran
    ... drone_heavy_n8/Reservation/seed579362555 ran
    ... drone_heavy_n8/Reservation/seed161576974 ran
    ... drone_heavy_n8/Reservation/seed376383645 ran
    ... drone_heavy_n8/Reservation/seed87989972 ran
    ... drone_heavy_n8/Reservation/seed1746484539 ran
    ... mixed_n8/PF/seed1826701614 ran
    ... mixed_n8/PF/seed1367864806 ran
    ... mixed_n8/PF/seed1097657231 ran
    ... mixed_n8/PF/seed579362555 ran
    ... mixed_n8/PF/seed661058651 ran
    ... mixed_n8/PF/seed87989972 ran
    ... mixed_n8/PF/seed161576974 ran
    ... mixed_n8/PF/seed35492826 ran
    ... mixed_n8/PF/seed376383645 ran
    ... mixed_n8/PF/seed1746484539 ran
    ... drone_heavy_n8/PF/seed1826701614 ran
    ... drone_heavy_n8/PF/seed1367864806 ran
    ... drone_heavy_n8/PF/seed1097657231 ran
    ... drone_heavy_n8/PF/seed579362555 ran
    ... drone_heavy_n8/PF/seed661058651 ran
    ... drone_heavy_n8/PF/seed87989972 ran
    ... drone_heavy_n8/PF/seed161576974 ran
    ... drone_heavy_n8/PF/seed376383645 ran
    ... drone_heavy_n8/PF/seed35492826 ran
    ... drone_heavy_n8/PF/seed1746484539 ran

==============================================================================
mixed_n8
==============================================================================
    ... mixed_n8/PF/seed1826701614  in-range [4, 2]  full [4, 2]
    ... mixed_n8/PF/seed1367864806  in-range [4, 2]  full [4, 2]
    ... mixed_n8/PF/seed1097657231  in-range [4, 2]  full [4, 2]
    ... mixed_n8/PF/seed579362555  in-range [4, 2]  full [4, 2]
    ... mixed_n8/PF/seed661058651  in-range [4, 2]  full [4, 2]
    ... mixed_n8/PF/seed87989972  in-range [4, 2]  full [4, 2]
    ... mixed_n8/PF/seed161576974  in-range [4, 2]  full [4, 2]
    ... mixed_n8/PF/seed35492826  in-range [4, 2]  full [4, 2]
    ... mixed_n8/PF/seed376383645  in-range [4, 2]  full [4, 2]
    ... mixed_n8/PF/seed1746484539  in-range [4, 2]  full [4, 2]
  PF           IN-RANGE [4, 2]x10   |   FULL [4, 2]x10
    ... mixed_n8/Reservation/seed1826701614  in-range [2, 4]  full [2, 4]
    ... mixed_n8/Reservation/seed1367864806  in-range [4, 2]  full [4, 2]
    ... mixed_n8/Reservation/seed1097657231  in-range [2, 4]  full [2, 4]
    ... mixed_n8/Reservation/seed579362555  in-range [4, 2]  full [4, 2]
    ... mixed_n8/Reservation/seed661058651  in-range [4, 2]  full [4, 2]
    ... mixed_n8/Reservation/seed87989972  in-range [2, 4]  full [2, 4]
    ... mixed_n8/Reservation/seed161576974  in-range [2, 4]  full [2, 4]
    ... mixed_n8/Reservation/seed35492826  in-range [4, 2]  full [4, 2]
    ... mixed_n8/Reservation/seed376383645  in-range [4, 2]  full [4, 2]
    ... mixed_n8/Reservation/seed1746484539  in-range [4, 2]  full [4, 2]
  Reservation  IN-RANGE [4, 2]x6  [2, 4]x4   |   FULL [4, 2]x6  [2, 4]x4
    ... mixed_n8/TwoTier/seed1826701614  in-range [2, 4]  full [2, 4]
    ... mixed_n8/TwoTier/seed1367864806  in-range [4, 2]  full [4, 2]
    ... mixed_n8/TwoTier/seed1097657231  in-range [2, 4]  full [2, 4]
    ... mixed_n8/TwoTier/seed579362555  in-range [2]  full [2, 4]
    ... mixed_n8/TwoTier/seed661058651  in-range [2, 4]  full [2, 4]
    ... mixed_n8/TwoTier/seed87989972  in-range [2, 4]  full [2, 4]
    ... mixed_n8/TwoTier/seed161576974  in-range [2, 4]  full [2, 4]
    ... mixed_n8/TwoTier/seed35492826  in-range [2, 4]  full [2, 4]
    ... mixed_n8/TwoTier/seed376383645  in-range [4, 2]  full [4, 2]
    ... mixed_n8/TwoTier/seed1746484539  in-range [4, 2]  full [4, 2]
  TwoTier      IN-RANGE [2, 4]x6  [4, 2]x3  [2]x1   |   FULL [2, 4]x7  [4, 2]x3

==============================================================================
drone_heavy_n8
==============================================================================
    ... drone_heavy_n8/PF/seed1826701614  in-range [2, 4]  full [2, 4]
    ... drone_heavy_n8/PF/seed1367864806  in-range [2, 4]  full [2, 4]
    ... drone_heavy_n8/PF/seed1097657231  in-range [2, 4]  full [2, 4]
    ... drone_heavy_n8/PF/seed579362555  in-range [2, 4]  full [2, 4]
    ... drone_heavy_n8/PF/seed661058651  in-range [2, 4]  full [2, 4]
    ... drone_heavy_n8/PF/seed87989972  in-range [2, 4]  full [2, 4]
    ... drone_heavy_n8/PF/seed161576974  in-range [4, 2]  full [4, 2]
    ... drone_heavy_n8/PF/seed35492826  in-range [2, 4]  full [2, 4]
    ... drone_heavy_n8/PF/seed376383645  in-range [2, 4]  full [2, 4]
    ... drone_heavy_n8/PF/seed1746484539  in-range [2, 4]  full [2, 4]
  PF           IN-RANGE [2, 4]x9  [4, 2]x1   |   FULL [2, 4]x9  [4, 2]x1
    ... drone_heavy_n8/Reservation/seed1826701614  in-range [4, 2]  full [4, 2]
    ... drone_heavy_n8/Reservation/seed1367864806  in-range [4, 2]  full [4, 2]
    ... drone_heavy_n8/Reservation/seed1097657231  in-range [4, 2]  full [4, 2]
    ... drone_heavy_n8/Reservation/seed579362555  in-range [4, 2]  full [4, 2]
    ... drone_heavy_n8/Reservation/seed661058651  in-range [4, 2]  full [4, 2]
    ... drone_heavy_n8/Reservation/seed87989972  in-range [4, 2]  full [4, 2]
    ... drone_heavy_n8/Reservation/seed161576974  in-range [4, 2]  full [4, 2]
    ... drone_heavy_n8/Reservation/seed35492826  in-range [4, 2]  full [4, 2]
    ... drone_heavy_n8/Reservation/seed376383645  in-range [4, 2]  full [4, 2]
    ... drone_heavy_n8/Reservation/seed1746484539  in-range [4, 2]  full [4, 2]
  Reservation  IN-RANGE [4, 2]x10   |   FULL [4, 2]x10
    ... drone_heavy_n8/TwoTier/seed1826701614  in-range [4, 2]  full [4, 2]
    ... drone_heavy_n8/TwoTier/seed1367864806  in-range [4, 2]  full [4, 2]
    ... drone_heavy_n8/TwoTier/seed1097657231  in-range [2, 4]  full [2, 4]
    ... drone_heavy_n8/TwoTier/seed579362555  in-range [4, 2]  full [4, 2]
    ... drone_heavy_n8/TwoTier/seed661058651  in-range [4, 2]  full [4, 2]
    ... drone_heavy_n8/TwoTier/seed87989972  in-range [2, 4]  full [2, 4]
    ... drone_heavy_n8/TwoTier/seed161576974  in-range [4, 2]  full [4, 2]
    ... drone_heavy_n8/TwoTier/seed35492826  in-range [4, 2]  full [4, 2]
    ... drone_heavy_n8/TwoTier/seed376383645  in-range [4, 2]  full [4, 2]
    ... drone_heavy_n8/TwoTier/seed1746484539  in-range [2, 4]  full [2, 4]
  TwoTier      IN-RANGE [4, 2]x7  [2, 4]x3   |   FULL [4, 2]x7  [2, 4]x3

==============================================================================
D4 permutation control -- mixed N=8
==============================================================================
  PF           perm 101: [4, 2]x5
  PF           perm 102: [4, 2]x5
  PF           perm 103: [4, 2]x5
  PF           perm 104: [4, 2]x5
  Reservation  perm 101: [4, 2]x4  [2, 4]x1
  Reservation  perm 102: [2, 4]x4  [4, 2]x1
  Reservation  perm 103: [2, 4]x3  [4, 2]x2
  Reservation  perm 104: [2, 4]x5
  TwoTier      perm 101: [2, 4]x3  [4, 2]x2
  TwoTier      perm 102: [2, 4]x4  [4, 2]x1
  TwoTier      perm 103: [2, 4]x4  [4, 2]x1
  TwoTier      perm 104: [4, 2]x3  [2, 4]x2

wrote sweeps/g12-rescore-2026-09-06/g12.json
