stage s4: 48 cells, 0 complete, 48 to run on 10 workers
  cell 1/48 done | elapsed 1.2m | eta 57-57m | {'n_ues': 4, 'composition': 'sensor_dense', 'video_tier': 0.5}
  cell 2/48 done | elapsed 1.3m | eta 6-56m | {'n_ues': 4, 'composition': 'sensor_dense', 'video_tier': 1.5}
  cell 3/48 done | elapsed 1.5m | eta 5-54m | {'n_ues': 4, 'composition': 'sensor_dense', 'video_tier': 1.0}
  cell 4/48 done | elapsed 2.0m | eta 5-53m | {'n_ues': 4, 'composition': 'mixed', 'video_tier': 0.5}
  cell 5/48 done | elapsed 2.2m | eta 5-52m | {'n_ues': 4, 'composition': 'drone_heavy', 'video_tier': 1.5}
  cell 6/48 done | elapsed 2.3m | eta 5-51m | {'n_ues': 4, 'composition': 'drone_heavy', 'video_tier': 0.5}
  cell 7/48 done | elapsed 2.5m | eta 4-49m | {'n_ues': 4, 'composition': 'ugv_heavy', 'video_tier': 1.5}
  cell 8/48 done | elapsed 2.5m | eta 0-48m | {'n_ues': 4, 'composition': 'ugv_heavy', 'video_tier': 0.5}
  cell 9/48 done | elapsed 2.6m | eta 0-20m | {'n_ues': 4, 'composition': 'ugv_heavy', 'video_tier': 1.0}
  cell 10/48 done | elapsed 2.7m | eta 0-19m | {'n_ues': 4, 'composition': 'drone_heavy', 'video_tier': 1.0}
  cell 11/48 done | elapsed 3.2m | eta 0-19m | {'n_ues': 4, 'composition': 'mixed', 'video_tier': 1.0}
  cell 12/48 done | elapsed 3.5m | eta 0-18m | {'n_ues': 4, 'composition': 'mixed', 'video_tier': 1.5}
  cell 13/48 done | elapsed 4.8m | eta 0-46m | {'n_ues': 8, 'composition': 'sensor_dense', 'video_tier': 1.0}
  cell 14/48 done | elapsed 4.9m | eta 0-45m | {'n_ues': 8, 'composition': 'sensor_dense', 'video_tier': 0.5}
  cell 15/48 done | elapsed 5.0m | eta 0-44m | {'n_ues': 8, 'composition': 'drone_heavy', 'video_tier': 0.5}
  cell 16/48 done | elapsed 5.4m | eta 2-42m | {'n_ues': 8, 'composition': 'sensor_dense', 'video_tier': 1.5}
  cell 17/48 done | elapsed 5.8m | eta 3-41m | {'n_ues': 8, 'composition': 'drone_heavy', 'video_tier': 1.0}
  cell 18/48 done | elapsed 6.2m | eta 3-40m | {'n_ues': 8, 'composition': 'drone_heavy', 'video_tier': 1.5}
  cell 19/48 done | elapsed 6.5m | eta 3-38m | {'n_ues': 8, 'composition': 'ugv_heavy', 'video_tier': 0.5}
  cell 20/48 done | elapsed 6.7m | eta 3-37m | {'n_ues': 8, 'composition': 'ugv_heavy', 'video_tier': 1.0}
  cell 21/48 done | elapsed 7.0m | eta 2-11m | {'n_ues': 8, 'composition': 'mixed', 'video_tier': 0.5}
  cell 22/48 done | elapsed 7.6m | eta 3-16m | {'n_ues': 8, 'composition': 'ugv_heavy', 'video_tier': 1.5}
  cell 23/48 done | elapsed 8.3m | eta 7-17m | {'n_ues': 8, 'composition': 'mixed', 'video_tier': 1.0}
  cell 24/48 done | elapsed 8.7m | eta 6-16m | {'n_ues': 8, 'composition': 'mixed', 'video_tier': 1.5}
  cell 25/48 done | elapsed 11.8m | eta 6-70m | {'n_ues': 16, 'composition': 'sensor_dense', 'video_tier': 0.5}
  cell 26/48 done | elapsed 11.9m | eta 3-67m | {'n_ues': 16, 'composition': 'drone_heavy', 'video_tier': 0.5}
  cell 27/48 done | elapsed 11.9m | eta 0-64m | {'n_ues': 16, 'composition': 'sensor_dense', 'video_tier': 1.0}
  cell 28/48 done | elapsed 13.2m | eta 0-61m | {'n_ues': 16, 'composition': 'sensor_dense', 'video_tier': 1.5}
  cell 29/48 done | elapsed 13.4m | eta 0-57m | {'n_ues': 16, 'composition': 'drone_heavy', 'video_tier': 1.0}
  cell 30/48 done | elapsed 14.7m | eta 0-54m | {'n_ues': 16, 'composition': 'drone_heavy', 'video_tier': 1.5}
  cell 31/48 done | elapsed 14.8m | eta 0-51m | {'n_ues': 16, 'composition': 'ugv_heavy', 'video_tier': 0.5}
  cell 32/48 done | elapsed 14.9m | eta 0-48m | {'n_ues': 16, 'composition': 'mixed', 'video_tier': 0.5}
  cell 33/48 done | elapsed 16.5m | eta 0-25m | {'n_ues': 16, 'composition': 'ugv_heavy', 'video_tier': 1.0}
  cell 34/48 done | elapsed 17.8m | eta 0-23m | {'n_ues': 16, 'composition': 'ugv_heavy', 'video_tier': 1.5}
  cell 35/48 done | elapsed 18.1m | eta 0-21m | {'n_ues': 16, 'composition': 'mixed', 'video_tier': 1.0}
  cell 36/48 done | elapsed 19.3m | eta 0-20m | {'n_ues': 16, 'composition': 'mixed', 'video_tier': 1.5}
  cell 37/48 done | elapsed 25.2m | eta 0-64m | {'n_ues': 32, 'composition': 'sensor_dense', 'video_tier': 0.5}
  cell 38/48 done | elapsed 25.8m | eta 0-59m | {'n_ues': 32, 'composition': 'sensor_dense', 'video_tier': 1.0}
  cell 39/48 done | elapsed 26.2m | eta 0-53m | {'n_ues': 32, 'composition': 'sensor_dense', 'video_tier': 1.5}
  cell 40/48 done | elapsed 28.6m | eta 2-47m | {'n_ues': 32, 'composition': 'drone_heavy', 'video_tier': 0.5}
  cell 41/48 done | elapsed 29.8m | eta 2-41m | {'n_ues': 32, 'composition': 'drone_heavy', 'video_tier': 1.0}
  cell 42/48 done | elapsed 31.1m | eta 1-35m | {'n_ues': 32, 'composition': 'drone_heavy', 'video_tier': 1.5}
  cell 43/48 done | elapsed 32.2m | eta 2-29m | {'n_ues': 32, 'composition': 'mixed', 'video_tier': 0.5}
  cell 44/48 done | elapsed 34.0m | eta 2-23m | {'n_ues': 32, 'composition': 'ugv_heavy', 'video_tier': 1.0}
  cell 45/48 done | elapsed 34.3m | eta 1-7m | {'n_ues': 32, 'composition': 'ugv_heavy', 'video_tier': 1.5}
  cell 46/48 done | elapsed 34.6m | eta 1-5m | {'n_ues': 32, 'composition': 'ugv_heavy', 'video_tier': 0.5}
  cell 47/48 done | elapsed 38.4m | eta 0-4m | {'n_ues': 32, 'composition': 'mixed', 'video_tier': 1.0}
  cell 48/48 done | elapsed 40.6m | eta 0-0m | {'n_ues': 32, 'composition': 'mixed', 'video_tier': 1.5}
  1440 rows across 48 cells (all exactly 30) -> sweeps/wp9/stage4
