stage 5 cell census (from build_fleet): {'total': 48, 'control': 16, 'excursion': 32, 'degenerate': 9, 'null': 4}
stage s5: 48 cells, 0 complete, 48 to run on 10 workers
  cell 1/48 done | elapsed 1.2m | eta 57-57m | {'n_ues': 4, 'composition': 'sensor_dense', 'lidar_ues': 2}
  cell 2/48 done | elapsed 1.2m | eta 1-56m | {'n_ues': 4, 'composition': 'sensor_dense', 'lidar_ues': 1}
  cell 3/48 done | elapsed 1.3m | eta 1-55m | {'n_ues': 4, 'composition': 'sensor_dense', 'lidar_ues': 0}
  cell 4/48 done | elapsed 2.2m | eta 1-53m | {'n_ues': 4, 'composition': 'drone_heavy', 'lidar_ues': 0}
  cell 5/48 done | elapsed 2.3m | eta 1-52m | {'n_ues': 4, 'composition': 'mixed', 'lidar_ues': 0}
  cell 6/48 done | elapsed 2.4m | eta 1-51m | {'n_ues': 4, 'composition': 'drone_heavy', 'lidar_ues': 1}
  cell 7/48 done | elapsed 2.5m | eta 1-50m | {'n_ues': 4, 'composition': 'drone_heavy', 'lidar_ues': 2}
  cell 8/48 done | elapsed 2.7m | eta 1-49m | {'n_ues': 4, 'composition': 'ugv_heavy', 'lidar_ues': 1}
  cell 9/48 done | elapsed 2.7m | eta 0-34m | {'n_ues': 4, 'composition': 'ugv_heavy', 'lidar_ues': 0}
  cell 10/48 done | elapsed 2.8m | eta 3-33m | {'n_ues': 4, 'composition': 'ugv_heavy', 'lidar_ues': 2}
  cell 11/48 done | elapsed 3.5m | eta 3-33m | {'n_ues': 4, 'composition': 'mixed', 'lidar_ues': 2}
  cell 12/48 done | elapsed 3.6m | eta 2-25m | {'n_ues': 4, 'composition': 'mixed', 'lidar_ues': 1}
  cell 13/48 done | elapsed 4.9m | eta 2-48m | {'n_ues': 8, 'composition': 'sensor_dense', 'lidar_ues': 0}
  cell 14/48 done | elapsed 5.0m | eta 2-46m | {'n_ues': 8, 'composition': 'sensor_dense', 'lidar_ues': 1}
  cell 15/48 done | elapsed 5.4m | eta 2-45m | {'n_ues': 8, 'composition': 'drone_heavy', 'lidar_ues': 0}
  cell 16/48 done | elapsed 5.9m | eta 2-44m | {'n_ues': 8, 'composition': 'sensor_dense', 'lidar_ues': 2}
  cell 17/48 done | elapsed 6.5m | eta 2-42m | {'n_ues': 8, 'composition': 'drone_heavy', 'lidar_ues': 2}
  cell 18/48 done | elapsed 6.6m | eta 2-41m | {'n_ues': 8, 'composition': 'drone_heavy', 'lidar_ues': 1}
  cell 19/48 done | elapsed 7.0m | eta 2-40m | {'n_ues': 8, 'composition': 'ugv_heavy', 'lidar_ues': 0}
  cell 20/48 done | elapsed 7.3m | eta 2-38m | {'n_ues': 8, 'composition': 'ugv_heavy', 'lidar_ues': 1}
  cell 21/48 done | elapsed 7.9m | eta 2-17m | {'n_ues': 8, 'composition': 'mixed', 'lidar_ues': 0}
  cell 22/48 done | elapsed 8.0m | eta 2-16m | {'n_ues': 8, 'composition': 'ugv_heavy', 'lidar_ues': 2}
  cell 23/48 done | elapsed 8.9m | eta 2-23m | {'n_ues': 8, 'composition': 'mixed', 'lidar_ues': 1}
  cell 24/48 done | elapsed 9.4m | eta 2-22m | {'n_ues': 8, 'composition': 'mixed', 'lidar_ues': 2}
  cell 25/48 done | elapsed 12.7m | eta 2-76m | {'n_ues': 16, 'composition': 'sensor_dense', 'lidar_ues': 1}
  cell 26/48 done | elapsed 13.0m | eta 1-73m | {'n_ues': 16, 'composition': 'sensor_dense', 'lidar_ues': 0}
  cell 27/48 done | elapsed 13.6m | eta 1-70m | {'n_ues': 16, 'composition': 'sensor_dense', 'lidar_ues': 2}
  cell 28/48 done | elapsed 13.7m | eta 1-66m | {'n_ues': 16, 'composition': 'drone_heavy', 'lidar_ues': 0}
  cell 29/48 done | elapsed 14.5m | eta 1-63m | {'n_ues': 16, 'composition': 'drone_heavy', 'lidar_ues': 1}
  cell 30/48 done | elapsed 16.3m | eta 1-60m | {'n_ues': 16, 'composition': 'drone_heavy', 'lidar_ues': 2}
  cell 31/48 done | elapsed 16.4m | eta 1-56m | {'n_ues': 16, 'composition': 'mixed', 'lidar_ues': 0}
  cell 32/48 done | elapsed 17.7m | eta 1-53m | {'n_ues': 16, 'composition': 'ugv_heavy', 'lidar_ues': 0}
  cell 33/48 done | elapsed 18.3m | eta 1-27m | {'n_ues': 16, 'composition': 'ugv_heavy', 'lidar_ues': 1}
  cell 34/48 done | elapsed 19.4m | eta 1-25m | {'n_ues': 16, 'composition': 'ugv_heavy', 'lidar_ues': 2}
  cell 35/48 done | elapsed 20.0m | eta 1-23m | {'n_ues': 16, 'composition': 'mixed', 'lidar_ues': 1}
  cell 36/48 done | elapsed 20.5m | eta 1-21m | {'n_ues': 16, 'composition': 'mixed', 'lidar_ues': 2}
  cell 37/48 done | elapsed 26.9m | eta 1-70m | {'n_ues': 32, 'composition': 'sensor_dense', 'lidar_ues': 0}
  cell 38/48 done | elapsed 28.3m | eta 1-64m | {'n_ues': 32, 'composition': 'sensor_dense', 'lidar_ues': 1}
  cell 39/48 done | elapsed 29.6m | eta 5-57m | {'n_ues': 32, 'composition': 'sensor_dense', 'lidar_ues': 2}
  cell 40/48 done | elapsed 31.3m | eta 4-51m | {'n_ues': 32, 'composition': 'drone_heavy', 'lidar_ues': 1}
  cell 41/48 done | elapsed 32.2m | eta 4-45m | {'n_ues': 32, 'composition': 'drone_heavy', 'lidar_ues': 2}
  cell 42/48 done | elapsed 32.8m | eta 3-38m | {'n_ues': 32, 'composition': 'drone_heavy', 'lidar_ues': 0}
  cell 43/48 done | elapsed 36.6m | eta 3-32m | {'n_ues': 32, 'composition': 'mixed', 'lidar_ues': 0}
  cell 44/48 done | elapsed 38.3m | eta 2-26m | {'n_ues': 32, 'composition': 'ugv_heavy', 'lidar_ues': 0}
  cell 45/48 done | elapsed 39.1m | eta 2-12m | {'n_ues': 32, 'composition': 'ugv_heavy', 'lidar_ues': 2}
  cell 46/48 done | elapsed 39.9m | eta 1-8m | {'n_ues': 32, 'composition': 'ugv_heavy', 'lidar_ues': 1}
  cell 47/48 done | elapsed 41.8m | eta 1-4m | {'n_ues': 32, 'composition': 'mixed', 'lidar_ues': 1}
  cell 48/48 done | elapsed 43.2m | eta 0-0m | {'n_ues': 32, 'composition': 'mixed', 'lidar_ues': 2}
  1440 rows across 48 cells (all exactly 30) -> sweeps/wp9/stage5
