720 runs = 8 arms x 9 fleet sizes x 10 seeds @ horizon 20000
  [1/720] PF+CG        N=16  never_granted=0   M08=0.937766
  [2/720] PF+CG        N=16  never_granted=0   M08=0.940756
  [3/720] PF+CG        N=16  never_granted=0   M08=0.945304
  [4/720] PF+CG        N=16  never_granted=0   M08=0.925222
  [5/720] PF+CG        N=16  never_granted=0   M08=0.8820784
  [6/720] PF+CG        N=16  never_granted=0   M08=0.9236564
  [7/720] PF+CG        N=16  never_granted=0   M08=0.9417108000000001
  [8/720] PF+CG        N=16  never_granted=0   M08=0.9437988
  [9/720] PF+CG        N=16  never_granted=0   M08=0.925458
  [10/720] PF+CG        N=16  never_granted=0   M08=0.934066
  [11/720] Reservation+CG N=16  never_granted=0   M08=0.32079240000000003
  [12/720] Reservation+CG N=16  never_granted=0   M08=0.3174344
  [13/720] Reservation+CG N=16  never_granted=0   M08=0.31686
  [14/720] Reservation+CG N=16  never_granted=0   M08=0.30680240000000003
  [15/720] Reservation+CG N=16  never_granted=0   M08=0.3034
  [16/720] Reservation+CG N=16  never_granted=0   M08=0.3042412
  [17/720] Reservation+CG N=16  never_granted=0   M08=0.3432928
  [18/720] Reservation+CG N=16  never_granted=0   M08=0.3008
  [19/720] Reservation+CG N=16  never_granted=0   M08=0.3126592
  [20/720] Reservation+CG N=16  never_granted=0   M08=0.3100328
  [21/720] TwoTier+CG   N=16  never_granted=0   M08=0.0179692
  [22/720] TwoTier+CG   N=16  never_granted=0   M08=0.009498
  [23/720] TwoTier+CG   N=16  never_granted=0   M08=0.0091588
  [24/720] PF+CGu       N=16  never_granted=0   M08=0.9550076
  [25/720] PF+CGu       N=16  never_granted=0   M08=0.9452376
  [26/720] PF+CGu       N=16  never_granted=0   M08=0.9578772
  [27/720] PF+CGu       N=16  never_granted=0   M08=0.9483376
  [28/720] PF+CGu       N=16  never_granted=0   M08=0.9559868
  [29/720] TwoTier+CG   N=16  never_granted=0   M08=0.0146524
  [30/720] TwoTier+CG   N=16  never_granted=0   M08=0.0184624
  [31/720] PF+CGu       N=16  never_granted=0   M08=0.9472208000000001
  [32/720] TwoTier+CG   N=16  never_granted=0   M08=0.0170972
  [33/720] TwoTier+CG   N=16  never_granted=0   M08=0.014842
  [34/720] TwoTier+CG   N=16  never_granted=0   M08=0.0231512
  [35/720] TwoTier+CG   N=16  never_granted=0   M08=0.0092092
  [36/720] TwoTier+CG   N=16  never_granted=0   M08=0.0171376
  [37/720] ProtoRRageD2+CG N=16  never_granted=0   M08=0.7562396
  [38/720] ProtoRRageD2+CG N=16  never_granted=0   M08=0.7837284
  [39/720] ProtoRRageD2+CG N=16  never_granted=0   M08=0.7315288000000001
  [40/720] PF+CGu       N=16  never_granted=0   M08=0.9032148000000001
  [41/720] PF+CGu       N=16  never_granted=0   M08=0.9611844
  [42/720] PF+CGu       N=16  never_granted=0   M08=0.9325471999999999
  [43/720] ProtoRRageD2+CG N=16  never_granted=0   M08=0.6965428
  [44/720] ProtoRRageD2+CG N=16  never_granted=0   M08=0.7043144
  [45/720] ProtoRRageD2+CG N=16  never_granted=0   M08=0.7166076
  [46/720] ProtoRRageD2+CG N=16  never_granted=0   M08=0.7277231999999999
  [47/720] ProtoRRageD2+CG N=16  never_granted=0   M08=0.7827888000000001
  [48/720] ProtoRRageD2+CG N=16  never_granted=0   M08=0.7222004000000001
  [49/720] ProtoRRageD2+CG N=16  never_granted=0   M08=0.7105496
  [50/720] PF+CGu       N=16  never_granted=0   M08=0.9524348
  [51/720] Reservation+CGu N=16  never_granted=0   M08=0.3469972
  [52/720] Reservation+CGu N=16  never_granted=0   M08=0.3842048
  [53/720] Reservation+CGu N=16  never_granted=0   M08=0.3537792
  [54/720] Reservation+CGu N=16  never_granted=0   M08=0.3549704
  [55/720] Reservation+CGu N=16  never_granted=0   M08=0.3681052
  [56/720] Reservation+CGu N=16  never_granted=0   M08=0.375502
  [57/720] Reservation+CGu N=16  never_granted=0   M08=0.36781759999999997
  [58/720] Reservation+CGu N=16  never_granted=0   M08=0.3548732
  [59/720] Reservation+CGu N=16  never_granted=0   M08=0.37142
  [60/720] Reservation+CGu N=16  never_granted=0   M08=0.356682
  [61/720] TwoTier+CGu  N=16  never_granted=0   M08=0.0296148
  [62/720] PF+CG        N=12  never_granted=0   M08=0.9838164
  [63/720] TwoTier+CGu  N=16  never_granted=0   M08=0.044377599999999996
  [64/720] PF+CG        N=12  never_granted=0   M08=0.9774655999999999
  [65/720] TwoTier+CGu  N=16  never_granted=0   M08=0.08627639999999999
  [66/720] TwoTier+CGu  N=16  never_granted=0   M08=0.031668
  [67/720] TwoTier+CGu  N=16  never_granted=0   M08=0.0533364
  [68/720] PF+CG        N=12  never_granted=0   M08=0.986432
  [69/720] TwoTier+CGu  N=16  never_granted=0   M08=0.0452264
  [70/720] TwoTier+CGu  N=16  never_granted=0   M08=0.045636800000000005
  [71/720] TwoTier+CGu  N=16  never_granted=0   M08=0.16986279999999998
  [72/720] TwoTier+CGu  N=16  never_granted=0   M08=0.0423276
  [73/720] TwoTier+CGu  N=16  never_granted=0   M08=0.046486
  [74/720] ProtoRRageD2+CGu N=16  never_granted=0   M08=0.8268264000000001
  [75/720] PF+CG        N=12  never_granted=0   M08=0.989276
  [76/720] PF+CG        N=12  never_granted=0   M08=0.9791852
  [77/720] PF+CG        N=12  never_granted=0   M08=0.9809448000000001
  [78/720] PF+CG        N=12  never_granted=0   M08=0.9879524000000001
  [79/720] ProtoRRageD2+CGu N=16  never_granted=0   M08=0.789972
  [80/720] ProtoRRageD2+CGu N=16  never_granted=0   M08=0.793288
  [81/720] PF+CG        N=12  never_granted=0   M08=0.9866524
  [82/720] PF+CG        N=12  never_granted=0   M08=0.9962335999999999
  [83/720] PF+CG        N=12  never_granted=0   M08=0.9894388000000001
  [84/720] Reservation+CG N=12  never_granted=0   M08=0.8096808000000001
  [85/720] ProtoRRageD2+CGu N=16  never_granted=0   M08=0.754428
  [86/720] ProtoRRageD2+CGu N=16  never_granted=0   M08=0.7538908000000001
  [87/720] ProtoRRageD2+CGu N=16  never_granted=0   M08=0.7866728000000001
  [88/720] ProtoRRageD2+CGu N=16  never_granted=0   M08=0.719376
  [89/720] Reservation+CG N=12  never_granted=0   M08=0.8078964000000001
  [90/720] Reservation+CG N=12  never_granted=0   M08=0.8031344
  [91/720] ProtoRRageD2+CGu N=16  never_granted=0   M08=0.7804791999999999
  [92/720] Reservation+CG N=12  never_granted=0   M08=0.7647731999999999
  [93/720] ProtoRRageD2+CGu N=16  never_granted=0   M08=0.7718756
  [94/720] Reservation+CG N=12  never_granted=0   M08=0.768342
  [95/720] Reservation+CG N=12  never_granted=0   M08=0.77354
  [96/720] ProtoRRageD2+CGu N=16  never_granted=0   M08=0.7617611999999999
  [97/720] Reservation+CG N=12  never_granted=0   M08=0.7827568
  [98/720] Reservation+CG N=12  never_granted=0   M08=0.782836
  [99/720] Reservation+CG N=12  never_granted=0   M08=0.800446
  [100/720] Reservation+CG N=12  never_granted=0   M08=0.8172448
  [101/720] TwoTier+CG   N=12  never_granted=0   M08=0.0171668
  [102/720] TwoTier+CG   N=12  never_granted=0   M08=0.0188148
  [103/720] TwoTier+CG   N=12  never_granted=0   M08=0.0233628
  [104/720] TwoTier+CG   N=12  never_granted=0   M08=0.017835200000000002
  [105/720] TwoTier+CG   N=12  never_granted=0   M08=0.0172696
  [106/720] TwoTier+CG   N=12  never_granted=0   M08=0.0293728
  [107/720] PF+CGu       N=12  never_granted=0   M08=0.983008
  [108/720] PF+CGu       N=12  never_granted=0   M08=0.9774655999999999
  [109/720] PF+CGu       N=12  never_granted=0   M08=0.986894
  [110/720] TwoTier+CG   N=12  never_granted=0   M08=0.0169184
  [111/720] TwoTier+CG   N=12  never_granted=0   M08=0.0181616
  [112/720] TwoTier+CG   N=12  never_granted=0   M08=0.015420399999999999
  [113/720] TwoTier+CG   N=12  never_granted=0   M08=0.0159212
  [114/720] PF+CGu       N=12  never_granted=0   M08=0.9890396
  [115/720] PF+CGu       N=12  never_granted=0   M08=0.9854696
  [116/720] PF+CGu       N=12  never_granted=0   M08=0.9874904
  [117/720] PF+CGu       N=12  never_granted=0   M08=0.9796744000000001
  [118/720] ProtoRRageD2+CG N=12  never_granted=0   M08=0.94677
  [119/720] ProtoRRageD2+CG N=12  never_granted=0   M08=0.9379995999999999
  [120/720] ProtoRRageD2+CG N=12  never_granted=0   M08=0.9176875999999999
  [121/720] PF+CGu       N=12  never_granted=0   M08=0.9864752
  [122/720] ProtoRRageD2+CG N=12  never_granted=0   M08=0.986552
  [123/720] ProtoRRageD2+CG N=12  never_granted=0   M08=0.9716668
  [124/720] ProtoRRageD2+CG N=12  never_granted=0   M08=0.9427476
  [125/720] ProtoRRageD2+CG N=12  never_granted=0   M08=0.9627555999999999
  [126/720] ProtoRRageD2+CG N=12  never_granted=0   M08=0.9527711999999999
  [127/720] PF+CGu       N=12  never_granted=0   M08=0.996118
  [128/720] PF+CGu       N=12  never_granted=0   M08=0.989626
  [129/720] ProtoRRageD2+CG N=12  never_granted=0   M08=0.9889144
  [130/720] ProtoRRageD2+CG N=12  never_granted=0   M08=0.9687276
  [131/720] Reservation+CGu N=12  never_granted=0   M08=0.8253315999999999
  [132/720] Reservation+CGu N=12  never_granted=0   M08=0.8318116
  [133/720] Reservation+CGu N=12  never_granted=0   M08=0.8124136
  [134/720] Reservation+CGu N=12  never_granted=0   M08=0.8141768
  [135/720] Reservation+CGu N=12  never_granted=0   M08=0.8053511999999999
  [136/720] Reservation+CGu N=12  never_granted=0   M08=0.8241352
  [137/720] Reservation+CGu N=12  never_granted=0   M08=0.8181648
  [138/720] Reservation+CGu N=12  never_granted=0   M08=0.824488
  [139/720] Reservation+CGu N=12  never_granted=0   M08=0.8141568
  [140/720] Reservation+CGu N=12  never_granted=0   M08=0.8115616
  [141/720] TwoTier+CGu  N=12  never_granted=0   M08=0.2049012
  [142/720] TwoTier+CGu  N=12  never_granted=0   M08=0.21904520000000002
  [143/720] TwoTier+CGu  N=12  never_granted=0   M08=0.2412224
  [144/720] TwoTier+CGu  N=12  never_granted=0   M08=0.327962
  [145/720] TwoTier+CGu  N=12  never_granted=0   M08=0.4081288
  [146/720] TwoTier+CGu  N=12  never_granted=0   M08=0.2505252
  [147/720] TwoTier+CGu  N=12  never_granted=0   M08=0.3157392
  [148/720] TwoTier+CGu  N=12  never_granted=0   M08=0.3623416
  [149/720] TwoTier+CGu  N=12  never_granted=0   M08=0.42079120000000003
  [150/720] TwoTier+CGu  N=12  never_granted=0   M08=0.3424628
  [151/720] PF+CG        N=10  never_granted=0   M08=0.9862748
  [152/720] PF+CG        N=10  never_granted=0   M08=0.9874024
  [153/720] PF+CG        N=10  never_granted=0   M08=0.9920696
  [154/720] ProtoRRageD2+CGu N=12  never_granted=0   M08=0.982922
  [155/720] ProtoRRageD2+CGu N=12  never_granted=0   M08=0.9730411999999999
  [156/720] ProtoRRageD2+CGu N=12  never_granted=0   M08=0.9765351999999999
  [157/720] PF+CG        N=10  never_granted=0   M08=0.9851472
  [158/720] PF+CG        N=10  never_granted=0   M08=0.988392
  [159/720] PF+CG        N=10  never_granted=0   M08=0.9957351999999999
  [160/720] PF+CG        N=10  never_granted=0   M08=0.989576
  [161/720] PF+CG        N=10  never_granted=0   M08=0.99563
  [162/720] PF+CG        N=10  never_granted=0   M08=0.9941055999999999
  [163/720] PF+CG        N=10  never_granted=0   M08=0.999158
  [164/720] ProtoRRageD2+CGu N=12  never_granted=0   M08=0.9720588
  [165/720] ProtoRRageD2+CGu N=12  never_granted=0   M08=0.9889284
  [166/720] Reservation+CG N=10  never_granted=0   M08=0.987166
  [167/720] Reservation+CG N=10  never_granted=0   M08=0.9861795999999999
  [168/720] ProtoRRageD2+CGu N=12  never_granted=0   M08=0.9375788
  [169/720] Reservation+CG N=10  never_granted=0   M08=0.9888608000000001
  [170/720] ProtoRRageD2+CGu N=12  never_granted=0   M08=0.9869968
  [171/720] ProtoRRageD2+CGu N=12  never_granted=0   M08=0.9687836
  [172/720] Reservation+CG N=10  never_granted=0   M08=0.983472
  [173/720] ProtoRRageD2+CGu N=12  never_granted=0   M08=0.9961471999999999
  [174/720] Reservation+CG N=10  never_granted=0   M08=0.9851472
  [175/720] Reservation+CG N=10  never_granted=0   M08=0.9887184
  [176/720] Reservation+CG N=10  never_granted=0   M08=0.9948391999999999
  [177/720] ProtoRRageD2+CGu N=12  never_granted=0   M08=0.9545391999999999
  [178/720] Reservation+CG N=10  never_granted=0   M08=0.9919844
  [179/720] Reservation+CG N=10  never_granted=0   M08=0.9952224000000001
  [180/720] Reservation+CG N=10  never_granted=0   M08=0.9897664
  [181/720] TwoTier+CG   N=10  never_granted=0   M08=0.7212904
  [182/720] TwoTier+CG   N=10  never_granted=0   M08=0.1031264
  [183/720] TwoTier+CG   N=10  never_granted=0   M08=0.344176
  [184/720] TwoTier+CG   N=10  never_granted=0   M08=0.054273199999999994
  [185/720] TwoTier+CG   N=10  never_granted=0   M08=0.073808
  [186/720] TwoTier+CG   N=10  never_granted=0   M08=0.125574
  [187/720] PF+CGu       N=10  never_granted=0   M08=0.9857388
  [188/720] TwoTier+CG   N=10  never_granted=0   M08=0.09859760000000001
  [189/720] PF+CGu       N=10  never_granted=0   M08=0.9912612
  [190/720] TwoTier+CG   N=10  never_granted=0   M08=0.07073760000000001
  [191/720] PF+CGu       N=10  never_granted=0   M08=0.987592
  [192/720] TwoTier+CG   N=10  never_granted=0   M08=0.151048
  [193/720] TwoTier+CG   N=10  never_granted=0   M08=0.13419520000000001
  [194/720] ProtoRRageD2+CG N=10  never_granted=0   M08=0.9824811999999999
  [195/720] PF+CGu       N=10  never_granted=0   M08=0.9892004
  [196/720] PF+CGu       N=10  never_granted=0   M08=0.9851472
  [197/720] PF+CGu       N=10  never_granted=0   M08=0.989576
  [198/720] PF+CGu       N=10  never_granted=0   M08=0.9950824
  [199/720] PF+CGu       N=10  never_granted=0   M08=0.9950656
  [200/720] ProtoRRageD2+CG N=10  never_granted=0   M08=0.9687416
  [201/720] PF+CGu       N=10  never_granted=0   M08=1.0004284
  [202/720] PF+CGu       N=10  never_granted=0   M08=0.9945676
  [203/720] ProtoRRageD2+CG N=10  never_granted=0   M08=0.9859475999999999
  [204/720] ProtoRRageD2+CG N=10  never_granted=0   M08=0.9854716
  [205/720] ProtoRRageD2+CG N=10  never_granted=0   M08=0.9831976
  [206/720] ProtoRRageD2+CG N=10  never_granted=0   M08=0.9625596
  [207/720] ProtoRRageD2+CG N=10  never_granted=0   M08=0.9876252
  [208/720] ProtoRRageD2+CG N=10  never_granted=0   M08=0.9935191999999999
  [209/720] Reservation+CGu N=10  never_granted=0   M08=0.9845096
  [210/720] ProtoRRageD2+CG N=10  never_granted=0   M08=0.9992024
  [211/720] ProtoRRageD2+CG N=10  never_granted=0   M08=0.989854
  [212/720] Reservation+CGu N=10  never_granted=0   M08=0.9861795999999999
  [213/720] Reservation+CGu N=10  never_granted=0   M08=0.988306
  [214/720] Reservation+CGu N=10  never_granted=0   M08=0.9875264
  [215/720] Reservation+CGu N=10  never_granted=0   M08=0.9851472
  [216/720] Reservation+CGu N=10  never_granted=0   M08=0.9901348000000001
  [217/720] Reservation+CGu N=10  never_granted=0   M08=0.9934248
  [218/720] Reservation+CGu N=10  never_granted=0   M08=0.9885324
  [219/720] Reservation+CGu N=10  never_granted=0   M08=0.9973644
  [220/720] Reservation+CGu N=10  never_granted=0   M08=0.9886775999999999
  [221/720] TwoTier+CGu  N=10  never_granted=0   M08=0.5638291999999999
  [222/720] TwoTier+CGu  N=10  never_granted=0   M08=0.6388891999999999
  [223/720] TwoTier+CGu  N=10  never_granted=0   M08=0.6347271999999999
  [224/720] TwoTier+CGu  N=10  never_granted=0   M08=0.5570111999999999
  [225/720] TwoTier+CGu  N=10  never_granted=0   M08=0.7635288
  [226/720] PF+CG        N=8   never_granted=0   M08=0.9877904000000001
  [227/720] TwoTier+CGu  N=10  never_granted=0   M08=0.234548
  [228/720] TwoTier+CGu  N=10  never_granted=0   M08=0.677054
  [229/720] PF+CG        N=8   never_granted=0   M08=0.998286
  [230/720] PF+CG        N=8   never_granted=0   M08=0.9882264000000001
  [231/720] TwoTier+CGu  N=10  never_granted=0   M08=0.3336708
  [232/720] TwoTier+CGu  N=10  never_granted=0   M08=0.6180924
  [233/720] TwoTier+CGu  N=10  never_granted=0   M08=0.2821532
  [234/720] ProtoRRageD2+CGu N=10  never_granted=0   M08=0.9833488
  [235/720] PF+CG        N=8   never_granted=0   M08=0.9937528
  [236/720] PF+CG        N=8   never_granted=0   M08=0.9937916
  [237/720] PF+CG        N=8   never_granted=0   M08=0.9835724
  [238/720] PF+CG        N=8   never_granted=0   M08=0.980238
  [239/720] PF+CG        N=8   never_granted=0   M08=0.9993248
  [240/720] PF+CG        N=8   never_granted=0   M08=0.9969008
  [241/720] PF+CG        N=8   never_granted=0   M08=0.9962976
  [242/720] ProtoRRageD2+CGu N=10  never_granted=0   M08=0.9783924
  [243/720] ProtoRRageD2+CGu N=10  never_granted=0   M08=0.9851968000000001
  [244/720] ProtoRRageD2+CGu N=10  never_granted=0   M08=0.985024
  [245/720] ProtoRRageD2+CGu N=10  never_granted=0   M08=0.9837855999999999
  [246/720] ProtoRRageD2+CGu N=10  never_granted=0   M08=0.9911404
  [247/720] ProtoRRageD2+CGu N=10  never_granted=0   M08=0.9721848000000001
  [248/720] Reservation+CG N=8   never_granted=0   M08=0.9820864
  [249/720] ProtoRRageD2+CGu N=10  never_granted=0   M08=0.9955564
  [250/720] Reservation+CG N=8   never_granted=0   M08=0.9847912
  [251/720] Reservation+CG N=8   never_granted=0   M08=0.9835724
  [252/720] Reservation+CG N=8   never_granted=0   M08=0.9934064
  [253/720] Reservation+CG N=8   never_granted=0   M08=0.998286
  [254/720] Reservation+CG N=8   never_granted=0   M08=0.9922631999999999
  [255/720] ProtoRRageD2+CGu N=10  never_granted=0   M08=0.9894364
  [256/720] ProtoRRageD2+CGu N=10  never_granted=0   M08=0.9944728
  [257/720] Reservation+CG N=8   never_granted=0   M08=0.980238
  [258/720] Reservation+CG N=8   never_granted=0   M08=0.996538
  [259/720] Reservation+CG N=8   never_granted=0   M08=0.9987804
  [260/720] Reservation+CG N=8   never_granted=0   M08=0.98856
  [261/720] TwoTier+CG   N=8   never_granted=0   M08=0.983514
  [262/720] TwoTier+CG   N=8   never_granted=0   M08=0.9879828
  [263/720] TwoTier+CG   N=8   never_granted=0   M08=0.9779836
  [264/720] TwoTier+CG   N=8   never_granted=0   M08=0.9820084
  [265/720] TwoTier+CG   N=8   never_granted=0   M08=0.9767296
  [266/720] PF+CGu       N=8   never_granted=0   M08=0.9877904000000001
  [267/720] TwoTier+CG   N=8   never_granted=0   M08=0.9863968000000001
  [268/720] PF+CGu       N=8   never_granted=0   M08=0.998286
  [269/720] PF+CGu       N=8   never_granted=0   M08=0.9872284
  [270/720] TwoTier+CG   N=8   never_granted=0   M08=0.9862388000000001
  [271/720] TwoTier+CG   N=8   never_granted=0   M08=0.9819824
  [272/720] TwoTier+CG   N=8   never_granted=0   M08=0.9736644
  [273/720] TwoTier+CG   N=8   never_granted=0   M08=0.9880912
  [274/720] ProtoRRageD2+CG N=8   never_granted=0   M08=0.9824064
  [275/720] ProtoRRageD2+CG N=8   never_granted=0   M08=0.9937528
  [276/720] ProtoRRageD2+CG N=8   never_granted=0   M08=0.9876752
  [277/720] PF+CGu       N=8   never_granted=0   M08=0.9937528
  [278/720] ProtoRRageD2+CG N=8   never_granted=0   M08=0.998286
  [279/720] PF+CGu       N=8   never_granted=0   M08=0.9835724
  [280/720] PF+CGu       N=8   never_granted=0   M08=0.9789844
  [281/720] PF+CGu       N=8   never_granted=0   M08=0.994138
  [282/720] PF+CGu       N=8   never_granted=0   M08=0.9969008
  [283/720] ProtoRRageD2+CG N=8   never_granted=0   M08=0.9918975999999999
  [284/720] PF+CGu       N=8   never_granted=0   M08=0.9988404000000001
  [285/720] ProtoRRageD2+CG N=8   never_granted=0   M08=0.9831215999999999
  [286/720] PF+CGu       N=8   never_granted=0   M08=0.99516
  [287/720] ProtoRRageD2+CG N=8   never_granted=0   M08=0.9946376
  [288/720] ProtoRRageD2+CG N=8   never_granted=0   M08=0.980238
  [289/720] Reservation+CGu N=8   never_granted=0   M08=0.9855115999999999
  [290/720] Reservation+CGu N=8   never_granted=0   M08=0.9877904000000001
  [291/720] Reservation+CGu N=8   never_granted=0   M08=0.9958116
  [292/720] Reservation+CGu N=8   never_granted=0   M08=0.9928224
  [293/720] ProtoRRageD2+CG N=8   never_granted=0   M08=0.9969008
  [294/720] Reservation+CGu N=8   never_granted=0   M08=0.9835724
  [295/720] ProtoRRageD2+CG N=8   never_granted=0   M08=0.9949228
  [296/720] Reservation+CGu N=8   never_granted=0   M08=0.9876931999999999
  [297/720] Reservation+CGu N=8   never_granted=0   M08=0.980238
  [298/720] Reservation+CGu N=8   never_granted=0   M08=0.9993248
  [299/720] Reservation+CGu N=8   never_granted=0   M08=0.9961404
  [300/720] Reservation+CGu N=8   never_granted=0   M08=0.9930968
  [301/720] PF+CG        N=7   never_granted=0   M08=0.9856368000000001
  [302/720] TwoTier+CGu  N=8   never_granted=0   M08=0.9804312
  [303/720] TwoTier+CGu  N=8   never_granted=0   M08=0.9879988000000001
  [304/720] PF+CG        N=7   never_granted=0   M08=0.973324
  [305/720] TwoTier+CGu  N=8   never_granted=0   M08=0.9880668
  [306/720] TwoTier+CGu  N=8   never_granted=0   M08=0.9880892
  [307/720] TwoTier+CGu  N=8   never_granted=0   M08=0.9775108
  [308/720] PF+CG        N=7   never_granted=0   M08=0.997174
  [309/720] TwoTier+CGu  N=8   never_granted=0   M08=0.9805972
  [310/720] TwoTier+CGu  N=8   never_granted=0   M08=0.9953904
  [311/720] TwoTier+CGu  N=8   never_granted=0   M08=0.9722088000000001
  [312/720] TwoTier+CGu  N=8   never_granted=0   M08=0.9820544
  [313/720] TwoTier+CGu  N=8   never_granted=0   M08=0.9872504
  [314/720] ProtoRRageD2+CGu N=8   never_granted=0   M08=0.9877904000000001
  [315/720] PF+CG        N=7   never_granted=0   M08=0.9991288
  [316/720] PF+CG        N=7   never_granted=0   M08=0.9968612
  [317/720] PF+CG        N=7   never_granted=0   M08=0.9942364
  [318/720] ProtoRRageD2+CGu N=8   never_granted=0   M08=0.9981708
  [319/720] PF+CG        N=7   never_granted=0   M08=1.0002288000000001
  [320/720] PF+CG        N=7   never_granted=0   M08=0.9883868
  [321/720] PF+CG        N=7   never_granted=0   M08=0.982624
  [322/720] PF+CG        N=7   never_granted=0   M08=0.9942688000000001
  [323/720] ProtoRRageD2+CGu N=8   never_granted=0   M08=0.9843951999999999
  [324/720] ProtoRRageD2+CGu N=8   never_granted=0   M08=0.9835724
  [325/720] ProtoRRageD2+CGu N=8   never_granted=0   M08=0.9933024
  [326/720] ProtoRRageD2+CGu N=8   never_granted=0   M08=0.99448
  [327/720] ProtoRRageD2+CGu N=8   never_granted=0   M08=0.980238
  [328/720] ProtoRRageD2+CGu N=8   never_granted=0   M08=0.9992344000000001
  [329/720] Reservation+CG N=7   never_granted=0   M08=0.9848636
  [330/720] Reservation+CG N=7   never_granted=0   M08=0.972172
  [331/720] ProtoRRageD2+CGu N=8   never_granted=0   M08=0.9963236
  [332/720] Reservation+CG N=7   never_granted=0   M08=0.9964812
  [333/720] Reservation+CG N=7   never_granted=0   M08=0.9944896
  [334/720] Reservation+CG N=7   never_granted=0   M08=0.9961188000000001
  [335/720] Reservation+CG N=7   never_granted=0   M08=0.993692
  [336/720] ProtoRRageD2+CGu N=8   never_granted=0   M08=0.9917784000000001
  [337/720] Reservation+CG N=7   never_granted=0   M08=0.9878324
  [338/720] Reservation+CG N=7   never_granted=0   M08=0.976464
  [339/720] Reservation+CG N=7   never_granted=0   M08=1.0001408
  [340/720] Reservation+CG N=7   never_granted=0   M08=0.9942688000000001
  [341/720] PF+CGu       N=7   never_granted=0   M08=0.9732848000000001
  [342/720] PF+CGu       N=7   never_granted=0   M08=0.9856368000000001
  [343/720] PF+CGu       N=7   never_granted=0   M08=0.997174
  [344/720] TwoTier+CG   N=7   never_granted=0   M08=0.9911164
  [345/720] TwoTier+CG   N=7   never_granted=0   M08=0.9856368000000001
  [346/720] TwoTier+CG   N=7   never_granted=0   M08=0.9879311999999999
  [347/720] TwoTier+CG   N=7   never_granted=0   M08=0.9903736
  [348/720] TwoTier+CG   N=7   never_granted=0   M08=0.9873484
  [349/720] TwoTier+CG   N=7   never_granted=0   M08=0.9686275999999999
  [350/720] TwoTier+CG   N=7   never_granted=0   M08=0.9824888
  [351/720] TwoTier+CG   N=7   never_granted=0   M08=0.9747692
  [352/720] TwoTier+CG   N=7   never_granted=0   M08=0.9926268
  [353/720] TwoTier+CG   N=7   never_granted=0   M08=0.9907796
  [354/720] ProtoRRageD2+CG N=7   never_granted=0   M08=0.9807236
  [355/720] ProtoRRageD2+CG N=7   never_granted=0   M08=0.973324
  [356/720] PF+CGu       N=7   never_granted=0   M08=0.998766
  [357/720] PF+CGu       N=7   never_granted=0   M08=0.9968612
  [358/720] ProtoRRageD2+CG N=7   never_granted=0   M08=0.9879448000000001
  [359/720] ProtoRRageD2+CG N=7   never_granted=0   M08=0.9957396
  [360/720] ProtoRRageD2+CG N=7   never_granted=0   M08=0.9970055999999999
  [361/720] PF+CGu       N=7   never_granted=0   M08=0.9936012
  [362/720] ProtoRRageD2+CG N=7   never_granted=0   M08=0.9968612
  [363/720] ProtoRRageD2+CG N=7   never_granted=0   M08=0.9942364
  [364/720] ProtoRRageD2+CG N=7   never_granted=0   M08=0.9973476
  [365/720] PF+CGu       N=7   never_granted=0   M08=0.9883868
  [366/720] PF+CGu       N=7   never_granted=0   M08=0.982624
  [367/720] PF+CGu       N=7   never_granted=0   M08=0.9942688000000001
  [368/720] PF+CGu       N=7   never_granted=0   M08=1.0002288000000001
  [369/720] ProtoRRageD2+CG N=7   never_granted=0   M08=0.9806264
  [370/720] Reservation+CGu N=7   never_granted=0   M08=0.9856368000000001
  [371/720] ProtoRRageD2+CG N=7   never_granted=0   M08=0.9918435999999999
  [372/720] Reservation+CGu N=7   never_granted=0   M08=0.9903324
  [373/720] Reservation+CGu N=7   never_granted=0   M08=0.9994908
  [374/720] Reservation+CGu N=7   never_granted=0   M08=0.9968612
  [375/720] Reservation+CGu N=7   never_granted=0   M08=0.973324
  [376/720] Reservation+CGu N=7   never_granted=0   M08=0.993692
  [377/720] Reservation+CGu N=7   never_granted=0   M08=0.9877271999999999
  [378/720] Reservation+CGu N=7   never_granted=0   M08=0.9999836
  [379/720] Reservation+CGu N=7   never_granted=0   M08=0.9942688000000001
  [380/720] Reservation+CGu N=7   never_granted=0   M08=0.982624
  [381/720] PF+CG        N=6   never_granted=0   M08=0.9959796
  [382/720] PF+CG        N=6   never_granted=0   M08=0.9833836
  [383/720] PF+CG        N=6   never_granted=0   M08=0.9897648
  [384/720] TwoTier+CGu  N=7   never_granted=0   M08=0.9942044
  [385/720] TwoTier+CGu  N=7   never_granted=0   M08=0.9824468000000001
  [386/720] TwoTier+CGu  N=7   never_granted=0   M08=0.974282
  [387/720] TwoTier+CGu  N=7   never_granted=0   M08=0.9868555999999999
  [388/720] TwoTier+CGu  N=7   never_granted=0   M08=0.987402
  [389/720] TwoTier+CGu  N=7   never_granted=0   M08=0.9722828
  [390/720] TwoTier+CGu  N=7   never_granted=0   M08=0.9906372
  [391/720] TwoTier+CGu  N=7   never_granted=0   M08=0.9823744
  [392/720] TwoTier+CGu  N=7   never_granted=0   M08=0.982624
  [393/720] TwoTier+CGu  N=7   never_granted=0   M08=0.9946708000000001
  [394/720] PF+CG        N=6   never_granted=0   M08=0.996488
  [395/720] PF+CG        N=6   never_granted=0   M08=0.9851608000000001
  [396/720] PF+CG        N=6   never_granted=0   M08=0.99055
  [397/720] ProtoRRageD2+CGu N=7   never_granted=0   M08=0.9855216
  [398/720] ProtoRRageD2+CGu N=7   never_granted=0   M08=0.972352
  [399/720] ProtoRRageD2+CGu N=7   never_granted=0   M08=0.9966544
  [400/720] ProtoRRageD2+CGu N=7   never_granted=0   M08=0.9937408000000001
  [401/720] ProtoRRageD2+CGu N=7   never_granted=0   M08=0.9948184
  [402/720] ProtoRRageD2+CGu N=7   never_granted=0   M08=0.9868624
  [403/720] PF+CG        N=6   never_granted=0   M08=0.9929076
  [404/720] PF+CG        N=6   never_granted=0   M08=0.9904712
  [405/720] PF+CG        N=6   never_granted=0   M08=0.995174
  [406/720] ProtoRRageD2+CGu N=7   never_granted=0   M08=1.0000188
  [407/720] PF+CG        N=6   never_granted=0   M08=0.9827028000000001
  [408/720] ProtoRRageD2+CGu N=7   never_granted=0   M08=0.9901168
  [409/720] ProtoRRageD2+CGu N=7   never_granted=0   M08=0.9825088000000001
  [410/720] ProtoRRageD2+CGu N=7   never_granted=0   M08=0.9942688000000001
  [411/720] Reservation+CG N=6   never_granted=0   M08=0.9955071999999999
  [412/720] Reservation+CG N=6   never_granted=0   M08=0.9849108000000001
  [413/720] Reservation+CG N=6   never_granted=0   M08=0.9897648
  [414/720] Reservation+CG N=6   never_granted=0   M08=0.996108
  [415/720] Reservation+CG N=6   never_granted=0   M08=0.9901384
  [416/720] Reservation+CG N=6   never_granted=0   M08=0.9851608000000001
  [417/720] Reservation+CG N=6   never_granted=0   M08=0.9904712
  [418/720] Reservation+CG N=6   never_granted=0   M08=0.995062
  [419/720] Reservation+CG N=6   never_granted=0   M08=0.9925404
  [420/720] Reservation+CG N=6   never_granted=0   M08=0.9827028000000001
  [421/720] PF+CGu       N=6   never_granted=0   M08=0.9959796
  [422/720] PF+CGu       N=6   never_granted=0   M08=0.9849108000000001
  [423/720] PF+CGu       N=6   never_granted=0   M08=0.9897648
  [424/720] TwoTier+CG   N=6   never_granted=0   M08=0.9899608000000001
  [425/720] TwoTier+CG   N=6   never_granted=0   M08=0.9799648000000001
  [426/720] TwoTier+CG   N=6   never_granted=0   M08=0.983378
  [427/720] PF+CGu       N=6   never_granted=0   M08=0.996488
  [428/720] ProtoRRageD2+CG N=6   never_granted=0   M08=0.9959796
  [429/720] TwoTier+CG   N=6   never_granted=0   M08=0.9836128000000001
  [430/720] PF+CGu       N=6   never_granted=0   M08=0.99055
  [431/720] TwoTier+CG   N=6   never_granted=0   M08=0.9853512
  [432/720] TwoTier+CG   N=6   never_granted=0   M08=0.9963728000000001
  [433/720] TwoTier+CG   N=6   never_granted=0   M08=0.9886448000000001
  [434/720] PF+CGu       N=6   never_granted=0   M08=0.9851608000000001
  [435/720] TwoTier+CG   N=6   never_granted=0   M08=0.977642
  [436/720] TwoTier+CG   N=6   never_granted=0   M08=0.9832524
  [437/720] TwoTier+CG   N=6   never_granted=0   M08=0.9822224
  [438/720] ProtoRRageD2+CG N=6   never_granted=0   M08=0.9847935999999999
  [439/720] ProtoRRageD2+CG N=6   never_granted=0   M08=0.9897648
  [440/720] ProtoRRageD2+CG N=6   never_granted=0   M08=0.9920135999999999
  [441/720] ProtoRRageD2+CG N=6   never_granted=0   M08=0.9893951999999999
  [442/720] ProtoRRageD2+CG N=6   never_granted=0   M08=0.9895771999999999
  [443/720] PF+CGu       N=6   never_granted=0   M08=0.9904712
  [444/720] ProtoRRageD2+CG N=6   never_granted=0   M08=0.9900996
  [445/720] ProtoRRageD2+CG N=6   never_granted=0   M08=0.9823504000000001
  [446/720] ProtoRRageD2+CG N=6   never_granted=0   M08=0.995174
  [447/720] PF+CGu       N=6   never_granted=0   M08=0.995174
  [448/720] ProtoRRageD2+CG N=6   never_granted=0   M08=0.9827028000000001
  [449/720] PF+CGu       N=6   never_granted=0   M08=0.9929076
  [450/720] PF+CGu       N=6   never_granted=0   M08=0.9827028000000001
  [451/720] Reservation+CGu N=6   never_granted=0   M08=0.9954024
  [452/720] Reservation+CGu N=6   never_granted=0   M08=0.9891876
  [453/720] Reservation+CGu N=6   never_granted=0   M08=0.9849108000000001
  [454/720] Reservation+CGu N=6   never_granted=0   M08=0.996488
  [455/720] Reservation+CGu N=6   never_granted=0   M08=0.9943944
  [456/720] Reservation+CGu N=6   never_granted=0   M08=0.99055
  [457/720] Reservation+CGu N=6   never_granted=0   M08=0.9836524
  [458/720] Reservation+CGu N=6   never_granted=0   M08=0.9898064
  [459/720] Reservation+CGu N=6   never_granted=0   M08=0.9929076
  [460/720] Reservation+CGu N=6   never_granted=0   M08=0.9827028000000001
  [461/720] PF+CG        N=5   never_granted=0   M08=0.9916075999999999
  [462/720] PF+CG        N=5   never_granted=0   M08=0.9918504
  [463/720] PF+CG        N=5   never_granted=0   M08=0.988256
  [464/720] TwoTier+CGu  N=6   never_granted=0   M08=0.9895484
  [465/720] TwoTier+CGu  N=6   never_granted=0   M08=0.9784264
  [466/720] PF+CG        N=5   never_granted=0   M08=0.9904788
  [467/720] PF+CG        N=5   never_granted=0   M08=0.9968731999999999
  [468/720] PF+CG        N=5   never_granted=0   M08=1.0049748
  [469/720] TwoTier+CGu  N=6   never_granted=0   M08=0.9856132
  [470/720] TwoTier+CGu  N=6   never_granted=0   M08=0.9954232
  [471/720] TwoTier+CGu  N=6   never_granted=0   M08=0.9890232
  [472/720] TwoTier+CGu  N=6   never_granted=0   M08=0.9885535999999999
  [473/720] TwoTier+CGu  N=6   never_granted=0   M08=0.9774115999999999
  [474/720] TwoTier+CGu  N=6   never_granted=0   M08=0.9896908000000001
  [475/720] TwoTier+CGu  N=6   never_granted=0   M08=0.9827028000000001
  [476/720] TwoTier+CGu  N=6   never_granted=0   M08=0.9917336
  [477/720] ProtoRRageD2+CGu N=6   never_granted=0   M08=0.9959796
  [478/720] ProtoRRageD2+CGu N=6   never_granted=0   M08=0.9837952
  [479/720] ProtoRRageD2+CGu N=6   never_granted=0   M08=0.988102
  [480/720] PF+CG        N=5   never_granted=0   M08=0.9922804000000001
  [481/720] ProtoRRageD2+CGu N=6   never_granted=0   M08=0.9851608000000001
  [482/720] PF+CG        N=5   never_granted=0   M08=0.9961548
  [483/720] PF+CG        N=5   never_granted=0   M08=0.9973524
  [484/720] PF+CG        N=5   never_granted=0   M08=1.0049164
  [485/720] ProtoRRageD2+CGu N=6   never_granted=0   M08=0.9952096
  [486/720] ProtoRRageD2+CGu N=6   never_granted=0   M08=0.990432
  [487/720] ProtoRRageD2+CGu N=6   never_granted=0   M08=0.9904712
  [488/720] ProtoRRageD2+CGu N=6   never_granted=0   M08=0.9929076
  [489/720] ProtoRRageD2+CGu N=6   never_granted=0   M08=0.9827028000000001
  [490/720] ProtoRRageD2+CGu N=6   never_granted=0   M08=0.995174
  [491/720] Reservation+CG N=5   never_granted=0   M08=0.9914464000000001
  [492/720] Reservation+CG N=5   never_granted=0   M08=0.9916075999999999
  [493/720] Reservation+CG N=5   never_granted=0   M08=0.988256
  [494/720] Reservation+CG N=5   never_granted=0   M08=0.9901056
  [495/720] Reservation+CG N=5   never_granted=0   M08=0.9968731999999999
  [496/720] Reservation+CG N=5   never_granted=0   M08=1.0051988
  [497/720] Reservation+CG N=5   never_granted=0   M08=0.9973524
  [498/720] Reservation+CG N=5   never_granted=0   M08=0.9922804000000001
  [499/720] Reservation+CG N=5   never_granted=0   M08=1.0049164
  [500/720] Reservation+CG N=5   never_granted=0   M08=0.9961548
  [501/720] PF+CGu       N=5   never_granted=0   M08=0.9918504
  [502/720] PF+CGu       N=5   never_granted=0   M08=0.988256
  [503/720] PF+CGu       N=5   never_granted=0   M08=0.9916075999999999
  [504/720] TwoTier+CG   N=5   never_granted=0   M08=0.9913264
  [505/720] TwoTier+CG   N=5   never_granted=0   M08=0.9915172
  [506/720] PF+CGu       N=5   never_granted=0   M08=0.9904788
  [507/720] TwoTier+CG   N=5   never_granted=0   M08=0.9904788
  [508/720] PF+CGu       N=5   never_granted=0   M08=1.0051988
  [509/720] TwoTier+CG   N=5   never_granted=0   M08=0.9972791999999999
  [510/720] PF+CGu       N=5   never_granted=0   M08=0.9968731999999999
  [511/720] TwoTier+CG   N=5   never_granted=0   M08=0.988256
  [512/720] TwoTier+CG   N=5   never_granted=0   M08=0.9943168
  [513/720] TwoTier+CG   N=5   never_granted=0   M08=0.9921652
  [514/720] TwoTier+CG   N=5   never_granted=0   M08=1.0042748000000001
  [515/720] TwoTier+CG   N=5   never_granted=0   M08=0.9932572
  [516/720] ProtoRRageD2+CG N=5   never_granted=0   M08=0.9918504
  [517/720] ProtoRRageD2+CG N=5   never_granted=0   M08=0.9916075999999999
  [518/720] TwoTier+CG   N=5   never_granted=0   M08=0.9998324000000001
  [519/720] ProtoRRageD2+CG N=5   never_granted=0   M08=0.988256
  [520/720] ProtoRRageD2+CG N=5   never_granted=0   M08=0.9904788
  [521/720] ProtoRRageD2+CG N=5   never_granted=0   M08=0.9968731999999999
  [522/720] ProtoRRageD2+CG N=5   never_granted=0   M08=1.0051988
  [523/720] PF+CGu       N=5   never_granted=0   M08=0.9858492
  [524/720] ProtoRRageD2+CG N=5   never_granted=0   M08=0.9922804000000001
  [525/720] ProtoRRageD2+CG N=5   never_granted=0   M08=0.9973524
  [526/720] PF+CGu       N=5   never_granted=0   M08=1.0017156
  [527/720] ProtoRRageD2+CG N=5   never_granted=0   M08=1.0049164
  [528/720] PF+CGu       N=5   never_granted=0   M08=0.9961548
  [529/720] ProtoRRageD2+CG N=5   never_granted=0   M08=0.995
  [530/720] PF+CGu       N=5   never_granted=0   M08=0.996082
  [531/720] Reservation+CGu N=5   never_granted=0   M08=0.9918504
  [532/720] Reservation+CGu N=5   never_granted=0   M08=0.9877344
  [533/720] Reservation+CGu N=5   never_granted=0   M08=0.9916075999999999
  [534/720] Reservation+CGu N=5   never_granted=0   M08=0.9904788
  [535/720] Reservation+CGu N=5   never_granted=0   M08=0.996002
  [536/720] Reservation+CGu N=5   never_granted=0   M08=1.0051988
  [537/720] Reservation+CGu N=5   never_granted=0   M08=0.9859011999999999
  [538/720] Reservation+CGu N=5   never_granted=0   M08=0.9973524
  [539/720] Reservation+CGu N=5   never_granted=0   M08=1.0041432
  [540/720] Reservation+CGu N=5   never_granted=0   M08=0.9961548
  [541/720] PF+CG        N=4   never_granted=0   M08=0.9899851999999999
  [542/720] PF+CG        N=4   never_granted=0   M08=0.9946891999999999
  [543/720] PF+CG        N=4   never_granted=0   M08=0.9964868
  [544/720] TwoTier+CGu  N=5   never_granted=0   M08=0.9918504
  [545/720] PF+CG        N=4   never_granted=0   M08=0.989496
  [546/720] PF+CG        N=4   never_granted=0   M08=0.9936208000000001
  [547/720] PF+CG        N=4   never_granted=0   M08=0.9988348
  [548/720] TwoTier+CGu  N=5   never_granted=0   M08=0.9901304000000001
  [549/720] TwoTier+CGu  N=5   never_granted=0   M08=0.9916075999999999
  [550/720] TwoTier+CGu  N=5   never_granted=0   M08=0.9972371999999999
  [551/720] TwoTier+CGu  N=5   never_granted=0   M08=0.9851911999999999
  [552/720] TwoTier+CGu  N=5   never_granted=0   M08=0.9909836
  [553/720] TwoTier+CGu  N=5   never_granted=0   M08=0.9922804000000001
  [554/720] TwoTier+CGu  N=5   never_granted=0   M08=1.0030531999999999
  [555/720] TwoTier+CGu  N=5   never_granted=0   M08=0.9897296
  [556/720] TwoTier+CGu  N=5   never_granted=0   M08=1.0008716
  [557/720] ProtoRRageD2+CGu N=5   never_granted=0   M08=0.9861508
  [558/720] ProtoRRageD2+CGu N=5   never_granted=0   M08=0.9901324
  [559/720] ProtoRRageD2+CGu N=5   never_granted=0   M08=0.9818768
  [560/720] PF+CG        N=4   never_granted=0   M08=0.9922384000000001
  [561/720] PF+CG        N=4   never_granted=0   M08=1.0071776
  [562/720] ProtoRRageD2+CGu N=5   never_granted=0   M08=0.9973524
  [563/720] ProtoRRageD2+CGu N=5   never_granted=0   M08=0.9904212
  [564/720] PF+CG        N=4   never_granted=0   M08=0.9932604
  [565/720] PF+CG        N=4   never_granted=0   M08=0.992612
  [566/720] ProtoRRageD2+CGu N=5   never_granted=0   M08=0.996758
  [567/720] ProtoRRageD2+CGu N=5   never_granted=0   M08=0.9981392
  [568/720] ProtoRRageD2+CGu N=5   never_granted=0   M08=0.9922804000000001
  [569/720] Reservation+CG N=4   never_granted=0   M08=0.9946891999999999
  [570/720] Reservation+CG N=4   never_granted=0   M08=0.9899851999999999
  [571/720] ProtoRRageD2+CGu N=5   never_granted=0   M08=1.0024144
  [572/720] ProtoRRageD2+CGu N=5   never_granted=0   M08=0.9961548
  [573/720] Reservation+CG N=4   never_granted=0   M08=0.989496
  [574/720] Reservation+CG N=4   never_granted=0   M08=0.9936208000000001
  [575/720] Reservation+CG N=4   never_granted=0   M08=0.9961404
  [576/720] Reservation+CG N=4   never_granted=0   M08=0.9982051999999999
  [577/720] Reservation+CG N=4   never_granted=0   M08=0.9922384000000001
  [578/720] Reservation+CG N=4   never_granted=0   M08=1.0063488
  [579/720] Reservation+CG N=4   never_granted=0   M08=0.9932604
  [580/720] Reservation+CG N=4   never_granted=0   M08=0.992612
  [581/720] PF+CGu       N=4   never_granted=0   M08=0.9837924
  [582/720] PF+CGu       N=4   never_granted=0   M08=0.9878028000000001
  [583/720] PF+CGu       N=4   never_granted=0   M08=0.9964868
  [584/720] TwoTier+CG   N=4   never_granted=0   M08=0.9946891999999999
  [585/720] TwoTier+CG   N=4   never_granted=0   M08=0.9899851999999999
  [586/720] TwoTier+CG   N=4   never_granted=0   M08=0.9936208000000001
  [587/720] TwoTier+CG   N=4   never_granted=0   M08=0.9964868
  [588/720] TwoTier+CG   N=4   never_granted=0   M08=0.989496
  [589/720] TwoTier+CG   N=4   never_granted=0   M08=0.9988348
  [590/720] TwoTier+CG   N=4   never_granted=0   M08=0.9932604
  [591/720] TwoTier+CG   N=4   never_granted=0   M08=1.0071776
  [592/720] TwoTier+CG   N=4   never_granted=0   M08=0.9922384000000001
  [593/720] TwoTier+CG   N=4   never_granted=0   M08=0.992612
  [594/720] ProtoRRageD2+CG N=4   never_granted=0   M08=0.9946891999999999
  [595/720] ProtoRRageD2+CG N=4   never_granted=0   M08=0.9964868
  [596/720] ProtoRRageD2+CG N=4   never_granted=0   M08=0.9936208000000001
  [597/720] ProtoRRageD2+CG N=4   never_granted=0   M08=0.9892364
  [598/720] ProtoRRageD2+CG N=4   never_granted=0   M08=0.9893808000000001
  [599/720] ProtoRRageD2+CG N=4   never_granted=0   M08=0.9922384000000001
  [600/720] ProtoRRageD2+CG N=4   never_granted=0   M08=1.0071776
  [601/720] ProtoRRageD2+CG N=4   never_granted=0   M08=0.9932604
  [602/720] ProtoRRageD2+CG N=4   never_granted=0   M08=0.9988348
  [603/720] ProtoRRageD2+CG N=4   never_granted=0   M08=0.992612
  [604/720] PF+CGu       N=4   never_granted=0   M08=0.98391
  [605/720] PF+CGu       N=4   never_granted=0   M08=0.9883552
  [606/720] PF+CGu       N=4   never_granted=0   M08=0.9923816
  [607/720] PF+CGu       N=4   never_granted=0   M08=0.9861124
  [608/720] PF+CGu       N=4   never_granted=0   M08=0.9999348
  [609/720] PF+CGu       N=4   never_granted=0   M08=0.9932604
  [610/720] PF+CGu       N=4   never_granted=0   M08=0.9868924
  [611/720] Reservation+CGu N=4   never_granted=0   M08=0.9898484000000001
  [612/720] Reservation+CGu N=4   never_granted=0   M08=0.9878028000000001
  [613/720] Reservation+CGu N=4   never_granted=0   M08=0.9895672
  [614/720] Reservation+CGu N=4   never_granted=0   M08=0.989496
  [615/720] Reservation+CGu N=4   never_granted=0   M08=0.9883552
  [616/720] Reservation+CGu N=4   never_granted=0   M08=0.9988348
  [617/720] Reservation+CGu N=4   never_granted=0   M08=0.9922384000000001
  [618/720] Reservation+CGu N=4   never_granted=0   M08=0.9999348
  [619/720] Reservation+CGu N=4   never_granted=0   M08=0.9868332
  [620/720] Reservation+CGu N=4   never_granted=0   M08=0.9868924
  [621/720] PF+CG        N=2   never_granted=0   M08=1.0118544
  [622/720] PF+CG        N=2   never_granted=0   M08=1.0042328
  [623/720] PF+CG        N=2   never_granted=0   M08=0.9928564
  [624/720] TwoTier+CGu  N=4   never_granted=0   M08=0.9878028000000001
  [625/720] TwoTier+CGu  N=4   never_granted=0   M08=0.9899851999999999
  [626/720] TwoTier+CGu  N=4   never_granted=0   M08=0.9895672
  [627/720] TwoTier+CGu  N=4   never_granted=0   M08=0.9936208000000001
  [628/720] TwoTier+CGu  N=4   never_granted=0   M08=0.98391
  [629/720] TwoTier+CGu  N=4   never_granted=0   M08=0.9999348
  [630/720] TwoTier+CGu  N=4   never_granted=0   M08=0.9861124
  [631/720] TwoTier+CGu  N=4   never_granted=0   M08=0.9923816
  [632/720] PF+CG        N=2   never_granted=0   M08=0.994254
  [633/720] PF+CG        N=2   never_granted=0   M08=0.9841356
  [634/720] PF+CG        N=2   never_granted=0   M08=0.9951471999999999
  [635/720] TwoTier+CGu  N=4   never_granted=0   M08=0.98819
  [636/720] ProtoRRageD2+CGu N=4   never_granted=0   M08=0.9930192
  [637/720] TwoTier+CGu  N=4   never_granted=0   M08=0.992612
  [638/720] PF+CG        N=2   never_granted=0   M08=0.9878336
  [639/720] ProtoRRageD2+CGu N=4   never_granted=0   M08=0.9899851999999999
  [640/720] PF+CG        N=2   never_granted=0   M08=1.0015612
  [641/720] PF+CG        N=2   never_granted=0   M08=1.0043912
  [642/720] ProtoRRageD2+CGu N=4   never_granted=0   M08=0.9964868
  [643/720] PF+CG        N=2   never_granted=0   M08=0.9967412
  [644/720] Reservation+CG N=2   never_granted=0   M08=1.0118544
  [645/720] ProtoRRageD2+CGu N=4   never_granted=0   M08=0.9936208000000001
  [646/720] Reservation+CG N=2   never_granted=0   M08=0.9929764
  [647/720] Reservation+CG N=2   never_granted=0   M08=0.994134
  [648/720] Reservation+CG N=2   never_granted=0   M08=1.0049588
  [649/720] ProtoRRageD2+CGu N=4   never_granted=0   M08=0.98391
  [650/720] Reservation+CG N=2   never_granted=0   M08=0.9841356
  [651/720] Reservation+CG N=2   never_granted=0   M08=0.9948188
  [652/720] ProtoRRageD2+CGu N=4   never_granted=0   M08=0.9861124
  [653/720] ProtoRRageD2+CGu N=4   never_granted=0   M08=0.9923816
  [654/720] Reservation+CG N=2   never_granted=0   M08=0.9879536
  [655/720] Reservation+CG N=2   never_granted=0   M08=1.0015612
  [656/720] ProtoRRageD2+CGu N=4   never_granted=0   M08=0.9998616
  [657/720] ProtoRRageD2+CGu N=4   never_granted=0   M08=0.9931452
  [658/720] Reservation+CG N=2   never_granted=0   M08=0.9967412
  [659/720] Reservation+CG N=2   never_granted=0   M08=1.0043912
  [660/720] ProtoRRageD2+CGu N=4   never_granted=0   M08=0.992612
  [661/720] PF+CGu       N=2   never_granted=0   M08=0.9918768
  [662/720] PF+CGu       N=2   never_granted=0   M08=1.0055631999999999
  [663/720] PF+CGu       N=2   never_granted=0   M08=0.9974575999999999
  [664/720] TwoTier+CG   N=2   never_granted=0   M08=1.0118544
  [665/720] TwoTier+CG   N=2   never_granted=0   M08=0.9927691999999999
  [666/720] TwoTier+CG   N=2   never_granted=0   M08=0.9841356
  [667/720] TwoTier+CG   N=2   never_granted=0   M08=0.9929764
  [668/720] TwoTier+CG   N=2   never_granted=0   M08=1.0049588
  [669/720] TwoTier+CG   N=2   never_granted=0   M08=0.9951471999999999
  [670/720] TwoTier+CG   N=2   never_granted=0   M08=0.9879536
  [671/720] TwoTier+CG   N=2   never_granted=0   M08=1.0015612
  [672/720] TwoTier+CG   N=2   never_granted=0   M08=1.0043912
  [673/720] TwoTier+CG   N=2   never_granted=0   M08=0.9967412
  [674/720] PF+CGu       N=2   never_granted=0   M08=0.98872
  [675/720] PF+CGu       N=2   never_granted=0   M08=0.977446
  [676/720] ProtoRRageD2+CG N=2   never_granted=0   M08=1.0117968
  [677/720] ProtoRRageD2+CG N=2   never_granted=0   M08=0.9929764
  [678/720] ProtoRRageD2+CG N=2   never_granted=0   M08=1.0049588
  [679/720] ProtoRRageD2+CG N=2   never_granted=0   M08=0.9840624
  [680/720] PF+CGu       N=2   never_granted=0   M08=0.98795
  [681/720] ProtoRRageD2+CG N=2   never_granted=0   M08=0.9951471999999999
  [682/720] ProtoRRageD2+CG N=2   never_granted=0   M08=0.994254
  [683/720] ProtoRRageD2+CG N=2   never_granted=0   M08=1.0015612
  [684/720] ProtoRRageD2+CG N=2   never_granted=0   M08=0.9879536
  [685/720] PF+CGu       N=2   never_granted=0   M08=0.9823552
  [686/720] PF+CGu       N=2   never_granted=0   M08=0.994586
  [687/720] ProtoRRageD2+CG N=2   never_granted=0   M08=0.9967412
  [688/720] PF+CGu       N=2   never_granted=0   M08=0.9973048
  [689/720] ProtoRRageD2+CG N=2   never_granted=0   M08=1.0043912
  [690/720] PF+CGu       N=2   never_granted=0   M08=0.990598
  [691/720] Reservation+CGu N=2   never_granted=0   M08=1.0055631999999999
  [692/720] Reservation+CGu N=2   never_granted=0   M08=0.9859136
  [693/720] Reservation+CGu N=2   never_granted=0   M08=0.98872
  [694/720] Reservation+CGu N=2   never_granted=0   M08=0.9974575999999999
  [695/720] Reservation+CGu N=2   never_granted=0   M08=0.977446
  [696/720] Reservation+CGu N=2   never_granted=0   M08=0.98795
  [697/720] Reservation+CGu N=2   never_granted=0   M08=0.9823552
  [698/720] Reservation+CGu N=2   never_granted=0   M08=0.9973048
  [699/720] Reservation+CGu N=2   never_granted=0   M08=1.0013764
  [700/720] Reservation+CGu N=2   never_granted=0   M08=0.9884204
  [701/720] TwoTier+CGu  N=2   never_granted=0   M08=1.0055631999999999
  [702/720] TwoTier+CGu  N=2   never_granted=0   M08=0.9910131999999999
  [703/720] TwoTier+CGu  N=2   never_granted=0   M08=0.994254
  [704/720] TwoTier+CGu  N=2   never_granted=0   M08=0.9828652
  [705/720] TwoTier+CGu  N=2   never_granted=0   M08=0.98795
  [706/720] TwoTier+CGu  N=2   never_granted=0   M08=0.9973671999999999
  [707/720] TwoTier+CGu  N=2   never_granted=0   M08=0.9823552
  [708/720] TwoTier+CGu  N=2   never_granted=0   M08=0.994586
  [709/720] TwoTier+CGu  N=2   never_granted=0   M08=0.9934844
  [710/720] TwoTier+CGu  N=2   never_granted=0   M08=1.0043912
  [711/720] ProtoRRageD2+CGu N=2   never_granted=0   M08=1.0118544
  [712/720] ProtoRRageD2+CGu N=2   never_granted=0   M08=0.98872
  [713/720] ProtoRRageD2+CGu N=2   never_granted=0   M08=0.9974575999999999
  [714/720] ProtoRRageD2+CGu N=2   never_granted=0   M08=0.9929764
  [715/720] ProtoRRageD2+CGu N=2   never_granted=0   M08=0.977446
  [716/720] ProtoRRageD2+CGu N=2   never_granted=0   M08=0.98795
  [717/720] ProtoRRageD2+CGu N=2   never_granted=0   M08=0.9879536
  [718/720] ProtoRRageD2+CGu N=2   never_granted=0   M08=0.994586
  [719/720] ProtoRRageD2+CGu N=2   never_granted=0   M08=0.9967412
  [720/720] ProtoRRageD2+CGu N=2   never_granted=0   M08=0.9972144000000001

wrote sweeps\cg-2026-09-14\g10.json
