G3 stress: 400 driver runs, 22.4M slots (1.56 simulated hours)
  parts ['A']  arms ['PF+CG', 'Reservation+CG', 'TwoTier+CG', 'ProtoRRageD2+CG']  caps [4]  seeds 10  fixed N=6
  bounds: max gap <= 500 ms, zero gaps >= 2000 ms (campaign), p98 <= 95 ms
    gt22: 400 runs, 22.4M slots
  projected cost: 2.68 h CPU -> 9 min wall at 23 workers (x0.77 measured pool efficiency)
  projected peak memory: 11.2 GB (500 MB x 23 workers, worst task 200,000 slots)
  0 banked, 400 to run
    ... 25/400 (235s)
    ... 50/400 (441s)
    ... 75/400 (554s)
    ... 100/400 (626s)
    ... 125/400 (730s)
    ... 150/400 (805s)
    ... 175/400 (856s)
    ... 200/400 (930s)
    ... 225/400 (990s)
    ... 250/400 (1032s)
    ... 275/400 (1085s)
    ... 300/400 (1114s)
    ... 325/400 (1168s)
    ... 350/400 (1203s)
    ... 375/400 (1229s)
    ... 400/400 (1258s)

wrote sweeps\cg-2026-09-14\g3_cg.json  (1258s, 400 runs)
