G5 video: 880 driver runs, 35.2M slots
  parts A,B,C  arms PF+CG,Reservation+CG,TwoTier+CG,ProtoRRageD2+CG  seeds 10 (base 0)  cap 4  fixed N=7
  bounds: PDU sets >= 99% within 150 ms; frame age p95 <= 66.67 ms (2 frame periods at 30 fps); goodput >= GFBR in EVERY 2 s window
  0 banked, 880 to run
    ... 50/880 (107s)
    ... 100/880 (189s)
    ... 150/880 (271s)
    ... 200/880 (369s)
    ... 250/880 (476s)
    ... 300/880 (594s)
    ... 350/880 (704s)
    ... 400/880 (828s)
    ... 450/880 (986s)
    ... 500/880 (1176s)
    ... 550/880 (1373s)
    ... 600/880 (1608s)
    ... 650/880 (1807s)
    ... 700/880 (2008s)
    ... 750/880 (2240s)
    ... 800/880 (2460s)
    ... 850/880 (2649s)
    ... 880/880 (2820s)

wrote sweeps\cg-2026-09-14\g5_cg.json  (2821s, 880 runs)
