80 runs = 8 arms x 10 seeds, asset B (ue2) camera offered at 2.1x MFBR
  [1/80] PF+CG        seed=1826701614 B_cam=8.42 Mbps (MFBR 8.0)
  [2/80] PF+CG        seed=579362555 B_cam=8.14 Mbps (MFBR 8.0)
  [3/80] PF+CG        seed=161576974 B_cam=7.24 Mbps (MFBR 8.0)
  [4/80] PF+CG        seed=87989972 B_cam=8.01 Mbps (MFBR 8.0)
  [5/80] PF+CG        seed=1746484539 B_cam=8.48 Mbps (MFBR 8.0)
  [6/80] PF+CG        seed=661058651 B_cam=8.35 Mbps (MFBR 8.0)
  [7/80] PF+CG        seed=1367864806 B_cam=8.79 Mbps (MFBR 8.0)
  [8/80] PF+CG        seed=376383645 B_cam=8.08 Mbps (MFBR 8.0)
  [9/80] PF+CG        seed=1097657231 B_cam=8.65 Mbps (MFBR 8.0)
  [10/80] PF+CG        seed=35492826 B_cam=8.13 Mbps (MFBR 8.0)
  [11/80] Reservation+CG seed=87989972 B_cam=14.13 Mbps (MFBR 8.0)
  [12/80] Reservation+CG seed=1826701614 B_cam=14.83 Mbps (MFBR 8.0)
  [13/80] Reservation+CG seed=376383645 B_cam=14.16 Mbps (MFBR 8.0)
  [14/80] Reservation+CG seed=161576974 B_cam=12.87 Mbps (MFBR 8.0)
  [15/80] Reservation+CG seed=579362555 B_cam=14.50 Mbps (MFBR 8.0)
  [16/80] Reservation+CG seed=1097657231 B_cam=14.99 Mbps (MFBR 8.0)
  [17/80] Reservation+CG seed=1367864806 B_cam=15.39 Mbps (MFBR 8.0)
  [18/80] Reservation+CG seed=661058651 B_cam=15.06 Mbps (MFBR 8.0)
  [19/80] Reservation+CG seed=35492826 B_cam=14.10 Mbps (MFBR 8.0)
  [20/80] Reservation+CG seed=1746484539 B_cam=15.30 Mbps (MFBR 8.0)
  [21/80] TwoTier+CG   seed=1826701614 B_cam=16.23 Mbps (MFBR 8.0)
  [22/80] TwoTier+CG   seed=1097657231 B_cam=16.62 Mbps (MFBR 8.0)
  [23/80] TwoTier+CG   seed=1367864806 B_cam=16.47 Mbps (MFBR 8.0)
  [24/80] PF+CGu       seed=1367864806 B_cam=8.84 Mbps (MFBR 8.0)
  [25/80] PF+CGu       seed=1826701614 B_cam=8.48 Mbps (MFBR 8.0)
  [26/80] PF+CGu       seed=1097657231 B_cam=8.70 Mbps (MFBR 8.0)
  [27/80] TwoTier+CG   seed=161576974 B_cam=15.94 Mbps (MFBR 8.0)
  [28/80] PF+CGu       seed=579362555 B_cam=8.23 Mbps (MFBR 8.0)
  [29/80] TwoTier+CG   seed=579362555 B_cam=16.54 Mbps (MFBR 8.0)
  [30/80] TwoTier+CG   seed=87989972 B_cam=16.78 Mbps (MFBR 8.0)
  [31/80] TwoTier+CG   seed=661058651 B_cam=16.03 Mbps (MFBR 8.0)
  [32/80] TwoTier+CG   seed=376383645 B_cam=16.44 Mbps (MFBR 8.0)
  [33/80] TwoTier+CG   seed=35492826 B_cam=16.40 Mbps (MFBR 8.0)
  [34/80] TwoTier+CG   seed=1746484539 B_cam=16.48 Mbps (MFBR 8.0)
  [35/80] PF+CGu       seed=661058651 B_cam=8.41 Mbps (MFBR 8.0)
  [36/80] PF+CGu       seed=87989972 B_cam=8.09 Mbps (MFBR 8.0)
  [37/80] PF+CGu       seed=161576974 B_cam=7.31 Mbps (MFBR 8.0)
  [38/80] PF+CGu       seed=35492826 B_cam=8.21 Mbps (MFBR 8.0)
  [39/80] PF+CGu       seed=376383645 B_cam=8.14 Mbps (MFBR 8.0)
  [40/80] ProtoRRageD2+CG seed=1097657231 B_cam=8.92 Mbps (MFBR 8.0)
  [41/80] ProtoRRageD2+CG seed=1367864806 B_cam=9.24 Mbps (MFBR 8.0)
  [42/80] ProtoRRageD2+CG seed=1826701614 B_cam=8.74 Mbps (MFBR 8.0)
  [43/80] PF+CGu       seed=1746484539 B_cam=8.56 Mbps (MFBR 8.0)
  [44/80] ProtoRRageD2+CG seed=579362555 B_cam=8.65 Mbps (MFBR 8.0)
  [45/80] ProtoRRageD2+CG seed=161576974 B_cam=7.33 Mbps (MFBR 8.0)
  [46/80] ProtoRRageD2+CG seed=87989972 B_cam=8.28 Mbps (MFBR 8.0)
  [47/80] ProtoRRageD2+CG seed=376383645 B_cam=8.59 Mbps (MFBR 8.0)
  [48/80] ProtoRRageD2+CG seed=661058651 B_cam=8.22 Mbps (MFBR 8.0)
  [49/80] ProtoRRageD2+CG seed=1746484539 B_cam=8.71 Mbps (MFBR 8.0)
  [50/80] ProtoRRageD2+CG seed=35492826 B_cam=8.75 Mbps (MFBR 8.0)
  [51/80] Reservation+CGu seed=1826701614 B_cam=13.83 Mbps (MFBR 8.0)
  [52/80] Reservation+CGu seed=1367864806 B_cam=14.68 Mbps (MFBR 8.0)
  [53/80] Reservation+CGu seed=1097657231 B_cam=14.27 Mbps (MFBR 8.0)
  [54/80] Reservation+CGu seed=87989972 B_cam=13.23 Mbps (MFBR 8.0)
  [55/80] Reservation+CGu seed=661058651 B_cam=13.93 Mbps (MFBR 8.0)
  [56/80] Reservation+CGu seed=35492826 B_cam=13.30 Mbps (MFBR 8.0)
  [57/80] Reservation+CGu seed=161576974 B_cam=12.28 Mbps (MFBR 8.0)
  [58/80] Reservation+CGu seed=376383645 B_cam=13.35 Mbps (MFBR 8.0)
  [59/80] Reservation+CGu seed=579362555 B_cam=13.60 Mbps (MFBR 8.0)
  [60/80] Reservation+CGu seed=1746484539 B_cam=14.39 Mbps (MFBR 8.0)
  [61/80] TwoTier+CGu  seed=1826701614 B_cam=16.27 Mbps (MFBR 8.0)
  [62/80] TwoTier+CGu  seed=1367864806 B_cam=16.31 Mbps (MFBR 8.0)
  [63/80] TwoTier+CGu  seed=1097657231 B_cam=16.66 Mbps (MFBR 8.0)
  [64/80] TwoTier+CGu  seed=579362555 B_cam=16.83 Mbps (MFBR 8.0)
  [65/80] TwoTier+CGu  seed=661058651 B_cam=16.24 Mbps (MFBR 8.0)
  [66/80] TwoTier+CGu  seed=87989972 B_cam=15.88 Mbps (MFBR 8.0)
  [67/80] TwoTier+CGu  seed=161576974 B_cam=14.46 Mbps (MFBR 8.0)
  [68/80] TwoTier+CGu  seed=376383645 B_cam=16.47 Mbps (MFBR 8.0)
  [69/80] TwoTier+CGu  seed=1746484539 B_cam=16.57 Mbps (MFBR 8.0)
  [70/80] TwoTier+CGu  seed=35492826 B_cam=16.21 Mbps (MFBR 8.0)
  [71/80] ProtoRRageD2+CGu seed=1826701614 B_cam=9.15 Mbps (MFBR 8.0)
  [72/80] ProtoRRageD2+CGu seed=1097657231 B_cam=9.24 Mbps (MFBR 8.0)
  [73/80] ProtoRRageD2+CGu seed=1367864806 B_cam=9.36 Mbps (MFBR 8.0)
  [74/80] ProtoRRageD2+CGu seed=579362555 B_cam=7.95 Mbps (MFBR 8.0)
  [75/80] ProtoRRageD2+CGu seed=87989972 B_cam=8.43 Mbps (MFBR 8.0)
  [76/80] ProtoRRageD2+CGu seed=661058651 B_cam=8.34 Mbps (MFBR 8.0)
  [77/80] ProtoRRageD2+CGu seed=161576974 B_cam=7.70 Mbps (MFBR 8.0)
  [78/80] ProtoRRageD2+CGu seed=1746484539 B_cam=8.62 Mbps (MFBR 8.0)
  [79/80] ProtoRRageD2+CGu seed=376383645 B_cam=8.55 Mbps (MFBR 8.0)
  [80/80] ProtoRRageD2+CGu seed=35492826 B_cam=8.72 Mbps (MFBR 8.0)
achieved offered rate: 2.07-2.16x MFBR (GT-4.3 requires >= 2.0x)

wrote sweeps\cg-2026-09-14\g7.json
