120 runs = 3 arms x 4 fleet sizes x 10 seeds @ horizon 20000
  [1/120] Reservation  N=16  never_granted=0   M08=0.17718920000000002
  [2/120] Reservation  N=16  never_granted=0   M08=0.186724
  [3/120] TwoTier      N=16  never_granted=0   M08=0.0049952
  [4/120] TwoTier      N=16  never_granted=0   M08=0.003706
  [5/120] TwoTier      N=16  never_granted=0   M08=0.004422
  [6/120] TwoTier      N=16  never_granted=0   M08=0.0064848
  [7/120] TwoTier      N=16  never_granted=0   M08=0.005882
  [8/120] TwoTier      N=16  never_granted=0   M08=0.0116652
  [9/120] TwoTier      N=16  never_granted=0   M08=0.0084372
  [10/120] TwoTier      N=16  never_granted=0   M08=0.0042116
  [11/120] TwoTier      N=16  never_granted=0   M08=0.013047600000000001
  [12/120] TwoTier      N=16  never_granted=0   M08=0.0139404
  [13/120] Reservation  N=16  never_granted=0   M08=0.182222
  [14/120] Reservation  N=16  never_granted=0   M08=0.1826744
  [15/120] TwoTier      N=8   never_granted=0   M08=0.8135388
  [16/120] TwoTier      N=8   never_granted=0   M08=0.928806
  [17/120] TwoTier      N=8   never_granted=0   M08=0.8381432
  [18/120] TwoTier      N=8   never_granted=0   M08=0.93711
  [19/120] Reservation  N=16  never_granted=0   M08=0.183166
  [20/120] Reservation  N=16  never_granted=0   M08=0.1847748
  [21/120] Reservation  N=16  never_granted=0   M08=0.16780479999999998
  [22/120] Reservation  N=16  never_granted=0   M08=0.17881360000000002
  [23/120] Reservation  N=16  never_granted=0   M08=0.1778836
  [24/120] Reservation  N=16  never_granted=0   M08=0.1843716
  [25/120] TwoTier      N=8   never_granted=0   M08=0.8424672
  [26/120] TwoTier      N=8   never_granted=0   M08=0.9303508
  [27/120] PF           N=16  never_granted=0   M08=0.931524
  [28/120] TwoTier      N=8   never_granted=0   M08=0.8472624
  [29/120] PF           N=16  never_granted=0   M08=0.9372128000000001
  [30/120] PF           N=16  never_granted=0   M08=0.942246
  [31/120] PF           N=16  never_granted=0   M08=0.9357991999999999
  [32/120] PF           N=16  never_granted=0   M08=0.9263656
  [33/120] PF           N=16  never_granted=0   M08=0.9324164
  [34/120] TwoTier      N=8   never_granted=0   M08=0.9136964000000001
  [35/120] TwoTier      N=8   never_granted=0   M08=0.6872391999999999
  [36/120] TwoTier      N=8   never_granted=0   M08=0.6128216
  [37/120] PF           N=16  never_granted=0   M08=0.90141
  [38/120] PF           N=16  never_granted=0   M08=0.9437091999999999
  [39/120] Reservation  N=8   never_granted=0   M08=0.959892
  [40/120] Reservation  N=8   never_granted=0   M08=0.9574948000000001
  [41/120] Reservation  N=8   never_granted=0   M08=0.96478
  [42/120] Reservation  N=8   never_granted=0   M08=0.9636376
  [43/120] Reservation  N=8   never_granted=0   M08=0.9537664
  [44/120] Reservation  N=8   never_granted=0   M08=0.96203
  [45/120] Reservation  N=8   never_granted=0   M08=0.9430304
  [46/120] Reservation  N=8   never_granted=0   M08=0.9648996
  [47/120] PF           N=16  never_granted=0   M08=0.9334468
  [48/120] PF           N=16  never_granted=0   M08=0.9133776
  [49/120] Reservation  N=8   never_granted=0   M08=0.962026
  [50/120] Reservation  N=8   never_granted=0   M08=0.9666928
  [51/120] TwoTier      N=4   never_granted=0   M08=0.959984
  [52/120] TwoTier      N=4   never_granted=0   M08=0.9645452
  [53/120] TwoTier      N=4   never_granted=0   M08=0.9662888000000001
  [54/120] TwoTier      N=4   never_granted=0   M08=0.9595132
  [55/120] TwoTier      N=4   never_granted=0   M08=0.9635072
  [56/120] TwoTier      N=4   never_granted=0   M08=0.9685688
  [57/120] TwoTier      N=4   never_granted=0   M08=0.9621716
  [58/120] TwoTier      N=4   never_granted=0   M08=0.9766556
  [59/120] TwoTier      N=4   never_granted=0   M08=0.9631616
  [60/120] PF           N=8   never_granted=0   M08=0.9578576
  [61/120] PF           N=8   never_granted=0   M08=0.9587068000000001
  [62/120] TwoTier      N=4   never_granted=0   M08=0.9625315999999999
  [63/120] PF           N=8   never_granted=0   M08=0.9680356
  [64/120] PF           N=8   never_granted=0   M08=0.9636376
  [65/120] PF           N=8   never_granted=0   M08=0.9537664
  [66/120] PF           N=8   never_granted=0   M08=0.962136
  [67/120] PF           N=8   never_granted=0   M08=0.9494975999999999
  [68/120] PF           N=8   never_granted=0   M08=0.9690408
  [69/120] PF           N=8   never_granted=0   M08=0.9666928
  [70/120] Reservation  N=4   never_granted=0   M08=0.959864
  [71/120] Reservation  N=4   never_granted=0   M08=0.9645452
  [72/120] Reservation  N=4   never_granted=0   M08=0.9662888000000001
  [73/120] Reservation  N=4   never_granted=0   M08=0.9595132
  [74/120] PF           N=8   never_granted=0   M08=0.9650636
  [75/120] Reservation  N=4   never_granted=0   M08=0.9635072
  [76/120] Reservation  N=4   never_granted=0   M08=0.9685688
  [77/120] Reservation  N=4   never_granted=0   M08=0.9613552
  [78/120] Reservation  N=4   never_granted=0   M08=0.9763092
  [79/120] Reservation  N=4   never_granted=0   M08=0.9631616
  [80/120] Reservation  N=4   never_granted=0   M08=0.9616076
  [81/120] TwoTier      N=2   never_granted=0   M08=0.9811892
  [82/120] TwoTier      N=2   never_granted=0   M08=0.9628871999999999
  [83/120] TwoTier      N=2   never_granted=0   M08=0.9641224
  [84/120] TwoTier      N=2   never_granted=0   M08=0.9745048000000001
  [85/120] TwoTier      N=2   never_granted=0   M08=0.9543088000000001
  [86/120] TwoTier      N=2   never_granted=0   M08=0.964992
  [87/120] PF           N=4   never_granted=0   M08=0.959984
  [88/120] PF           N=4   never_granted=0   M08=0.9645452
  [89/120] PF           N=4   never_granted=0   M08=0.9656536
  [90/120] PF           N=4   never_granted=0   M08=0.9595132
  [91/120] TwoTier      N=2   never_granted=0   M08=0.9712076
  [92/120] TwoTier      N=2   never_granted=0   M08=0.957924
  [93/120] TwoTier      N=2   never_granted=0   M08=0.9739536
  [94/120] PF           N=4   never_granted=0   M08=0.9631228000000001
  [95/120] PF           N=4   never_granted=0   M08=0.9685688
  [96/120] TwoTier      N=2   never_granted=0   M08=0.9665368000000001
  [97/120] PF           N=4   never_granted=0   M08=0.9621716
  [98/120] PF           N=4   never_granted=0   M08=0.9753852
  [99/120] Reservation  N=2   never_granted=0   M08=0.9811892
  [100/120] Reservation  N=2   never_granted=0   M08=0.9628871999999999
  [101/120] Reservation  N=2   never_granted=0   M08=0.9735068
  [102/120] Reservation  N=2   never_granted=0   M08=0.9641224
  [103/120] Reservation  N=2   never_granted=0   M08=0.9543088000000001
  [104/120] Reservation  N=2   never_granted=0   M08=0.9643568
  [105/120] Reservation  N=2   never_granted=0   M08=0.9580144
  [106/120] Reservation  N=2   never_granted=0   M08=0.9712076
  [107/120] Reservation  N=2   never_granted=0   M08=0.9738804
  [108/120] PF           N=4   never_granted=0   M08=0.9631616
  [109/120] PF           N=4   never_granted=0   M08=0.9625315999999999
  [110/120] Reservation  N=2   never_granted=0   M08=0.9665368000000001
  [111/120] PF           N=2   never_granted=0   M08=0.9811892
  [112/120] PF           N=2   never_granted=0   M08=0.9628508
  [113/120] PF           N=2   never_granted=0   M08=0.9745048000000001
  [114/120] PF           N=2   never_granted=0   M08=0.9641224
  [115/120] PF           N=2   never_granted=0   M08=0.9543088000000001
  [116/120] PF           N=2   never_granted=0   M08=0.964992
  [117/120] PF           N=2   never_granted=0   M08=0.9580144
  [118/120] PF           N=2   never_granted=0   M08=0.9726832
  [119/120] PF           N=2   never_granted=0   M08=0.9712076
  [120/120] PF           N=2   never_granted=0   M08=0.9665368000000001

wrote sweeps/m6-2026-09-07/attach/g10_attach.json
