30 runs = 3 arms x 10 seeds, asset B (ue2) camera offered at 2.1x MFBR
  [1/30] Reservation  seed=1367864806 B_cam=14.73 Mbps (MFBR 8.0)
  [2/30] Reservation  seed=1826701614 B_cam=13.57 Mbps (MFBR 8.0)
  [3/30] TwoTier      seed=376383645 B_cam=14.98 Mbps (MFBR 8.0)
  [4/30] TwoTier      seed=87989972 B_cam=15.75 Mbps (MFBR 8.0)
  [5/30] TwoTier      seed=579362555 B_cam=15.83 Mbps (MFBR 8.0)
  [6/30] TwoTier      seed=1746484539 B_cam=14.85 Mbps (MFBR 8.0)
  [7/30] TwoTier      seed=1097657231 B_cam=5.16 Mbps (MFBR 8.0)
  [8/30] TwoTier      seed=161576974 B_cam=14.85 Mbps (MFBR 8.0)
  [9/30] TwoTier      seed=661058651 B_cam=14.75 Mbps (MFBR 8.0)
  [10/30] TwoTier      seed=1826701614 B_cam=15.68 Mbps (MFBR 8.0)
  [11/30] TwoTier      seed=35492826 B_cam=14.30 Mbps (MFBR 8.0)
  [12/30] TwoTier      seed=1367864806 B_cam=14.54 Mbps (MFBR 8.0)
  [13/30] Reservation  seed=1097657231 B_cam=14.05 Mbps (MFBR 8.0)
  [14/30] Reservation  seed=579362555 B_cam=14.04 Mbps (MFBR 8.0)
  [15/30] PF           seed=1826701614 B_cam=8.60 Mbps (MFBR 8.0)
  [16/30] PF           seed=1367864806 B_cam=8.94 Mbps (MFBR 8.0)
  [17/30] PF           seed=1097657231 B_cam=8.82 Mbps (MFBR 8.0)
  [18/30] PF           seed=579362555 B_cam=8.33 Mbps (MFBR 8.0)
  [19/30] PF           seed=87989972 B_cam=8.19 Mbps (MFBR 8.0)
  [20/30] PF           seed=661058651 B_cam=8.52 Mbps (MFBR 8.0)
  [21/30] Reservation  seed=661058651 B_cam=14.48 Mbps (MFBR 8.0)
  [22/30] Reservation  seed=161576974 B_cam=12.64 Mbps (MFBR 8.0)
  [23/30] Reservation  seed=87989972 B_cam=12.61 Mbps (MFBR 8.0)
  [24/30] Reservation  seed=376383645 B_cam=13.45 Mbps (MFBR 8.0)
  [25/30] Reservation  seed=1746484539 B_cam=14.41 Mbps (MFBR 8.0)
  [26/30] Reservation  seed=35492826 B_cam=13.13 Mbps (MFBR 8.0)
  [27/30] PF           seed=161576974 B_cam=7.39 Mbps (MFBR 8.0)
  [28/30] PF           seed=35492826 B_cam=8.32 Mbps (MFBR 8.0)
  [29/30] PF           seed=376383645 B_cam=8.24 Mbps (MFBR 8.0)
  [30/30] PF           seed=1746484539 B_cam=8.65 Mbps (MFBR 8.0)
achieved offered rate: 2.01-2.10x MFBR (GT-4.3 requires >= 2.0x)

wrote sweeps/m6-2026-09-07/attach/g7.json
