G1 stress: 1280 driver runs
  A  2 clause parts x 9 UE counts x 4 arms x 10 seeds x 2 caps  (committed x1)
  B  2 clause parts x 8 load levels x 4 arms x 10 seeds x 2 caps  (N=6)
  horizon 40000 slots, 2 driven robots, bound p98 <= 95 ms, gap bound 200 ms
  0 banked, 1280 to run
    ... 25/1280 (134s)
    ... 50/1280 (233s)
    ... 75/1280 (290s)
    ... 100/1280 (352s)
    ... 125/1280 (428s)
    ... 150/1280 (515s)
    ... 175/1280 (567s)
    ... 200/1280 (612s)
    ... 225/1280 (648s)
    ... 250/1280 (718s)
    ... 275/1280 (762s)
    ... 300/1280 (798s)
    ... 325/1280 (869s)
    ... 350/1280 (901s)
    ... 375/1280 (937s)
    ... 400/1280 (972s)
    ... 425/1280 (1007s)
    ... 450/1280 (1037s)
    ... 475/1280 (1068s)
    ... 500/1280 (1105s)
    ... 525/1280 (1133s)
    ... 550/1280 (1187s)
    ... 575/1280 (1220s)
    ... 600/1280 (1249s)
    ... 625/1280 (1294s)
    ... 650/1280 (1317s)
    ... 675/1280 (1339s)
    ... 700/1280 (1378s)
    ... 725/1280 (1395s)
    ... 750/1280 (1413s)
    ... 775/1280 (1429s)
    ... 800/1280 (1446s)
    ... 825/1280 (1463s)
    ... 850/1280 (1480s)
    ... 875/1280 (1500s)
    ... 900/1280 (1534s)
    ... 925/1280 (1548s)
    ... 950/1280 (1560s)
    ... 975/1280 (1573s)
    ... 1000/1280 (1614s)
    ... 1025/1280 (1651s)
    ... 1050/1280 (1684s)
    ... 1075/1280 (1700s)
    ... 1100/1280 (1717s)
    ... 1125/1280 (1729s)
    ... 1150/1280 (1758s)
    ... 1175/1280 (1797s)
    ... 1200/1280 (1834s)
    ... 1225/1280 (1852s)
    ... 1250/1280 (1865s)
    ... 1275/1280 (1882s)

wrote sweeps\g3-proto\rrage-2026-09-14\aligned\g1.json  (1883s, 1280 runs)
