360 runs = 4 arms x 9 fleet sizes x 10 seeds @ horizon 20000
  [1/360] TwoTier      N=10  never_granted=0   M08=0.4797032
  [2/360] TwoTier      N=10  never_granted=0   M08=0.537568
  [3/360] TwoTier      N=10  never_granted=0   M08=0.6971231999999999
  [4/360] TwoTier      N=12  never_granted=0   M08=0.3809404
  [5/360] TwoTier      N=12  never_granted=0   M08=0.08955039999999999
  [6/360] TwoTier      N=12  never_granted=0   M08=0.15061639999999998
  [7/360] TwoTier      N=12  never_granted=0   M08=0.331082
  [8/360] TwoTier      N=12  never_granted=0   M08=0.189882
  [9/360] TwoTier      N=12  never_granted=0   M08=0.2612184
  [10/360] TwoTier      N=12  never_granted=0   M08=0.19170679999999998
  [11/360] TwoTier      N=12  never_granted=0   M08=0.2363804
  [12/360] TwoTier      N=12  never_granted=0   M08=0.0693716
  [13/360] TwoTier      N=12  never_granted=0   M08=0.0167604
  [14/360] TwoTier      N=16  never_granted=0   M08=0.0082316
  [15/360] TwoTier      N=16  never_granted=0   M08=0.0145116
  [16/360] TwoTier      N=16  never_granted=0   M08=0.064942
  [17/360] TwoTier      N=16  never_granted=0   M08=0.011529600000000001
  [18/360] TwoTier      N=16  never_granted=0   M08=0.0107928
  [19/360] TwoTier      N=16  never_granted=0   M08=0.10135519999999999
  [20/360] TwoTier      N=16  never_granted=0   M08=0.020924400000000003
  [21/360] TwoTier      N=16  never_granted=0   M08=0.0264192
  [22/360] TwoTier      N=16  never_granted=0   M08=0.1095404
  [23/360] TwoTier      N=16  never_granted=0   M08=0.0154244
  [24/360] TwoTier      N=10  never_granted=0   M08=0.7527664000000001
  [25/360] TwoTier      N=10  never_granted=0   M08=0.48364440000000003
  [26/360] TwoTier      N=10  never_granted=0   M08=0.6869324
  [27/360] TwoTier      N=10  never_granted=0   M08=0.5502044
  [28/360] TwoTier      N=10  never_granted=0   M08=0.6677208
  [29/360] TwoTier      N=10  never_granted=0   M08=0.5724712
  [30/360] TwoTier      N=10  never_granted=0   M08=0.29137640000000004
  [31/360] Reservation  N=16  never_granted=7   M08=0.0
  [32/360] Reservation  N=16  never_granted=7   M08=0.0
  [33/360] Reservation  N=16  never_granted=6   M08=0.0
  [34/360] Reservation  N=16  never_granted=6   M08=0.0
  [35/360] Reservation  N=16  never_granted=7   M08=0.0
  [36/360] Reservation  N=16  never_granted=6   M08=0.0
  [37/360] TwoTier      N=8   never_granted=0   M08=0.9826924
  [38/360] TwoTier      N=8   never_granted=0   M08=0.9844308
  [39/360] TwoTier      N=8   never_granted=0   M08=0.96512
  [40/360] TwoTier      N=8   never_granted=0   M08=0.9751911999999999
  [41/360] TwoTier      N=8   never_granted=0   M08=0.9864628000000001
  [42/360] TwoTier      N=8   never_granted=0   M08=0.968474
  [43/360] Reservation  N=16  never_granted=6   M08=0.0
  [44/360] Reservation  N=16  never_granted=5   M08=0.0
  [45/360] Reservation  N=16  never_granted=7   M08=0.0
  [46/360] Reservation  N=16  never_granted=8   M08=0.0
  [47/360] TwoTier      N=8   never_granted=0   M08=0.9719988
  [48/360] TwoTier      N=8   never_granted=0   M08=0.9907608
  [49/360] TwoTier      N=8   never_granted=0   M08=0.9624771999999999
  [50/360] PF           N=16  never_granted=0   M08=0.9477908
  [51/360] PF           N=16  never_granted=0   M08=0.9360771999999999
  [52/360] PF           N=16  never_granted=0   M08=0.9501324
  [53/360] TwoTier      N=8   never_granted=0   M08=0.81931
  [54/360] PF           N=16  never_granted=0   M08=0.9328148
  [55/360] PF           N=16  never_granted=0   M08=0.9442611999999999
  [56/360] PF           N=16  never_granted=0   M08=0.939768
  [57/360] PF           N=16  never_granted=0   M08=0.8914556
  [58/360] PF           N=16  never_granted=0   M08=0.9526416
  [59/360] PF           N=16  never_granted=0   M08=0.9285131999999999
  [60/360] PF           N=16  never_granted=0   M08=0.9468388000000001
  [61/360] Reservation  N=12  never_granted=5   M08=0.0
  [62/360] Reservation  N=12  never_granted=4   M08=0.0
  [63/360] Reservation  N=12  never_granted=5   M08=0.0
  [64/360] Reservation  N=12  never_granted=5   M08=0.0
  [65/360] Reservation  N=12  never_granted=4   M08=0.0
  [66/360] Reservation  N=12  never_granted=5   M08=0.0
  [67/360] Reservation  N=12  never_granted=4   M08=0.0
  [68/360] Reservation  N=12  never_granted=5   M08=0.0
  [69/360] Reservation  N=12  never_granted=4   M08=0.0
  [70/360] Reservation  N=12  never_granted=5   M08=0.0
  [71/360] TwoTier      N=7   never_granted=0   M08=0.9709135999999999
  [72/360] TwoTier      N=7   never_granted=0   M08=0.9818591999999999
  [73/360] TwoTier      N=7   never_granted=0   M08=0.9941336
  [74/360] ProtoRRageD2 N=16  never_granted=0   M08=0.8029024
  [75/360] ProtoRRageD2 N=16  never_granted=0   M08=0.739098
  [76/360] ProtoRRageD2 N=16  never_granted=0   M08=0.8232716
  [77/360] ProtoRRageD2 N=16  never_granted=0   M08=0.7725324
  [78/360] ProtoRRageD2 N=16  never_granted=0   M08=0.7197664
  [79/360] ProtoRRageD2 N=16  never_granted=0   M08=0.7042096
  [80/360] ProtoRRageD2 N=16  never_granted=0   M08=0.7410175999999999
  [81/360] ProtoRRageD2 N=16  never_granted=0   M08=0.7255644
  [82/360] ProtoRRageD2 N=16  never_granted=0   M08=0.7227176
  [83/360] Reservation  N=10  never_granted=4   M08=0.0
  [84/360] TwoTier      N=7   never_granted=0   M08=0.9875468000000001
  [85/360] Reservation  N=10  never_granted=4   M08=0.0
  [86/360] ProtoRRageD2 N=16  never_granted=0   M08=0.7313364
  [87/360] Reservation  N=10  never_granted=4   M08=0.0
  [88/360] TwoTier      N=7   never_granted=0   M08=0.99
  [89/360] TwoTier      N=7   never_granted=0   M08=0.9896084
  [90/360] Reservation  N=10  never_granted=3   M08=0.0
  [91/360] Reservation  N=10  never_granted=4   M08=0.0
  [92/360] TwoTier      N=7   never_granted=0   M08=0.997066
  [93/360] TwoTier      N=7   never_granted=0   M08=0.9812104
  [94/360] Reservation  N=10  never_granted=4   M08=0.0
  [95/360] TwoTier      N=7   never_granted=0   M08=0.9942688000000001
  [96/360] TwoTier      N=7   never_granted=0   M08=0.9705512
  [97/360] Reservation  N=10  never_granted=4   M08=0.0
  [98/360] Reservation  N=10  never_granted=3   M08=0.0
  [99/360] Reservation  N=10  never_granted=4   M08=0.0
  [100/360] Reservation  N=10  never_granted=3   M08=0.0
  [101/360] TwoTier      N=6   never_granted=0   M08=0.9904491999999999
  [102/360] TwoTier      N=6   never_granted=0   M08=0.9768084
  [103/360] TwoTier      N=6   never_granted=0   M08=0.9849108000000001
  [104/360] TwoTier      N=6   never_granted=0   M08=0.9955184
  [105/360] PF           N=12  never_granted=0   M08=0.9833544000000001
  [106/360] PF           N=12  never_granted=0   M08=0.9774655999999999
  [107/360] TwoTier      N=6   never_granted=0   M08=0.9878192
  [108/360] PF           N=12  never_granted=0   M08=0.9867895999999999
  [109/360] PF           N=12  never_granted=0   M08=0.9891588
  [110/360] PF           N=12  never_granted=0   M08=0.9810148000000001
  [111/360] PF           N=12  never_granted=0   M08=0.9888064
  [112/360] PF           N=12  never_granted=0   M08=0.9806724
  [113/360] PF           N=12  never_granted=0   M08=0.987074
  [114/360] PF           N=12  never_granted=0   M08=0.99658
  [115/360] PF           N=12  never_granted=0   M08=0.989354
  [116/360] TwoTier      N=6   never_granted=0   M08=0.9812888000000001
  [117/360] TwoTier      N=6   never_granted=0   M08=0.995174
  [118/360] TwoTier      N=6   never_granted=0   M08=0.9809396
  [119/360] TwoTier      N=6   never_granted=0   M08=0.9928172
  [120/360] TwoTier      N=6   never_granted=0   M08=0.9804155999999999
  [121/360] TwoTier      N=5   never_granted=0   M08=0.9917928
  [122/360] Reservation  N=8   never_granted=1   M08=0.0
  [123/360] TwoTier      N=5   never_granted=0   M08=0.9916075999999999
  [124/360] Reservation  N=8   never_granted=0   M08=0.9907815999999999
  [125/360] Reservation  N=8   never_granted=2   M08=0.0
  [126/360] TwoTier      N=5   never_granted=0   M08=0.9904788
  [127/360] TwoTier      N=5   never_granted=0   M08=0.9880256
  [128/360] TwoTier      N=5   never_granted=0   M08=0.9922804000000001
  [129/360] TwoTier      N=5   never_granted=0   M08=0.9968731999999999
  [130/360] TwoTier      N=5   never_granted=0   M08=1.003982
  [131/360] TwoTier      N=5   never_granted=0   M08=0.991514
  [132/360] TwoTier      N=5   never_granted=0   M08=0.9961548
  [133/360] TwoTier      N=5   never_granted=0   M08=0.9973524
  [134/360] ProtoRRageD2 N=12  never_granted=0   M08=0.9675008
  [135/360] ProtoRRageD2 N=12  never_granted=0   M08=0.9683912
  [136/360] ProtoRRageD2 N=12  never_granted=0   M08=0.9771772
  [137/360] ProtoRRageD2 N=12  never_granted=0   M08=0.9893344000000001
  [138/360] ProtoRRageD2 N=12  never_granted=0   M08=0.9533552
  [139/360] Reservation  N=8   never_granted=0   M08=0.9937528
  [140/360] Reservation  N=8   never_granted=2   M08=0.0
  [141/360] Reservation  N=8   never_granted=1   M08=0.0
  [142/360] PF           N=10  never_granted=0   M08=0.9858956
  [143/360] Reservation  N=8   never_granted=1   M08=0.0
  [144/360] Reservation  N=8   never_granted=1   M08=0.0
  [145/360] Reservation  N=8   never_granted=1   M08=0.0
  [146/360] ProtoRRageD2 N=12  never_granted=0   M08=0.9657015999999999
  [147/360] PF           N=10  never_granted=0   M08=0.9870396
  [148/360] PF           N=10  never_granted=0   M08=0.9908916
  [149/360] ProtoRRageD2 N=12  never_granted=0   M08=0.9295984
  [150/360] Reservation  N=8   never_granted=2   M08=0.0
  [151/360] PF           N=10  never_granted=0   M08=0.9890616
  [152/360] ProtoRRageD2 N=12  never_granted=0   M08=0.938762
  [153/360] ProtoRRageD2 N=12  never_granted=0   M08=0.9911236
  [154/360] PF           N=10  never_granted=0   M08=0.989576
  [155/360] PF           N=10  never_granted=0   M08=0.9851472
  [156/360] ProtoRRageD2 N=12  never_granted=0   M08=0.9272428
  [157/360] PF           N=10  never_granted=0   M08=0.9952732
  [158/360] PF           N=10  never_granted=0   M08=0.99563
  [159/360] PF           N=10  never_granted=0   M08=1.0004284
  [160/360] PF           N=10  never_granted=0   M08=0.9947304
  [161/360] Reservation  N=7   never_granted=0   M08=0.9808912
  [162/360] Reservation  N=7   never_granted=0   M08=0.973324
  [163/360] Reservation  N=7   never_granted=0   M08=0.9965388000000001
  [164/360] Reservation  N=7   never_granted=1   M08=0.0
  [165/360] Reservation  N=7   never_granted=1   M08=0.0
  [166/360] Reservation  N=7   never_granted=1   M08=0.0
  [167/360] TwoTier      N=4   never_granted=0   M08=0.9899851999999999
  [168/360] Reservation  N=7   never_granted=0   M08=0.9883868
  [169/360] TwoTier      N=4   never_granted=0   M08=0.9946891999999999
  [170/360] Reservation  N=7   never_granted=0   M08=0.9822776
  [171/360] Reservation  N=7   never_granted=1   M08=0.0
  [172/360] Reservation  N=7   never_granted=1   M08=0.0
  [173/360] TwoTier      N=4   never_granted=0   M08=0.995332
  [174/360] TwoTier      N=4   never_granted=0   M08=0.9923504000000001
  [175/360] TwoTier      N=4   never_granted=0   M08=0.989496
  [176/360] TwoTier      N=4   never_granted=0   M08=0.9922384000000001
  [177/360] TwoTier      N=4   never_granted=0   M08=0.9932604
  [178/360] PF           N=8   never_granted=0   M08=0.9878636
  [179/360] TwoTier      N=4   never_granted=0   M08=1.0063348
  [180/360] TwoTier      N=4   never_granted=0   M08=0.9988348
  [181/360] PF           N=8   never_granted=0   M08=0.98652
  [182/360] PF           N=8   never_granted=0   M08=0.9835724
  [183/360] PF           N=8   never_granted=0   M08=0.9937528
  [184/360] PF           N=8   never_granted=0   M08=0.998286
  [185/360] TwoTier      N=4   never_granted=0   M08=0.992612
  [186/360] PF           N=8   never_granted=0   M08=0.9937916
  [187/360] ProtoRRageD2 N=10  never_granted=0   M08=0.981944
  [188/360] ProtoRRageD2 N=10  never_granted=0   M08=0.9858148
  [189/360] ProtoRRageD2 N=10  never_granted=0   M08=0.9615224
  [190/360] ProtoRRageD2 N=10  never_granted=0   M08=0.9836576
  [191/360] ProtoRRageD2 N=10  never_granted=0   M08=0.9895184
  [192/360] ProtoRRageD2 N=10  never_granted=0   M08=0.98367
  [193/360] ProtoRRageD2 N=10  never_granted=0   M08=0.9840736
  [194/360] ProtoRRageD2 N=10  never_granted=0   M08=0.9989296
  [195/360] ProtoRRageD2 N=10  never_granted=0   M08=0.9903844
  [196/360] ProtoRRageD2 N=10  never_granted=0   M08=0.981288
  [197/360] PF           N=8   never_granted=0   M08=0.980116
  [198/360] PF           N=8   never_granted=0   M08=0.9993248
  [199/360] PF           N=8   never_granted=0   M08=0.9969008
  [200/360] PF           N=8   never_granted=0   M08=0.9965284
  [201/360] Reservation  N=6   never_granted=0   M08=0.9959796
  [202/360] Reservation  N=6   never_granted=0   M08=0.9849108000000001
  [203/360] Reservation  N=6   never_granted=0   M08=0.9897648
  [204/360] Reservation  N=6   never_granted=0   M08=0.996488
  [205/360] Reservation  N=6   never_granted=0   M08=0.9844684
  [206/360] Reservation  N=6   never_granted=0   M08=0.9904712
  [207/360] Reservation  N=6   never_granted=0   M08=0.99055
  [208/360] Reservation  N=6   never_granted=0   M08=0.9929076
  [209/360] Reservation  N=6   never_granted=0   M08=0.9914991999999999
  [210/360] PF           N=7   never_granted=0   M08=0.9856368000000001
  [211/360] PF           N=7   never_granted=0   M08=0.997174
  [212/360] PF           N=7   never_granted=0   M08=0.973324
  [213/360] Reservation  N=6   never_granted=0   M08=0.9827028000000001
  [214/360] PF           N=7   never_granted=0   M08=0.9984031999999999
  [215/360] PF           N=7   never_granted=0   M08=0.9968612
  [216/360] PF           N=7   never_granted=0   M08=0.992966
  [217/360] PF           N=7   never_granted=0   M08=0.9883868
  [218/360] PF           N=7   never_granted=0   M08=1.0002288000000001
  [219/360] PF           N=7   never_granted=0   M08=0.9942688000000001
  [220/360] ProtoRRageD2 N=8   never_granted=0   M08=0.9877904000000001
  [221/360] PF           N=7   never_granted=0   M08=0.982624
  [222/360] ProtoRRageD2 N=8   never_granted=0   M08=0.9954384000000001
  [223/360] ProtoRRageD2 N=8   never_granted=0   M08=0.9835724
  [224/360] ProtoRRageD2 N=8   never_granted=0   M08=0.9937528
  [225/360] ProtoRRageD2 N=8   never_granted=0   M08=0.9558896
  [226/360] ProtoRRageD2 N=8   never_granted=0   M08=0.9931788
  [227/360] ProtoRRageD2 N=8   never_granted=0   M08=0.9960332
  [228/360] ProtoRRageD2 N=8   never_granted=0   M08=0.9777412
  [229/360] ProtoRRageD2 N=8   never_granted=0   M08=0.9956744000000001
  [230/360] ProtoRRageD2 N=8   never_granted=0   M08=0.9969008
  [231/360] Reservation  N=5   never_granted=0   M08=0.9918504
  [232/360] Reservation  N=5   never_granted=0   M08=0.9916075999999999
  [233/360] Reservation  N=5   never_granted=0   M08=0.9904788
  [234/360] Reservation  N=5   never_granted=0   M08=0.988256
  [235/360] Reservation  N=5   never_granted=0   M08=1.0051988
  [236/360] Reservation  N=5   never_granted=0   M08=0.9968731999999999
  [237/360] Reservation  N=5   never_granted=0   M08=0.9922804000000001
  [238/360] Reservation  N=5   never_granted=0   M08=1.0049164
  [239/360] PF           N=6   never_granted=0   M08=0.9959796
  [240/360] Reservation  N=5   never_granted=0   M08=0.9973524
  [241/360] Reservation  N=5   never_granted=0   M08=0.9961548
  [242/360] PF           N=6   never_granted=0   M08=0.9849108000000001
  [243/360] PF           N=6   never_granted=0   M08=0.9897648
  [244/360] PF           N=6   never_granted=0   M08=0.99055
  [245/360] ProtoRRageD2 N=7   never_granted=0   M08=0.9856368000000001
  [246/360] PF           N=6   never_granted=0   M08=0.996488
  [247/360] PF           N=6   never_granted=0   M08=0.9904712
  [248/360] PF           N=6   never_granted=0   M08=0.9851608000000001
  [249/360] ProtoRRageD2 N=7   never_granted=0   M08=0.9968612
  [250/360] PF           N=6   never_granted=0   M08=0.9827028000000001
  [251/360] ProtoRRageD2 N=7   never_granted=0   M08=0.9932388000000001
  [252/360] PF           N=6   never_granted=0   M08=0.995174
  [253/360] ProtoRRageD2 N=7   never_granted=0   M08=0.973324
  [254/360] PF           N=6   never_granted=0   M08=0.9929076
  [255/360] ProtoRRageD2 N=7   never_granted=0   M08=0.9977544
  [256/360] ProtoRRageD2 N=7   never_granted=0   M08=0.997174
  [257/360] ProtoRRageD2 N=7   never_granted=0   M08=0.9883868
  [258/360] ProtoRRageD2 N=7   never_granted=0   M08=0.9965628000000001
  [259/360] Reservation  N=4   never_granted=0   M08=0.994574
  [260/360] Reservation  N=4   never_granted=0   M08=0.989496
  [261/360] Reservation  N=4   never_granted=0   M08=0.9964868
  [262/360] Reservation  N=4   never_granted=0   M08=0.9936208000000001
  [263/360] Reservation  N=4   never_granted=0   M08=0.9987444
  [264/360] Reservation  N=4   never_granted=0   M08=0.9899851999999999
  [265/360] Reservation  N=4   never_granted=0   M08=0.9919664
  [266/360] Reservation  N=4   never_granted=0   M08=1.0071776
  [267/360] ProtoRRageD2 N=7   never_granted=0   M08=0.9813104
  [268/360] ProtoRRageD2 N=7   never_granted=0   M08=0.9942688000000001
  [269/360] Reservation  N=4   never_granted=0   M08=0.9932604
  [270/360] Reservation  N=4   never_granted=0   M08=0.992612
  [271/360] PF           N=5   never_granted=0   M08=0.9918504
  [272/360] PF           N=5   never_granted=0   M08=0.9904788
  [273/360] PF           N=5   never_granted=0   M08=0.988256
  [274/360] PF           N=5   never_granted=0   M08=0.9916075999999999
  [275/360] PF           N=5   never_granted=0   M08=0.9922804000000001
  [276/360] PF           N=5   never_granted=0   M08=0.9956876
  [277/360] PF           N=5   never_granted=0   M08=1.0048092
  [278/360] PF           N=5   never_granted=0   M08=0.9961548
  [279/360] PF           N=5   never_granted=0   M08=1.0049164
  [280/360] PF           N=5   never_granted=0   M08=0.996082
  [281/360] ProtoRRageD2 N=6   never_granted=0   M08=0.996488
  [282/360] ProtoRRageD2 N=6   never_granted=0   M08=0.9959796
  [283/360] ProtoRRageD2 N=6   never_granted=0   M08=0.9841024
  [284/360] ProtoRRageD2 N=6   never_granted=0   M08=0.9871868
  [285/360] ProtoRRageD2 N=6   never_granted=0   M08=0.9874448
  [286/360] ProtoRRageD2 N=6   never_granted=0   M08=0.9850704
  [287/360] ProtoRRageD2 N=6   never_granted=0   M08=0.9895088000000001
  [288/360] TwoTier      N=2   never_granted=0   M08=0.9929764
  [289/360] TwoTier      N=2   never_granted=0   M08=1.0118544
  [290/360] ProtoRRageD2 N=6   never_granted=0   M08=0.995174
  [291/360] TwoTier      N=2   never_granted=0   M08=1.0049588
  [292/360] ProtoRRageD2 N=6   never_granted=0   M08=0.9827028000000001
  [293/360] ProtoRRageD2 N=6   never_granted=0   M08=0.989776
  [294/360] TwoTier      N=2   never_granted=0   M08=0.994254
  [295/360] TwoTier      N=2   never_granted=0   M08=0.9951471999999999
  [296/360] TwoTier      N=2   never_granted=0   M08=0.9837864000000001
  [297/360] TwoTier      N=2   never_granted=0   M08=0.9879536
  [298/360] TwoTier      N=2   never_granted=0   M08=1.0043912
  [299/360] TwoTier      N=2   never_granted=0   M08=1.0015612
  [300/360] PF           N=4   never_granted=0   M08=0.9946891999999999
  [301/360] PF           N=4   never_granted=0   M08=0.9899851999999999
  [302/360] PF           N=4   never_granted=0   M08=0.9964868
  [303/360] PF           N=4   never_granted=0   M08=0.989496
  [304/360] ProtoRRageD2 N=5   never_granted=0   M08=0.9918504
  [305/360] ProtoRRageD2 N=5   never_granted=0   M08=0.9915172
  [306/360] PF           N=4   never_granted=0   M08=0.9936208000000001
  [307/360] PF           N=4   never_granted=0   M08=0.9988348
  [308/360] PF           N=4   never_granted=0   M08=0.9922384000000001
  [309/360] TwoTier      N=2   never_granted=0   M08=0.9959328000000001
  [310/360] PF           N=4   never_granted=0   M08=1.0071776
  [311/360] PF           N=4   never_granted=0   M08=0.9932604
  [312/360] PF           N=4   never_granted=0   M08=0.992612
  [313/360] Reservation  N=2   never_granted=0   M08=1.0118544
  [314/360] ProtoRRageD2 N=5   never_granted=0   M08=0.9904056
  [315/360] Reservation  N=2   never_granted=0   M08=0.9929764
  [316/360] Reservation  N=2   never_granted=0   M08=0.994254
  [317/360] Reservation  N=2   never_granted=0   M08=1.003994
  [318/360] ProtoRRageD2 N=5   never_granted=0   M08=0.9973524
  [319/360] ProtoRRageD2 N=5   never_granted=0   M08=0.9881408
  [320/360] Reservation  N=2   never_granted=0   M08=0.9841356
  [321/360] ProtoRRageD2 N=5   never_granted=0   M08=0.9961548
  [322/360] ProtoRRageD2 N=5   never_granted=0   M08=0.9921932
  [323/360] ProtoRRageD2 N=5   never_granted=0   M08=0.9968156
  [324/360] ProtoRRageD2 N=5   never_granted=0   M08=1.0051988
  [325/360] ProtoRRageD2 N=5   never_granted=0   M08=1.0049164
  [326/360] Reservation  N=2   never_granted=0   M08=0.9951471999999999
  [327/360] PF           N=2   never_granted=0   M08=1.0118544
  [328/360] Reservation  N=2   never_granted=0   M08=1.0015612
  [329/360] PF           N=2   never_granted=0   M08=0.9929764
  [330/360] Reservation  N=2   never_granted=0   M08=0.9879536
  [331/360] PF           N=2   never_granted=0   M08=1.0049588
  [332/360] Reservation  N=2   never_granted=0   M08=1.0043912
  [333/360] Reservation  N=2   never_granted=0   M08=0.9967412
  [334/360] PF           N=2   never_granted=0   M08=0.994254
  [335/360] PF           N=2   never_granted=0   M08=0.9840316
  [336/360] PF           N=2   never_granted=0   M08=0.9951471999999999
  [337/360] PF           N=2   never_granted=0   M08=0.9869555999999999
  [338/360] PF           N=2   never_granted=0   M08=1.0015612
  [339/360] PF           N=2   never_granted=0   M08=1.0043912
  [340/360] ProtoRRageD2 N=4   never_granted=0   M08=0.9946891999999999
  [341/360] ProtoRRageD2 N=4   never_granted=0   M08=0.9964868
  [342/360] ProtoRRageD2 N=4   never_granted=0   M08=0.989496
  [343/360] ProtoRRageD2 N=4   never_granted=0   M08=0.989078
  [344/360] ProtoRRageD2 N=4   never_granted=0   M08=0.9936208000000001
  [345/360] PF           N=2   never_granted=0   M08=0.9967412
  [346/360] ProtoRRageD2 N=4   never_granted=0   M08=0.9932604
  [347/360] ProtoRRageD2 N=4   never_granted=0   M08=0.9987195999999999
  [348/360] ProtoRRageD2 N=4   never_granted=0   M08=1.0071776
  [349/360] ProtoRRageD2 N=4   never_granted=0   M08=0.992612
  [350/360] ProtoRRageD2 N=4   never_granted=0   M08=0.9922384000000001
  [351/360] ProtoRRageD2 N=2   never_granted=0   M08=1.0115812
  [352/360] ProtoRRageD2 N=2   never_granted=0   M08=0.9879536
  [353/360] ProtoRRageD2 N=2   never_granted=0   M08=0.9929764
  [354/360] ProtoRRageD2 N=2   never_granted=0   M08=0.9929836
  [355/360] ProtoRRageD2 N=2   never_granted=0   M08=1.0048388000000001
  [356/360] ProtoRRageD2 N=2   never_granted=0   M08=0.9841356
  [357/360] ProtoRRageD2 N=2   never_granted=0   M08=0.9951471999999999
  [358/360] ProtoRRageD2 N=2   never_granted=0   M08=1.0015612
  [359/360] ProtoRRageD2 N=2   never_granted=0   M08=1.0043912
  [360/360] ProtoRRageD2 N=2   never_granted=0   M08=0.9967412

wrote sweeps\g3-proto\rrage-2026-09-14\aligned\g10.json
