G2 stress: 2160 driver runs x 30 trials
  A  1 clause part x 4 STOP counts x 4 arms x 10 seeds x 2 caps x 30 trials (N=12)
  B  1 clause part x 6 fleet sizes x 4 loads x 4 arms x 10 seeds x 2 caps x 30 trials (STOP=2)
  horizon 40000, bound 100 ms, STOP bearer PDB 5 ms (faithful)
  0 banked, 2160 to run
    ... 25/2160 (105s)
    ... 50/2160 (156s)
    ... 75/2160 (201s)
    ... 100/2160 (244s)
    ... 125/2160 (287s)
    ... 150/2160 (329s)
    ... 175/2160 (370s)
    ... 200/2160 (412s)
    ... 225/2160 (452s)
    ... 250/2160 (488s)
    ... 275/2160 (527s)
    ... 300/2160 (585s)
    ... 325/2160 (620s)
    ... 350/2160 (652s)
    ... 375/2160 (680s)
    ... 400/2160 (701s)
    ... 425/2160 (750s)
    ... 450/2160 (805s)
    ... 475/2160 (834s)
    ... 500/2160 (857s)
    ... 525/2160 (937s)
    ... 550/2160 (974s)
    ... 575/2160 (1001s)
    ... 600/2160 (1027s)
    ... 625/2160 (1056s)
    ... 650/2160 (1084s)
    ... 675/2160 (1112s)
    ... 700/2160 (1142s)
    ... 725/2160 (1175s)
    ... 750/2160 (1204s)
    ... 775/2160 (1234s)
    ... 800/2160 (1263s)
    ... 825/2160 (1291s)
    ... 850/2160 (1309s)
    ... 875/2160 (1326s)
    ... 900/2160 (1345s)
    ... 925/2160 (1389s)
    ... 950/2160 (1440s)
    ... 975/2160 (1478s)
    ... 1000/2160 (1496s)
    ... 1025/2160 (1515s)
    ... 1050/2160 (1533s)
    ... 1075/2160 (1589s)
    ... 1100/2160 (1635s)
    ... 1125/2160 (1663s)
    ... 1150/2160 (1682s)
    ... 1175/2160 (1700s)
    ... 1200/2160 (1717s)
    ... 1225/2160 (1731s)
    ... 1250/2160 (1747s)
    ... 1275/2160 (1762s)
    ... 1300/2160 (1784s)
    ... 1325/2160 (1806s)
    ... 1350/2160 (1833s)
    ... 1375/2160 (1847s)
    ... 1400/2160 (1859s)
    ... 1425/2160 (1900s)
    ... 1450/2160 (1919s)
    ... 1475/2160 (1931s)
    ... 1500/2160 (1965s)
    ... 1525/2160 (1990s)
    ... 1550/2160 (2004s)
    ... 1575/2160 (2017s)
    ... 1600/2160 (2030s)
    ... 1625/2160 (2041s)
    ... 1650/2160 (2068s)
    ... 1675/2160 (2093s)
    ... 1700/2160 (2106s)
    ... 1725/2160 (2133s)
    ... 1750/2160 (2156s)
    ... 1775/2160 (2170s)
    ... 1800/2160 (2180s)
    ... 1825/2160 (2212s)
    ... 1850/2160 (2226s)
    ... 1875/2160 (2237s)
    ... 1900/2160 (2262s)
    ... 1925/2160 (2282s)
    ... 1950/2160 (2292s)
    ... 1975/2160 (2302s)
    ... 2000/2160 (2312s)
    ... 2025/2160 (2321s)
    ... 2050/2160 (2342s)
    ... 2075/2160 (2359s)
    ... 2100/2160 (2368s)
    ... 2125/2160 (2388s)
    ... 2150/2160 (2407s)

wrote sweeps\g3-proto\rrage-2026-09-14\aligned\g2.json  (2410s, 2160 runs, 146400 STOP events, 451 missed)
