G5 video: 880 driver runs, 35.2M slots
  parts A,B,C  arms PF,Reservation,TwoTier,ProtoRRageD2  seeds 10 (base 0)  cap 4  fixed N=7
  bounds: PDU sets >= 99% within 150 ms; frame age p95 <= 66.67 ms (2 frame periods at 30 fps); goodput >= GFBR in EVERY 2 s window
  0 banked, 880 to run
    ... 50/880 (38s)
    ... 100/880 (68s)
    ... 150/880 (96s)
    ... 200/880 (130s)
    ... 250/880 (168s)
    ... 300/880 (208s)
    ... 350/880 (251s)
    ... 400/880 (295s)
    ... 450/880 (352s)
    ... 500/880 (425s)
    ... 550/880 (498s)
    ... 600/880 (580s)
    ... 650/880 (651s)
    ... 700/880 (721s)
    ... 750/880 (802s)
    ... 800/880 (880s)
    ... 850/880 (955s)
    ... 880/880 (1024s)

wrote sweeps\g3-proto\rrage-2026-09-14\aligned\g5.json  (1025s, 880 runs)
