40 runs = 4 arms x 10 seeds, asset B (ue2) camera offered at 2.1x MFBR
  [1/40] PF           seed=1097657231 B_cam=8.70 Mbps (MFBR 8.0)
  [2/40] PF           seed=1826701614 B_cam=8.47 Mbps (MFBR 8.0)
  [3/40] PF           seed=1367864806 B_cam=8.85 Mbps (MFBR 8.0)
  [4/40] Reservation  seed=579362555 B_cam=15.23 Mbps (MFBR 8.0)
  [5/40] Reservation  seed=1826701614 B_cam=16.35 Mbps (MFBR 8.0)
  [6/40] Reservation  seed=376383645 B_cam=15.71 Mbps (MFBR 8.0)
  [7/40] Reservation  seed=1367864806 B_cam=15.92 Mbps (MFBR 8.0)
  [8/40] Reservation  seed=661058651 B_cam=16.09 Mbps (MFBR 8.0)
  [9/40] Reservation  seed=161576974 B_cam=15.94 Mbps (MFBR 8.0)
  [10/40] Reservation  seed=35492826 B_cam=15.91 Mbps (MFBR 8.0)
  [11/40] Reservation  seed=1097657231 B_cam=16.99 Mbps (MFBR 8.0)
  [12/40] Reservation  seed=87989972 B_cam=16.16 Mbps (MFBR 8.0)
  [13/40] Reservation  seed=1746484539 B_cam=16.55 Mbps (MFBR 8.0)
  [14/40] PF           seed=579362555 B_cam=8.20 Mbps (MFBR 8.0)
  [15/40] PF           seed=661058651 B_cam=8.40 Mbps (MFBR 8.0)
  [16/40] PF           seed=87989972 B_cam=8.07 Mbps (MFBR 8.0)
  [17/40] TwoTier      seed=579362555 B_cam=16.90 Mbps (MFBR 8.0)
  [18/40] TwoTier      seed=1367864806 B_cam=16.55 Mbps (MFBR 8.0)
  [19/40] PF           seed=161576974 B_cam=7.29 Mbps (MFBR 8.0)
  [20/40] PF           seed=376383645 B_cam=8.13 Mbps (MFBR 8.0)
  [21/40] PF           seed=35492826 B_cam=8.19 Mbps (MFBR 8.0)
  [22/40] TwoTier      seed=35492826 B_cam=16.42 Mbps (MFBR 8.0)
  [23/40] TwoTier      seed=1826701614 B_cam=16.32 Mbps (MFBR 8.0)
  [24/40] PF           seed=1746484539 B_cam=8.54 Mbps (MFBR 8.0)
  [25/40] TwoTier      seed=1097657231 B_cam=16.75 Mbps (MFBR 8.0)
  [26/40] TwoTier      seed=87989972 B_cam=16.27 Mbps (MFBR 8.0)
  [27/40] TwoTier      seed=376383645 B_cam=16.28 Mbps (MFBR 8.0)
  [28/40] TwoTier      seed=661058651 B_cam=16.29 Mbps (MFBR 8.0)
  [29/40] TwoTier      seed=1746484539 B_cam=16.57 Mbps (MFBR 8.0)
  [30/40] TwoTier      seed=161576974 B_cam=15.81 Mbps (MFBR 8.0)
  [31/40] ProtoRRageD2 seed=1367864806 B_cam=9.41 Mbps (MFBR 8.0)
  [32/40] ProtoRRageD2 seed=87989972 B_cam=8.34 Mbps (MFBR 8.0)
  [33/40] ProtoRRageD2 seed=1826701614 B_cam=8.88 Mbps (MFBR 8.0)
  [34/40] ProtoRRageD2 seed=661058651 B_cam=8.64 Mbps (MFBR 8.0)
  [35/40] ProtoRRageD2 seed=1097657231 B_cam=8.90 Mbps (MFBR 8.0)
  [36/40] ProtoRRageD2 seed=579362555 B_cam=8.54 Mbps (MFBR 8.0)
  [37/40] ProtoRRageD2 seed=161576974 B_cam=7.76 Mbps (MFBR 8.0)
  [38/40] ProtoRRageD2 seed=376383645 B_cam=8.62 Mbps (MFBR 8.0)
  [39/40] ProtoRRageD2 seed=35492826 B_cam=8.83 Mbps (MFBR 8.0)
  [40/40] ProtoRRageD2 seed=1746484539 B_cam=8.70 Mbps (MFBR 8.0)
achieved offered rate: 2.07-2.16x MFBR (GT-4.3 requires >= 2.0x)

wrote sweeps\g3-proto\rrage-2026-09-14\aligned\g7.json
