180 runs = 2 arms x 9 fleet sizes x 10 seeds @ horizon 20000
  [1/180] TwoTier      N=16  never_granted=0   M08=7.32e-05
  [2/180] TwoTier      N=16  never_granted=0   M08=0.1275192
  [3/180] TwoTier      N=16  never_granted=0   M08=0.0267048
  [4/180] TwoTier      N=16  never_granted=0   M08=0.008941200000000002
  [5/180] TwoTier      N=16  never_granted=0   M08=0.0100236
  [6/180] TwoTier      N=16  never_granted=0   M08=0.026754
  [7/180] TwoTier      N=16  never_granted=0   M08=0.022542
  [8/180] TwoTier      N=16  never_granted=0   M08=0.027586799999999998
  [9/180] TwoTier      N=12  never_granted=0   M08=0.09866280000000001
  [10/180] TwoTier      N=12  never_granted=0   M08=0.22496560000000002
  [11/180] TwoTier      N=12  never_granted=0   M08=0.2152868
  [12/180] TwoTier      N=12  never_granted=0   M08=0.3226492
  [13/180] TwoTier      N=12  never_granted=0   M08=0.3091228
  [14/180] TwoTier      N=12  never_granted=0   M08=0.2954172
  [15/180] TwoTier      N=16  never_granted=0   M08=0.0188568
  [16/180] TwoTier      N=16  never_granted=0   M08=0.0159184
  [17/180] TwoTier      N=10  never_granted=0   M08=0.2261108
  [18/180] TwoTier      N=10  never_granted=0   M08=0.4560876
  [19/180] TwoTier      N=12  never_granted=0   M08=0.22070520000000002
  [20/180] TwoTier      N=12  never_granted=0   M08=0.19866679999999998
  [21/180] TwoTier      N=12  never_granted=0   M08=0.405302
  [22/180] TwoTier      N=12  never_granted=0   M08=0.0637144
  [23/180] TwoTier      N=10  never_granted=0   M08=0.3352508
  [24/180] TwoTier      N=10  never_granted=0   M08=0.6968148000000001
  [25/180] TwoTier      N=10  never_granted=0   M08=0.7668052
  [26/180] TwoTier      N=10  never_granted=0   M08=0.6957871999999999
  [27/180] TwoTier      N=10  never_granted=0   M08=0.5116108
  [28/180] TwoTier      N=10  never_granted=0   M08=0.1406704
  [29/180] TwoTier      N=10  never_granted=0   M08=0.673804
  [30/180] TwoTier      N=10  never_granted=0   M08=0.6660628000000001
  [31/180] TwoTier      N=8   never_granted=0   M08=0.978768
  [32/180] TwoTier      N=8   never_granted=0   M08=0.9566208
  [33/180] TwoTier      N=8   never_granted=0   M08=0.9610044
  [34/180] TwoTier      N=8   never_granted=0   M08=0.9917071999999999
  [35/180] TwoTier      N=8   never_granted=0   M08=0.9347684
  [36/180] TwoTier      N=8   never_granted=0   M08=0.9768884
  [37/180] TwoTier      N=8   never_granted=0   M08=0.980238
  [38/180] TwoTier      N=8   never_granted=0   M08=0.9924884
  [39/180] TwoTier      N=8   never_granted=0   M08=0.9462724
  [40/180] TwoTier      N=8   never_granted=0   M08=0.9844624000000001
  [41/180] ProtoGkpi100 N=16  never_granted=0   M08=0.9165452
  [42/180] ProtoGkpi100 N=16  never_granted=0   M08=0.8562208
  [43/180] ProtoGkpi100 N=16  never_granted=0   M08=0.8422531999999999
  [44/180] ProtoGkpi100 N=16  never_granted=0   M08=0.8954915999999999
  [45/180] ProtoGkpi100 N=16  never_granted=0   M08=0.8748928
  [46/180] ProtoGkpi100 N=16  never_granted=0   M08=0.8729431999999999
  [47/180] ProtoGkpi100 N=16  never_granted=0   M08=0.8994428000000001
  [48/180] ProtoGkpi100 N=16  never_granted=0   M08=0.856712
  [49/180] TwoTier      N=7   never_granted=0   M08=0.989902
  [50/180] TwoTier      N=7   never_granted=0   M08=0.9806811999999999
  [51/180] TwoTier      N=7   never_granted=0   M08=0.9640908
  [52/180] TwoTier      N=7   never_granted=0   M08=0.9862295999999999
  [53/180] TwoTier      N=7   never_granted=0   M08=0.990218
  [54/180] TwoTier      N=7   never_granted=0   M08=0.9866864000000001
  [55/180] ProtoGkpi100 N=16  never_granted=0   M08=0.894536
  [56/180] ProtoGkpi100 N=16  never_granted=0   M08=0.8880348
  [57/180] TwoTier      N=7   never_granted=0   M08=0.9882964000000001
  [58/180] TwoTier      N=6   never_granted=0   M08=0.9895651999999999
  [59/180] TwoTier      N=7   never_granted=0   M08=0.9884888000000001
  [60/180] TwoTier      N=7   never_granted=0   M08=0.9846204000000001
  [61/180] TwoTier      N=7   never_granted=0   M08=0.976002
  [62/180] TwoTier      N=6   never_granted=0   M08=0.972026
  [63/180] TwoTier      N=6   never_granted=0   M08=0.9895488
  [64/180] TwoTier      N=6   never_granted=0   M08=0.9942888000000001
  [65/180] TwoTier      N=6   never_granted=0   M08=0.9840016
  [66/180] TwoTier      N=6   never_granted=0   M08=0.9800668
  [67/180] TwoTier      N=6   never_granted=0   M08=0.989046
  [68/180] TwoTier      N=6   never_granted=0   M08=0.9929076
  [69/180] TwoTier      N=6   never_granted=0   M08=0.989964
  [70/180] TwoTier      N=6   never_granted=0   M08=0.979178
  [71/180] ProtoGkpi100 N=12  never_granted=0   M08=0.9812072
  [72/180] ProtoGkpi100 N=12  never_granted=0   M08=0.9774655999999999
  [73/180] ProtoGkpi100 N=12  never_granted=0   M08=0.9863276
  [74/180] ProtoGkpi100 N=12  never_granted=0   M08=0.981754
  [75/180] ProtoGkpi100 N=12  never_granted=0   M08=0.9754108
  [76/180] ProtoGkpi100 N=12  never_granted=0   M08=0.9783308000000001
  [77/180] ProtoGkpi100 N=12  never_granted=0   M08=0.9842084
  [78/180] ProtoGkpi100 N=12  never_granted=0   M08=0.979402
  [79/180] TwoTier      N=5   never_granted=0   M08=0.9911892
  [80/180] TwoTier      N=5   never_granted=0   M08=0.9916075999999999
  [81/180] TwoTier      N=5   never_granted=0   M08=0.988256
  [82/180] TwoTier      N=5   never_granted=0   M08=0.9904788
  [83/180] TwoTier      N=5   never_granted=0   M08=0.9968731999999999
  [84/180] TwoTier      N=5   never_granted=0   M08=1.0051988
  [85/180] ProtoGkpi100 N=12  never_granted=0   M08=0.9903984
  [86/180] ProtoGkpi100 N=12  never_granted=0   M08=0.9858704
  [87/180] TwoTier      N=5   never_granted=0   M08=0.9920748
  [88/180] TwoTier      N=5   never_granted=0   M08=0.9972536
  [89/180] TwoTier      N=5   never_granted=0   M08=1.0044088
  [90/180] TwoTier      N=5   never_granted=0   M08=0.9961548
  [91/180] ProtoGkpi100 N=10  never_granted=0   M08=0.977584
  [92/180] ProtoGkpi100 N=10  never_granted=0   M08=0.9812276
  [93/180] ProtoGkpi100 N=10  never_granted=0   M08=0.984598
  [94/180] ProtoGkpi100 N=10  never_granted=0   M08=0.9881095999999999
  [95/180] TwoTier      N=4   never_granted=0   M08=0.9899851999999999
  [96/180] TwoTier      N=4   never_granted=0   M08=0.9945988
  [97/180] ProtoGkpi100 N=10  never_granted=0   M08=0.9760548
  [98/180] ProtoGkpi100 N=10  never_granted=0   M08=0.9811768000000001
  [99/180] ProtoGkpi100 N=10  never_granted=0   M08=0.9893571999999999
  [100/180] ProtoGkpi100 N=10  never_granted=0   M08=0.9917164
  [101/180] TwoTier      N=4   never_granted=0   M08=0.9964868
  [102/180] TwoTier      N=4   never_granted=0   M08=0.989496
  [103/180] TwoTier      N=4   never_granted=0   M08=0.9936208000000001
  [104/180] TwoTier      N=4   never_granted=0   M08=0.9988348
  [105/180] TwoTier      N=4   never_granted=0   M08=0.9915124000000001
  [106/180] TwoTier      N=4   never_granted=0   M08=1.0071776
  [107/180] ProtoGkpi100 N=10  never_granted=0   M08=0.9965964
  [108/180] ProtoGkpi100 N=10  never_granted=0   M08=0.9889728000000001
  [109/180] TwoTier      N=4   never_granted=0   M08=0.9932604
  [110/180] TwoTier      N=4   never_granted=0   M08=0.992612
  [111/180] ProtoGkpi100 N=8   never_granted=0   M08=0.9754592
  [112/180] ProtoGkpi100 N=8   never_granted=0   M08=0.981164
  [113/180] ProtoGkpi100 N=8   never_granted=0   M08=0.9928956
  [114/180] ProtoGkpi100 N=8   never_granted=0   M08=0.976632
  [115/180] ProtoGkpi100 N=8   never_granted=0   M08=0.975318
  [116/180] ProtoGkpi100 N=8   never_granted=0   M08=0.9896516
  [117/180] ProtoGkpi100 N=8   never_granted=0   M08=0.96735
  [118/180] ProtoGkpi100 N=8   never_granted=0   M08=0.9891951999999999
  [119/180] ProtoGkpi100 N=8   never_granted=0   M08=0.9906124000000001
  [120/180] ProtoGkpi100 N=7   never_granted=0   M08=0.9856368000000001
  [121/180] ProtoGkpi100 N=7   never_granted=0   M08=0.9722868
  [122/180] ProtoGkpi100 N=7   never_granted=0   M08=0.9941164
  [123/180] ProtoGkpi100 N=8   never_granted=0   M08=0.9965284
  [124/180] ProtoGkpi100 N=7   never_granted=0   M08=0.9971328
  [125/180] ProtoGkpi100 N=7   never_granted=0   M08=0.991604
  [126/180] ProtoGkpi100 N=7   never_granted=0   M08=0.9873344000000001
  [127/180] ProtoGkpi100 N=6   never_granted=0   M08=0.9911436
  [128/180] ProtoGkpi100 N=7   never_granted=0   M08=0.9883868
  [129/180] ProtoGkpi100 N=6   never_granted=0   M08=0.9849108000000001
  [130/180] ProtoGkpi100 N=7   never_granted=0   M08=0.9905328
  [131/180] ProtoGkpi100 N=7   never_granted=0   M08=0.982624
  [132/180] ProtoGkpi100 N=7   never_granted=0   M08=0.9922584
  [133/180] ProtoGkpi100 N=6   never_granted=0   M08=0.9892236
  [134/180] ProtoGkpi100 N=6   never_granted=0   M08=0.996488
  [135/180] ProtoGkpi100 N=6   never_granted=0   M08=0.9894464000000001
  [136/180] ProtoGkpi100 N=5   never_granted=0   M08=0.9918504
  [137/180] ProtoGkpi100 N=6   never_granted=0   M08=0.9851608000000001
  [138/180] ProtoGkpi100 N=6   never_granted=0   M08=0.9904712
  [139/180] ProtoGkpi100 N=6   never_granted=0   M08=0.9919096
  [140/180] ProtoGkpi100 N=6   never_granted=0   M08=0.9945951999999999
  [141/180] ProtoGkpi100 N=6   never_granted=0   M08=0.9827028000000001
  [142/180] ProtoGkpi100 N=5   never_granted=0   M08=0.9916075999999999
  [143/180] ProtoGkpi100 N=5   never_granted=0   M08=0.98727
  [144/180] ProtoGkpi100 N=5   never_granted=0   M08=0.9904788
  [145/180] ProtoGkpi100 N=5   never_granted=0   M08=0.9960652
  [146/180] ProtoGkpi100 N=5   never_granted=0   M08=0.996082
  [147/180] ProtoGkpi100 N=5   never_granted=0   M08=1.002614
  [148/180] ProtoGkpi100 N=5   never_granted=0   M08=0.9917256
  [149/180] ProtoGkpi100 N=5   never_granted=0   M08=0.99101
  [150/180] ProtoGkpi100 N=5   never_granted=0   M08=1.0028676
  [151/180] TwoTier      N=2   never_granted=0   M08=1.0118544
  [152/180] TwoTier      N=2   never_granted=0   M08=0.9928564
  [153/180] TwoTier      N=2   never_granted=0   M08=1.0049588
  [154/180] TwoTier      N=2   never_granted=0   M08=0.994254
  [155/180] TwoTier      N=2   never_granted=0   M08=0.9841356
  [156/180] TwoTier      N=2   never_granted=0   M08=0.9951471999999999
  [157/180] TwoTier      N=2   never_granted=0   M08=0.9879536
  [158/180] TwoTier      N=2   never_granted=0   M08=1.0015612
  [159/180] TwoTier      N=2   never_granted=0   M08=1.0043912
  [160/180] TwoTier      N=2   never_granted=0   M08=0.9967412
  [161/180] ProtoGkpi100 N=4   never_granted=0   M08=0.9899851999999999
  [162/180] ProtoGkpi100 N=4   never_granted=0   M08=0.9946891999999999
  [163/180] ProtoGkpi100 N=4   never_granted=0   M08=0.9964868
  [164/180] ProtoGkpi100 N=4   never_granted=0   M08=0.9936208000000001
  [165/180] ProtoGkpi100 N=4   never_granted=0   M08=0.989496
  [166/180] ProtoGkpi100 N=4   never_granted=0   M08=0.9988348
  [167/180] ProtoGkpi100 N=4   never_granted=0   M08=0.9922384000000001
  [168/180] ProtoGkpi100 N=4   never_granted=0   M08=1.0071776
  [169/180] ProtoGkpi100 N=2   never_granted=0   M08=1.010584
  [170/180] ProtoGkpi100 N=2   never_granted=0   M08=0.9929764
  [171/180] ProtoGkpi100 N=2   never_granted=0   M08=1.0049588
  [172/180] ProtoGkpi100 N=2   never_granted=0   M08=0.994254
  [173/180] ProtoGkpi100 N=4   never_granted=0   M08=0.9932604
  [174/180] ProtoGkpi100 N=4   never_granted=0   M08=0.992612
  [175/180] ProtoGkpi100 N=2   never_granted=0   M08=0.9841356
  [176/180] ProtoGkpi100 N=2   never_granted=0   M08=0.9938768
  [177/180] ProtoGkpi100 N=2   never_granted=0   M08=0.9878336
  [178/180] ProtoGkpi100 N=2   never_granted=0   M08=1.0015612
  [179/180] ProtoGkpi100 N=2   never_granted=0   M08=1.0043912
  [180/180] ProtoGkpi100 N=2   never_granted=0   M08=0.9957431999999999

wrote sweeps/g3-proto/g10_kpi.json
