G1 stress: 640 driver runs
  A  2 clause parts x 9 UE counts x 2 arms x 10 seeds x 2 caps  (committed x1)
  B  2 clause parts x 8 load levels x 2 arms x 10 seeds x 2 caps  (N=8)
  horizon 40000 slots, 2 driven robots, bound p98 <= 95 ms, gap bound 200 ms
  0 banked, 640 to run
    ... 25/640 (136s)
    ... 50/640 (208s)
    ... 75/640 (269s)
    ... 100/640 (385s)
    ... 125/640 (438s)
    ... 150/640 (484s)
    ... 175/640 (528s)
    ... 200/640 (571s)
    ... 225/640 (612s)
    ... 250/640 (654s)
    ... 275/640 (695s)
    ... 300/640 (782s)
    ... 325/640 (841s)
    ... 350/640 (892s)
    ... 375/640 (965s)
    ... 400/640 (1008s)
    ... 425/640 (1047s)
    ... 450/640 (1099s)
    ... 475/640 (1151s)
    ... 500/640 (1201s)
    ... 525/640 (1252s)
    ... 550/640 (1305s)
    ... 575/640 (1357s)
    ... 600/640 (1406s)
    ... 625/640 (1431s)

wrote sweeps/g3-proto/g1_kpi.json  (1442s, 640 runs)
