G2 stress: 1080 driver runs x 30 trials
  A  1 clause part x 4 STOP counts x 2 arms x 10 seeds x 2 caps x 30 trials (N=8)
  B  1 clause part x 6 fleet sizes x 4 loads x 2 arms x 10 seeds x 2 caps x 30 trials (STOP=2)
  horizon 40000, bound 100 ms, STOP bearer PDB 5 ms (faithful)
  0 banked, 1080 to run
    ... 25/1080 (81s)
    ... 50/1080 (135s)
    ... 75/1080 (186s)
    ... 100/1080 (232s)
    ... 125/1080 (276s)
    ... 150/1080 (320s)
    ... 175/1080 (356s)
    ... 200/1080 (390s)
    ... 225/1080 (424s)
    ... 250/1080 (459s)
    ... 275/1080 (493s)
    ... 300/1080 (529s)
    ... 325/1080 (598s)
    ... 350/1080 (675s)
    ... 375/1080 (735s)
    ... 400/1080 (768s)
    ... 425/1080 (800s)
    ... 450/1080 (832s)
    ... 475/1080 (861s)
    ... 500/1080 (890s)
    ... 525/1080 (919s)
    ... 550/1080 (961s)
    ... 575/1080 (1016s)
    ... 600/1080 (1067s)
    ... 625/1080 (1108s)
    ... 650/1080 (1132s)
    ... 675/1080 (1156s)
    ... 700/1080 (1180s)
    ... 725/1080 (1219s)
    ... 750/1080 (1255s)
    ... 775/1080 (1290s)
    ... 800/1080 (1325s)
    ... 825/1080 (1363s)
    ... 850/1080 (1395s)
    ... 875/1080 (1429s)
    ... 900/1080 (1462s)
    ... 925/1080 (1494s)
    ... 950/1080 (1523s)
    ... 975/1080 (1552s)
    ... 1000/1080 (1579s)
    ... 1025/1080 (1603s)
    ... 1050/1080 (1626s)
    ... 1075/1080 (1649s)

wrote sweeps/g3-proto/g2_kpi.json  (1654s, 1080 runs, 73200 STOP events, 52 missed)
