80 runs = 2 arms x 4 fleet sizes x 10 seeds @ horizon 20000
  [1/80] TwoTier      N=16  never_granted=0   M08=0.00715
  [2/80] TwoTier      N=16  never_granted=0   M08=0.003142
  [3/80] TwoTier      N=16  never_granted=0   M08=0.0012032
  [4/80] TwoTier      N=16  never_granted=0   M08=0.0069824
  [5/80] TwoTier      N=16  never_granted=0   M08=0.003936
  [6/80] TwoTier      N=16  never_granted=0   M08=0.010858
  [7/80] TwoTier      N=16  never_granted=0   M08=0.009134399999999999
  [8/80] TwoTier      N=16  never_granted=0   M08=0.0076276
  [9/80] TwoTier      N=8   never_granted=0   M08=0.7743932
  [10/80] TwoTier      N=8   never_granted=0   M08=0.3230464
  [11/80] TwoTier      N=8   never_granted=0   M08=0.9095211999999999
  [12/80] TwoTier      N=8   never_granted=0   M08=0.9457011999999999
  [13/80] TwoTier      N=8   never_granted=0   M08=0.9171328000000001
  [14/80] TwoTier      N=8   never_granted=0   M08=0.6523171999999999
  [15/80] TwoTier      N=16  never_granted=0   M08=0.0107684
  [16/80] TwoTier      N=16  never_granted=0   M08=0.0038928
  [17/80] TwoTier      N=8   never_granted=0   M08=0.6635024
  [18/80] TwoTier      N=8   never_granted=0   M08=0.9200464
  [19/80] TwoTier      N=8   never_granted=0   M08=0.9191768
  [20/80] TwoTier      N=8   never_granted=0   M08=0.924674
  [21/80] ProtoGkpi100 N=16  never_granted=0   M08=0.8864868
  [22/80] ProtoGkpi100 N=16  never_granted=0   M08=0.8641976
  [23/80] ProtoGkpi100 N=16  never_granted=0   M08=0.8742831999999999
  [24/80] ProtoGkpi100 N=16  never_granted=0   M08=0.8839876
  [25/80] ProtoGkpi100 N=16  never_granted=0   M08=0.8852728000000001
  [26/80] ProtoGkpi100 N=16  never_granted=0   M08=0.8766168000000001
  [27/80] ProtoGkpi100 N=16  never_granted=0   M08=0.8719492
  [28/80] ProtoGkpi100 N=16  never_granted=0   M08=0.8750884
  [29/80] TwoTier      N=4   never_granted=0   M08=0.9946891999999999
  [30/80] TwoTier      N=4   never_granted=0   M08=0.9898948000000001
  [31/80] TwoTier      N=4   never_granted=0   M08=0.9964868
  [32/80] TwoTier      N=4   never_granted=0   M08=0.9936208000000001
  [33/80] TwoTier      N=4   never_granted=0   M08=0.989496
  [34/80] TwoTier      N=4   never_granted=0   M08=0.9988348
  [35/80] TwoTier      N=4   never_granted=0   M08=0.9922384000000001
  [36/80] TwoTier      N=4   never_granted=0   M08=1.0071776
  [37/80] TwoTier      N=4   never_granted=0   M08=0.9932604
  [38/80] ProtoGkpi100 N=16  never_granted=0   M08=0.8179448
  [39/80] TwoTier      N=4   never_granted=0   M08=0.992612
  [40/80] ProtoGkpi100 N=16  never_granted=0   M08=0.8919836
  [41/80] ProtoGkpi100 N=8   never_granted=0   M08=0.9775476
  [42/80] ProtoGkpi100 N=8   never_granted=0   M08=0.988136
  [43/80] ProtoGkpi100 N=8   never_granted=0   M08=0.9880668
  [44/80] ProtoGkpi100 N=8   never_granted=0   M08=0.9915176
  [45/80] ProtoGkpi100 N=8   never_granted=0   M08=0.9792871999999999
  [46/80] ProtoGkpi100 N=8   never_granted=0   M08=0.9871276
  [47/80] ProtoGkpi100 N=8   never_granted=0   M08=0.9748948000000001
  [48/80] ProtoGkpi100 N=8   never_granted=0   M08=0.9993248
  [49/80] TwoTier      N=2   never_granted=0   M08=1.0118544
  [50/80] TwoTier      N=2   never_granted=0   M08=0.9929764
  [51/80] TwoTier      N=2   never_granted=0   M08=1.0049012
  [52/80] TwoTier      N=2   never_granted=0   M08=0.994254
  [53/80] TwoTier      N=2   never_granted=0   M08=0.9841356
  [54/80] TwoTier      N=2   never_granted=0   M08=0.9951471999999999
  [55/80] TwoTier      N=2   never_granted=0   M08=0.9879536
  [56/80] TwoTier      N=2   never_granted=0   M08=1.0015612
  [57/80] TwoTier      N=2   never_granted=0   M08=1.0043912
  [58/80] TwoTier      N=2   never_granted=0   M08=0.9967412
  [59/80] ProtoGkpi100 N=8   never_granted=0   M08=0.9922456
  [60/80] ProtoGkpi100 N=8   never_granted=0   M08=0.9956588000000001
  [61/80] ProtoGkpi100 N=4   never_granted=0   M08=0.9946891999999999
  [62/80] ProtoGkpi100 N=4   never_granted=0   M08=0.9899851999999999
  [63/80] ProtoGkpi100 N=4   never_granted=0   M08=0.9964868
  [64/80] ProtoGkpi100 N=4   never_granted=0   M08=0.989496
  [65/80] ProtoGkpi100 N=4   never_granted=0   M08=0.9936208000000001
  [66/80] ProtoGkpi100 N=4   never_granted=0   M08=0.9988348
  [67/80] ProtoGkpi100 N=2   never_granted=0   M08=1.010584
  [68/80] ProtoGkpi100 N=4   never_granted=0   M08=0.9922384000000001
  [69/80] ProtoGkpi100 N=2   never_granted=0   M08=0.9929764
  [70/80] ProtoGkpi100 N=4   never_granted=0   M08=1.0059072
  [71/80] ProtoGkpi100 N=4   never_granted=0   M08=0.9932604
  [72/80] ProtoGkpi100 N=4   never_granted=0   M08=0.992612
  [73/80] ProtoGkpi100 N=2   never_granted=0   M08=1.0049588
  [74/80] ProtoGkpi100 N=2   never_granted=0   M08=0.994254
  [75/80] ProtoGkpi100 N=2   never_granted=0   M08=0.9841356
  [76/80] ProtoGkpi100 N=2   never_granted=0   M08=0.9938768
  [77/80] ProtoGkpi100 N=2   never_granted=0   M08=0.9878336
  [78/80] ProtoGkpi100 N=2   never_granted=0   M08=1.0015612
  [79/80] ProtoGkpi100 N=2   never_granted=0   M08=1.0043912
  [80/80] ProtoGkpi100 N=2   never_granted=0   M08=0.9957431999999999

wrote sweeps/g3-proto/g5_kpi.json
