20 runs = 2 arms x 10 seeds, asset B (ue2) camera offered at 2.1x MFBR
  [1/20] TwoTier      seed=161576974 B_cam=15.79 Mbps (MFBR 8.0)
  [2/20] TwoTier      seed=579362555 B_cam=15.96 Mbps (MFBR 8.0)
  [3/20] TwoTier      seed=87989972 B_cam=15.84 Mbps (MFBR 8.0)
  [4/20] TwoTier      seed=35492826 B_cam=3.20 Mbps (MFBR 8.0)
  [5/20] TwoTier      seed=661058651 B_cam=15.23 Mbps (MFBR 8.0)
  [6/20] TwoTier      seed=1826701614 B_cam=16.02 Mbps (MFBR 8.0)
  [7/20] TwoTier      seed=1097657231 B_cam=3.41 Mbps (MFBR 8.0)
  [8/20] TwoTier      seed=1367864806 B_cam=15.31 Mbps (MFBR 8.0)
  [9/20] TwoTier      seed=376383645 B_cam=15.35 Mbps (MFBR 8.0)
  [10/20] TwoTier      seed=1746484539 B_cam=15.39 Mbps (MFBR 8.0)
  [11/20] ProtoGperD100 seed=87989972 B_cam=16.59 Mbps (MFBR 8.0)
  [12/20] ProtoGperD100 seed=1826701614 B_cam=16.24 Mbps (MFBR 8.0)
  [13/20] ProtoGperD100 seed=1097657231 B_cam=16.79 Mbps (MFBR 8.0)
  [14/20] ProtoGperD100 seed=1367864806 B_cam=15.88 Mbps (MFBR 8.0)
  [15/20] ProtoGperD100 seed=579362555 B_cam=11.42 Mbps (MFBR 8.0)
  [16/20] ProtoGperD100 seed=661058651 B_cam=10.55 Mbps (MFBR 8.0)
  [17/20] ProtoGperD100 seed=161576974 B_cam=11.60 Mbps (MFBR 8.0)
  [18/20] ProtoGperD100 seed=35492826 B_cam=14.22 Mbps (MFBR 8.0)
  [19/20] ProtoGperD100 seed=376383645 B_cam=16.54 Mbps (MFBR 8.0)
  [20/20] ProtoGperD100 seed=1746484539 B_cam=16.18 Mbps (MFBR 8.0)
achieved offered rate: 2.07-2.16x MFBR (GT-4.3 requires >= 2.0x)

wrote sweeps/g3-proto/g7_regress.json
