start 1788869223
== G10 boundary, cap 4, RA+SRB (same config as the pre-fix measurement)
270 runs = 3 arms x 9 fleet sizes x 10 seeds @ horizon 20000
  [1/270] TwoTier      N=12  never_granted=0   M08=0.21090520000000001
  [2/270] TwoTier      N=12  never_granted=0   M08=0.1537016
  [3/270] TwoTier      N=16  never_granted=0   M08=0.0029111999999999996
  [4/270] TwoTier      N=16  never_granted=0   M08=0.0598404
  [5/270] TwoTier      N=16  never_granted=0   M08=0.0438104
  [6/270] TwoTier      N=16  never_granted=0   M08=0.019180799999999998
  [7/270] TwoTier      N=16  never_granted=0   M08=0.0185172
  [8/270] TwoTier      N=16  never_granted=0   M08=0.0825068
  [9/270] TwoTier      N=16  never_granted=0   M08=0.0937116
  [10/270] TwoTier      N=16  never_granted=0   M08=0.004470399999999999
  [11/270] TwoTier      N=16  never_granted=0   M08=0.020394
  [12/270] TwoTier      N=16  never_granted=0   M08=0.0163044
  [13/270] TwoTier      N=12  never_granted=0   M08=0.2664896
  [14/270] TwoTier      N=12  never_granted=0   M08=0.3429428
  [15/270] TwoTier      N=10  never_granted=0   M08=0.7189268000000001
  [16/270] TwoTier      N=10  never_granted=0   M08=0.7648208000000001
  [17/270] TwoTier      N=10  never_granted=0   M08=0.7262424000000001
  [18/270] TwoTier      N=10  never_granted=0   M08=0.5833628000000001
  [19/270] TwoTier      N=12  never_granted=0   M08=0.2104484
  [20/270] TwoTier      N=12  never_granted=0   M08=0.386424
  [21/270] TwoTier      N=12  never_granted=0   M08=0.30503
  [22/270] TwoTier      N=12  never_granted=0   M08=0.30622720000000003
  [23/270] TwoTier      N=12  never_granted=0   M08=0.4003576
  [24/270] TwoTier      N=12  never_granted=0   M08=0.1304612
  [25/270] TwoTier      N=10  never_granted=0   M08=0.358672
  [26/270] TwoTier      N=10  never_granted=0   M08=0.7540444000000001
  [27/270] TwoTier      N=10  never_granted=0   M08=0.4884892
  [28/270] TwoTier      N=10  never_granted=0   M08=0.6476251999999999
  [29/270] TwoTier      N=10  never_granted=0   M08=0.6811655999999999
  [30/270] TwoTier      N=10  never_granted=0   M08=0.6799812
  [31/270] Reservation  N=16  never_granted=8   M08=0.0
  [32/270] Reservation  N=16  never_granted=8   M08=0.0
  [33/270] Reservation  N=16  never_granted=8   M08=0.0
  [34/270] Reservation  N=16  never_granted=9   M08=0.0
  [35/270] Reservation  N=16  never_granted=8   M08=0.0
  [36/270] Reservation  N=16  never_granted=8   M08=0.0
  [37/270] Reservation  N=16  never_granted=8   M08=0.0
  [38/270] TwoTier      N=8   never_granted=0   M08=0.7545411999999999
  [39/270] TwoTier      N=8   never_granted=0   M08=0.9862176
  [40/270] Reservation  N=16  never_granted=9   M08=0.0
  [41/270] TwoTier      N=8   never_granted=0   M08=0.9855531999999999
  [42/270] Reservation  N=16  never_granted=8   M08=0.0
  [43/270] TwoTier      N=8   never_granted=0   M08=0.9798332
  [44/270] TwoTier      N=8   never_granted=0   M08=0.9835724
  [45/270] Reservation  N=16  never_granted=8   M08=0.0
  [46/270] TwoTier      N=8   never_granted=0   M08=0.9813212
  [47/270] TwoTier      N=8   never_granted=0   M08=0.9788091999999999
  [48/270] TwoTier      N=8   never_granted=0   M08=0.987036
  [49/270] TwoTier      N=8   never_granted=0   M08=0.9840432
  [50/270] TwoTier      N=8   never_granted=0   M08=0.9893264
  [51/270] PF           N=16  never_granted=0   M08=0.9449716
  [52/270] PF           N=16  never_granted=0   M08=0.9567208
  [53/270] PF           N=16  never_granted=0   M08=0.9605828000000001
  [54/270] PF           N=16  never_granted=0   M08=0.9452228
  [55/270] PF           N=16  never_granted=0   M08=0.9446152
  [56/270] PF           N=16  never_granted=0   M08=0.9634164000000001
  [57/270] PF           N=16  never_granted=0   M08=0.9480948
  [58/270] PF           N=16  never_granted=0   M08=0.9032044
  [59/270] PF           N=16  never_granted=0   M08=0.9342164000000001
  [60/270] PF           N=16  never_granted=0   M08=0.9520472
  [61/270] Reservation  N=12  never_granted=5   M08=0.0
  [62/270] Reservation  N=12  never_granted=5   M08=0.0
  [63/270] Reservation  N=12  never_granted=5   M08=0.0
  [64/270] Reservation  N=12  never_granted=5   M08=0.0
  [65/270] Reservation  N=12  never_granted=5   M08=0.0
  [66/270] Reservation  N=12  never_granted=5   M08=0.0
  [67/270] Reservation  N=12  never_granted=5   M08=0.0
  [68/270] Reservation  N=12  never_granted=5   M08=0.0
  [69/270] Reservation  N=12  never_granted=5   M08=0.0
  [70/270] Reservation  N=12  never_granted=5   M08=0.0
  [71/270] TwoTier      N=7   never_granted=0   M08=0.9758264
  [72/270] TwoTier      N=7   never_granted=0   M08=0.970256
  [73/270] TwoTier      N=7   never_granted=0   M08=0.991076
  [74/270] TwoTier      N=7   never_granted=0   M08=0.9886691999999999
  [75/270] Reservation  N=10  never_granted=3   M08=0.0
  [76/270] TwoTier      N=7   never_granted=0   M08=0.9953732
  [77/270] Reservation  N=10  never_granted=3   M08=0.0
  [78/270] TwoTier      N=7   never_granted=0   M08=0.989328
  [79/270] Reservation  N=10  never_granted=3   M08=0.0
  [80/270] TwoTier      N=7   never_granted=0   M08=0.98699
  [81/270] Reservation  N=10  never_granted=2   M08=0.0
  [82/270] TwoTier      N=7   never_granted=0   M08=0.9907724
  [83/270] TwoTier      N=7   never_granted=0   M08=0.9890588
  [84/270] TwoTier      N=7   never_granted=0   M08=0.9812004
  [85/270] Reservation  N=10  never_granted=3   M08=0.0
  [86/270] Reservation  N=10  never_granted=3   M08=0.0
  [87/270] Reservation  N=10  never_granted=4   M08=0.0
  [88/270] Reservation  N=10  never_granted=3   M08=0.0
  [89/270] Reservation  N=10  never_granted=4   M08=0.0
  [90/270] Reservation  N=10  never_granted=3   M08=0.0
  [91/270] TwoTier      N=6   never_granted=0   M08=0.988828
  [92/270] TwoTier      N=6   never_granted=0   M08=0.9799648000000001
  [93/270] TwoTier      N=6   never_granted=0   M08=0.9831404
  [94/270] TwoTier      N=6   never_granted=0   M08=0.992
  [95/270] TwoTier      N=6   never_granted=0   M08=0.99055
  [96/270] TwoTier      N=6   never_granted=0   M08=0.9851608000000001
  [97/270] PF           N=12  never_granted=0   M08=0.9838164
  [98/270] PF           N=12  never_granted=0   M08=0.9774655999999999
  [99/270] PF           N=12  never_granted=0   M08=0.9863276
  [100/270] TwoTier      N=6   never_granted=0   M08=0.9889708
  [101/270] PF           N=12  never_granted=0   M08=0.98939
  [102/270] TwoTier      N=6   never_granted=0   M08=0.9896216
  [103/270] TwoTier      N=6   never_granted=0   M08=0.9929076
  [104/270] PF           N=12  never_granted=0   M08=0.9858724
  [105/270] TwoTier      N=6   never_granted=0   M08=0.9827028000000001
  [106/270] PF           N=12  never_granted=0   M08=0.9887608
  [107/270] PF           N=12  never_granted=0   M08=0.9809448000000001
  [108/270] PF           N=12  never_granted=0   M08=0.9866524
  [109/270] PF           N=12  never_granted=0   M08=0.997504
  [110/270] PF           N=12  never_granted=0   M08=0.989626
  [111/270] TwoTier      N=5   never_granted=0   M08=0.9918504
  [112/270] TwoTier      N=5   never_granted=0   M08=0.9916075999999999
  [113/270] TwoTier      N=5   never_granted=0   M08=0.9839336
  [114/270] TwoTier      N=5   never_granted=0   M08=0.9968731999999999
  [115/270] TwoTier      N=5   never_granted=0   M08=0.9881408
  [116/270] TwoTier      N=5   never_granted=0   M08=0.9922804000000001
  [117/270] TwoTier      N=5   never_granted=0   M08=0.9973524
  [118/270] TwoTier      N=5   never_granted=0   M08=0.9937696
  [119/270] TwoTier      N=5   never_granted=0   M08=1.0050836
  [120/270] TwoTier      N=5   never_granted=0   M08=1.0049164
  [121/270] Reservation  N=8   never_granted=0   M08=0.9832364
  [122/270] Reservation  N=8   never_granted=0   M08=0.9873368
  [123/270] Reservation  N=8   never_granted=2   M08=0.0
  [124/270] Reservation  N=8   never_granted=2   M08=0.0
  [125/270] Reservation  N=8   never_granted=1   M08=0.0
  [126/270] Reservation  N=8   never_granted=0   M08=0.9946648
  [127/270] Reservation  N=8   never_granted=2   M08=0.0
  [128/270] PF           N=10  never_granted=0   M08=0.986598
  [129/270] Reservation  N=8   never_granted=1   M08=0.0
  [130/270] Reservation  N=8   never_granted=2   M08=0.0
  [131/270] PF           N=10  never_granted=0   M08=0.9931468
  [132/270] Reservation  N=8   never_granted=1   M08=0.0
  [133/270] PF           N=10  never_granted=0   M08=0.986594
  [134/270] PF           N=10  never_granted=0   M08=0.98793
  [135/270] PF           N=10  never_granted=0   M08=0.9851472
  [136/270] PF           N=10  never_granted=0   M08=0.9901024
  [137/270] PF           N=10  never_granted=0   M08=0.9950656
  [138/270] PF           N=10  never_granted=0   M08=0.9954864
  [139/270] Reservation  N=7   never_granted=0   M08=0.9689511999999999
  [140/270] Reservation  N=7   never_granted=0   M08=0.982434
  [141/270] PF           N=10  never_granted=0   M08=1.0004284
  [142/270] PF           N=10  never_granted=0   M08=0.9937592
  [143/270] Reservation  N=7   never_granted=1   M08=0.0
  [144/270] Reservation  N=7   never_granted=0   M08=0.9965392
  [145/270] Reservation  N=7   never_granted=1   M08=0.0
  [146/270] Reservation  N=7   never_granted=0   M08=0.986064
  [147/270] Reservation  N=7   never_granted=1   M08=0.0
  [148/270] Reservation  N=7   never_granted=0   M08=0.9996892
  [149/270] TwoTier      N=4   never_granted=0   M08=0.9899851999999999
  [150/270] TwoTier      N=4   never_granted=0   M08=0.9946891999999999
  [151/270] TwoTier      N=4   never_granted=0   M08=0.9964868
  [152/270] TwoTier      N=4   never_granted=0   M08=0.989496
  [153/270] Reservation  N=7   never_granted=0   M08=0.9758868
  [154/270] TwoTier      N=4   never_granted=0   M08=0.9936208000000001
  [155/270] Reservation  N=7   never_granted=0   M08=0.9942688000000001
  [156/270] TwoTier      N=4   never_granted=0   M08=0.9988348
  [157/270] TwoTier      N=4   never_granted=0   M08=0.9922384000000001
  [158/270] TwoTier      N=4   never_granted=0   M08=1.0071776
  [159/270] TwoTier      N=4   never_granted=0   M08=0.9932604
  [160/270] TwoTier      N=4   never_granted=0   M08=0.992612
  [161/270] PF           N=8   never_granted=0   M08=0.9877904000000001
  [162/270] PF           N=8   never_granted=0   M08=0.998286
  [163/270] PF           N=8   never_granted=0   M08=0.9937528
  [164/270] PF           N=8   never_granted=0   M08=0.9888616
  [165/270] PF           N=8   never_granted=0   M08=0.9835724
  [166/270] PF           N=8   never_granted=0   M08=0.9933295999999999
  [167/270] PF           N=8   never_granted=0   M08=0.980238
  [168/270] PF           N=8   never_granted=0   M08=0.9993248
  [169/270] PF           N=8   never_granted=0   M08=0.9969008
  [170/270] PF           N=8   never_granted=0   M08=0.9962976
  [171/270] Reservation  N=6   never_granted=0   M08=0.9959796
  [172/270] Reservation  N=6   never_granted=0   M08=0.9849108000000001
  [173/270] Reservation  N=6   never_granted=0   M08=0.99055
  [174/270] Reservation  N=6   never_granted=0   M08=0.9897648
  [175/270] Reservation  N=6   never_granted=0   M08=0.9958768
  [176/270] Reservation  N=6   never_granted=0   M08=0.9827096
  [177/270] Reservation  N=6   never_granted=0   M08=0.9929076
  [178/270] Reservation  N=6   never_granted=0   M08=0.9904712
  [179/270] Reservation  N=6   never_granted=0   M08=0.9947976
  [180/270] PF           N=7   never_granted=0   M08=0.9856368000000001
  [181/270] Reservation  N=6   never_granted=0   M08=0.9819548
  [182/270] PF           N=7   never_granted=0   M08=0.973324
  [183/270] PF           N=7   never_granted=0   M08=0.997174
  [184/270] PF           N=7   never_granted=0   M08=0.9991288
  [185/270] PF           N=7   never_granted=0   M08=0.9955908
  [186/270] PF           N=7   never_granted=0   M08=0.9942364
  [187/270] PF           N=7   never_granted=0   M08=0.9883868
  [188/270] PF           N=7   never_granted=0   M08=1.0002288000000001
  [189/270] PF           N=7   never_granted=0   M08=0.982624
  [190/270] Reservation  N=5   never_granted=0   M08=0.9918504
  [191/270] Reservation  N=5   never_granted=0   M08=0.9916075999999999
  [192/270] PF           N=7   never_granted=0   M08=0.9942688000000001
  [193/270] Reservation  N=5   never_granted=0   M08=0.988256
  [194/270] Reservation  N=5   never_granted=0   M08=0.9903588000000001
  [195/270] Reservation  N=5   never_granted=0   M08=0.9968731999999999
  [196/270] Reservation  N=5   never_granted=0   M08=1.0051988
  [197/270] Reservation  N=5   never_granted=0   M08=0.9922804000000001
  [198/270] PF           N=6   never_granted=0   M08=0.9849108000000001
  [199/270] Reservation  N=5   never_granted=0   M08=1.0049164
  [200/270] PF           N=6   never_granted=0   M08=0.9897648
  [201/270] PF           N=6   never_granted=0   M08=0.9959796
  [202/270] PF           N=6   never_granted=0   M08=0.996488
  [203/270] Reservation  N=5   never_granted=0   M08=0.9963131999999999
  [204/270] Reservation  N=5   never_granted=0   M08=0.9961548
  [205/270] PF           N=6   never_granted=0   M08=0.9904444
  [206/270] PF           N=6   never_granted=0   M08=0.9851608000000001
  [207/270] PF           N=6   never_granted=0   M08=0.9904712
  [208/270] Reservation  N=4   never_granted=0   M08=0.9899851999999999
  [209/270] Reservation  N=4   never_granted=0   M08=0.994574
  [210/270] Reservation  N=4   never_granted=0   M08=0.995332
  [211/270] PF           N=6   never_granted=0   M08=0.9929076
  [212/270] Reservation  N=4   never_granted=0   M08=0.9988348
  [213/270] Reservation  N=4   never_granted=0   M08=0.9884568
  [214/270] Reservation  N=4   never_granted=0   M08=0.9936208000000001
  [215/270] PF           N=6   never_granted=0   M08=0.995174
  [216/270] PF           N=6   never_granted=0   M08=0.9827028000000001
  [217/270] Reservation  N=4   never_granted=0   M08=0.9922384000000001
  [218/270] Reservation  N=4   never_granted=0   M08=1.0065212
  [219/270] Reservation  N=4   never_granted=0   M08=0.9932604
  [220/270] Reservation  N=4   never_granted=0   M08=0.992612
  [221/270] PF           N=5   never_granted=0   M08=0.9918504
  [222/270] PF           N=5   never_granted=0   M08=0.9916075999999999
  [223/270] PF           N=5   never_granted=0   M08=0.9904788
  [224/270] PF           N=5   never_granted=0   M08=0.9968731999999999
  [225/270] PF           N=5   never_granted=0   M08=0.988256
  [226/270] PF           N=5   never_granted=0   M08=1.0034784
  [227/270] PF           N=5   never_granted=0   M08=0.9922804000000001
  [228/270] PF           N=5   never_granted=0   M08=1.0049164
  [229/270] PF           N=5   never_granted=0   M08=0.9961011999999999
  [230/270] PF           N=5   never_granted=0   M08=0.9961548
  [231/270] TwoTier      N=2   never_granted=0   M08=1.0118544
  [232/270] TwoTier      N=2   never_granted=0   M08=0.9929764
  [233/270] TwoTier      N=2   never_granted=0   M08=1.0049588
  [234/270] TwoTier      N=2   never_granted=0   M08=0.994254
  [235/270] PF           N=4   never_granted=0   M08=0.9899851999999999
  [236/270] TwoTier      N=2   never_granted=0   M08=0.9840156
  [237/270] TwoTier      N=2   never_granted=0   M08=0.9951471999999999
  [238/270] TwoTier      N=2   never_granted=0   M08=1.0043912
  [239/270] TwoTier      N=2   never_granted=0   M08=0.9879536
  [240/270] TwoTier      N=2   never_granted=0   M08=0.9967412
  [241/270] TwoTier      N=2   never_granted=0   M08=1.0014708
  [242/270] PF           N=4   never_granted=0   M08=0.9946891999999999
  [243/270] PF           N=4   never_granted=0   M08=0.9964868
  [244/270] Reservation  N=2   never_granted=0   M08=1.0118544
  [245/270] Reservation  N=2   never_granted=0   M08=0.9929764
  [246/270] PF           N=4   never_granted=0   M08=0.989496
  [247/270] Reservation  N=2   never_granted=0   M08=1.0049588
  [248/270] PF           N=4   never_granted=0   M08=0.9988348
  [249/270] PF           N=4   never_granted=0   M08=0.9935008000000001
  [250/270] Reservation  N=2   never_granted=0   M08=0.994254
  [251/270] PF           N=4   never_granted=0   M08=0.9922384000000001
  [252/270] PF           N=4   never_granted=0   M08=0.9932604
  [253/270] PF           N=4   never_granted=0   M08=0.992612
  [254/270] PF           N=4   never_granted=0   M08=1.00686
  [255/270] Reservation  N=2   never_granted=0   M08=0.9841356
  [256/270] Reservation  N=2   never_granted=0   M08=0.9879536
  [257/270] Reservation  N=2   never_granted=0   M08=0.9951471999999999
  [258/270] Reservation  N=2   never_granted=0   M08=1.0015612
  [259/270] PF           N=2   never_granted=0   M08=1.0118544
  [260/270] Reservation  N=2   never_granted=0   M08=1.0043912
  [261/270] Reservation  N=2   never_granted=0   M08=0.9967412
  [262/270] PF           N=2   never_granted=0   M08=0.9929764
  [263/270] PF           N=2   never_granted=0   M08=0.994254
  [264/270] PF           N=2   never_granted=0   M08=1.0049588
  [265/270] PF           N=2   never_granted=0   M08=0.9841356
  [266/270] PF           N=2   never_granted=0   M08=0.9951471999999999
  [267/270] PF           N=2   never_granted=0   M08=0.9879536
  [268/270] PF           N=2   never_granted=0   M08=1.0043912
  [269/270] PF           N=2   never_granted=0   M08=1.0015612
  [270/270] PF           N=2   never_granted=0   M08=0.9967412

wrote sweeps/gbr-fix-2026-09-08/g10_cap4_rasrb.json
G10 WALL 198.88 s
== G12 stress, cap 4
120 ramp sweeps x 11 points = 1320 driver runs (2 tie-break arms x 2 cells x 3 arms x 10 seeds)
  0 banked, 120 to run
    ... 10/120 (60s)
    ... 20/120 (118s)
    ... 30/120 (176s)
    ... 40/120 (205s)
    ... 50/120 (231s)
    ... 60/120 (255s)
    ... 70/120 (280s)
    ... 80/120 (285s)
    ... 90/120 (308s)
    ... 100/120 (328s)
    ... 110/120 (350s)
    ... 120/120 (368s)

wrote sweeps/gbr-fix-2026-09-08/g12_cap4.json  (368s, 120 sweeps)
G12cap4 WALL 368.54 s
== G12 stress, cap 2
120 ramp sweeps x 11 points = 1320 driver runs (2 tie-break arms x 2 cells x 3 arms x 10 seeds)
  0 banked, 120 to run
    ... 10/120 (61s)
    ... 20/120 (118s)
    ... 30/120 (176s)
    ... 40/120 (205s)
    ... 50/120 (231s)
    ... 60/120 (256s)
    ... 70/120 (281s)
    ... 80/120 (288s)
    ... 90/120 (309s)
    ... 100/120 (328s)
    ... 110/120 (351s)
    ... 120/120 (368s)

wrote sweeps/gbr-fix-2026-09-08/g12_cap2.json  (368s, 120 sweeps)
G12cap2 WALL 368.48 s
done 1788870159
