120 runs = 3 arms x 4 fleet sizes x 10 seeds @ horizon 20000
  [1/120] Reservation  N=16  never_granted=0   M08=0.9475752
  [2/120] Reservation  N=16  never_granted=0   M08=0.9299584000000001
  [3/120] TwoTier      N=16  never_granted=0   M08=0.9420871999999999
  [4/120] TwoTier      N=16  never_granted=0   M08=0.9417011999999999
  [5/120] TwoTier      N=16  never_granted=0   M08=0.9539948
  [6/120] TwoTier      N=16  never_granted=0   M08=0.9153431999999999
  [7/120] TwoTier      N=16  never_granted=0   M08=0.9467296
  [8/120] TwoTier      N=16  never_granted=0   M08=0.9419375999999999
  [9/120] TwoTier      N=16  never_granted=0   M08=0.9437768000000001
  [10/120] TwoTier      N=16  never_granted=0   M08=0.9387911999999999
  [11/120] TwoTier      N=16  never_granted=0   M08=0.9550875999999999
  [12/120] TwoTier      N=16  never_granted=0   M08=0.929268
  [13/120] Reservation  N=16  never_granted=0   M08=0.9456076
  [14/120] Reservation  N=16  never_granted=0   M08=0.95348
  [15/120] Reservation  N=16  never_granted=0   M08=0.9329955999999999
  [16/120] Reservation  N=16  never_granted=0   M08=0.9402788000000001
  [17/120] Reservation  N=16  never_granted=0   M08=0.9373368000000001
  [18/120] Reservation  N=16  never_granted=0   M08=0.93458
  [19/120] Reservation  N=16  never_granted=0   M08=0.8791471999999999
  [20/120] TwoTier      N=8   never_granted=0   M08=0.956766
  [21/120] Reservation  N=16  never_granted=0   M08=0.9402968
  [22/120] TwoTier      N=8   never_granted=0   M08=0.9573324
  [23/120] TwoTier      N=8   never_granted=0   M08=0.963068
  [24/120] TwoTier      N=8   never_granted=0   M08=0.9680356
  [25/120] TwoTier      N=8   never_granted=0   M08=0.9533655999999999
  [26/120] TwoTier      N=8   never_granted=0   M08=0.962148
  [27/120] PF           N=16  never_granted=0   M08=0.9383032
  [28/120] PF           N=16  never_granted=0   M08=0.943022
  [29/120] PF           N=16  never_granted=0   M08=0.9330856
  [30/120] PF           N=16  never_granted=0   M08=0.9261724
  [31/120] PF           N=16  never_granted=0   M08=0.936032
  [32/120] PF           N=16  never_granted=0   M08=0.9347364
  [33/120] PF           N=16  never_granted=0   M08=0.9444088
  [34/120] PF           N=16  never_granted=0   M08=0.9029164000000001
  [35/120] TwoTier      N=8   never_granted=0   M08=0.9505348
  [36/120] TwoTier      N=8   never_granted=0   M08=0.9673951999999999
  [37/120] TwoTier      N=8   never_granted=0   M08=0.9591668000000001
  [38/120] TwoTier      N=8   never_granted=0   M08=0.9654956
  [39/120] Reservation  N=8   never_granted=0   M08=0.9567992
  [40/120] Reservation  N=8   never_granted=0   M08=0.9555712
  [41/120] Reservation  N=8   never_granted=0   M08=0.9680356
  [42/120] Reservation  N=8   never_granted=0   M08=0.9634068
  [43/120] PF           N=16  never_granted=0   M08=0.915658
  [44/120] PF           N=16  never_granted=0   M08=0.9368328
  [45/120] Reservation  N=8   never_granted=0   M08=0.9537664
  [46/120] Reservation  N=8   never_granted=0   M08=0.9641764
  [47/120] Reservation  N=8   never_granted=0   M08=0.9505348
  [48/120] Reservation  N=8   never_granted=0   M08=0.9690408
  [49/120] Reservation  N=8   never_granted=0   M08=0.965872
  [50/120] Reservation  N=8   never_granted=0   M08=0.9665688
  [51/120] TwoTier      N=4   never_granted=0   M08=0.96443
  [52/120] TwoTier      N=4   never_granted=0   M08=0.959984
  [53/120] TwoTier      N=4   never_granted=0   M08=0.9662888000000001
  [54/120] TwoTier      N=4   never_granted=0   M08=0.9595132
  [55/120] TwoTier      N=4   never_granted=0   M08=0.9635072
  [56/120] TwoTier      N=4   never_granted=0   M08=0.9685688
  [57/120] TwoTier      N=4   never_granted=0   M08=0.9621716
  [58/120] TwoTier      N=4   never_granted=0   M08=0.9753852
  [59/120] PF           N=8   never_granted=0   M08=0.9578576
  [60/120] PF           N=8   never_granted=0   M08=0.9590696
  [61/120] TwoTier      N=4   never_granted=0   M08=0.9630884000000001
  [62/120] TwoTier      N=4   never_granted=0   M08=0.9624412
  [63/120] PF           N=8   never_granted=0   M08=0.9667652
  [64/120] PF           N=8   never_granted=0   M08=0.9636376
  [65/120] PF           N=8   never_granted=0   M08=0.9537664
  [66/120] PF           N=8   never_granted=0   M08=0.9645228
  [67/120] PF           N=8   never_granted=0   M08=0.9505348
  [68/120] Reservation  N=4   never_granted=0   M08=0.959984
  [69/120] PF           N=8   never_granted=0   M08=0.9690408
  [70/120] Reservation  N=4   never_granted=0   M08=0.9645452
  [71/120] Reservation  N=4   never_granted=0   M08=0.9653816
  [72/120] PF           N=8   never_granted=0   M08=0.9666928
  [73/120] PF           N=8   never_granted=0   M08=0.966334
  [74/120] Reservation  N=4   never_granted=0   M08=0.9635072
  [75/120] Reservation  N=4   never_granted=0   M08=0.9595132
  [76/120] Reservation  N=4   never_granted=0   M08=0.9685688
  [77/120] Reservation  N=4   never_granted=0   M08=0.9621716
  [78/120] Reservation  N=4   never_granted=0   M08=0.9757316
  [79/120] Reservation  N=4   never_granted=0   M08=0.9625004
  [80/120] Reservation  N=4   never_granted=0   M08=0.9625315999999999
  [81/120] TwoTier      N=2   never_granted=0   M08=0.9811892
  [82/120] TwoTier      N=2   never_granted=0   M08=0.9616124
  [83/120] TwoTier      N=2   never_granted=0   M08=0.9735068
  [84/120] TwoTier      N=2   never_granted=0   M08=0.9641224
  [85/120] TwoTier      N=2   never_granted=0   M08=0.9580144
  [86/120] TwoTier      N=2   never_granted=0   M08=0.9535004
  [87/120] TwoTier      N=2   never_granted=0   M08=0.964992
  [88/120] TwoTier      N=2   never_granted=0   M08=0.9712076
  [89/120] TwoTier      N=2   never_granted=0   M08=0.9739536
  [90/120] PF           N=4   never_granted=0   M08=0.959984
  [91/120] PF           N=4   never_granted=0   M08=0.9640948
  [92/120] TwoTier      N=2   never_granted=0   M08=0.9665368000000001
  [93/120] PF           N=4   never_granted=0   M08=0.9662888000000001
  [94/120] PF           N=4   never_granted=0   M08=0.9635072
  [95/120] PF           N=4   never_granted=0   M08=0.9685688
  [96/120] PF           N=4   never_granted=0   M08=0.9595132
  [97/120] Reservation  N=2   never_granted=0   M08=0.9811892
  [98/120] Reservation  N=2   never_granted=0   M08=0.9628871999999999
  [99/120] PF           N=4   never_granted=0   M08=0.9621716
  [100/120] Reservation  N=2   never_granted=0   M08=0.9745048000000001
  [101/120] PF           N=4   never_granted=0   M08=0.9753852
  [102/120] PF           N=4   never_granted=0   M08=0.9625264
  [103/120] Reservation  N=2   never_granted=0   M08=0.9641224
  [104/120] Reservation  N=2   never_granted=0   M08=0.9543088000000001
  [105/120] Reservation  N=2   never_granted=0   M08=0.9649188000000001
  [106/120] PF           N=4   never_granted=0   M08=0.9625315999999999
  [107/120] Reservation  N=2   never_granted=0   M08=0.9580144
  [108/120] Reservation  N=2   never_granted=0   M08=0.9712076
  [109/120] PF           N=2   never_granted=0   M08=0.9811892
  [110/120] Reservation  N=2   never_granted=0   M08=0.9739536
  [111/120] PF           N=2   never_granted=0   M08=0.9628871999999999
  [112/120] Reservation  N=2   never_granted=0   M08=0.9665368000000001
  [113/120] PF           N=2   never_granted=0   M08=0.9739736
  [114/120] PF           N=2   never_granted=0   M08=0.9641224
  [115/120] PF           N=2   never_granted=0   M08=0.9543088000000001
  [116/120] PF           N=2   never_granted=0   M08=0.964992
  [117/120] PF           N=2   never_granted=0   M08=0.9580144
  [118/120] PF           N=2   never_granted=0   M08=0.9712076
  [119/120] PF           N=2   never_granted=0   M08=0.9739536
  [120/120] PF           N=2   never_granted=0   M08=0.9665368000000001

wrote sweeps/fixed-2026-09-07/attach/g10_attach.json
