30 runs = 3 arms x 10 seeds, asset B (ue2) camera offered at 2.1x MFBR
  [1/30] Reservation  seed=1367864806 B_cam=14.72 Mbps (MFBR 8.0)
  [2/30] Reservation  seed=1826701614 B_cam=13.88 Mbps (MFBR 8.0)
  [3/30] Reservation  seed=1097657231 B_cam=14.47 Mbps (MFBR 8.0)
  [4/30] Reservation  seed=579362555 B_cam=13.79 Mbps (MFBR 8.0)
  [5/30] TwoTier      seed=161576974 B_cam=15.97 Mbps (MFBR 8.0)
  [6/30] TwoTier      seed=579362555 B_cam=16.49 Mbps (MFBR 8.0)
  [7/30] TwoTier      seed=376383645 B_cam=16.03 Mbps (MFBR 8.0)
  [8/30] TwoTier      seed=35492826 B_cam=16.17 Mbps (MFBR 8.0)
  [9/30] TwoTier      seed=87989972 B_cam=16.20 Mbps (MFBR 8.0)
  [10/30] TwoTier      seed=1826701614 B_cam=15.91 Mbps (MFBR 8.0)
  [11/30] TwoTier      seed=1367864806 B_cam=16.20 Mbps (MFBR 8.0)
  [12/30] TwoTier      seed=1746484539 B_cam=16.05 Mbps (MFBR 8.0)
  [13/30] TwoTier      seed=1097657231 B_cam=16.30 Mbps (MFBR 8.0)
  [14/30] TwoTier      seed=661058651 B_cam=16.03 Mbps (MFBR 8.0)
  [15/30] PF           seed=1826701614 B_cam=8.61 Mbps (MFBR 8.0)
  [16/30] PF           seed=1367864806 B_cam=8.95 Mbps (MFBR 8.0)
  [17/30] Reservation  seed=661058651 B_cam=14.18 Mbps (MFBR 8.0)
  [18/30] PF           seed=661058651 B_cam=8.54 Mbps (MFBR 8.0)
  [19/30] PF           seed=1097657231 B_cam=8.83 Mbps (MFBR 8.0)
  [20/30] PF           seed=579362555 B_cam=8.32 Mbps (MFBR 8.0)
  [21/30] Reservation  seed=87989972 B_cam=13.27 Mbps (MFBR 8.0)
  [22/30] PF           seed=87989972 B_cam=8.19 Mbps (MFBR 8.0)
  [23/30] Reservation  seed=35492826 B_cam=13.35 Mbps (MFBR 8.0)
  [24/30] Reservation  seed=161576974 B_cam=12.10 Mbps (MFBR 8.0)
  [25/30] Reservation  seed=376383645 B_cam=13.42 Mbps (MFBR 8.0)
  [26/30] Reservation  seed=1746484539 B_cam=14.33 Mbps (MFBR 8.0)
  [27/30] PF           seed=161576974 B_cam=7.39 Mbps (MFBR 8.0)
  [28/30] PF           seed=35492826 B_cam=8.32 Mbps (MFBR 8.0)
  [29/30] PF           seed=376383645 B_cam=8.24 Mbps (MFBR 8.0)
  [30/30] PF           seed=1746484539 B_cam=8.67 Mbps (MFBR 8.0)
achieved offered rate: 2.01-2.10x MFBR (GT-4.3 requires >= 2.0x)

wrote sweeps/fixed-2026-09-07/attach/g7.json
