120 runs = 3 arms x 4 fleet sizes x 10 seeds @ horizon 20000
  [1/120] Reservation  N=16  never_granted=4   M08=0.0
  [2/120] Reservation  N=16  never_granted=1   M08=0.0
  [3/120] TwoTier      N=16  never_granted=11  M08=0.0
  [4/120] TwoTier      N=16  never_granted=11  M08=0.0
  [5/120] TwoTier      N=16  never_granted=4   M08=0.0
  [6/120] TwoTier      N=16  never_granted=0   M08=0.319106
  [7/120] TwoTier      N=16  never_granted=0   M08=0.1782684
  [8/120] TwoTier      N=16  never_granted=1   M08=0.0
  [9/120] TwoTier      N=16  never_granted=0   M08=0.3049888
  [10/120] TwoTier      N=16  never_granted=0   M08=0.30407959999999995
  [11/120] TwoTier      N=16  never_granted=1   M08=0.0
  [12/120] TwoTier      N=16  never_granted=1   M08=0.0
  [13/120] Reservation  N=16  never_granted=3   M08=0.0
  [14/120] Reservation  N=16  never_granted=2   M08=0.0
  [15/120] Reservation  N=16  never_granted=4   M08=0.0
  [16/120] Reservation  N=16  never_granted=2   M08=0.0
  [17/120] Reservation  N=16  never_granted=2   M08=0.0
  [18/120] Reservation  N=16  never_granted=3   M08=0.0
  [19/120] Reservation  N=16  never_granted=2   M08=0.0
  [20/120] Reservation  N=16  never_granted=3   M08=0.0
  [21/120] TwoTier      N=8   never_granted=0   M08=0.52245
  [22/120] TwoTier      N=8   never_granted=0   M08=0.9561588000000001
  [23/120] TwoTier      N=8   never_granted=0   M08=0.8594832
  [24/120] TwoTier      N=8   never_granted=0   M08=0.9574804
  [25/120] TwoTier      N=8   never_granted=0   M08=0.952384
  [26/120] TwoTier      N=8   never_granted=0   M08=0.960572
  [27/120] TwoTier      N=8   never_granted=0   M08=0.2020632
  [28/120] TwoTier      N=8   never_granted=0   M08=0.3180152
  [29/120] PF           N=16  never_granted=0   M08=0.9369436
  [30/120] PF           N=16  never_granted=0   M08=0.9326772
  [31/120] PF           N=16  never_granted=0   M08=0.9371408
  [32/120] PF           N=16  never_granted=0   M08=0.9424996
  [33/120] PF           N=16  never_granted=0   M08=0.9267004
  [34/120] PF           N=16  never_granted=0   M08=0.9348704
  [35/120] TwoTier      N=8   never_granted=0   M08=0.9600176
  [36/120] PF           N=16  never_granted=0   M08=0.9023988000000001
  [37/120] TwoTier      N=8   never_granted=0   M08=0.966334
  [38/120] PF           N=16  never_granted=0   M08=0.946388
  [39/120] PF           N=16  never_granted=0   M08=0.915994
  [40/120] PF           N=16  never_granted=0   M08=0.9361651999999999
  [41/120] Reservation  N=8   never_granted=0   M08=0.9569772
  [42/120] Reservation  N=8   never_granted=0   M08=0.9558675999999999
  [43/120] Reservation  N=8   never_granted=1   M08=0.0
  [44/120] Reservation  N=8   never_granted=1   M08=0.0
  [45/120] Reservation  N=8   never_granted=1   M08=0.0
  [46/120] Reservation  N=8   never_granted=2   M08=0.0
  [47/120] Reservation  N=8   never_granted=1   M08=0.0
  [48/120] Reservation  N=8   never_granted=0   M08=0.9624115999999999
  [49/120] Reservation  N=8   never_granted=1   M08=0.0
  [50/120] Reservation  N=8   never_granted=1   M08=0.0
  [51/120] TwoTier      N=4   never_granted=0   M08=0.9588291999999999
  [52/120] TwoTier      N=4   never_granted=0   M08=0.9645452
  [53/120] TwoTier      N=4   never_granted=0   M08=0.9662888000000001
  [54/120] TwoTier      N=4   never_granted=0   M08=0.9593932
  [55/120] TwoTier      N=4   never_granted=0   M08=0.9635072
  [56/120] TwoTier      N=4   never_granted=0   M08=0.9621716
  [57/120] TwoTier      N=4   never_granted=0   M08=0.9685688
  [58/120] TwoTier      N=4   never_granted=0   M08=0.9766556
  [59/120] PF           N=8   never_granted=0   M08=0.9578576
  [60/120] TwoTier      N=4   never_granted=0   M08=0.9630464
  [61/120] PF           N=8   never_granted=0   M08=0.959342
  [62/120] PF           N=8   never_granted=0   M08=0.9636376
  [63/120] TwoTier      N=4   never_granted=0   M08=0.9625315999999999
  [64/120] PF           N=8   never_granted=0   M08=0.9680356
  [65/120] PF           N=8   never_granted=0   M08=0.9537664
  [66/120] PF           N=8   never_granted=0   M08=0.9638684000000001
  [67/120] PF           N=8   never_granted=0   M08=0.950306
  [68/120] Reservation  N=4   never_granted=0   M08=0.959984
  [69/120] Reservation  N=4   never_granted=0   M08=0.9645452
  [70/120] Reservation  N=4   never_granted=0   M08=0.9662888000000001
  [71/120] PF           N=8   never_granted=0   M08=0.9690408
  [72/120] Reservation  N=4   never_granted=0   M08=0.9635072
  [73/120] Reservation  N=4   never_granted=0   M08=0.9595132
  [74/120] Reservation  N=4   never_granted=0   M08=0.9685688
  [75/120] PF           N=8   never_granted=0   M08=0.9658652
  [76/120] PF           N=8   never_granted=0   M08=0.9666928
  [77/120] Reservation  N=4   never_granted=0   M08=0.9606128
  [78/120] Reservation  N=4   never_granted=0   M08=0.9766556
  [79/120] Reservation  N=4   never_granted=0   M08=0.9631616
  [80/120] Reservation  N=4   never_granted=0   M08=0.9625315999999999
  [81/120] TwoTier      N=2   never_granted=0   M08=0.9811892
  [82/120] TwoTier      N=2   never_granted=0   M08=0.9627671999999999
  [83/120] TwoTier      N=2   never_granted=0   M08=0.9745048000000001
  [84/120] TwoTier      N=2   never_granted=0   M08=0.9641224
  [85/120] TwoTier      N=2   never_granted=0   M08=0.9580144
  [86/120] TwoTier      N=2   never_granted=0   M08=0.9535004
  [87/120] TwoTier      N=2   never_granted=0   M08=0.964992
  [88/120] TwoTier      N=2   never_granted=0   M08=0.9712076
  [89/120] TwoTier      N=2   never_granted=0   M08=0.9739536
  [90/120] PF           N=4   never_granted=0   M08=0.959984
  [91/120] PF           N=4   never_granted=0   M08=0.9645452
  [92/120] TwoTier      N=2   never_granted=0   M08=0.9665368000000001
  [93/120] PF           N=4   never_granted=0   M08=0.9662888000000001
  [94/120] PF           N=4   never_granted=0   M08=0.9595132
  [95/120] Reservation  N=2   never_granted=0   M08=0.9811892
  [96/120] PF           N=4   never_granted=0   M08=0.9685688
  [97/120] PF           N=4   never_granted=0   M08=0.9635072
  [98/120] PF           N=4   never_granted=0   M08=0.9621716
  [99/120] Reservation  N=2   never_granted=0   M08=0.9628871999999999
  [100/120] Reservation  N=2   never_granted=0   M08=0.9745048000000001
  [101/120] PF           N=4   never_granted=0   M08=0.9766556
  [102/120] PF           N=4   never_granted=0   M08=0.9631616
  [103/120] PF           N=4   never_granted=0   M08=0.9617696
  [104/120] Reservation  N=2   never_granted=0   M08=0.9641224
  [105/120] Reservation  N=2   never_granted=0   M08=0.9543088000000001
  [106/120] Reservation  N=2   never_granted=0   M08=0.964992
  [107/120] Reservation  N=2   never_granted=0   M08=0.9580144
  [108/120] Reservation  N=2   never_granted=0   M08=0.9739536
  [109/120] Reservation  N=2   never_granted=0   M08=0.9712076
  [110/120] PF           N=2   never_granted=0   M08=0.9811892
  [111/120] PF           N=2   never_granted=0   M08=0.9628871999999999
  [112/120] PF           N=2   never_granted=0   M08=0.9745048000000001
  [113/120] Reservation  N=2   never_granted=0   M08=0.9664168000000001
  [114/120] PF           N=2   never_granted=0   M08=0.9641224
  [115/120] PF           N=2   never_granted=0   M08=0.9543088000000001
  [116/120] PF           N=2   never_granted=0   M08=0.964992
  [117/120] PF           N=2   never_granted=0   M08=0.9712076
  [118/120] PF           N=2   never_granted=0   M08=0.9580144
  [119/120] PF           N=2   never_granted=0   M08=0.9739536
  [120/120] PF           N=2   never_granted=0   M08=0.9665368000000001

wrote sweeps/fixed-2026-09-07/plain/g10_attach.json
