campaign start 2026-09-16 00:07:54  workers=31  H5=10000  HEAD=88d5bd0  OUT=sweeps/cell-2026-09-16-linux  ARMS=PF,Reservation,TwoTier,ProtoRRageD2,ConfigSched  CG=on
=== g3  start 2026-09-16 00:07:54
=== g3  end   2026-09-16 00:17:09  rc=0  555s
=== g3_cg  start 2026-09-16 00:17:09
=== g3_cg  end   2026-09-16 00:26:31  rc=0  562s
=== g3_cgt  start 2026-09-16 00:26:31
=== g3_cgt  end   2026-09-16 00:35:54  rc=0  563s
=== g5  start 2026-09-16 00:35:54
=== g5  end   2026-09-16 00:44:10  rc=0  496s
=== g5_cg  start 2026-09-16 00:44:10
=== g5_cg  end   2026-09-16 00:52:50  rc=0  520s
=== g5_cgt  start 2026-09-16 00:52:50
=== g5_cgt  end   2026-09-16 01:01:29  rc=0  519s
=== g7  start 2026-09-16 01:01:29
=== g7  end   2026-09-16 01:01:45  rc=0  16s
=== g7_cg  start 2026-09-16 01:01:45
=== g7_cg  end   2026-09-16 01:02:13  rc=0  28s
=== g10  start 2026-09-16 01:02:13
=== g10  end   2026-09-16 01:04:27  rc=0  134s
=== g10_cg  start 2026-09-16 01:04:27
=== g10_cg  end   2026-09-16 01:08:56  rc=0  269s
=== g1  start 2026-09-16 01:08:56
=== g1  end   2026-09-16 01:23:43  rc=0  887s
=== g1_cg  start 2026-09-16 01:23:43
=== g1_cg  end   2026-09-16 01:53:50  rc=0  1807s
=== g2  start 2026-09-16 01:53:50
=== g2  end   2026-09-16 02:12:53  rc=0  1143s
=== g2_cg  start 2026-09-16 02:12:53
=== g2_cg  end   2026-09-16 02:52:43  rc=0  2390s
=== g6  start 2026-09-16 02:52:43
=== g6  end   2026-09-16 03:00:40  rc=0  477s
=== g6_cg  start 2026-09-16 03:00:40
=== g6_cg  end   2026-09-16 03:16:59  rc=0  979s
=== g4  start 2026-09-16 03:16:59
=== g4  end   2026-09-16 03:19:10  rc=0  131s
=== g9  start 2026-09-16 03:19:10
=== g9  end   2026-09-16 03:30:58  rc=0  708s
=== g9_cg  start 2026-09-16 03:30:58
=== g9_cg  end   2026-09-16 03:55:19  rc=0  1461s
=== g12  start 2026-09-16 03:55:19
