G1 stress: 1600 driver runs
  A  2 clause parts x 9 UE counts x 5 arms x 10 seeds x 2 caps  (committed x1)
  B  2 clause parts x 8 load levels x 5 arms x 10 seeds x 2 caps  (N=6)
  horizon 20000 slots, 2 driven robots, bound p98 <= 95 ms, gap bound 200 ms
  0 banked, 1600 to run
    ... 25/1600 (55s)
    ... 50/1600 (86s)
    ... 75/1600 (110s)
    ... 100/1600 (132s)
    ... 125/1600 (164s)
    ... 150/1600 (192s)
    ... 175/1600 (217s)
    ... 200/1600 (233s)
    ... 225/1600 (253s)
    ... 250/1600 (260s)
    ... 275/1600 (293s)
    ... 300/1600 (311s)
    ... 325/1600 (327s)
    ... 350/1600 (337s)
    ... 375/1600 (365s)
    ... 400/1600 (379s)
    ... 425/1600 (399s)
    ... 450/1600 (413s)
    ... 475/1600 (432s)
    ... 500/1600 (451s)
    ... 525/1600 (468s)
    ... 550/1600 (485s)
    ... 575/1600 (497s)
    ... 600/1600 (513s)
    ... 625/1600 (532s)
    ... 650/1600 (543s)
    ... 675/1600 (556s)
    ... 700/1600 (569s)
    ... 725/1600 (579s)
    ... 750/1600 (589s)
    ... 775/1600 (598s)
    ... 800/1600 (611s)
    ... 825/1600 (622s)
    ... 850/1600 (628s)
    ... 875/1600 (634s)
    ... 900/1600 (640s)
    ... 925/1600 (646s)
    ... 950/1600 (652s)
    ... 975/1600 (658s)
    ... 1000/1600 (666s)
    ... 1025/1600 (679s)
    ... 1050/1600 (687s)
    ... 1075/1600 (692s)
    ... 1100/1600 (697s)
    ... 1125/1600 (719s)
    ... 1150/1600 (726s)
    ... 1175/1600 (749s)
    ... 1200/1600 (762s)
    ... 1225/1600 (769s)
    ... 1250/1600 (774s)
    ... 1275/1600 (778s)
    ... 1300/1600 (783s)
    ... 1325/1600 (788s)
    ... 1350/1600 (793s)
    ... 1375/1600 (817s)
    ... 1400/1600 (839s)
    ... 1425/1600 (848s)
    ... 1450/1600 (857s)
    ... 1475/1600 (863s)
    ... 1500/1600 (869s)
    ... 1525/1600 (872s)
    ... 1550/1600 (876s)
    ... 1575/1600 (882s)
    ... 1600/1600 (887s)

wrote sweeps/cell-2026-09-16-linux/aligned/g1.json  (887s, 1600 runs)
