450 runs = 5 arms x 9 fleet sizes x 10 seeds @ horizon 10000
  [1/450] Reservation  N=16  never_granted=10  M08=0.0
  [2/450] TwoTier      N=10  never_granted=0   M08=0.687102
  [3/450] TwoTier      N=10  never_granted=0   M08=0.7729136
  [4/450] TwoTier      N=10  never_granted=0   M08=0.6953344
  [5/450] TwoTier      N=10  never_granted=0   M08=0.7122704
  [6/450] TwoTier      N=12  never_granted=0   M08=0.0618804
  [7/450] TwoTier      N=12  never_granted=0   M08=0.0063212
  [8/450] TwoTier      N=10  never_granted=0   M08=0.6230608000000001
  [9/450] TwoTier      N=12  never_granted=0   M08=0.1254216
  [10/450] TwoTier      N=12  never_granted=0   M08=0.182242
  [11/450] TwoTier      N=10  never_granted=0   M08=0.0904252
  [12/450] TwoTier      N=12  never_granted=0   M08=0.18501879999999998
  [13/450] TwoTier      N=10  never_granted=0   M08=0.5890016
  [14/450] TwoTier      N=12  never_granted=0   M08=0.0397068
  [15/450] TwoTier      N=10  never_granted=0   M08=0.2123496
  [16/450] TwoTier      N=10  never_granted=0   M08=0.2419356
  [17/450] TwoTier      N=10  never_granted=0   M08=0.1401384
  [18/450] TwoTier      N=12  never_granted=0   M08=0.1010876
  [19/450] TwoTier      N=12  never_granted=0   M08=0.004198
  [20/450] TwoTier      N=12  never_granted=0   M08=0.061402
  [21/450] TwoTier      N=12  never_granted=0   M08=0.4483896
  [22/450] TwoTier      N=16  never_granted=0   M08=0.0030451999999999996
  [23/450] TwoTier      N=16  never_granted=0   M08=0.0005447999999999999
  [24/450] TwoTier      N=16  never_granted=0   M08=0.0011832000000000001
  [25/450] TwoTier      N=16  never_granted=0   M08=0.0276548
  [26/450] TwoTier      N=16  never_granted=0   M08=0.0020804
  [27/450] TwoTier      N=16  never_granted=0   M08=0.0256972
  [28/450] TwoTier      N=16  never_granted=0   M08=0.002604
  [29/450] TwoTier      N=16  never_granted=0   M08=0.0016576
  [30/450] TwoTier      N=16  never_granted=0   M08=0.0020032
  [31/450] TwoTier      N=16  never_granted=0   M08=0.0014356
  [32/450] PF           N=16  never_granted=0   M08=0.6224608
  [33/450] Reservation  N=16  never_granted=10  M08=0.0
  [34/450] PF           N=16  never_granted=0   M08=0.6151824
  [35/450] PF           N=16  never_granted=0   M08=0.6047364000000001
  [36/450] Reservation  N=16  never_granted=7   M08=0.0
  [37/450] PF           N=16  never_granted=0   M08=0.6201168
  [38/450] Reservation  N=16  never_granted=10  M08=0.0
  [39/450] Reservation  N=16  never_granted=10  M08=0.0
  [40/450] TwoTier      N=8   never_granted=0   M08=0.9484228
  [41/450] Reservation  N=16  never_granted=9   M08=0.0
  [42/450] PF           N=16  never_granted=0   M08=0.6217108
  [43/450] Reservation  N=16  never_granted=10  M08=0.0
  [44/450] TwoTier      N=8   never_granted=0   M08=0.950226
  [45/450] Reservation  N=16  never_granted=9   M08=0.0
  [46/450] Reservation  N=16  never_granted=9   M08=0.0
  [47/450] Reservation  N=16  never_granted=10  M08=0.0
  [48/450] PF           N=16  never_granted=0   M08=0.5716276
  [49/450] PF           N=16  never_granted=0   M08=0.6094628000000001
  [50/450] TwoTier      N=8   never_granted=0   M08=0.9488736
  [51/450] PF           N=16  never_granted=0   M08=0.5800324
  [52/450] PF           N=16  never_granted=0   M08=0.5836772
  [53/450] PF           N=16  never_granted=0   M08=0.5630848
  [54/450] TwoTier      N=8   never_granted=0   M08=0.9352851999999999
  [55/450] TwoTier      N=8   never_granted=0   M08=0.96535
  [56/450] TwoTier      N=8   never_granted=0   M08=0.9868044
  [57/450] TwoTier      N=8   never_granted=0   M08=0.972348
  [58/450] TwoTier      N=8   never_granted=0   M08=0.8802744
  [59/450] TwoTier      N=8   never_granted=0   M08=0.922604
  [60/450] TwoTier      N=8   never_granted=0   M08=0.9860008
  [61/450] Reservation  N=12  never_granted=7   M08=0.0
  [62/450] Reservation  N=12  never_granted=5   M08=0.0
  [63/450] Reservation  N=12  never_granted=4   M08=0.0
  [64/450] ConfigSched  N=16  never_granted=0   M08=0.0068516
  [65/450] Reservation  N=12  never_granted=5   M08=0.0
  [66/450] ConfigSched  N=16  never_granted=0   M08=0.0069644
  [67/450] ConfigSched  N=16  never_granted=0   M08=0.0067783999999999995
  [68/450] Reservation  N=12  never_granted=4   M08=0.0
  [69/450] ConfigSched  N=16  never_granted=0   M08=0.0067092
  [70/450] Reservation  N=12  never_granted=7   M08=0.0
  [71/450] Reservation  N=12  never_granted=5   M08=0.0
  [72/450] ConfigSched  N=16  never_granted=0   M08=0.006896
  [73/450] Reservation  N=12  never_granted=7   M08=0.0
  [74/450] Reservation  N=12  never_granted=5   M08=0.0
  [75/450] ConfigSched  N=16  never_granted=0   M08=0.0068128
  [76/450] ConfigSched  N=16  never_granted=0   M08=0.006830800000000001
  [77/450] ConfigSched  N=16  never_granted=0   M08=0.0066988
  [78/450] ConfigSched  N=16  never_granted=0   M08=0.0064588
  [79/450] ConfigSched  N=16  never_granted=0   M08=0.0066936
  [80/450] Reservation  N=12  never_granted=5   M08=0.0
  [81/450] ProtoRRageD2 N=16  never_granted=0   M08=0.4677936
  [82/450] TwoTier      N=7   never_granted=0   M08=0.9606196
  [83/450] ProtoRRageD2 N=16  never_granted=0   M08=0.4169076
  [84/450] Reservation  N=10  never_granted=2   M08=0.0
  [85/450] ProtoRRageD2 N=16  never_granted=0   M08=0.381732
  [86/450] TwoTier      N=7   never_granted=0   M08=0.9724912
  [87/450] Reservation  N=10  never_granted=5   M08=0.0
  [88/450] Reservation  N=10  never_granted=4   M08=0.0
  [89/450] Reservation  N=10  never_granted=5   M08=0.0
  [90/450] Reservation  N=10  never_granted=5   M08=0.0
  [91/450] Reservation  N=10  never_granted=4   M08=0.0
  [92/450] Reservation  N=10  never_granted=5   M08=0.0
  [93/450] Reservation  N=10  never_granted=5   M08=0.0
  [94/450] Reservation  N=10  never_granted=5   M08=0.0
  [95/450] Reservation  N=10  never_granted=3   M08=0.0
  [96/450] TwoTier      N=7   never_granted=0   M08=0.9683556
  [97/450] ProtoRRageD2 N=16  never_granted=0   M08=0.44395959999999995
  [98/450] TwoTier      N=7   never_granted=0   M08=0.9811532
  [99/450] ProtoRRageD2 N=16  never_granted=0   M08=0.3708492
  [100/450] ProtoRRageD2 N=16  never_granted=0   M08=0.44524440000000004
  [101/450] TwoTier      N=7   never_granted=0   M08=0.953784
  [102/450] TwoTier      N=7   never_granted=0   M08=0.9877971999999999
  [103/450] ProtoRRageD2 N=16  never_granted=0   M08=0.4185116
  [104/450] TwoTier      N=7   never_granted=0   M08=0.95625
  [105/450] ProtoRRageD2 N=16  never_granted=0   M08=0.3733876
  [106/450] TwoTier      N=7   never_granted=0   M08=0.976504
  [107/450] ProtoRRageD2 N=16  never_granted=0   M08=0.440568
  [108/450] TwoTier      N=7   never_granted=0   M08=0.8456648
  [109/450] TwoTier      N=7   never_granted=0   M08=0.9756684
  [110/450] ProtoRRageD2 N=16  never_granted=0   M08=0.4033644
  [111/450] TwoTier      N=6   never_granted=0   M08=0.9730916
  [112/450] TwoTier      N=6   never_granted=0   M08=0.9848944000000001
  [113/450] PF           N=12  never_granted=0   M08=0.8248016
  [114/450] PF           N=12  never_granted=0   M08=0.8960256
  [115/450] PF           N=12  never_granted=0   M08=0.7992412
  [116/450] PF           N=12  never_granted=0   M08=0.8324868000000001
  [117/450] PF           N=12  never_granted=0   M08=0.8474912
  [118/450] PF           N=12  never_granted=0   M08=0.781862
  [119/450] PF           N=12  never_granted=0   M08=0.818412
  [120/450] PF           N=12  never_granted=0   M08=0.8427496
  [121/450] TwoTier      N=6   never_granted=0   M08=0.9666068000000001
  [122/450] PF           N=12  never_granted=0   M08=0.8842836
  [123/450] PF           N=12  never_granted=0   M08=0.8000816
  [124/450] TwoTier      N=6   never_granted=0   M08=0.9783248
  [125/450] TwoTier      N=6   never_granted=0   M08=0.9785136
  [126/450] TwoTier      N=6   never_granted=0   M08=0.9393068
  [127/450] TwoTier      N=6   never_granted=0   M08=0.9786596
  [128/450] TwoTier      N=6   never_granted=0   M08=0.976608
  [129/450] TwoTier      N=6   never_granted=0   M08=0.9673655999999999
  [130/450] TwoTier      N=6   never_granted=0   M08=0.9857128000000001
  [131/450] ConfigSched  N=12  never_granted=0   M08=0.7696356
  [132/450] ConfigSched  N=12  never_granted=0   M08=0.3754852
  [133/450] ConfigSched  N=12  never_granted=0   M08=0.595794
  [134/450] ConfigSched  N=12  never_granted=0   M08=0.5271376
  [135/450] ConfigSched  N=12  never_granted=0   M08=0.5386728000000001
  [136/450] ConfigSched  N=12  never_granted=0   M08=0.43883079999999997
  [137/450] ConfigSched  N=12  never_granted=0   M08=0.6676711999999999
  [138/450] ConfigSched  N=12  never_granted=0   M08=0.6077176
  [139/450] ConfigSched  N=12  never_granted=0   M08=0.54749
  [140/450] ConfigSched  N=12  never_granted=0   M08=0.4007608
  [141/450] Reservation  N=8   never_granted=3   M08=0.0
  [142/450] Reservation  N=8   never_granted=3   M08=0.0
  [143/450] Reservation  N=8   never_granted=1   M08=0.0
  [144/450] Reservation  N=8   never_granted=3   M08=0.0
  [145/450] TwoTier      N=5   never_granted=0   M08=0.9931468
  [146/450] TwoTier      N=5   never_granted=0   M08=0.9854972
  [147/450] ProtoRRageD2 N=12  never_granted=0   M08=0.5293312
  [148/450] Reservation  N=8   never_granted=3   M08=0.0
  [149/450] TwoTier      N=5   never_granted=0   M08=0.9876056
  [150/450] Reservation  N=8   never_granted=3   M08=0.0
  [151/450] ProtoRRageD2 N=12  never_granted=0   M08=0.6088124
  [152/450] TwoTier      N=5   never_granted=0   M08=0.9975352
  [153/450] TwoTier      N=5   never_granted=0   M08=0.9766084
  [154/450] TwoTier      N=5   never_granted=0   M08=0.9765191999999999
  [155/450] Reservation  N=8   never_granted=3   M08=0.0
  [156/450] Reservation  N=8   never_granted=3   M08=0.0
  [157/450] ProtoRRageD2 N=12  never_granted=0   M08=0.5250076
  [158/450] PF           N=10  never_granted=0   M08=0.9572388000000001
  [159/450] Reservation  N=8   never_granted=1   M08=0.0
  [160/450] ProtoRRageD2 N=12  never_granted=0   M08=0.5028944000000001
  [161/450] Reservation  N=8   never_granted=3   M08=0.0
  [162/450] ProtoRRageD2 N=12  never_granted=0   M08=0.5526904
  [163/450] ProtoRRageD2 N=12  never_granted=0   M08=0.5344236
  [164/450] ProtoRRageD2 N=12  never_granted=0   M08=0.5766891999999999
  [165/450] ProtoRRageD2 N=12  never_granted=0   M08=0.5556648000000001
  [166/450] ProtoRRageD2 N=12  never_granted=0   M08=0.6065456
  [167/450] TwoTier      N=5   never_granted=0   M08=0.9886036
  [168/450] TwoTier      N=5   never_granted=0   M08=0.9917364000000001
  [169/450] ProtoRRageD2 N=12  never_granted=0   M08=0.51697
  [170/450] TwoTier      N=5   never_granted=0   M08=0.9811124
  [171/450] PF           N=10  never_granted=0   M08=0.9721628
  [172/450] PF           N=10  never_granted=0   M08=0.9506252
  [173/450] TwoTier      N=5   never_granted=0   M08=0.9900916
  [174/450] PF           N=10  never_granted=0   M08=0.9425711999999999
  [175/450] PF           N=10  never_granted=0   M08=0.95199
  [176/450] PF           N=10  never_granted=0   M08=0.9911528000000001
  [177/450] PF           N=10  never_granted=0   M08=0.8969416
  [178/450] PF           N=10  never_granted=0   M08=0.9873152
  [179/450] PF           N=10  never_granted=0   M08=0.9635552
  [180/450] PF           N=10  never_granted=0   M08=0.9318884000000001
  [181/450] ConfigSched  N=10  never_granted=0   M08=0.9791004
  [182/450] Reservation  N=7   never_granted=2   M08=0.0
  [183/450] ConfigSched  N=10  never_granted=0   M08=0.9792972
  [184/450] ConfigSched  N=10  never_granted=0   M08=0.9821888000000001
  [185/450] ConfigSched  N=10  never_granted=0   M08=0.9821644
  [186/450] ConfigSched  N=10  never_granted=0   M08=0.9917151999999999
  [187/450] Reservation  N=7   never_granted=1   M08=0.0
  [188/450] ConfigSched  N=10  never_granted=0   M08=0.9793472
  [189/450] ConfigSched  N=10  never_granted=0   M08=0.9928984000000001
  [190/450] Reservation  N=7   never_granted=2   M08=0.0
  [191/450] ConfigSched  N=10  never_granted=0   M08=0.9752544000000001
  [192/450] Reservation  N=7   never_granted=1   M08=0.0
  [193/450] Reservation  N=7   never_granted=2   M08=0.0
  [194/450] ConfigSched  N=10  never_granted=0   M08=0.97642
  [195/450] Reservation  N=7   never_granted=1   M08=0.0
  [196/450] ConfigSched  N=10  never_granted=0   M08=0.9858808
  [197/450] Reservation  N=7   never_granted=2   M08=0.0
  [198/450] Reservation  N=7   never_granted=1   M08=0.0
  [199/450] Reservation  N=7   never_granted=1   M08=0.0
  [200/450] Reservation  N=7   never_granted=2   M08=0.0
  [201/450] PF           N=8   never_granted=0   M08=0.9866912
  [202/450] PF           N=8   never_granted=0   M08=0.988246
  [203/450] PF           N=8   never_granted=0   M08=0.9871616
  [204/450] PF           N=8   never_granted=0   M08=0.9839568000000001
  [205/450] PF           N=8   never_granted=0   M08=0.9821612
  [206/450] PF           N=8   never_granted=0   M08=0.9934472
  [207/450] PF           N=8   never_granted=0   M08=0.9880131999999999
  [208/450] PF           N=8   never_granted=0   M08=0.9839292
  [209/450] PF           N=8   never_granted=0   M08=0.9931036
  [210/450] PF           N=8   never_granted=0   M08=0.9890171999999999
  [211/450] ProtoRRageD2 N=10  never_granted=0   M08=0.6433671999999999
  [212/450] ProtoRRageD2 N=10  never_granted=0   M08=0.6744711999999999
  [213/450] ProtoRRageD2 N=10  never_granted=0   M08=0.6610496
  [214/450] ProtoRRageD2 N=10  never_granted=0   M08=0.6305844
  [215/450] TwoTier      N=4   never_granted=0   M08=0.9921928000000001
  [216/450] ProtoRRageD2 N=10  never_granted=0   M08=0.6600148
  [217/450] ProtoRRageD2 N=10  never_granted=0   M08=0.7053608
  [218/450] TwoTier      N=4   never_granted=0   M08=0.991144
  [219/450] ProtoRRageD2 N=10  never_granted=0   M08=0.692678
  [220/450] ProtoRRageD2 N=10  never_granted=0   M08=0.676806
  [221/450] ProtoRRageD2 N=10  never_granted=0   M08=0.6486896
  [222/450] TwoTier      N=4   never_granted=0   M08=0.9993248
  [223/450] TwoTier      N=4   never_granted=0   M08=0.9949768
  [224/450] ProtoRRageD2 N=10  never_granted=0   M08=0.6445488
  [225/450] TwoTier      N=4   never_granted=0   M08=0.9716604
  [226/450] TwoTier      N=4   never_granted=0   M08=0.99175
  [227/450] TwoTier      N=4   never_granted=0   M08=0.9935764
  [228/450] TwoTier      N=4   never_granted=0   M08=1.0019084
  [229/450] TwoTier      N=4   never_granted=0   M08=0.993712
  [230/450] TwoTier      N=4   never_granted=0   M08=0.9910964
  [231/450] ConfigSched  N=8   never_granted=0   M08=0.9912424
  [232/450] ConfigSched  N=8   never_granted=0   M08=0.9842568
  [233/450] ConfigSched  N=8   never_granted=0   M08=0.9842848000000001
  [234/450] ConfigSched  N=8   never_granted=0   M08=0.9925155999999999
  [235/450] ConfigSched  N=8   never_granted=0   M08=0.9861664
  [236/450] ConfigSched  N=8   never_granted=0   M08=0.9854676
  [237/450] ConfigSched  N=8   never_granted=0   M08=0.9883904
  [238/450] Reservation  N=6   never_granted=0   M08=0.9912536
  [239/450] ConfigSched  N=8   never_granted=0   M08=0.9864615999999999
  [240/450] Reservation  N=6   never_granted=0   M08=0.98215
  [241/450] Reservation  N=6   never_granted=1   M08=0.0
  [242/450] ConfigSched  N=8   never_granted=0   M08=0.9878384
  [243/450] Reservation  N=6   never_granted=0   M08=0.99276
  [244/450] ConfigSched  N=8   never_granted=0   M08=0.9931576
  [245/450] Reservation  N=6   never_granted=1   M08=0.0
  [246/450] Reservation  N=6   never_granted=1   M08=0.0
  [247/450] Reservation  N=6   never_granted=1   M08=0.0
  [248/450] Reservation  N=6   never_granted=1   M08=0.0
  [249/450] Reservation  N=6   never_granted=0   M08=0.9217512
  [250/450] Reservation  N=6   never_granted=1   M08=0.0
  [251/450] PF           N=7   never_granted=0   M08=0.9805224
  [252/450] PF           N=7   never_granted=0   M08=0.9803632
  [253/450] PF           N=7   never_granted=0   M08=0.9914615999999999
  [254/450] PF           N=7   never_granted=0   M08=0.9841392
  [255/450] PF           N=7   never_granted=0   M08=0.9887156
  [256/450] ProtoRRageD2 N=8   never_granted=0   M08=0.9458708
  [257/450] PF           N=7   never_granted=0   M08=0.9856768
  [258/450] PF           N=7   never_granted=0   M08=0.9959916
  [259/450] PF           N=7   never_granted=0   M08=0.9848224
  [260/450] PF           N=7   never_granted=0   M08=0.988168
  [261/450] PF           N=7   never_granted=0   M08=0.9920572
  [262/450] ConfigSched  N=7   never_granted=0   M08=0.9901884
  [263/450] ProtoRRageD2 N=8   never_granted=0   M08=0.878908
  [264/450] ConfigSched  N=7   never_granted=0   M08=0.9848668
  [265/450] ProtoRRageD2 N=8   never_granted=0   M08=0.8969344
  [266/450] ConfigSched  N=7   never_granted=0   M08=0.981744
  [267/450] ConfigSched  N=7   never_granted=0   M08=0.9889228000000001
  [268/450] ConfigSched  N=7   never_granted=0   M08=0.9907076
  [269/450] ConfigSched  N=7   never_granted=0   M08=0.9846576
  [270/450] ProtoRRageD2 N=8   never_granted=0   M08=0.7819584
  [271/450] ProtoRRageD2 N=8   never_granted=0   M08=0.9533632
  [272/450] ConfigSched  N=7   never_granted=0   M08=0.9817328000000001
  [273/450] ProtoRRageD2 N=8   never_granted=0   M08=0.9124631999999999
  [274/450] ProtoRRageD2 N=8   never_granted=0   M08=0.8497296
  [275/450] ConfigSched  N=7   never_granted=0   M08=0.9957324000000001
  [276/450] Reservation  N=5   never_granted=0   M08=0.9966204000000001
  [277/450] ProtoRRageD2 N=8   never_granted=0   M08=0.9747311999999999
  [278/450] ProtoRRageD2 N=8   never_granted=0   M08=0.9208784
  [279/450] ConfigSched  N=7   never_granted=0   M08=0.99099
  [280/450] Reservation  N=5   never_granted=0   M08=0.996102
  [281/450] ConfigSched  N=7   never_granted=0   M08=0.9879196
  [282/450] ProtoRRageD2 N=8   never_granted=0   M08=0.9395896
  [283/450] Reservation  N=5   never_granted=0   M08=0.286946
  [284/450] Reservation  N=5   never_granted=0   M08=0.8091332
  [285/450] Reservation  N=5   never_granted=0   M08=0.9838068000000001
  [286/450] Reservation  N=5   never_granted=0   M08=0.9810388000000001
  [287/450] Reservation  N=5   never_granted=0   M08=0.9344975999999999
  [288/450] Reservation  N=5   never_granted=0   M08=0.9836832
  [289/450] PF           N=6   never_granted=0   M08=0.9894884
  [290/450] Reservation  N=5   never_granted=0   M08=0.9985712
  [291/450] Reservation  N=5   never_granted=0   M08=0.22778679999999998
  [292/450] PF           N=6   never_granted=0   M08=0.990576
  [293/450] PF           N=6   never_granted=0   M08=0.9741711999999999
  [294/450] PF           N=6   never_granted=0   M08=0.9949044
  [295/450] PF           N=6   never_granted=0   M08=0.9821188000000001
  [296/450] PF           N=6   never_granted=0   M08=0.996732
  [297/450] PF           N=6   never_granted=0   M08=0.9885916
  [298/450] PF           N=6   never_granted=0   M08=0.9919204
  [299/450] PF           N=6   never_granted=0   M08=0.9810051999999999
  [300/450] PF           N=6   never_granted=0   M08=0.9912755999999999
  [301/450] ProtoRRageD2 N=7   never_granted=0   M08=0.9805832
  [302/450] ProtoRRageD2 N=7   never_granted=0   M08=0.9835124000000001
  [303/450] ProtoRRageD2 N=7   never_granted=0   M08=0.9816124
  [304/450] ProtoRRageD2 N=7   never_granted=0   M08=0.9709692
  [305/450] ConfigSched  N=6   never_granted=0   M08=0.9734311999999999
  [306/450] Reservation  N=4   never_granted=0   M08=0.991144
  [307/450] ProtoRRageD2 N=7   never_granted=0   M08=0.9882056
  [308/450] ConfigSched  N=6   never_granted=0   M08=0.9909471999999999
  [309/450] ProtoRRageD2 N=7   never_granted=0   M08=0.9915188
  [310/450] ProtoRRageD2 N=7   never_granted=0   M08=0.9831808000000001
  [311/450] ConfigSched  N=6   never_granted=0   M08=0.9933012
  [312/450] ConfigSched  N=6   never_granted=0   M08=0.996592
  [313/450] ConfigSched  N=6   never_granted=0   M08=0.989816
  [314/450] ConfigSched  N=6   never_granted=0   M08=0.9825412
  [315/450] ProtoRRageD2 N=7   never_granted=0   M08=0.9726224
  [316/450] ConfigSched  N=6   never_granted=0   M08=0.994962
  [317/450] ConfigSched  N=6   never_granted=0   M08=0.9903588000000001
  [318/450] ConfigSched  N=6   never_granted=0   M08=0.9810051999999999
  [319/450] ConfigSched  N=6   never_granted=0   M08=0.990036
  [320/450] ProtoRRageD2 N=7   never_granted=0   M08=0.9714148
  [321/450] Reservation  N=4   never_granted=0   M08=1.000108
  [322/450] ProtoRRageD2 N=7   never_granted=0   M08=0.9867964
  [323/450] Reservation  N=4   never_granted=0   M08=0.9841624
  [324/450] Reservation  N=4   never_granted=0   M08=1.0020236
  [325/450] Reservation  N=4   never_granted=0   M08=0.9935764
  [326/450] ProtoRRageD2 N=6   never_granted=0   M08=0.98954
  [327/450] Reservation  N=4   never_granted=0   M08=1.00088
  [328/450] Reservation  N=4   never_granted=0   M08=0.9910964
  [329/450] Reservation  N=4   never_granted=0   M08=0.9934924
  [330/450] Reservation  N=4   never_granted=0   M08=0.99317
  [331/450] PF           N=5   never_granted=0   M08=0.986566
  [332/450] PF           N=5   never_granted=0   M08=1.0002868
  [333/450] PF           N=5   never_granted=0   M08=0.9819416
  [334/450] Reservation  N=4   never_granted=0   M08=0.9983828
  [335/450] PF           N=5   never_granted=0   M08=0.9966204000000001
  [336/450] PF           N=5   never_granted=0   M08=1.0008596
  [337/450] PF           N=5   never_granted=0   M08=0.9860015999999999
  [338/450] PF           N=5   never_granted=0   M08=0.9964128000000001
  [339/450] PF           N=5   never_granted=0   M08=0.9940936
  [340/450] PF           N=5   never_granted=0   M08=0.9991671999999999
  [341/450] PF           N=5   never_granted=0   M08=0.9977744000000001
  [342/450] ProtoRRageD2 N=6   never_granted=0   M08=0.988166
  [343/450] ConfigSched  N=5   never_granted=0   M08=1.0012136
  [344/450] ConfigSched  N=5   never_granted=0   M08=0.985918
  [345/450] ProtoRRageD2 N=6   never_granted=0   M08=0.9911588
  [346/450] ConfigSched  N=5   never_granted=0   M08=0.9819416
  [347/450] ConfigSched  N=5   never_granted=0   M08=0.9966204000000001
  [348/450] ConfigSched  N=5   never_granted=0   M08=0.9947811999999999
  [349/450] ProtoRRageD2 N=6   never_granted=0   M08=0.990576
  [350/450] ProtoRRageD2 N=6   never_granted=0   M08=0.9744504
  [351/450] ConfigSched  N=5   never_granted=0   M08=1.0003484
  [352/450] ConfigSched  N=5   never_granted=0   M08=0.9873348000000001
  [353/450] ConfigSched  N=5   never_granted=0   M08=0.999762
  [354/450] ConfigSched  N=5   never_granted=0   M08=0.9964128000000001
  [355/450] ProtoRRageD2 N=6   never_granted=0   M08=0.9778504
  [356/450] ProtoRRageD2 N=6   never_granted=0   M08=0.997134
  [357/450] ConfigSched  N=5   never_granted=0   M08=0.998498
  [358/450] ProtoRRageD2 N=6   never_granted=0   M08=0.990136
  [359/450] TwoTier      N=2   never_granted=0   M08=1.001876
  [360/450] ProtoRRageD2 N=6   never_granted=0   M08=0.9849384
  [361/450] TwoTier      N=2   never_granted=0   M08=1.0000452
  [362/450] ProtoRRageD2 N=6   never_granted=0   M08=0.9759976
  [363/450] PF           N=4   never_granted=0   M08=0.991144
  [364/450] PF           N=4   never_granted=0   M08=0.9910964
  [365/450] PF           N=4   never_granted=0   M08=0.9992852
  [366/450] PF           N=4   never_granted=0   M08=0.9841624
  [367/450] PF           N=4   never_granted=0   M08=1.0020236
  [368/450] PF           N=4   never_granted=0   M08=0.9935764
  [369/450] PF           N=4   never_granted=0   M08=1.00088
  [370/450] PF           N=4   never_granted=0   M08=0.9909316
  [371/450] PF           N=4   never_granted=0   M08=0.9930996
  [372/450] ProtoRRageD2 N=5   never_granted=0   M08=0.9787612
  [373/450] TwoTier      N=2   never_granted=0   M08=1.0006872
  [374/450] TwoTier      N=2   never_granted=0   M08=1.0054416
  [375/450] TwoTier      N=2   never_granted=0   M08=1.0020132
  [376/450] TwoTier      N=2   never_granted=0   M08=0.999984
  [377/450] PF           N=4   never_granted=0   M08=0.9983828
  [378/450] TwoTier      N=2   never_granted=0   M08=0.9921696
  [379/450] TwoTier      N=2   never_granted=0   M08=0.9926328000000001
  [380/450] TwoTier      N=2   never_granted=0   M08=1.0008176
  [381/450] TwoTier      N=2   never_granted=0   M08=0.9819416
  [382/450] ConfigSched  N=4   never_granted=0   M08=0.9841624
  [383/450] ProtoRRageD2 N=5   never_granted=0   M08=1.0001516
  [384/450] Reservation  N=2   never_granted=0   M08=1.0000452
  [385/450] Reservation  N=2   never_granted=0   M08=1.001876
  [386/450] ConfigSched  N=4   never_granted=0   M08=0.991144
  [387/450] ConfigSched  N=4   never_granted=0   M08=1.000108
  [388/450] Reservation  N=2   never_granted=0   M08=1.0006872
  [389/450] ConfigSched  N=4   never_granted=0   M08=1.00088
  [390/450] ConfigSched  N=4   never_granted=0   M08=1.0020236
  [391/450] ProtoRRageD2 N=5   never_granted=0   M08=0.9819416
  [392/450] ProtoRRageD2 N=5   never_granted=0   M08=0.9839492
  [393/450] ConfigSched  N=4   never_granted=0   M08=0.9935764
  [394/450] ConfigSched  N=4   never_granted=0   M08=0.9910964
  [395/450] ProtoRRageD2 N=5   never_granted=0   M08=0.9966204000000001
  [396/450] ConfigSched  N=4   never_granted=0   M08=0.9983828
  [397/450] ConfigSched  N=4   never_granted=0   M08=0.9934924
  [398/450] ProtoRRageD2 N=5   never_granted=0   M08=0.990348
  [399/450] ConfigSched  N=4   never_granted=0   M08=0.99317
  [400/450] Reservation  N=2   never_granted=0   M08=1.0020132
  [401/450] ProtoRRageD2 N=5   never_granted=0   M08=0.9939268
  [402/450] Reservation  N=2   never_granted=0   M08=0.9830544
  [403/450] ProtoRRageD2 N=5   never_granted=0   M08=0.9957688
  [404/450] Reservation  N=2   never_granted=0   M08=1.0054416
  [405/450] ProtoRRageD2 N=5   never_granted=0   M08=0.9901428000000001
  [406/450] Reservation  N=2   never_granted=0   M08=0.9921696
  [407/450] Reservation  N=2   never_granted=0   M08=1.0008176
  [408/450] Reservation  N=2   never_granted=0   M08=0.999984
  [409/450] PF           N=2   never_granted=0   M08=1.0000452
  [410/450] Reservation  N=2   never_granted=0   M08=0.9926328000000001
  [411/450] PF           N=2   never_granted=0   M08=1.001876
  [412/450] PF           N=2   never_granted=0   M08=1.0020132
  [413/450] PF           N=2   never_granted=0   M08=1.0054416
  [414/450] PF           N=2   never_granted=0   M08=1.0006872
  [415/450] ProtoRRageD2 N=5   never_granted=0   M08=0.992012
  [416/450] PF           N=2   never_granted=0   M08=0.999984
  [417/450] PF           N=2   never_granted=0   M08=0.9921696
  [418/450] PF           N=2   never_granted=0   M08=0.9830544
  [419/450] PF           N=2   never_granted=0   M08=1.0008176
  [420/450] PF           N=2   never_granted=0   M08=0.9926328000000001
  [421/450] ConfigSched  N=2   never_granted=0   M08=1.0000452
  [422/450] ConfigSched  N=2   never_granted=0   M08=1.001876
  [423/450] ConfigSched  N=2   never_granted=0   M08=1.0006872
  [424/450] ConfigSched  N=2   never_granted=0   M08=1.0020132
  [425/450] ConfigSched  N=2   never_granted=0   M08=0.999984
  [426/450] ConfigSched  N=2   never_granted=0   M08=1.0054416
  [427/450] ConfigSched  N=2   never_granted=0   M08=0.9830544
  [428/450] ConfigSched  N=2   never_granted=0   M08=0.9921696
  [429/450] ConfigSched  N=2   never_granted=0   M08=1.0008176
  [430/450] ProtoRRageD2 N=2   never_granted=0   M08=1.0006872
  [431/450] ConfigSched  N=2   never_granted=0   M08=0.99257
  [432/450] ProtoRRageD2 N=2   never_granted=0   M08=1.0020132
  [433/450] ProtoRRageD2 N=2   never_granted=0   M08=1.001876
  [434/450] ProtoRRageD2 N=4   never_granted=0   M08=0.991144
  [435/450] ProtoRRageD2 N=2   never_granted=0   M08=0.9921696
  [436/450] ProtoRRageD2 N=2   never_granted=0   M08=0.999984
  [437/450] ProtoRRageD2 N=2   never_granted=0   M08=1.0000452
  [438/450] ProtoRRageD2 N=2   never_granted=0   M08=0.9829272
  [439/450] ProtoRRageD2 N=2   never_granted=0   M08=1.0054416
  [440/450] ProtoRRageD2 N=2   never_granted=0   M08=1.0008176
  [441/450] ProtoRRageD2 N=2   never_granted=0   M08=0.9926328000000001
  [442/450] ProtoRRageD2 N=4   never_granted=0   M08=1.000032
  [443/450] ProtoRRageD2 N=4   never_granted=0   M08=0.9835824
  [444/450] ProtoRRageD2 N=4   never_granted=0   M08=0.9935764
  [445/450] ProtoRRageD2 N=4   never_granted=0   M08=0.9910964
  [446/450] ProtoRRageD2 N=4   never_granted=0   M08=1.0020236
  [447/450] ProtoRRageD2 N=4   never_granted=0   M08=0.9934924
  [448/450] ProtoRRageD2 N=4   never_granted=0   M08=1.00088
  [449/450] ProtoRRageD2 N=4   never_granted=0   M08=0.99317
  [450/450] ProtoRRageD2 N=4   never_granted=0   M08=0.9983828

wrote sweeps/cell-2026-09-16-linux/aligned/g10.json
