900 runs = 10 arms x 9 fleet sizes x 10 seeds @ horizon 10000
  [1/900] PF+CG        N=16  never_granted=0   M08=0.5658096
  [2/900] PF+CG        N=16  never_granted=0   M08=0.5566268000000001
  [3/900] PF+CG        N=16  never_granted=0   M08=0.6144411999999999
  [4/900] PF+CG        N=16  never_granted=0   M08=0.6131324
  [5/900] PF+CG        N=16  never_granted=0   M08=0.6005531999999999
  [6/900] PF+CG        N=16  never_granted=0   M08=0.5759984
  [7/900] PF+CG        N=16  never_granted=0   M08=0.6139671999999999
  [8/900] PF+CG        N=16  never_granted=0   M08=0.607026
  [9/900] PF+CG        N=16  never_granted=0   M08=0.5786044
  [10/900] PF+CG        N=16  never_granted=0   M08=0.6021548000000001
  [11/900] Reservation+CG N=16  never_granted=0   M08=0.495624
  [12/900] Reservation+CG N=16  never_granted=0   M08=0.4601272
  [13/900] Reservation+CG N=16  never_granted=0   M08=0.5016168
  [14/900] Reservation+CG N=16  never_granted=0   M08=0.5210984000000001
  [15/900] Reservation+CG N=16  never_granted=0   M08=0.5239556
  [16/900] Reservation+CG N=16  never_granted=0   M08=0.5108832
  [17/900] Reservation+CG N=16  never_granted=0   M08=0.47130679999999997
  [18/900] Reservation+CG N=16  never_granted=0   M08=0.522978
  [19/900] Reservation+CG N=16  never_granted=0   M08=0.4919396
  [20/900] Reservation+CG N=16  never_granted=0   M08=0.5023092
  [21/900] TwoTier+CG   N=16  never_granted=0   M08=0.0140296
  [22/900] TwoTier+CG   N=16  never_granted=0   M08=0.0142576
  [23/900] TwoTier+CG   N=16  never_granted=0   M08=0.0127736
  [24/900] TwoTier+CG   N=16  never_granted=0   M08=0.0117912
  [25/900] TwoTier+CG   N=16  never_granted=0   M08=0.009055200000000001
  [26/900] TwoTier+CG   N=16  never_granted=0   M08=0.0117856
  [27/900] TwoTier+CG   N=16  never_granted=0   M08=0.014269200000000001
  [28/900] TwoTier+CG   N=16  never_granted=0   M08=0.0070344
  [29/900] TwoTier+CG   N=16  never_granted=0   M08=0.0158856
  [30/900] TwoTier+CG   N=16  never_granted=0   M08=0.0154772
  [31/900] ConfigSched+CG N=16  never_granted=0   M08=0.006755199999999999
  [32/900] ConfigSched+CG N=16  never_granted=0   M08=0.009458
  [33/900] ProtoRRageD2+CG N=16  never_granted=0   M08=0.4247212
  [34/900] PF+CGt       N=16  never_granted=0   M08=0.6043064
  [35/900] ConfigSched+CG N=16  never_granted=0   M08=0.00865
  [36/900] ConfigSched+CG N=16  never_granted=0   M08=0.0069116
  [37/900] PF+CGt       N=16  never_granted=0   M08=0.615258
  [38/900] ConfigSched+CG N=16  never_granted=0   M08=0.0068508
  [39/900] ConfigSched+CG N=16  never_granted=0   M08=0.0067372
  [40/900] ConfigSched+CG N=16  never_granted=0   M08=0.006824
  [41/900] ConfigSched+CG N=16  never_granted=0   M08=0.0068151999999999996
  [42/900] ConfigSched+CG N=16  never_granted=0   M08=0.0067556000000000005
  [43/900] ConfigSched+CG N=16  never_granted=0   M08=0.0079084
  [44/900] PF+CGt       N=16  never_granted=0   M08=0.6132848000000001
  [45/900] PF+CGt       N=16  never_granted=0   M08=0.6079336
  [46/900] ProtoRRageD2+CG N=16  never_granted=0   M08=0.3975072
  [47/900] PF+CGt       N=16  never_granted=0   M08=0.5824684
  [48/900] PF+CGt       N=16  never_granted=0   M08=0.6014028
  [49/900] PF+CGt       N=16  never_granted=0   M08=0.6130584
  [50/900] PF+CGt       N=16  never_granted=0   M08=0.5659036
  [51/900] PF+CGt       N=16  never_granted=0   M08=0.5744924
  [52/900] PF+CGt       N=16  never_granted=0   M08=0.5573088
  [53/900] ProtoRRageD2+CG N=16  never_granted=0   M08=0.3669624
  [54/900] ProtoRRageD2+CG N=16  never_granted=0   M08=0.4637136
  [55/900] ProtoRRageD2+CG N=16  never_granted=0   M08=0.44967959999999996
  [56/900] ProtoRRageD2+CG N=16  never_granted=0   M08=0.401188
  [57/900] ProtoRRageD2+CG N=16  never_granted=0   M08=0.43046959999999995
  [58/900] ProtoRRageD2+CG N=16  never_granted=0   M08=0.418342
  [59/900] ProtoRRageD2+CG N=16  never_granted=0   M08=0.412348
  [60/900] ProtoRRageD2+CG N=16  never_granted=0   M08=0.3835412
  [61/900] Reservation+CGt N=16  never_granted=0   M08=0.46205759999999996
  [62/900] Reservation+CGt N=16  never_granted=0   M08=0.504632
  [63/900] Reservation+CGt N=16  never_granted=0   M08=0.49531440000000004
  [64/900] Reservation+CGt N=16  never_granted=0   M08=0.40093959999999995
  [65/900] Reservation+CGt N=16  never_granted=0   M08=0.4865056
  [66/900] Reservation+CGt N=16  never_granted=0   M08=0.3982852
  [67/900] Reservation+CGt N=16  never_granted=0   M08=0.532866
  [68/900] Reservation+CGt N=16  never_granted=0   M08=0.43336840000000004
  [69/900] Reservation+CGt N=16  never_granted=0   M08=0.42118720000000004
  [70/900] Reservation+CGt N=16  never_granted=0   M08=0.4738144
  [71/900] ConfigSched+CGt N=16  never_granted=0   M08=0.006776399999999999
  [72/900] ConfigSched+CGt N=16  never_granted=0   M08=0.0067164
  [73/900] ConfigSched+CGt N=16  never_granted=0   M08=0.006734
  [74/900] ConfigSched+CGt N=16  never_granted=0   M08=0.0074864
  [75/900] TwoTier+CGt  N=16  never_granted=0   M08=0.0105536
  [76/900] TwoTier+CGt  N=16  never_granted=0   M08=0.012296
  [77/900] TwoTier+CGt  N=16  never_granted=0   M08=0.011891200000000001
  [78/900] TwoTier+CGt  N=16  never_granted=0   M08=0.0112432
  [79/900] ConfigSched+CGt N=16  never_granted=0   M08=0.0066888
  [80/900] TwoTier+CGt  N=16  never_granted=0   M08=0.0136296
  [81/900] PF+CG        N=12  never_granted=0   M08=0.8883696
  [82/900] TwoTier+CGt  N=16  never_granted=0   M08=0.0129876
  [83/900] ConfigSched+CGt N=16  never_granted=0   M08=0.006606399999999999
  [84/900] TwoTier+CGt  N=16  never_granted=0   M08=0.0056988
  [85/900] ConfigSched+CGt N=16  never_granted=0   M08=0.0068028
  [86/900] ConfigSched+CGt N=16  never_granted=0   M08=0.0067252
  [87/900] PF+CG        N=12  never_granted=0   M08=0.8204264
  [88/900] ConfigSched+CGt N=16  never_granted=0   M08=0.006748
  [89/900] ConfigSched+CGt N=16  never_granted=0   M08=0.007692
  [90/900] TwoTier+CGt  N=16  never_granted=0   M08=0.008238
  [91/900] TwoTier+CGt  N=16  never_granted=0   M08=0.0008236000000000001
  [92/900] PF+CG        N=12  never_granted=0   M08=0.7714892
  [93/900] TwoTier+CGt  N=16  never_granted=0   M08=0.0136576
  [94/900] PF+CG        N=12  never_granted=0   M08=0.792264
  [95/900] ProtoRRageD2+CGt N=16  never_granted=0   M08=0.367688
  [96/900] PF+CG        N=12  never_granted=0   M08=0.8242084000000001
  [97/900] PF+CG        N=12  never_granted=0   M08=0.7854184000000001
  [98/900] PF+CG        N=12  never_granted=0   M08=0.8347924
  [99/900] PF+CG        N=12  never_granted=0   M08=0.8113756
  [100/900] PF+CG        N=12  never_granted=0   M08=0.8320684
  [101/900] PF+CG        N=12  never_granted=0   M08=0.8737744000000001
  [102/900] Reservation+CG N=12  never_granted=0   M08=0.792494
  [103/900] ProtoRRageD2+CGt N=16  never_granted=0   M08=0.404382
  [104/900] ProtoRRageD2+CGt N=16  never_granted=0   M08=0.4287668
  [105/900] Reservation+CG N=12  never_granted=0   M08=0.7492144000000001
  [106/900] ProtoRRageD2+CGt N=16  never_granted=0   M08=0.3765992
  [107/900] ProtoRRageD2+CGt N=16  never_granted=0   M08=0.4277304
  [108/900] ProtoRRageD2+CGt N=16  never_granted=0   M08=0.4404352
  [109/900] Reservation+CG N=12  never_granted=0   M08=0.744314
  [110/900] ProtoRRageD2+CGt N=16  never_granted=0   M08=0.46933440000000004
  [111/900] ProtoRRageD2+CGt N=16  never_granted=0   M08=0.44114159999999997
  [112/900] Reservation+CG N=12  never_granted=0   M08=0.7104836
  [113/900] Reservation+CG N=12  never_granted=0   M08=0.7555592
  [114/900] ProtoRRageD2+CGt N=16  never_granted=0   M08=0.42160240000000004
  [115/900] ProtoRRageD2+CGt N=16  never_granted=0   M08=0.3984316
  [116/900] Reservation+CG N=12  never_granted=0   M08=0.7428568000000001
  [117/900] Reservation+CG N=12  never_granted=0   M08=0.749178
  [118/900] Reservation+CG N=12  never_granted=0   M08=0.7228568000000001
  [119/900] Reservation+CG N=12  never_granted=0   M08=0.7489
  [120/900] Reservation+CG N=12  never_granted=0   M08=0.7127628
  [121/900] TwoTier+CG   N=12  never_granted=0   M08=0.0525448
  [122/900] ConfigSched+CG N=12  never_granted=0   M08=0.6509712
  [123/900] ConfigSched+CG N=12  never_granted=0   M08=0.4909
  [124/900] ConfigSched+CG N=12  never_granted=0   M08=0.42560159999999997
  [125/900] ConfigSched+CG N=12  never_granted=0   M08=0.5807196
  [126/900] ConfigSched+CG N=12  never_granted=0   M08=0.717706
  [127/900] ConfigSched+CG N=12  never_granted=0   M08=0.79911
  [128/900] ConfigSched+CG N=12  never_granted=0   M08=0.6715892
  [129/900] ConfigSched+CG N=12  never_granted=0   M08=0.5706116
  [130/900] TwoTier+CG   N=12  never_granted=0   M08=0.0248084
  [131/900] ConfigSched+CG N=12  never_granted=0   M08=0.577338
  [132/900] TwoTier+CG   N=12  never_granted=0   M08=0.024022
  [133/900] TwoTier+CG   N=12  never_granted=0   M08=0.06730639999999999
  [134/900] TwoTier+CG   N=12  never_granted=0   M08=0.0765048
  [135/900] PF+CGt       N=12  never_granted=0   M08=0.8856392
  [136/900] TwoTier+CG   N=12  never_granted=0   M08=0.3375376
  [137/900] TwoTier+CG   N=12  never_granted=0   M08=0.2567892
  [138/900] ConfigSched+CG N=12  never_granted=0   M08=0.4260656
  [139/900] TwoTier+CG   N=12  never_granted=0   M08=0.035499199999999995
  [140/900] TwoTier+CG   N=12  never_granted=0   M08=0.0319984
  [141/900] TwoTier+CG   N=12  never_granted=0   M08=0.1061004
  [142/900] PF+CGt       N=12  never_granted=0   M08=0.8361284
  [143/900] PF+CGt       N=12  never_granted=0   M08=0.8166424
  [144/900] PF+CGt       N=12  never_granted=0   M08=0.77539
  [145/900] ProtoRRageD2+CG N=12  never_granted=0   M08=0.4917072
  [146/900] PF+CGt       N=12  never_granted=0   M08=0.7893112
  [147/900] PF+CGt       N=12  never_granted=0   M08=0.8287572
  [148/900] PF+CGt       N=12  never_granted=0   M08=0.837624
  [149/900] PF+CGt       N=12  never_granted=0   M08=0.8108436
  [150/900] ProtoRRageD2+CG N=12  never_granted=0   M08=0.5235204
  [151/900] ProtoRRageD2+CG N=12  never_granted=0   M08=0.5311776
  [152/900] ProtoRRageD2+CG N=12  never_granted=0   M08=0.535498
  [153/900] ProtoRRageD2+CG N=12  never_granted=0   M08=0.5633116
  [154/900] PF+CGt       N=12  never_granted=0   M08=0.7912172
  [155/900] PF+CGt       N=12  never_granted=0   M08=0.8750484000000001
  [156/900] ProtoRRageD2+CG N=12  never_granted=0   M08=0.5886191999999999
  [157/900] Reservation+CGt N=12  never_granted=0   M08=0.7586936
  [158/900] ProtoRRageD2+CG N=12  never_granted=0   M08=0.5245352
  [159/900] Reservation+CGt N=12  never_granted=0   M08=0.6901876
  [160/900] ProtoRRageD2+CG N=12  never_granted=0   M08=0.5296344000000001
  [161/900] Reservation+CGt N=12  never_granted=0   M08=0.7851524
  [162/900] Reservation+CGt N=12  never_granted=0   M08=0.7279288
  [163/900] ProtoRRageD2+CG N=12  never_granted=0   M08=0.49539479999999997
  [164/900] Reservation+CGt N=12  never_granted=0   M08=0.6885524000000001
  [165/900] Reservation+CGt N=12  never_granted=0   M08=0.7270612
  [166/900] Reservation+CGt N=12  never_granted=0   M08=0.6786068000000001
  [167/900] ProtoRRageD2+CG N=12  never_granted=0   M08=0.5904811999999999
  [168/900] Reservation+CGt N=12  never_granted=0   M08=0.7268884
  [169/900] Reservation+CGt N=12  never_granted=0   M08=0.7725744
  [170/900] Reservation+CGt N=12  never_granted=0   M08=0.67527
  [171/900] TwoTier+CGt  N=12  never_granted=0   M08=0.261698
  [172/900] ConfigSched+CGt N=12  never_granted=0   M08=0.43098440000000005
  [173/900] ConfigSched+CGt N=12  never_granted=0   M08=0.7997856
  [174/900] ConfigSched+CGt N=12  never_granted=0   M08=0.6608136
  [175/900] ConfigSched+CGt N=12  never_granted=0   M08=0.5904492
  [176/900] TwoTier+CGt  N=12  never_granted=0   M08=0.059356
  [177/900] TwoTier+CGt  N=12  never_granted=0   M08=0.0318344
  [178/900] ConfigSched+CGt N=12  never_granted=0   M08=0.6007372
  [179/900] ConfigSched+CGt N=12  never_granted=0   M08=0.5146524
  [180/900] TwoTier+CGt  N=12  never_granted=0   M08=0.0200912
  [181/900] PF+CG        N=10  never_granted=0   M08=0.9558128
  [182/900] ConfigSched+CGt N=12  never_granted=0   M08=0.6905912
  [183/900] TwoTier+CGt  N=12  never_granted=0   M08=0.0405112
  [184/900] ConfigSched+CGt N=12  never_granted=0   M08=0.7295115999999999
  [185/900] ConfigSched+CGt N=12  never_granted=0   M08=0.5976116
  [186/900] PF+CG        N=10  never_granted=0   M08=0.9692144
  [187/900] TwoTier+CGt  N=12  never_granted=0   M08=0.0248188
  [188/900] ConfigSched+CGt N=12  never_granted=0   M08=0.43522
  [189/900] TwoTier+CGt  N=12  never_granted=0   M08=0.0485076
  [190/900] TwoTier+CGt  N=12  never_granted=0   M08=0.01667
  [191/900] TwoTier+CGt  N=12  never_granted=0   M08=0.0264388
  [192/900] TwoTier+CGt  N=12  never_granted=0   M08=0.0218864
  [193/900] PF+CG        N=10  never_granted=0   M08=0.939164
  [194/900] ProtoRRageD2+CGt N=12  never_granted=0   M08=0.5437096
  [195/900] PF+CG        N=10  never_granted=0   M08=0.9374884
  [196/900] PF+CG        N=10  never_granted=0   M08=0.94013
  [197/900] PF+CG        N=10  never_granted=0   M08=0.9846235999999999
  [198/900] PF+CG        N=10  never_granted=0   M08=0.9273336
  [199/900] PF+CG        N=10  never_granted=0   M08=0.9925836
  [200/900] PF+CG        N=10  never_granted=0   M08=0.888374
  [201/900] PF+CG        N=10  never_granted=0   M08=0.9597444
  [202/900] ProtoRRageD2+CGt N=12  never_granted=0   M08=0.5403064000000001
  [203/900] ProtoRRageD2+CGt N=12  never_granted=0   M08=0.522664
  [204/900] Reservation+CG N=10  never_granted=0   M08=0.9555516
  [205/900] Reservation+CG N=10  never_granted=0   M08=0.964638
  [206/900] ProtoRRageD2+CGt N=12  never_granted=0   M08=0.5706376
  [207/900] ProtoRRageD2+CGt N=12  never_granted=0   M08=0.57157
  [208/900] ProtoRRageD2+CGt N=12  never_granted=0   M08=0.553676
  [209/900] Reservation+CG N=10  never_granted=0   M08=0.934536
  [210/900] ProtoRRageD2+CGt N=12  never_granted=0   M08=0.5389676
  [211/900] Reservation+CG N=10  never_granted=0   M08=0.9335836
  [212/900] Reservation+CG N=10  never_granted=0   M08=0.9744948
  [213/900] Reservation+CG N=10  never_granted=0   M08=0.9399636
  [214/900] ProtoRRageD2+CGt N=12  never_granted=0   M08=0.5850995999999999
  [215/900] Reservation+CG N=10  never_granted=0   M08=0.9662415999999999
  [216/900] ProtoRRageD2+CGt N=12  never_granted=0   M08=0.5954936
  [217/900] Reservation+CG N=10  never_granted=0   M08=0.9589884000000001
  [218/900] ProtoRRageD2+CGt N=12  never_granted=0   M08=0.575198
  [219/900] Reservation+CG N=10  never_granted=0   M08=0.9416916
  [220/900] Reservation+CG N=10  never_granted=0   M08=0.975268
  [221/900] TwoTier+CG   N=10  never_granted=0   M08=0.5881308000000001
  [222/900] PF+CGt       N=10  never_granted=0   M08=0.9560936
  [223/900] TwoTier+CG   N=10  never_granted=0   M08=0.632916
  [224/900] ConfigSched+CG N=10  never_granted=0   M08=0.9748848
  [225/900] ConfigSched+CG N=10  never_granted=0   M08=0.9824636
  [226/900] TwoTier+CG   N=10  never_granted=0   M08=0.6078636
  [227/900] ConfigSched+CG N=10  never_granted=0   M08=0.9890736
  [228/900] ConfigSched+CG N=10  never_granted=0   M08=0.9825528
  [229/900] ConfigSched+CG N=10  never_granted=0   M08=0.9773248
  [230/900] ConfigSched+CG N=10  never_granted=0   M08=0.9744908000000001
  [231/900] ConfigSched+CG N=10  never_granted=0   M08=0.9824571999999999
  [232/900] PF+CGt       N=10  never_granted=0   M08=0.9682348000000001
  [233/900] ConfigSched+CG N=10  never_granted=0   M08=0.9828948000000001
  [234/900] ConfigSched+CG N=10  never_granted=0   M08=0.98776
  [235/900] ConfigSched+CG N=10  never_granted=0   M08=0.9936724
  [236/900] TwoTier+CG   N=10  never_granted=0   M08=0.718884
  [237/900] TwoTier+CG   N=10  never_granted=0   M08=0.6289168
  [238/900] TwoTier+CG   N=10  never_granted=0   M08=0.4656516
  [239/900] TwoTier+CG   N=10  never_granted=0   M08=0.56112
  [240/900] TwoTier+CG   N=10  never_granted=0   M08=0.6747664
  [241/900] TwoTier+CG   N=10  never_granted=0   M08=0.6339124
  [242/900] TwoTier+CG   N=10  never_granted=0   M08=0.52773
  [243/900] Reservation+CGt N=10  never_granted=0   M08=0.931018
  [244/900] PF+CGt       N=10  never_granted=0   M08=0.9423996
  [245/900] PF+CGt       N=10  never_granted=0   M08=0.945702
  [246/900] PF+CGt       N=10  never_granted=0   M08=0.992038
  [247/900] PF+CGt       N=10  never_granted=0   M08=0.9410696
  [248/900] PF+CGt       N=10  never_granted=0   M08=0.8888132
  [249/900] PF+CGt       N=10  never_granted=0   M08=0.9857204
  [250/900] PF+CGt       N=10  never_granted=0   M08=0.9264448000000001
  [251/900] PF+CGt       N=10  never_granted=0   M08=0.9624536
  [252/900] ProtoRRageD2+CG N=10  never_granted=0   M08=0.6315268
  [253/900] ProtoRRageD2+CG N=10  never_granted=0   M08=0.611754
  [254/900] ProtoRRageD2+CG N=10  never_granted=0   M08=0.703246
  [255/900] ProtoRRageD2+CG N=10  never_granted=0   M08=0.6581975999999999
  [256/900] ProtoRRageD2+CG N=10  never_granted=0   M08=0.662944
  [257/900] ProtoRRageD2+CG N=10  never_granted=0   M08=0.68069
  [258/900] ProtoRRageD2+CG N=10  never_granted=0   M08=0.6643708
  [259/900] Reservation+CGt N=10  never_granted=0   M08=0.9694288000000001
  [260/900] Reservation+CGt N=10  never_granted=0   M08=0.97113
  [261/900] Reservation+CGt N=10  never_granted=0   M08=0.9649404
  [262/900] Reservation+CGt N=10  never_granted=0   M08=0.924664
  [263/900] Reservation+CGt N=10  never_granted=0   M08=0.9865456
  [264/900] ProtoRRageD2+CG N=10  never_granted=0   M08=0.6295784
  [265/900] ProtoRRageD2+CG N=10  never_granted=0   M08=0.6769608
  [266/900] Reservation+CGt N=10  never_granted=0   M08=0.9757124
  [267/900] Reservation+CGt N=10  never_granted=0   M08=0.942554
  [268/900] Reservation+CGt N=10  never_granted=0   M08=0.976768
  [269/900] ProtoRRageD2+CG N=10  never_granted=0   M08=0.7394071999999999
  [270/900] Reservation+CGt N=10  never_granted=0   M08=0.9817504
  [271/900] TwoTier+CGt  N=10  never_granted=0   M08=0.5803396
  [272/900] ConfigSched+CGt N=10  never_granted=0   M08=0.9904988
  [273/900] PF+CG        N=8   never_granted=0   M08=0.9861356
  [274/900] ConfigSched+CGt N=10  never_granted=0   M08=0.982402
  [275/900] ConfigSched+CGt N=10  never_granted=0   M08=0.9835176
  [276/900] ConfigSched+CGt N=10  never_granted=0   M08=0.9803736
  [277/900] ConfigSched+CGt N=10  never_granted=0   M08=0.9793144
  [278/900] ConfigSched+CGt N=10  never_granted=0   M08=0.976094
  [279/900] ConfigSched+CGt N=10  never_granted=0   M08=0.9791264000000001
  [280/900] ConfigSched+CGt N=10  never_granted=0   M08=0.9913636
  [281/900] PF+CG        N=8   never_granted=0   M08=0.9817855999999999
  [282/900] ConfigSched+CGt N=10  never_granted=0   M08=0.9771052
  [283/900] ConfigSched+CGt N=10  never_granted=0   M08=0.9844976
  [284/900] TwoTier+CGt  N=10  never_granted=0   M08=0.6202308000000001
  [285/900] TwoTier+CGt  N=10  never_granted=0   M08=0.5535144000000001
  [286/900] TwoTier+CGt  N=10  never_granted=0   M08=0.687624
  [287/900] TwoTier+CGt  N=10  never_granted=0   M08=0.7127364
  [288/900] TwoTier+CGt  N=10  never_granted=0   M08=0.6480576
  [289/900] TwoTier+CGt  N=10  never_granted=0   M08=0.6513504
  [290/900] TwoTier+CGt  N=10  never_granted=0   M08=0.6218448000000001
  [291/900] TwoTier+CGt  N=10  never_granted=0   M08=0.6878584
  [292/900] PF+CG        N=8   never_granted=0   M08=0.9811028
  [293/900] PF+CG        N=8   never_granted=0   M08=0.9880268000000001
  [294/900] Reservation+CG N=8   never_granted=0   M08=0.9793371999999999
  [295/900] TwoTier+CGt  N=10  never_granted=0   M08=0.6106712
  [296/900] PF+CG        N=8   never_granted=0   M08=0.9832108
  [297/900] PF+CG        N=8   never_granted=0   M08=0.99456
  [298/900] PF+CG        N=8   never_granted=0   M08=0.9890984
  [299/900] PF+CG        N=8   never_granted=0   M08=0.989252
  [300/900] PF+CG        N=8   never_granted=0   M08=0.9866775999999999
  [301/900] PF+CG        N=8   never_granted=0   M08=0.9931036
  [302/900] Reservation+CG N=8   never_granted=0   M08=0.9795712
  [303/900] ProtoRRageD2+CGt N=10  never_granted=0   M08=0.703908
  [304/900] ProtoRRageD2+CGt N=10  never_granted=0   M08=0.7728688
  [305/900] Reservation+CG N=8   never_granted=0   M08=0.9815436
  [306/900] ProtoRRageD2+CGt N=10  never_granted=0   M08=0.7256151999999999
  [307/900] ProtoRRageD2+CGt N=10  never_granted=0   M08=0.7162151999999999
  [308/900] Reservation+CG N=8   never_granted=0   M08=0.979536
  [309/900] Reservation+CG N=8   never_granted=0   M08=0.9825444
  [310/900] ProtoRRageD2+CGt N=10  never_granted=0   M08=0.6623055999999999
  [311/900] Reservation+CG N=8   never_granted=0   M08=0.98092
  [312/900] Reservation+CG N=8   never_granted=0   M08=0.9884084000000001
  [313/900] Reservation+CG N=8   never_granted=0   M08=0.9719644000000001
  [314/900] ProtoRRageD2+CGt N=10  never_granted=0   M08=0.6304324
  [315/900] ProtoRRageD2+CGt N=10  never_granted=0   M08=0.6832264
  [316/900] Reservation+CG N=8   never_granted=0   M08=0.9904535999999999
  [317/900] ProtoRRageD2+CGt N=10  never_granted=0   M08=0.6438036
  [318/900] Reservation+CG N=8   never_granted=0   M08=0.9882068
  [319/900] ProtoRRageD2+CGt N=10  never_granted=0   M08=0.654728
  [320/900] ProtoRRageD2+CGt N=10  never_granted=0   M08=0.71974
  [321/900] TwoTier+CG   N=8   never_granted=0   M08=0.946784
  [322/900] ConfigSched+CG N=8   never_granted=0   M08=0.9897395999999999
  [323/900] ConfigSched+CG N=8   never_granted=0   M08=0.9849891999999999
  [324/900] ConfigSched+CG N=8   never_granted=0   M08=0.9905092
  [325/900] ConfigSched+CG N=8   never_granted=0   M08=0.983412
  [326/900] ConfigSched+CG N=8   never_granted=0   M08=0.9836836
  [327/900] ConfigSched+CG N=8   never_granted=0   M08=0.9861636
  [328/900] ConfigSched+CG N=8   never_granted=0   M08=0.9871104
  [329/900] ConfigSched+CG N=8   never_granted=0   M08=0.9873248
  [330/900] ConfigSched+CG N=8   never_granted=0   M08=0.9868784
  [331/900] PF+CGt       N=8   never_granted=0   M08=0.9861904
  [332/900] ConfigSched+CG N=8   never_granted=0   M08=0.9934728
  [333/900] TwoTier+CG   N=8   never_granted=0   M08=0.9491344
  [334/900] PF+CGt       N=8   never_granted=0   M08=0.9851068000000001
  [335/900] TwoTier+CG   N=8   never_granted=0   M08=0.9487996
  [336/900] TwoTier+CG   N=8   never_granted=0   M08=0.9599091999999999
  [337/900] TwoTier+CG   N=8   never_granted=0   M08=0.9657471999999999
  [338/900] TwoTier+CG   N=8   never_granted=0   M08=0.9643048000000001
  [339/900] TwoTier+CG   N=8   never_granted=0   M08=0.947234
  [340/900] TwoTier+CG   N=8   never_granted=0   M08=0.96377
  [341/900] TwoTier+CG   N=8   never_granted=0   M08=0.979018
  [342/900] PF+CGt       N=8   never_granted=0   M08=0.9880268000000001
  [343/900] PF+CGt       N=8   never_granted=0   M08=0.9872136
  [344/900] PF+CGt       N=8   never_granted=0   M08=0.97999
  [345/900] PF+CGt       N=8   never_granted=0   M08=0.9829352
  [346/900] TwoTier+CG   N=8   never_granted=0   M08=0.9425212
  [347/900] PF+CGt       N=8   never_granted=0   M08=0.9909988000000001
  [348/900] PF+CGt       N=8   never_granted=0   M08=0.9890171999999999
  [349/900] Reservation+CGt N=8   never_granted=0   M08=0.977164
  [350/900] PF+CGt       N=8   never_granted=0   M08=0.9880131999999999
  [351/900] PF+CGt       N=8   never_granted=0   M08=0.9942164
  [352/900] Reservation+CGt N=8   never_granted=0   M08=0.9847612
  [353/900] ProtoRRageD2+CG N=8   never_granted=0   M08=0.837064
  [354/900] Reservation+CGt N=8   never_granted=0   M08=0.9763991999999999
  [355/900] ProtoRRageD2+CG N=8   never_granted=0   M08=0.912118
  [356/900] ProtoRRageD2+CG N=8   never_granted=0   M08=0.918846
  [357/900] Reservation+CGt N=8   never_granted=0   M08=0.98313
  [358/900] ProtoRRageD2+CG N=8   never_granted=0   M08=0.9651284
  [359/900] Reservation+CGt N=8   never_granted=0   M08=0.9862068
  [360/900] Reservation+CGt N=8   never_granted=0   M08=0.9874376
  [361/900] ProtoRRageD2+CG N=8   never_granted=0   M08=0.8483996
  [362/900] ProtoRRageD2+CG N=8   never_granted=0   M08=0.7665556
  [363/900] ProtoRRageD2+CG N=8   never_granted=0   M08=0.9433191999999999
  [364/900] Reservation+CGt N=8   never_granted=0   M08=0.9814016
  [365/900] ProtoRRageD2+CG N=8   never_granted=0   M08=0.9299408
  [366/900] Reservation+CGt N=8   never_granted=0   M08=0.9858975999999999
  [367/900] ProtoRRageD2+CG N=8   never_granted=0   M08=0.9472908000000001
  [368/900] ProtoRRageD2+CG N=8   never_granted=0   M08=0.8881852
  [369/900] Reservation+CGt N=8   never_granted=0   M08=0.9874615999999999
  [370/900] Reservation+CGt N=8   never_granted=0   M08=0.9852052
  [371/900] ConfigSched+CGt N=8   never_granted=0   M08=0.990434
  [372/900] ConfigSched+CGt N=8   never_granted=0   M08=0.9826964
  [373/900] TwoTier+CGt  N=8   never_granted=0   M08=0.955596
  [374/900] ConfigSched+CGt N=8   never_granted=0   M08=0.985092
  [375/900] ConfigSched+CGt N=8   never_granted=0   M08=0.9877376
  [376/900] ConfigSched+CGt N=8   never_granted=0   M08=0.9872228000000001
  [377/900] PF+CG        N=7   never_granted=0   M08=0.9803088000000001
  [378/900] ConfigSched+CGt N=8   never_granted=0   M08=0.9841588
  [379/900] ConfigSched+CGt N=8   never_granted=0   M08=0.9911984
  [380/900] ConfigSched+CGt N=8   never_granted=0   M08=0.992414
  [381/900] ConfigSched+CGt N=8   never_granted=0   M08=0.9889404
  [382/900] ConfigSched+CGt N=8   never_granted=0   M08=0.9895216
  [383/900] PF+CG        N=7   never_granted=0   M08=0.9884384
  [384/900] PF+CG        N=7   never_granted=0   M08=0.9879868
  [385/900] PF+CG        N=7   never_granted=0   M08=0.9928516
  [386/900] TwoTier+CGt  N=8   never_granted=0   M08=0.9651224
  [387/900] TwoTier+CGt  N=8   never_granted=0   M08=0.9612228
  [388/900] PF+CG        N=7   never_granted=0   M08=0.9816351999999999
  [389/900] TwoTier+CGt  N=8   never_granted=0   M08=0.94036
  [390/900] TwoTier+CGt  N=8   never_granted=0   M08=0.9463624
  [391/900] PF+CG        N=7   never_granted=0   M08=0.9851688000000001
  [392/900] PF+CG        N=7   never_granted=0   M08=0.9850692
  [393/900] TwoTier+CGt  N=8   never_granted=0   M08=0.9396628
  [394/900] TwoTier+CGt  N=8   never_granted=0   M08=0.9573271999999999
  [395/900] TwoTier+CGt  N=8   never_granted=0   M08=0.9660316
  [396/900] TwoTier+CGt  N=8   never_granted=0   M08=0.9706364000000001
  [397/900] PF+CG        N=7   never_granted=0   M08=0.9917696
  [398/900] PF+CG        N=7   never_granted=0   M08=0.9962224000000001
  [399/900] Reservation+CG N=7   never_granted=0   M08=0.9898268
  [400/900] PF+CG        N=7   never_granted=0   M08=0.9873324
  [401/900] Reservation+CG N=7   never_granted=0   M08=0.9815764
  [402/900] Reservation+CG N=7   never_granted=0   M08=0.98309
  [403/900] TwoTier+CGt  N=8   never_granted=0   M08=0.95311
  [404/900] ProtoRRageD2+CGt N=8   never_granted=0   M08=0.8038224
  [405/900] Reservation+CG N=7   never_granted=0   M08=0.9839336
  [406/900] ProtoRRageD2+CGt N=8   never_granted=0   M08=0.9233351999999999
  [407/900] ProtoRRageD2+CGt N=8   never_granted=0   M08=0.8860616
  [408/900] ProtoRRageD2+CGt N=8   never_granted=0   M08=0.8946588000000001
  [409/900] ProtoRRageD2+CGt N=8   never_granted=0   M08=0.9699916
  [410/900] ProtoRRageD2+CGt N=8   never_granted=0   M08=0.7172084
  [411/900] Reservation+CG N=7   never_granted=0   M08=0.9817328000000001
  [412/900] Reservation+CG N=7   never_granted=0   M08=0.9861255999999999
  [413/900] Reservation+CG N=7   never_granted=0   M08=0.9856768
  [414/900] Reservation+CG N=7   never_granted=0   M08=0.9935308
  [415/900] Reservation+CG N=7   never_granted=0   M08=0.98576
  [416/900] ProtoRRageD2+CGt N=8   never_granted=0   M08=0.9020716
  [417/900] ProtoRRageD2+CGt N=8   never_granted=0   M08=0.940236
  [418/900] Reservation+CG N=7   never_granted=0   M08=0.9903588000000001
  [419/900] ProtoRRageD2+CGt N=8   never_granted=0   M08=0.9063468
  [420/900] ProtoRRageD2+CGt N=8   never_granted=0   M08=0.9263304
  [421/900] ConfigSched+CG N=7   never_granted=0   M08=0.9810744
  [422/900] TwoTier+CG   N=7   never_granted=0   M08=0.9825496
  [423/900] ConfigSched+CG N=7   never_granted=0   M08=0.9885484
  [424/900] ConfigSched+CG N=7   never_granted=0   M08=0.9907308
  [425/900] ConfigSched+CG N=7   never_granted=0   M08=0.9806604
  [426/900] ConfigSched+CG N=7   never_granted=0   M08=0.9886912
  [427/900] ConfigSched+CG N=7   never_granted=0   M08=0.9844524
  [428/900] ConfigSched+CG N=7   never_granted=0   M08=0.9861255999999999
  [429/900] ConfigSched+CG N=7   never_granted=0   M08=0.9944684
  [430/900] PF+CGt       N=7   never_granted=0   M08=0.9816988000000001
  [431/900] ConfigSched+CG N=7   never_granted=0   M08=0.9920572
  [432/900] ConfigSched+CG N=7   never_granted=0   M08=0.988476
  [433/900] PF+CGt       N=7   never_granted=0   M08=0.9917388
  [434/900] TwoTier+CG   N=7   never_granted=0   M08=0.98502
  [435/900] TwoTier+CG   N=7   never_granted=0   M08=0.9789624
  [436/900] TwoTier+CG   N=7   never_granted=0   M08=0.9780492
  [437/900] PF+CGt       N=7   never_granted=0   M08=0.9902124
  [438/900] TwoTier+CG   N=7   never_granted=0   M08=0.9710915999999999
  [439/900] TwoTier+CG   N=7   never_granted=0   M08=0.9794716
  [440/900] PF+CGt       N=7   never_granted=0   M08=0.9895512
  [441/900] TwoTier+CG   N=7   never_granted=0   M08=0.974162
  [442/900] PF+CGt       N=7   never_granted=0   M08=0.9805224
  [443/900] PF+CGt       N=7   never_granted=0   M08=0.994656
  [444/900] PF+CGt       N=7   never_granted=0   M08=0.9856768
  [445/900] PF+CGt       N=7   never_granted=0   M08=0.9850692
  [446/900] TwoTier+CG   N=7   never_granted=0   M08=0.9693464
  [447/900] TwoTier+CG   N=7   never_granted=0   M08=0.9827815999999999
  [448/900] PF+CGt       N=7   never_granted=0   M08=0.9890984
  [449/900] PF+CGt       N=7   never_granted=0   M08=0.9884451999999999
  [450/900] Reservation+CGt N=7   never_granted=0   M08=0.9841844000000001
  [451/900] TwoTier+CG   N=7   never_granted=0   M08=0.981574
  [452/900] ProtoRRageD2+CG N=7   never_granted=0   M08=0.9831636
  [453/900] Reservation+CGt N=7   never_granted=0   M08=0.9789568000000001
  [454/900] Reservation+CGt N=7   never_granted=0   M08=0.987018
  [455/900] Reservation+CGt N=7   never_granted=0   M08=0.9857796
  [456/900] ProtoRRageD2+CG N=7   never_granted=0   M08=0.9818131999999999
  [457/900] ProtoRRageD2+CG N=7   never_granted=0   M08=0.9811291999999999
  [458/900] ProtoRRageD2+CG N=7   never_granted=0   M08=0.979084
  [459/900] ProtoRRageD2+CG N=7   never_granted=0   M08=0.99317
  [460/900] ProtoRRageD2+CG N=7   never_granted=0   M08=0.9806992
  [461/900] Reservation+CGt N=7   never_granted=0   M08=0.9817328000000001
  [462/900] ProtoRRageD2+CG N=7   never_granted=0   M08=0.9832868
  [463/900] Reservation+CGt N=7   never_granted=0   M08=0.9819352
  [464/900] ProtoRRageD2+CG N=7   never_granted=0   M08=0.9809631999999999
  [465/900] Reservation+CGt N=7   never_granted=0   M08=0.989982
  [466/900] ProtoRRageD2+CG N=7   never_granted=0   M08=0.9804668000000001
  [467/900] Reservation+CGt N=7   never_granted=0   M08=0.9838108000000001
  [468/900] Reservation+CGt N=7   never_granted=0   M08=0.9790596
  [469/900] Reservation+CGt N=7   never_granted=0   M08=0.98576
  [470/900] ProtoRRageD2+CG N=7   never_granted=0   M08=0.9901048
  [471/900] ConfigSched+CGt N=7   never_granted=0   M08=0.9834472
  [472/900] ConfigSched+CGt N=7   never_granted=0   M08=0.9867916
  [473/900] ConfigSched+CGt N=7   never_granted=0   M08=0.9866592
  [474/900] PF+CG        N=6   never_granted=0   M08=0.9897111999999999
  [475/900] ConfigSched+CGt N=7   never_granted=0   M08=0.9921116
  [476/900] ConfigSched+CGt N=7   never_granted=0   M08=0.9856768
  [477/900] ConfigSched+CGt N=7   never_granted=0   M08=0.9817328000000001
  [478/900] ConfigSched+CGt N=7   never_granted=0   M08=0.9962224000000001
  [479/900] ConfigSched+CGt N=7   never_granted=0   M08=0.9845188
  [480/900] ConfigSched+CGt N=7   never_granted=0   M08=0.9916832
  [481/900] ConfigSched+CGt N=7   never_granted=0   M08=0.9879488000000001
  [482/900] ProtoRRageD2+CGt N=7   never_granted=0   M08=0.9780816
  [483/900] TwoTier+CGt  N=7   never_granted=0   M08=0.9839524000000001
  [484/900] TwoTier+CGt  N=7   never_granted=0   M08=0.9835268
  [485/900] TwoTier+CGt  N=7   never_granted=0   M08=0.973292
  [486/900] TwoTier+CGt  N=7   never_granted=0   M08=0.9673136
  [487/900] PF+CG        N=6   never_granted=0   M08=0.9821188000000001
  [488/900] PF+CG        N=6   never_granted=0   M08=0.9755228
  [489/900] PF+CG        N=6   never_granted=0   M08=0.9949044
  [490/900] TwoTier+CGt  N=7   never_granted=0   M08=0.9706395999999999
  [491/900] PF+CG        N=6   never_granted=0   M08=0.9908076
  [492/900] TwoTier+CGt  N=7   never_granted=0   M08=0.9756256
  [493/900] TwoTier+CGt  N=7   never_granted=0   M08=0.9711088
  [494/900] PF+CG        N=6   never_granted=0   M08=0.990576
  [495/900] PF+CG        N=6   never_granted=0   M08=0.997134
  [496/900] PF+CG        N=6   never_granted=0   M08=0.9810051999999999
  [497/900] Reservation+CG N=6   never_granted=0   M08=0.9834936
  [498/900] PF+CG        N=6   never_granted=0   M08=0.9878864
  [499/900] TwoTier+CGt  N=7   never_granted=0   M08=0.9819688000000001
  [500/900] PF+CG        N=6   never_granted=0   M08=0.9887012
  [501/900] TwoTier+CGt  N=7   never_granted=0   M08=0.9806651999999999
  [502/900] TwoTier+CGt  N=7   never_granted=0   M08=0.9902436
  [503/900] Reservation+CG N=6   never_granted=0   M08=0.9928144
  [504/900] Reservation+CG N=6   never_granted=0   M08=0.969154
  [505/900] Reservation+CG N=6   never_granted=0   M08=0.99276
  [506/900] Reservation+CG N=6   never_granted=0   M08=0.9867188
  [507/900] ProtoRRageD2+CGt N=7   never_granted=0   M08=0.984746
  [508/900] Reservation+CG N=6   never_granted=0   M08=0.990576
  [509/900] ProtoRRageD2+CGt N=7   never_granted=0   M08=0.9901232
  [510/900] ProtoRRageD2+CGt N=7   never_granted=0   M08=0.990088
  [511/900] Reservation+CG N=6   never_granted=0   M08=0.9907224
  [512/900] Reservation+CG N=6   never_granted=0   M08=0.990136
  [513/900] Reservation+CG N=6   never_granted=0   M08=0.9810051999999999
  [514/900] ProtoRRageD2+CGt N=7   never_granted=0   M08=0.9870828
  [515/900] ProtoRRageD2+CGt N=7   never_granted=0   M08=0.9786391999999999
  [516/900] ProtoRRageD2+CGt N=7   never_granted=0   M08=0.9194184
  [517/900] Reservation+CG N=6   never_granted=0   M08=0.9912755999999999
  [518/900] ProtoRRageD2+CGt N=7   never_granted=0   M08=0.98453
  [519/900] ProtoRRageD2+CGt N=7   never_granted=0   M08=0.9644712
  [520/900] ProtoRRageD2+CGt N=7   never_granted=0   M08=0.9843968000000001
  [521/900] ConfigSched+CG N=6   never_granted=0   M08=0.9722488
  [522/900] ConfigSched+CG N=6   never_granted=0   M08=0.9829808000000001
  [523/900] ConfigSched+CG N=6   never_granted=0   M08=0.9931668
  [524/900] ConfigSched+CG N=6   never_granted=0   M08=0.9927424
  [525/900] ConfigSched+CG N=6   never_granted=0   M08=0.995216
  [526/900] ConfigSched+CG N=6   never_granted=0   M08=0.990002
  [527/900] ConfigSched+CG N=6   never_granted=0   M08=0.990576
  [528/900] ConfigSched+CG N=6   never_granted=0   M08=0.997134
  [529/900] ConfigSched+CG N=6   never_granted=0   M08=0.9810051999999999
  [530/900] TwoTier+CG   N=6   never_granted=0   M08=0.9839931999999999
  [531/900] ConfigSched+CG N=6   never_granted=0   M08=0.9910604000000001
  [532/900] PF+CGt       N=6   never_granted=0   M08=0.9921596
  [533/900] PF+CGt       N=6   never_granted=0   M08=0.9755228
  [534/900] PF+CGt       N=6   never_granted=0   M08=0.9821188000000001
  [535/900] PF+CGt       N=6   never_granted=0   M08=0.9940692
  [536/900] Reservation+CGt N=6   never_granted=0   M08=0.9914944
  [537/900] PF+CGt       N=6   never_granted=0   M08=0.990576
  [538/900] PF+CGt       N=6   never_granted=0   M08=0.9956191999999999
  [539/900] PF+CGt       N=6   never_granted=0   M08=0.993256
  [540/900] PF+CGt       N=6   never_granted=0   M08=0.9810051999999999
  [541/900] PF+CGt       N=6   never_granted=0   M08=0.9880612
  [542/900] TwoTier+CG   N=6   never_granted=0   M08=0.979416
  [543/900] PF+CGt       N=6   never_granted=0   M08=0.9911496
  [544/900] TwoTier+CG   N=6   never_granted=0   M08=0.985034
  [545/900] TwoTier+CG   N=6   never_granted=0   M08=0.9826924
  [546/900] TwoTier+CG   N=6   never_granted=0   M08=0.9886311999999999
  [547/900] TwoTier+CG   N=6   never_granted=0   M08=0.9822324
  [548/900] Reservation+CGt N=6   never_granted=0   M08=0.9738888
  [549/900] TwoTier+CG   N=6   never_granted=0   M08=0.9797891999999999
  [550/900] TwoTier+CG   N=6   never_granted=0   M08=0.9644775999999999
  [551/900] TwoTier+CG   N=6   never_granted=0   M08=0.9719156
  [552/900] TwoTier+CG   N=6   never_granted=0   M08=0.9821768000000001
  [553/900] ProtoRRageD2+CG N=6   never_granted=0   M08=0.9884491999999999
  [554/900] Reservation+CGt N=6   never_granted=0   M08=0.9907224
  [555/900] Reservation+CGt N=6   never_granted=0   M08=0.9834936
  [556/900] ProtoRRageD2+CG N=6   never_granted=0   M08=0.9755228
  [557/900] ProtoRRageD2+CG N=6   never_granted=0   M08=0.98398
  [558/900] ProtoRRageD2+CG N=6   never_granted=0   M08=0.9834936
  [559/900] Reservation+CGt N=6   never_granted=0   M08=0.9928355999999999
  [560/900] ProtoRRageD2+CG N=6   never_granted=0   M08=0.9810051999999999
  [561/900] ProtoRRageD2+CG N=6   never_granted=0   M08=0.9960176
  [562/900] ProtoRRageD2+CG N=6   never_granted=0   M08=0.9814464
  [563/900] ProtoRRageD2+CG N=6   never_granted=0   M08=0.987884
  [564/900] ProtoRRageD2+CG N=6   never_granted=0   M08=0.9907964
  [565/900] Reservation+CGt N=6   never_granted=0   M08=0.9903176
  [566/900] Reservation+CGt N=6   never_granted=0   M08=0.993006
  [567/900] Reservation+CGt N=6   never_granted=0   M08=0.9877228
  [568/900] Reservation+CGt N=6   never_granted=0   M08=0.9802468000000001
  [569/900] ProtoRRageD2+CG N=6   never_granted=0   M08=0.9911604
  [570/900] Reservation+CGt N=6   never_granted=0   M08=0.9894216
  [571/900] ConfigSched+CGt N=6   never_granted=0   M08=0.9737004
  [572/900] ConfigSched+CGt N=6   never_granted=0   M08=0.9914172
  [573/900] ConfigSched+CGt N=6   never_granted=0   M08=0.995216
  [574/900] PF+CG        N=5   never_granted=0   M08=0.9966204000000001
  [575/900] ConfigSched+CGt N=6   never_granted=0   M08=0.990138
  [576/900] ConfigSched+CGt N=6   never_granted=0   M08=0.9830631999999999
  [577/900] ConfigSched+CGt N=6   never_granted=0   M08=0.9968275999999999
  [578/900] ConfigSched+CGt N=6   never_granted=0   M08=0.9913356
  [579/900] ConfigSched+CGt N=6   never_granted=0   M08=0.9866456
  [580/900] ConfigSched+CGt N=6   never_granted=0   M08=0.9810051999999999
  [581/900] ConfigSched+CGt N=6   never_granted=0   M08=0.9911284
  [582/900] PF+CG        N=5   never_granted=0   M08=1.0020152
  [583/900] PF+CG        N=5   never_granted=0   M08=0.986566
  [584/900] PF+CG        N=5   never_granted=0   M08=0.9819416
  [585/900] PF+CG        N=5   never_granted=0   M08=0.9964128000000001
  [586/900] PF+CG        N=5   never_granted=0   M08=0.9977116
  [587/900] PF+CG        N=5   never_granted=0   M08=0.9952788
  [588/900] PF+CG        N=5   never_granted=0   M08=0.998498
  [589/900] PF+CG        N=5   never_granted=0   M08=0.9852384000000001
  [590/900] PF+CG        N=5   never_granted=0   M08=1.0002336
  [591/900] Reservation+CG N=5   never_granted=0   M08=0.9966204000000001
  [592/900] TwoTier+CGt  N=6   never_granted=0   M08=0.9773191999999999
  [593/900] Reservation+CG N=5   never_granted=0   M08=1.00152
  [594/900] TwoTier+CGt  N=6   never_granted=0   M08=0.9733304
  [595/900] TwoTier+CGt  N=6   never_granted=0   M08=0.9907956
  [596/900] TwoTier+CGt  N=6   never_granted=0   M08=0.98538
  [597/900] TwoTier+CGt  N=6   never_granted=0   M08=0.9784851999999999
  [598/900] ProtoRRageD2+CGt N=6   never_granted=0   M08=0.9909744
  [599/900] Reservation+CG N=5   never_granted=0   M08=0.983642
  [600/900] TwoTier+CGt  N=6   never_granted=0   M08=0.9695391999999999
  [601/900] Reservation+CG N=5   never_granted=0   M08=0.9810388000000001
  [602/900] TwoTier+CGt  N=6   never_granted=0   M08=0.9837444000000001
  [603/900] TwoTier+CGt  N=6   never_granted=0   M08=0.9869396
  [604/900] Reservation+CG N=5   never_granted=0   M08=0.9893748
  [605/900] Reservation+CG N=5   never_granted=0   M08=1.0014912
  [606/900] Reservation+CG N=5   never_granted=0   M08=0.981804
  [607/900] Reservation+CG N=5   never_granted=0   M08=0.9933676
  [608/900] TwoTier+CGt  N=6   never_granted=0   M08=0.9751215999999999
  [609/900] TwoTier+CGt  N=6   never_granted=0   M08=0.9794768
  [610/900] Reservation+CG N=5   never_granted=0   M08=0.9964128000000001
  [611/900] ProtoRRageD2+CGt N=6   never_granted=0   M08=0.9958564
  [612/900] Reservation+CG N=5   never_granted=0   M08=0.9928776
  [613/900] ProtoRRageD2+CGt N=6   never_granted=0   M08=0.9865592
  [614/900] ProtoRRageD2+CGt N=6   never_granted=0   M08=0.9928144
  [615/900] ProtoRRageD2+CGt N=6   never_granted=0   M08=0.9821112
  [616/900] ProtoRRageD2+CGt N=6   never_granted=0   M08=0.9888412
  [617/900] ProtoRRageD2+CGt N=6   never_granted=0   M08=0.9868692
  [618/900] ProtoRRageD2+CGt N=6   never_granted=0   M08=0.9732936
  [619/900] ProtoRRageD2+CGt N=6   never_granted=0   M08=0.988098
  [620/900] ProtoRRageD2+CGt N=6   never_granted=0   M08=0.9810051999999999
  [621/900] ConfigSched+CG N=5   never_granted=0   M08=0.9819416
  [622/900] ConfigSched+CG N=5   never_granted=0   M08=0.9966204000000001
  [623/900] ConfigSched+CG N=5   never_granted=0   M08=1.0020152
  [624/900] ConfigSched+CG N=5   never_granted=0   M08=0.9862308000000001
  [625/900] ConfigSched+CG N=5   never_granted=0   M08=0.986566
  [626/900] ConfigSched+CG N=5   never_granted=0   M08=0.9952788
  [627/900] ConfigSched+CG N=5   never_granted=0   M08=0.9964128000000001
  [628/900] ConfigSched+CG N=5   never_granted=0   M08=1.0014912
  [629/900] ConfigSched+CG N=5   never_granted=0   M08=1.0001296
  [630/900] ConfigSched+CG N=5   never_granted=0   M08=0.9979416
  [631/900] PF+CGt       N=5   never_granted=0   M08=0.9966204000000001
  [632/900] TwoTier+CG   N=5   never_granted=0   M08=0.9775928
  [633/900] PF+CGt       N=5   never_granted=0   M08=1.001996
  [634/900] PF+CGt       N=5   never_granted=0   M08=0.9858664
  [635/900] PF+CGt       N=5   never_granted=0   M08=0.9929808
  [636/900] Reservation+CGt N=5   never_granted=0   M08=0.983586
  [637/900] PF+CGt       N=5   never_granted=0   M08=0.9819416
  [638/900] PF+CGt       N=5   never_granted=0   M08=0.9858744
  [639/900] PF+CGt       N=5   never_granted=0   M08=1.0008596
  [640/900] PF+CGt       N=5   never_granted=0   M08=0.9964128000000001
  [641/900] PF+CGt       N=5   never_granted=0   M08=0.998498
  [642/900] PF+CGt       N=5   never_granted=0   M08=0.9991671999999999
  [643/900] TwoTier+CG   N=5   never_granted=0   M08=1.0013988
  [644/900] TwoTier+CG   N=5   never_granted=0   M08=0.9966204000000001
  [645/900] Reservation+CGt N=5   never_granted=0   M08=0.9966204000000001
  [646/900] Reservation+CGt N=5   never_granted=0   M08=1.0020152
  [647/900] TwoTier+CG   N=5   never_granted=0   M08=0.9900276
  [648/900] TwoTier+CG   N=5   never_granted=0   M08=0.9822664
  [649/900] TwoTier+CG   N=5   never_granted=0   M08=0.9763116
  [650/900] Reservation+CGt N=5   never_granted=0   M08=0.9827808
  [651/900] TwoTier+CG   N=5   never_granted=0   M08=0.9805992
  [652/900] TwoTier+CG   N=5   never_granted=0   M08=0.9928876
  [653/900] TwoTier+CG   N=5   never_granted=0   M08=0.9898596
  [654/900] TwoTier+CG   N=5   never_granted=0   M08=0.986952
  [655/900] Reservation+CGt N=5   never_granted=0   M08=0.9819416
  [656/900] ProtoRRageD2+CG N=5   never_granted=0   M08=1.001996
  [657/900] ProtoRRageD2+CG N=5   never_granted=0   M08=0.9929684
  [658/900] ProtoRRageD2+CG N=5   never_granted=0   M08=0.999834
  [659/900] Reservation+CGt N=5   never_granted=0   M08=0.995112
  [660/900] Reservation+CGt N=5   never_granted=0   M08=1.0014912
  [661/900] ProtoRRageD2+CG N=5   never_granted=0   M08=0.984706
  [662/900] ProtoRRageD2+CG N=5   never_granted=0   M08=0.9919011999999999
  [663/900] Reservation+CGt N=5   never_granted=0   M08=0.9964128000000001
  [664/900] ProtoRRageD2+CG N=5   never_granted=0   M08=0.9966204000000001
  [665/900] Reservation+CGt N=5   never_granted=0   M08=1.0002336
  [666/900] Reservation+CGt N=5   never_granted=0   M08=0.998498
  [667/900] ProtoRRageD2+CG N=5   never_granted=0   M08=0.9864988
  [668/900] ProtoRRageD2+CG N=5   never_granted=0   M08=0.9819416
  [669/900] ProtoRRageD2+CG N=5   never_granted=0   M08=0.9980196
  [670/900] ProtoRRageD2+CG N=5   never_granted=0   M08=0.9984008000000001
  [671/900] ConfigSched+CGt N=5   never_granted=0   M08=0.9955624000000001
  [672/900] ConfigSched+CGt N=5   never_granted=0   M08=1.0020152
  [673/900] ConfigSched+CGt N=5   never_granted=0   M08=0.986566
  [674/900] ConfigSched+CGt N=5   never_granted=0   M08=0.9937611999999999
  [675/900] PF+CG        N=4   never_granted=0   M08=0.991144
  [676/900] ConfigSched+CGt N=5   never_granted=0   M08=0.9819416
  [677/900] ConfigSched+CGt N=5   never_granted=0   M08=0.9865764
  [678/900] ConfigSched+CGt N=5   never_granted=0   M08=1.0012308
  [679/900] ConfigSched+CGt N=5   never_granted=0   M08=0.9964128000000001
  [680/900] ConfigSched+CGt N=5   never_granted=0   M08=1.0002336
  [681/900] ConfigSched+CGt N=5   never_granted=0   M08=0.99833
  [682/900] PF+CG        N=4   never_granted=0   M08=0.9841624
  [683/900] PF+CG        N=4   never_granted=0   M08=0.9995604
  [684/900] PF+CG        N=4   never_granted=0   M08=1.00088
  [685/900] ProtoRRageD2+CGt N=5   never_granted=0   M08=0.9944928000000001
  [686/900] PF+CG        N=4   never_granted=0   M08=1.0020236
  [687/900] PF+CG        N=4   never_granted=0   M08=0.9935764
  [688/900] PF+CG        N=4   never_granted=0   M08=0.9909316
  [689/900] PF+CG        N=4   never_granted=0   M08=0.9910964
  [690/900] PF+CG        N=4   never_granted=0   M08=0.9922716
  [691/900] PF+CG        N=4   never_granted=0   M08=0.9983828
  [692/900] Reservation+CG N=4   never_granted=0   M08=0.9894924
  [693/900] Reservation+CG N=4   never_granted=0   M08=1.000108
  [694/900] Reservation+CG N=4   never_granted=0   M08=0.9935764
  [695/900] TwoTier+CGt  N=5   never_granted=0   M08=0.9777816
  [696/900] Reservation+CG N=4   never_granted=0   M08=1.00088
  [697/900] TwoTier+CGt  N=5   never_granted=0   M08=0.9956868000000001
  [698/900] Reservation+CG N=4   never_granted=0   M08=0.9841624
  [699/900] TwoTier+CGt  N=5   never_granted=0   M08=0.9996288000000001
  [700/900] TwoTier+CGt  N=5   never_granted=0   M08=0.974022
  [701/900] Reservation+CG N=4   never_granted=0   M08=1.0020236
  [702/900] TwoTier+CGt  N=5   never_granted=0   M08=0.9933415999999999
  [703/900] TwoTier+CGt  N=5   never_granted=0   M08=0.9900244
  [704/900] TwoTier+CGt  N=5   never_granted=0   M08=0.9889044
  [705/900] Reservation+CG N=4   never_granted=0   M08=0.9910964
  [706/900] Reservation+CG N=4   never_granted=0   M08=0.9934924
  [707/900] TwoTier+CGt  N=5   never_granted=0   M08=0.97438
  [708/900] Reservation+CG N=4   never_granted=0   M08=0.99317
  [709/900] TwoTier+CGt  N=5   never_granted=0   M08=0.9888591999999999
  [710/900] Reservation+CG N=4   never_granted=0   M08=0.9983828
  [711/900] ProtoRRageD2+CGt N=5   never_granted=0   M08=0.9819416
  [712/900] ProtoRRageD2+CGt N=5   never_granted=0   M08=0.9982472
  [713/900] ProtoRRageD2+CGt N=5   never_granted=0   M08=0.9824472
  [714/900] ProtoRRageD2+CGt N=5   never_granted=0   M08=0.962976
  [715/900] TwoTier+CGt  N=5   never_granted=0   M08=0.9870768000000001
  [716/900] ProtoRRageD2+CGt N=5   never_granted=0   M08=0.9884044000000001
  [717/900] ProtoRRageD2+CGt N=5   never_granted=0   M08=0.9784516
  [718/900] ProtoRRageD2+CGt N=5   never_granted=0   M08=0.9986256
  [719/900] ProtoRRageD2+CGt N=5   never_granted=0   M08=0.9964128000000001
  [720/900] ProtoRRageD2+CGt N=5   never_granted=0   M08=0.9979435999999999
  [721/900] ConfigSched+CG N=4   never_granted=0   M08=0.991144
  [722/900] ConfigSched+CG N=4   never_granted=0   M08=0.9841624
  [723/900] ConfigSched+CG N=4   never_granted=0   M08=1.000108
  [724/900] ConfigSched+CG N=4   never_granted=0   M08=1.00088
  [725/900] ConfigSched+CG N=4   never_granted=0   M08=0.9910964
  [726/900] ConfigSched+CG N=4   never_granted=0   M08=1.0020236
  [727/900] ConfigSched+CG N=4   never_granted=0   M08=0.9934924
  [728/900] ConfigSched+CG N=4   never_granted=0   M08=0.9935764
  [729/900] ConfigSched+CG N=4   never_granted=0   M08=0.99317
  [730/900] ConfigSched+CG N=4   never_granted=0   M08=0.9983828
  [731/900] PF+CGt       N=4   never_granted=0   M08=0.991144
  [732/900] TwoTier+CG   N=4   never_granted=0   M08=1.0020236
  [733/900] PF+CGt       N=4   never_granted=0   M08=0.9841624
  [734/900] PF+CGt       N=4   never_granted=0   M08=1.00088
  [735/900] PF+CGt       N=4   never_granted=0   M08=1.000108
  [736/900] PF+CGt       N=4   never_granted=0   M08=1.0020236
  [737/900] PF+CGt       N=4   never_granted=0   M08=0.9935764
  [738/900] PF+CGt       N=4   never_granted=0   M08=0.9910964
  [739/900] PF+CGt       N=4   never_granted=0   M08=0.9922671999999999
  [740/900] PF+CGt       N=4   never_granted=0   M08=0.99317
  [741/900] PF+CGt       N=4   never_granted=0   M08=0.9983828
  [742/900] Reservation+CGt N=4   never_granted=0   M08=0.991144
  [743/900] Reservation+CGt N=4   never_granted=0   M08=0.9841624
  [744/900] TwoTier+CG   N=4   never_granted=0   M08=0.9890484
  [745/900] TwoTier+CG   N=4   never_granted=0   M08=1.000108
  [746/900] Reservation+CGt N=4   never_granted=0   M08=1.000108
  [747/900] Reservation+CGt N=4   never_granted=0   M08=1.00088
  [748/900] Reservation+CGt N=4   never_granted=0   M08=1.0017928
  [749/900] TwoTier+CG   N=4   never_granted=0   M08=0.9719504
  [750/900] TwoTier+CG   N=4   never_granted=0   M08=0.9935764
  [751/900] Reservation+CGt N=4   never_granted=0   M08=0.9935764
  [752/900] Reservation+CGt N=4   never_granted=0   M08=0.9910964
  [753/900] Reservation+CGt N=4   never_granted=0   M08=0.9934924
  [754/900] Reservation+CGt N=4   never_granted=0   M08=0.99317
  [755/900] TwoTier+CG   N=4   never_granted=0   M08=0.9910964
  [756/900] TwoTier+CG   N=4   never_granted=0   M08=0.9903112
  [757/900] Reservation+CGt N=4   never_granted=0   M08=0.9940948000000001
  [758/900] TwoTier+CG   N=4   never_granted=0   M08=0.9962295999999999
  [759/900] ProtoRRageD2+CG N=4   never_granted=0   M08=1.000108
  [760/900] ProtoRRageD2+CG N=4   never_granted=0   M08=0.9794864
  [761/900] TwoTier+CG   N=4   never_granted=0   M08=0.9916596
  [762/900] TwoTier+CG   N=4   never_granted=0   M08=0.9949504
  [763/900] ProtoRRageD2+CG N=4   never_granted=0   M08=0.9975404
  [764/900] ProtoRRageD2+CG N=4   never_granted=0   M08=0.991144
  [765/900] ProtoRRageD2+CG N=4   never_granted=0   M08=1.0020236
  [766/900] ProtoRRageD2+CG N=4   never_granted=0   M08=0.9935764
  [767/900] ProtoRRageD2+CG N=4   never_granted=0   M08=0.9910964
  [768/900] ProtoRRageD2+CG N=4   never_granted=0   M08=0.992946
  [769/900] ProtoRRageD2+CG N=4   never_granted=0   M08=0.9934924
  [770/900] ProtoRRageD2+CG N=4   never_granted=0   M08=0.9983828
  [771/900] ConfigSched+CGt N=4   never_granted=0   M08=0.991144
  [772/900] PF+CG        N=2   never_granted=0   M08=1.0000452
  [773/900] ConfigSched+CGt N=4   never_granted=0   M08=1.000108
  [774/900] ConfigSched+CGt N=4   never_granted=0   M08=1.00088
  [775/900] ConfigSched+CGt N=4   never_granted=0   M08=0.9841624
  [776/900] ConfigSched+CGt N=4   never_granted=0   M08=1.0020236
  [777/900] PF+CG        N=2   never_granted=0   M08=1.001876
  [778/900] ConfigSched+CGt N=4   never_granted=0   M08=0.9935764
  [779/900] ConfigSched+CGt N=4   never_granted=0   M08=0.9910964
  [780/900] ConfigSched+CGt N=4   never_granted=0   M08=0.9934924
  [781/900] TwoTier+CGt  N=4   never_granted=0   M08=0.9901104000000001
  [782/900] PF+CG        N=2   never_granted=0   M08=1.0054416
  [783/900] ConfigSched+CGt N=4   never_granted=0   M08=0.9925464
  [784/900] PF+CG        N=2   never_granted=0   M08=1.0006872
  [785/900] PF+CG        N=2   never_granted=0   M08=1.0020132
  [786/900] ConfigSched+CGt N=4   never_granted=0   M08=0.9983828
  [787/900] PF+CG        N=2   never_granted=0   M08=0.999984
  [788/900] PF+CG        N=2   never_granted=0   M08=0.9921696
  [789/900] Reservation+CG N=2   never_granted=0   M08=1.001872
  [790/900] PF+CG        N=2   never_granted=0   M08=1.0008176
  [791/900] PF+CG        N=2   never_granted=0   M08=0.9830544
  [792/900] PF+CG        N=2   never_granted=0   M08=0.9926328000000001
  [793/900] Reservation+CG N=2   never_granted=0   M08=1.0000452
  [794/900] Reservation+CG N=2   never_granted=0   M08=1.0006872
  [795/900] Reservation+CG N=2   never_granted=0   M08=1.0020132
  [796/900] Reservation+CG N=2   never_granted=0   M08=1.0054416
  [797/900] Reservation+CG N=2   never_granted=0   M08=0.999984
  [798/900] Reservation+CG N=2   never_granted=0   M08=0.9921696
  [799/900] Reservation+CG N=2   never_granted=0   M08=0.9926328000000001
  [800/900] Reservation+CG N=2   never_granted=0   M08=1.0008176
  [801/900] Reservation+CG N=2   never_granted=0   M08=0.9830544
  [802/900] TwoTier+CGt  N=4   never_granted=0   M08=0.9969048
  [803/900] TwoTier+CGt  N=4   never_granted=0   M08=0.9704536
  [804/900] TwoTier+CGt  N=4   never_granted=0   M08=0.9889988000000001
  [805/900] TwoTier+CGt  N=4   never_granted=0   M08=0.9930548
  [806/900] TwoTier+CG   N=2   never_granted=0   M08=0.9926328000000001
  [807/900] TwoTier+CGt  N=4   never_granted=0   M08=1.0020236
  [808/900] TwoTier+CGt  N=4   never_granted=0   M08=0.9934924
  [809/900] TwoTier+CGt  N=4   never_granted=0   M08=0.9934611999999999
  [810/900] ProtoRRageD2+CGt N=4   never_granted=0   M08=0.991144
  [811/900] TwoTier+CGt  N=4   never_granted=0   M08=0.9910964
  [812/900] ProtoRRageD2+CGt N=4   never_granted=0   M08=0.9841624
  [813/900] ProtoRRageD2+CGt N=4   never_granted=0   M08=1.00088
  [814/900] ProtoRRageD2+CGt N=4   never_granted=0   M08=0.9935764
  [815/900] ProtoRRageD2+CGt N=4   never_granted=0   M08=0.9899431999999999
  [816/900] ProtoRRageD2+CGt N=4   never_granted=0   M08=1.0020236
  [817/900] TwoTier+CG   N=2   never_granted=0   M08=1.0000452
  [818/900] ProtoRRageD2+CGt N=4   never_granted=0   M08=0.9934924
  [819/900] TwoTier+CG   N=2   never_granted=0   M08=1.000868
  [820/900] TwoTier+CG   N=2   never_granted=0   M08=1.0054416
  [821/900] TwoTier+CGt  N=4   never_granted=0   M08=0.991572
  [822/900] ProtoRRageD2+CGt N=4   never_granted=0   M08=0.9999928
  [823/900] TwoTier+CG   N=2   never_granted=0   M08=1.0006872
  [824/900] ProtoRRageD2+CGt N=4   never_granted=0   M08=0.9983828
  [825/900] TwoTier+CG   N=2   never_granted=0   M08=1.0020132
  [826/900] TwoTier+CG   N=2   never_granted=0   M08=0.9921696
  [827/900] TwoTier+CG   N=2   never_granted=0   M08=0.999984
  [828/900] ProtoRRageD2+CGt N=4   never_granted=0   M08=0.9918796
  [829/900] TwoTier+CG   N=2   never_granted=0   M08=0.9830544
  [830/900] TwoTier+CG   N=2   never_granted=0   M08=1.0008176
  [831/900] ConfigSched+CG N=2   never_granted=0   M08=1.0000452
  [832/900] ProtoRRageD2+CG N=2   never_granted=0   M08=1.0006872
  [833/900] ProtoRRageD2+CG N=2   never_granted=0   M08=1.0000452
  [834/900] ConfigSched+CG N=2   never_granted=0   M08=1.00025
  [835/900] ProtoRRageD2+CG N=2   never_granted=0   M08=1.001876
  [836/900] ConfigSched+CG N=2   never_granted=0   M08=1.0013976
  [837/900] ConfigSched+CG N=2   never_granted=0   M08=1.0020132
  [838/900] ConfigSched+CG N=2   never_granted=0   M08=1.0054416
  [839/900] ConfigSched+CG N=2   never_granted=0   M08=0.9921696
  [840/900] ConfigSched+CG N=2   never_granted=0   M08=0.999984
  [841/900] ConfigSched+CG N=2   never_granted=0   M08=0.9830544
  [842/900] ConfigSched+CG N=2   never_granted=0   M08=1.0008176
  [843/900] PF+CGt       N=2   never_granted=0   M08=1.0000452
  [844/900] ProtoRRageD2+CG N=2   never_granted=0   M08=1.0020132
  [845/900] PF+CGt       N=2   never_granted=0   M08=1.001876
  [846/900] PF+CGt       N=2   never_granted=0   M08=1.0054416
  [847/900] PF+CGt       N=2   never_granted=0   M08=1.0006872
  [848/900] PF+CGt       N=2   never_granted=0   M08=1.0020132
  [849/900] PF+CGt       N=2   never_granted=0   M08=0.9921696
  [850/900] ConfigSched+CG N=2   never_granted=0   M08=0.9915408
  [851/900] ProtoRRageD2+CG N=2   never_granted=0   M08=0.999984
  [852/900] PF+CGt       N=2   never_granted=0   M08=1.0008176
  [853/900] PF+CGt       N=2   never_granted=0   M08=0.999984
  [854/900] ProtoRRageD2+CG N=2   never_granted=0   M08=1.0054416
  [855/900] PF+CGt       N=2   never_granted=0   M08=0.9830544
  [856/900] PF+CGt       N=2   never_granted=0   M08=0.9926328000000001
  [857/900] Reservation+CGt N=2   never_granted=0   M08=1.0000452
  [858/900] Reservation+CGt N=2   never_granted=0   M08=1.001876
  [859/900] Reservation+CGt N=2   never_granted=0   M08=1.0006872
  [860/900] Reservation+CGt N=2   never_granted=0   M08=1.0054416
  [861/900] Reservation+CGt N=2   never_granted=0   M08=1.0008176
  [862/900] Reservation+CGt N=2   never_granted=0   M08=1.0020132
  [863/900] Reservation+CGt N=2   never_granted=0   M08=0.9926328000000001
  [864/900] Reservation+CGt N=2   never_granted=0   M08=0.9830544
  [865/900] Reservation+CGt N=2   never_granted=0   M08=0.9921696
  [866/900] Reservation+CGt N=2   never_granted=0   M08=0.999984
  [867/900] ProtoRRageD2+CG N=2   never_granted=0   M08=0.9921696
  [868/900] ProtoRRageD2+CG N=2   never_granted=0   M08=0.9830544
  [869/900] ProtoRRageD2+CG N=2   never_granted=0   M08=1.0008176
  [870/900] ProtoRRageD2+CG N=2   never_granted=0   M08=0.9926328000000001
  [871/900] ConfigSched+CGt N=2   never_granted=0   M08=1.001876
  [872/900] ConfigSched+CGt N=2   never_granted=0   M08=1.0000452
  [873/900] ConfigSched+CGt N=2   never_granted=0   M08=1.0020132
  [874/900] ConfigSched+CGt N=2   never_granted=0   M08=1.0054416
  [875/900] ConfigSched+CGt N=2   never_granted=0   M08=1.0006872
  [876/900] ConfigSched+CGt N=2   never_granted=0   M08=0.9921696
  [877/900] ConfigSched+CGt N=2   never_granted=0   M08=0.999984
  [878/900] ConfigSched+CGt N=2   never_granted=0   M08=1.0008176
  [879/900] ProtoRRageD2+CGt N=2   never_granted=0   M08=0.9995432
  [880/900] ConfigSched+CGt N=2   never_granted=0   M08=0.9830544
  [881/900] ConfigSched+CGt N=2   never_granted=0   M08=0.9926328000000001
  [882/900] TwoTier+CGt  N=2   never_granted=0   M08=1.0020132
  [883/900] TwoTier+CGt  N=2   never_granted=0   M08=1.0000452
  [884/900] TwoTier+CGt  N=2   never_granted=0   M08=1.0006872
  [885/900] TwoTier+CGt  N=2   never_granted=0   M08=1.001876
  [886/900] TwoTier+CGt  N=2   never_granted=0   M08=1.0054416
  [887/900] TwoTier+CGt  N=2   never_granted=0   M08=0.9921696
  [888/900] TwoTier+CGt  N=2   never_granted=0   M08=0.999984
  [889/900] TwoTier+CGt  N=2   never_granted=0   M08=1.0008176
  [890/900] ProtoRRageD2+CGt N=2   never_granted=0   M08=1.0000452
  [891/900] ProtoRRageD2+CGt N=2   never_granted=0   M08=1.0054416
  [892/900] TwoTier+CGt  N=2   never_granted=0   M08=0.9830544
  [893/900] ProtoRRageD2+CGt N=2   never_granted=0   M08=0.9926328000000001
  [894/900] ProtoRRageD2+CGt N=2   never_granted=0   M08=0.999984
  [895/900] TwoTier+CGt  N=2   never_granted=0   M08=0.9923291999999999
  [896/900] ProtoRRageD2+CGt N=2   never_granted=0   M08=1.0006872
  [897/900] ProtoRRageD2+CGt N=2   never_granted=0   M08=1.0017336
  [898/900] ProtoRRageD2+CGt N=2   never_granted=0   M08=0.9921696
  [899/900] ProtoRRageD2+CGt N=2   never_granted=0   M08=0.9830544
  [900/900] ProtoRRageD2+CGt N=2   never_granted=0   M08=1.0008176

wrote sweeps/cell-2026-09-16-linux/cg/g10.json
