G1 stress: 3200 driver runs
  A  2 clause parts x 9 UE counts x 10 arms x 10 seeds x 2 caps  (committed x1)
  B  2 clause parts x 8 load levels x 10 arms x 10 seeds x 2 caps  (N=6)
  horizon 20000 slots, 2 driven robots, bound p98 <= 95 ms, gap bound 200 ms
  0 banked, 3200 to run
    ... 25/3200 (51s)
    ... 50/3200 (83s)
    ... 75/3200 (125s)
    ... 100/3200 (155s)
    ... 125/3200 (194s)
    ... 150/3200 (223s)
    ... 175/3200 (262s)
    ... 200/3200 (285s)
    ... 225/3200 (313s)
    ... 250/3200 (331s)
    ... 275/3200 (356s)
    ... 300/3200 (376s)
    ... 325/3200 (402s)
    ... 350/3200 (422s)
    ... 375/3200 (447s)
    ... 400/3200 (465s)
    ... 425/3200 (488s)
    ... 450/3200 (505s)
    ... 475/3200 (528s)
    ... 500/3200 (545s)
    ... 525/3200 (568s)
    ... 550/3200 (584s)
    ... 575/3200 (608s)
    ... 600/3200 (622s)
    ... 625/3200 (644s)
    ... 650/3200 (658s)
    ... 675/3200 (680s)
    ... 700/3200 (694s)
    ... 725/3200 (713s)
    ... 750/3200 (728s)
    ... 775/3200 (749s)
    ... 800/3200 (761s)
    ... 825/3200 (779s)
    ... 850/3200 (791s)
    ... 875/3200 (810s)
    ... 900/3200 (822s)
    ... 925/3200 (838s)
    ... 950/3200 (849s)
    ... 975/3200 (868s)
    ... 1000/3200 (879s)
    ... 1025/3200 (893s)
    ... 1050/3200 (903s)
    ... 1075/3200 (920s)
    ... 1100/3200 (930s)
    ... 1125/3200 (946s)
    ... 1150/3200 (956s)
    ... 1175/3200 (971s)
    ... 1200/3200 (979s)
    ... 1225/3200 (995s)
    ... 1250/3200 (1003s)
    ... 1275/3200 (1018s)
    ... 1300/3200 (1028s)
    ... 1325/3200 (1041s)
    ... 1350/3200 (1050s)
    ... 1375/3200 (1066s)
    ... 1400/3200 (1074s)
    ... 1425/3200 (1081s)
    ... 1450/3200 (1085s)
    ... 1475/3200 (1090s)
    ... 1500/3200 (1097s)
    ... 1525/3200 (1104s)
    ... 1550/3200 (1110s)
    ... 1575/3200 (1132s)
    ... 1600/3200 (1152s)
    ... 1625/3200 (1169s)
    ... 1650/3200 (1186s)
    ... 1675/3200 (1209s)
    ... 1700/3200 (1225s)
    ... 1725/3200 (1235s)
    ... 1750/3200 (1241s)
    ... 1775/3200 (1246s)
    ... 1800/3200 (1251s)
    ... 1825/3200 (1257s)
    ... 1850/3200 (1261s)
    ... 1875/3200 (1266s)
    ... 1900/3200 (1272s)
    ... 1925/3200 (1279s)
    ... 1950/3200 (1286s)
    ... 1975/3200 (1307s)
    ... 2000/3200 (1330s)
    ... 2025/3200 (1343s)
    ... 2050/3200 (1362s)
    ... 2075/3200 (1382s)
    ... 2100/3200 (1402s)
    ... 2125/3200 (1411s)
    ... 2150/3200 (1416s)
    ... 2175/3200 (1422s)
    ... 2200/3200 (1427s)
    ... 2225/3200 (1432s)
    ... 2250/3200 (1437s)
    ... 2275/3200 (1442s)
    ... 2300/3200 (1448s)
    ... 2325/3200 (1455s)
    ... 2350/3200 (1461s)
    ... 2375/3200 (1480s)
    ... 2400/3200 (1499s)
    ... 2425/3200 (1516s)
    ... 2450/3200 (1531s)
    ... 2475/3200 (1550s)
    ... 2500/3200 (1571s)
    ... 2525/3200 (1579s)
    ... 2550/3200 (1585s)
    ... 2575/3200 (1590s)
    ... 2600/3200 (1595s)
    ... 2625/3200 (1600s)
    ... 2650/3200 (1604s)
    ... 2675/3200 (1609s)
    ... 2700/3200 (1616s)
    ... 2725/3200 (1623s)
    ... 2750/3200 (1630s)
    ... 2775/3200 (1648s)
    ... 2800/3200 (1666s)
    ... 2825/3200 (1683s)
    ... 2850/3200 (1699s)
    ... 2875/3200 (1720s)
    ... 2900/3200 (1738s)
    ... 2925/3200 (1746s)
    ... 2950/3200 (1752s)
    ... 2975/3200 (1757s)
    ... 3000/3200 (1761s)
    ... 3025/3200 (1767s)
    ... 3050/3200 (1773s)
    ... 3075/3200 (1778s)
    ... 3100/3200 (1784s)
    ... 3125/3200 (1791s)
    ... 3150/3200 (1795s)
    ... 3175/3200 (1802s)
    ... 3200/3200 (1806s)

wrote sweeps/cell-2026-09-16-linux/cg/g1_cg.json  (1806s, 3200 runs)
