G2 stress: 2700 driver runs x 30 trials
  A  1 clause part x 4 STOP counts x 5 arms x 10 seeds x 2 caps x 30 trials (N=12)
  B  1 clause part x 6 fleet sizes x 4 loads x 5 arms x 10 seeds x 2 caps x 30 trials (STOP=2)
  horizon 20000, bound 100 ms, STOP bearer PDB 5 ms (faithful)
  0 banked, 2700 to run
    ... 25/2700 (27s)
    ... 50/2700 (53s)
    ... 75/2700 (76s)
    ... 100/2700 (96s)
    ... 125/2700 (115s)
    ... 150/2700 (123s)
    ... 175/2700 (141s)
    ... 200/2700 (160s)
    ... 225/2700 (174s)
    ... 250/2700 (186s)
    ... 275/2700 (198s)
    ... 300/2700 (210s)
    ... 325/2700 (224s)
    ... 350/2700 (238s)
    ... 375/2700 (250s)
    ... 400/2700 (260s)
    ... 425/2700 (289s)
    ... 450/2700 (305s)
    ... 475/2700 (317s)
    ... 500/2700 (328s)
    ... 525/2700 (335s)
    ... 550/2700 (369s)
    ... 575/2700 (382s)
    ... 600/2700 (394s)
    ... 625/2700 (404s)
    ... 650/2700 (414s)
    ... 675/2700 (421s)
    ... 700/2700 (430s)
    ... 725/2700 (440s)
    ... 750/2700 (450s)
    ... 775/2700 (464s)
    ... 800/2700 (478s)
    ... 825/2700 (490s)
    ... 850/2700 (502s)
    ... 875/2700 (515s)
    ... 900/2700 (528s)
    ... 925/2700 (537s)
    ... 950/2700 (543s)
    ... 975/2700 (549s)
    ... 1000/2700 (581s)
    ... 1025/2700 (601s)
    ... 1050/2700 (618s)
    ... 1075/2700 (628s)
    ... 1100/2700 (636s)
    ... 1125/2700 (644s)
    ... 1150/2700 (651s)
    ... 1175/2700 (657s)
    ... 1200/2700 (665s)
    ... 1225/2700 (695s)
    ... 1250/2700 (725s)
    ... 1275/2700 (734s)
    ... 1300/2700 (743s)
    ... 1325/2700 (750s)
    ... 1350/2700 (756s)
    ... 1375/2700 (762s)
    ... 1400/2700 (768s)
    ... 1425/2700 (774s)
    ... 1450/2700 (780s)
    ... 1475/2700 (785s)
    ... 1500/2700 (791s)
    ... 1525/2700 (803s)
    ... 1550/2700 (813s)
    ... 1575/2700 (823s)
    ... 1600/2700 (827s)
    ... 1625/2700 (843s)
    ... 1650/2700 (855s)
    ... 1675/2700 (862s)
    ... 1700/2700 (868s)
    ... 1725/2700 (873s)
    ... 1750/2700 (890s)
    ... 1775/2700 (900s)
    ... 1800/2700 (906s)
    ... 1825/2700 (912s)
    ... 1850/2700 (917s)
    ... 1875/2700 (923s)
    ... 1900/2700 (928s)
    ... 1925/2700 (931s)
    ... 1950/2700 (947s)
    ... 1975/2700 (957s)
    ... 2000/2700 (963s)
    ... 2025/2700 (968s)
    ... 2050/2700 (973s)
    ... 2075/2700 (989s)
    ... 2100/2700 (998s)
    ... 2125/2700 (1004s)
    ... 2150/2700 (1008s)
    ... 2175/2700 (1013s)
    ... 2200/2700 (1030s)
    ... 2225/2700 (1036s)
    ... 2250/2700 (1042s)
    ... 2275/2700 (1046s)
    ... 2300/2700 (1050s)
    ... 2325/2700 (1067s)
    ... 2350/2700 (1073s)
    ... 2375/2700 (1078s)
    ... 2400/2700 (1081s)
    ... 2425/2700 (1085s)
    ... 2450/2700 (1089s)
    ... 2475/2700 (1092s)
    ... 2500/2700 (1095s)
    ... 2525/2700 (1107s)
    ... 2550/2700 (1112s)
    ... 2575/2700 (1116s)
    ... 2600/2700 (1119s)
    ... 2625/2700 (1130s)
    ... 2650/2700 (1134s)
    ... 2675/2700 (1139s)
    ... 2700/2700 (1142s)

wrote sweeps/cell-2026-09-16-linux/aligned/g2.json  (1142s, 2700 runs, 183000 STOP events, 3972 missed)
