G2 stress: 5400 driver runs x 30 trials
  A  1 clause part x 4 STOP counts x 10 arms x 10 seeds x 2 caps x 30 trials (N=12)
  B  1 clause part x 6 fleet sizes x 4 loads x 10 arms x 10 seeds x 2 caps x 30 trials (STOP=2)
  horizon 20000, bound 100 ms, STOP bearer PDB 5 ms (faithful)
  0 banked, 5400 to run
    ... 25/5400 (12s)
    ... 50/5400 (28s)
    ... 75/5400 (41s)
    ... 100/5400 (68s)
    ... 125/5400 (96s)
    ... 150/5400 (119s)
    ... 175/5400 (132s)
    ... 200/5400 (142s)
    ... 225/5400 (151s)
    ... 250/5400 (164s)
    ... 275/5400 (177s)
    ... 300/5400 (203s)
    ... 325/5400 (231s)
    ... 350/5400 (255s)
    ... 375/5400 (267s)
    ... 400/5400 (275s)
    ... 425/5400 (284s)
    ... 450/5400 (298s)
    ... 475/5400 (312s)
    ... 500/5400 (337s)
    ... 525/5400 (367s)
    ... 550/5400 (387s)
    ... 575/5400 (399s)
    ... 600/5400 (410s)
    ... 625/5400 (421s)
    ... 650/5400 (434s)
    ... 675/5400 (445s)
    ... 700/5400 (470s)
    ... 725/5400 (501s)
    ... 750/5400 (521s)
    ... 775/5400 (534s)
    ... 800/5400 (543s)
    ... 825/5400 (550s)
    ... 850/5400 (556s)
    ... 875/5400 (566s)
    ... 900/5400 (574s)
    ... 925/5400 (584s)
    ... 950/5400 (604s)
    ... 975/5400 (624s)
    ... 1000/5400 (640s)
    ... 1025/5400 (667s)
    ... 1050/5400 (694s)
    ... 1075/5400 (709s)
    ... 1100/5400 (718s)
    ... 1125/5400 (727s)
    ... 1150/5400 (734s)
    ... 1175/5400 (742s)
    ... 1200/5400 (748s)
    ... 1225/5400 (758s)
    ... 1250/5400 (765s)
    ... 1275/5400 (777s)
    ... 1300/5400 (797s)
    ... 1325/5400 (815s)
    ... 1350/5400 (830s)
    ... 1375/5400 (858s)
    ... 1400/5400 (886s)
    ... 1425/5400 (901s)
    ... 1450/5400 (910s)
    ... 1475/5400 (919s)
    ... 1500/5400 (925s)
    ... 1525/5400 (932s)
    ... 1550/5400 (940s)
    ... 1575/5400 (950s)
    ... 1600/5400 (958s)
    ... 1625/5400 (968s)
    ... 1650/5400 (988s)
    ... 1675/5400 (1007s)
    ... 1700/5400 (1026s)
    ... 1725/5400 (1050s)
    ... 1750/5400 (1077s)
    ... 1775/5400 (1090s)
    ... 1800/5400 (1099s)
    ... 1825/5400 (1108s)
    ... 1850/5400 (1116s)
    ... 1875/5400 (1123s)
    ... 1900/5400 (1128s)
    ... 1925/5400 (1138s)
    ... 1950/5400 (1148s)
    ... 1975/5400 (1158s)
    ... 2000/5400 (1179s)
    ... 2025/5400 (1197s)
    ... 2050/5400 (1211s)
    ... 2075/5400 (1238s)
    ... 2100/5400 (1265s)
    ... 2125/5400 (1279s)
    ... 2150/5400 (1290s)
    ... 2175/5400 (1297s)
    ... 2200/5400 (1303s)
    ... 2225/5400 (1308s)
    ... 2250/5400 (1315s)
    ... 2275/5400 (1322s)
    ... 2300/5400 (1340s)
    ... 2325/5400 (1357s)
    ... 2350/5400 (1371s)
    ... 2375/5400 (1378s)
    ... 2400/5400 (1384s)
    ... 2425/5400 (1390s)
    ... 2450/5400 (1397s)
    ... 2475/5400 (1404s)
    ... 2500/5400 (1422s)
    ... 2525/5400 (1438s)
    ... 2550/5400 (1454s)
    ... 2575/5400 (1462s)
    ... 2600/5400 (1467s)
    ... 2625/5400 (1471s)
    ... 2650/5400 (1479s)
    ... 2675/5400 (1485s)
    ... 2700/5400 (1503s)
    ... 2725/5400 (1520s)
    ... 2750/5400 (1534s)
    ... 2775/5400 (1542s)
    ... 2800/5400 (1548s)
    ... 2825/5400 (1553s)
    ... 2850/5400 (1560s)
    ... 2875/5400 (1566s)
    ... 2900/5400 (1583s)
    ... 2925/5400 (1600s)
    ... 2950/5400 (1615s)
    ... 2975/5400 (1622s)
    ... 3000/5400 (1628s)
    ... 3025/5400 (1632s)
    ... 3050/5400 (1638s)
    ... 3075/5400 (1644s)
    ... 3100/5400 (1661s)
    ... 3125/5400 (1678s)
    ... 3150/5400 (1691s)
    ... 3175/5400 (1698s)
    ... 3200/5400 (1703s)
    ... 3225/5400 (1707s)
    ... 3250/5400 (1713s)
    ... 3275/5400 (1719s)
    ... 3300/5400 (1738s)
    ... 3325/5400 (1753s)
    ... 3350/5400 (1766s)
    ... 3375/5400 (1773s)
    ... 3400/5400 (1778s)
    ... 3425/5400 (1783s)
    ... 3450/5400 (1789s)
    ... 3475/5400 (1793s)
    ... 3500/5400 (1810s)
    ... 3525/5400 (1826s)
    ... 3550/5400 (1839s)
    ... 3575/5400 (1845s)
    ... 3600/5400 (1851s)
    ... 3625/5400 (1855s)
    ... 3650/5400 (1862s)
    ... 3675/5400 (1867s)
    ... 3700/5400 (1883s)
    ... 3725/5400 (1899s)
    ... 3750/5400 (1911s)
    ... 3775/5400 (1918s)
    ... 3800/5400 (1923s)
    ... 3825/5400 (1927s)
    ... 3850/5400 (1933s)
    ... 3875/5400 (1938s)
    ... 3900/5400 (1954s)
    ... 3925/5400 (1969s)
    ... 3950/5400 (1980s)
    ... 3975/5400 (1986s)
    ... 4000/5400 (1991s)
    ... 4025/5400 (1996s)
    ... 4050/5400 (2001s)
    ... 4075/5400 (2005s)
    ... 4100/5400 (2023s)
    ... 4125/5400 (2038s)
    ... 4150/5400 (2048s)
    ... 4175/5400 (2054s)
    ... 4200/5400 (2059s)
    ... 4225/5400 (2063s)
    ... 4250/5400 (2069s)
    ... 4275/5400 (2075s)
    ... 4300/5400 (2090s)
    ... 4325/5400 (2102s)
    ... 4350/5400 (2114s)
    ... 4375/5400 (2121s)
    ... 4400/5400 (2125s)
    ... 4425/5400 (2129s)
    ... 4450/5400 (2135s)
    ... 4475/5400 (2140s)
    ... 4500/5400 (2155s)
    ... 4525/5400 (2169s)
    ... 4550/5400 (2180s)
    ... 4575/5400 (2186s)
    ... 4600/5400 (2190s)
    ... 4625/5400 (2193s)
    ... 4650/5400 (2197s)
    ... 4675/5400 (2201s)
    ... 4700/5400 (2213s)
    ... 4725/5400 (2224s)
    ... 4750/5400 (2232s)
    ... 4775/5400 (2237s)
    ... 4800/5400 (2240s)
    ... 4825/5400 (2244s)
    ... 4850/5400 (2247s)
    ... 4875/5400 (2251s)
    ... 4900/5400 (2263s)
    ... 4925/5400 (2275s)
    ... 4950/5400 (2282s)
    ... 4975/5400 (2287s)
    ... 5000/5400 (2291s)
    ... 5025/5400 (2294s)
    ... 5050/5400 (2297s)
    ... 5075/5400 (2301s)
    ... 5100/5400 (2314s)
    ... 5125/5400 (2325s)
    ... 5150/5400 (2332s)
    ... 5175/5400 (2337s)
    ... 5200/5400 (2341s)
    ... 5225/5400 (2344s)
    ... 5250/5400 (2348s)
    ... 5275/5400 (2352s)
    ... 5300/5400 (2364s)
    ... 5325/5400 (2375s)
    ... 5350/5400 (2382s)
    ... 5375/5400 (2387s)
    ... 5400/5400 (2390s)

wrote sweeps/cell-2026-09-16-linux/cg/g2_cg.json  (2390s, 5400 runs, 366000 STOP events, 7993 missed)
