G3 stress: 500 driver runs, 19.0M slots (2.64 simulated hours)
  parts ['A']  arms ['PF+CGt', 'Reservation+CGt', 'TwoTier+CGt', 'ProtoRRageD2+CGt', 'ConfigSched+CGt']  caps [4]  seeds 10  fixed N=6
  bounds: max gap <= 500 ms, zero gaps >= 2000 ms (campaign), p98 <= 95 ms
    gt22: 500 runs, 19.0M slots
  projected cost: 2.09 h CPU -> 5 min wall at 31 workers (x0.77 measured pool efficiency)
  projected peak memory: 15.1 GB (500 MB x 31 workers, worst task 200,000 slots)
  0 banked, 500 to run
    ... 25/500 (167s)
    ... 50/500 (218s)
    ... 75/500 (277s)
    ... 100/500 (299s)
    ... 125/500 (338s)
    ... 150/500 (358s)
    ... 175/500 (386s)
    ... 200/500 (400s)
    ... 225/500 (421s)
    ... 250/500 (434s)
    ... 275/500 (453s)
    ... 300/500 (464s)
    ... 325/500 (481s)
    ... 350/500 (490s)
    ... 375/500 (507s)
    ... 400/500 (517s)
    ... 425/500 (532s)
    ... 450/500 (540s)
    ... 475/500 (552s)
    ... 500/500 (562s)

wrote sweeps/cell-2026-09-16-linux/cg/g3_cgt.json  (562s, 500 runs)
