G3 stress: 500 driver runs, 19.0M slots (2.64 simulated hours)
  parts ['A']  arms ['PF+CG', 'Reservation+CG', 'TwoTier+CG', 'ProtoRRageD2+CG', 'ConfigSched+CG']  caps [4]  seeds 10  fixed N=6
  bounds: max gap <= 500 ms, zero gaps >= 2000 ms (campaign), p98 <= 95 ms
    gt22: 500 runs, 19.0M slots
  projected cost: 2.09 h CPU -> 5 min wall at 31 workers (x0.77 measured pool efficiency)
  projected peak memory: 15.1 GB (500 MB x 31 workers, worst task 200,000 slots)
  0 banked, 500 to run
    ... 25/500 (169s)
    ... 50/500 (209s)
    ... 75/500 (274s)
    ... 100/500 (297s)
    ... 125/500 (337s)
    ... 150/500 (357s)
    ... 175/500 (386s)
    ... 200/500 (400s)
    ... 225/500 (420s)
    ... 250/500 (433s)
    ... 275/500 (453s)
    ... 300/500 (463s)
    ... 325/500 (479s)
    ... 350/500 (490s)
    ... 375/500 (506s)
    ... 400/500 (517s)
    ... 425/500 (530s)
    ... 450/500 (540s)
    ... 475/500 (552s)
    ... 500/500 (561s)

wrote sweeps/cell-2026-09-16-linux/cg/g3_cg.json  (561s, 500 runs)
