G5 video: 1100 driver runs, 22.0M slots
  parts A,B,C  arms PF,Reservation,TwoTier,ProtoRRageD2,ConfigSched  seeds 10 (base 0)  cap 4  fixed N=7
  bounds: PDU sets >= 99% within 150 ms; frame age p95 <= 66.67 ms (2 frame periods at 30 fps); goodput >= GFBR in EVERY 2 s window
  0 banked, 1100 to run
    ... 50/1100 (15s)
    ... 100/1100 (26s)
    ... 150/1100 (38s)
    ... 200/1100 (49s)
    ... 250/1100 (64s)
    ... 300/1100 (78s)
    ... 350/1100 (92s)
    ... 400/1100 (109s)
    ... 450/1100 (133s)
    ... 500/1100 (165s)
    ... 550/1100 (196s)
    ... 600/1100 (233s)
    ... 650/1100 (265s)
    ... 700/1100 (302s)
    ... 750/1100 (343s)
    ... 800/1100 (383s)
    ... 850/1100 (422s)
    ... 900/1100 (443s)
    ... 950/1100 (458s)
    ... 1000/1100 (470s)
    ... 1050/1100 (482s)
    ... 1100/1100 (495s)

wrote sweeps/cell-2026-09-16-linux/aligned/g5.json  (495s, 1100 runs)
