50 runs = 5 arms x 10 seeds, asset B (ue2) camera offered at 2.1x MFBR
  [1/50] Reservation  seed=161576974 B_cam=14.46 Mbps (MFBR 8.0)
  [2/50] PF           seed=1826701614 B_cam=5.94 Mbps (MFBR 8.0)
  [3/50] PF           seed=1097657231 B_cam=5.70 Mbps (MFBR 8.0)
  [4/50] PF           seed=1367864806 B_cam=5.83 Mbps (MFBR 8.0)
  [5/50] PF           seed=1746484539 B_cam=5.36 Mbps (MFBR 8.0)
  [6/50] PF           seed=376383645 B_cam=5.20 Mbps (MFBR 8.0)
  [7/50] PF           seed=161576974 B_cam=4.92 Mbps (MFBR 8.0)
  [8/50] PF           seed=579362555 B_cam=4.80 Mbps (MFBR 8.0)
  [9/50] PF           seed=661058651 B_cam=5.24 Mbps (MFBR 8.0)
  [10/50] PF           seed=35492826 B_cam=5.38 Mbps (MFBR 8.0)
  [11/50] PF           seed=87989972 B_cam=5.45 Mbps (MFBR 8.0)
  [12/50] Reservation  seed=1097657231 B_cam=16.33 Mbps (MFBR 8.0)
  [13/50] Reservation  seed=1826701614 B_cam=15.70 Mbps (MFBR 8.0)
  [14/50] Reservation  seed=87989972 B_cam=15.40 Mbps (MFBR 8.0)
  [15/50] Reservation  seed=1746484539 B_cam=16.20 Mbps (MFBR 8.0)
  [16/50] Reservation  seed=1367864806 B_cam=12.31 Mbps (MFBR 8.0)
  [17/50] Reservation  seed=661058651 B_cam=15.49 Mbps (MFBR 8.0)
  [18/50] Reservation  seed=35492826 B_cam=10.92 Mbps (MFBR 8.0)
  [19/50] Reservation  seed=579362555 B_cam=9.86 Mbps (MFBR 8.0)
  [20/50] Reservation  seed=376383645 B_cam=11.85 Mbps (MFBR 8.0)
  [21/50] TwoTier      seed=1826701614 B_cam=9.57 Mbps (MFBR 8.0)
  [22/50] ConfigSched  seed=1826701614 B_cam=8.23 Mbps (MFBR 8.0)
  [23/50] ConfigSched  seed=1367864806 B_cam=7.76 Mbps (MFBR 8.0)
  [24/50] ConfigSched  seed=1097657231 B_cam=7.40 Mbps (MFBR 8.0)
  [25/50] ConfigSched  seed=579362555 B_cam=6.80 Mbps (MFBR 8.0)
  [26/50] ConfigSched  seed=1746484539 B_cam=7.56 Mbps (MFBR 8.0)
  [27/50] ConfigSched  seed=661058651 B_cam=7.37 Mbps (MFBR 8.0)
  [28/50] ConfigSched  seed=87989972 B_cam=7.39 Mbps (MFBR 8.0)
  [29/50] ConfigSched  seed=35492826 B_cam=7.24 Mbps (MFBR 8.0)
  [30/50] ConfigSched  seed=161576974 B_cam=6.96 Mbps (MFBR 8.0)
  [31/50] ConfigSched  seed=376383645 B_cam=7.41 Mbps (MFBR 8.0)
  [32/50] TwoTier      seed=161576974 B_cam=7.01 Mbps (MFBR 8.0)
  [33/50] TwoTier      seed=376383645 B_cam=8.49 Mbps (MFBR 8.0)
  [34/50] TwoTier      seed=1367864806 B_cam=8.54 Mbps (MFBR 8.0)
  [35/50] TwoTier      seed=579362555 B_cam=6.56 Mbps (MFBR 8.0)
  [36/50] TwoTier      seed=1746484539 B_cam=8.24 Mbps (MFBR 8.0)
  [37/50] TwoTier      seed=87989972 B_cam=7.50 Mbps (MFBR 8.0)
  [38/50] TwoTier      seed=1097657231 B_cam=8.71 Mbps (MFBR 8.0)
  [39/50] TwoTier      seed=661058651 B_cam=9.09 Mbps (MFBR 8.0)
  [40/50] TwoTier      seed=35492826 B_cam=7.05 Mbps (MFBR 8.0)
  [41/50] ProtoRRageD2 seed=1826701614 B_cam=6.97 Mbps (MFBR 8.0)
  [42/50] ProtoRRageD2 seed=376383645 B_cam=5.81 Mbps (MFBR 8.0)
  [43/50] ProtoRRageD2 seed=579362555 B_cam=5.81 Mbps (MFBR 8.0)
  [44/50] ProtoRRageD2 seed=1367864806 B_cam=7.27 Mbps (MFBR 8.0)
  [45/50] ProtoRRageD2 seed=1097657231 B_cam=6.85 Mbps (MFBR 8.0)
  [46/50] ProtoRRageD2 seed=161576974 B_cam=6.13 Mbps (MFBR 8.0)
  [47/50] ProtoRRageD2 seed=87989972 B_cam=6.56 Mbps (MFBR 8.0)
  [48/50] ProtoRRageD2 seed=661058651 B_cam=6.35 Mbps (MFBR 8.0)
  [49/50] ProtoRRageD2 seed=35492826 B_cam=6.64 Mbps (MFBR 8.0)
  [50/50] ProtoRRageD2 seed=1746484539 B_cam=6.63 Mbps (MFBR 8.0)
achieved offered rate: 2.08-2.13x MFBR (GT-4.3 requires >= 2.0x)

wrote sweeps/cell-2026-09-16-linux/aligned/g7.json
