100 runs = 10 arms x 10 seeds, asset B (ue2) camera offered at 2.1x MFBR
  [1/100] PF+CG        seed=1097657231 B_cam=5.67 Mbps (MFBR 8.0)
  [2/100] PF+CG        seed=1746484539 B_cam=5.31 Mbps (MFBR 8.0)
  [3/100] PF+CG        seed=161576974 B_cam=4.88 Mbps (MFBR 8.0)
  [4/100] PF+CG        seed=376383645 B_cam=5.15 Mbps (MFBR 8.0)
  [5/100] PF+CG        seed=87989972 B_cam=5.40 Mbps (MFBR 8.0)
  [6/100] PF+CG        seed=661058651 B_cam=5.22 Mbps (MFBR 8.0)
  [7/100] PF+CG        seed=35492826 B_cam=5.33 Mbps (MFBR 8.0)
  [8/100] PF+CG        seed=579362555 B_cam=4.75 Mbps (MFBR 8.0)
  [9/100] PF+CG        seed=1367864806 B_cam=5.78 Mbps (MFBR 8.0)
  [10/100] PF+CG        seed=1826701614 B_cam=5.89 Mbps (MFBR 8.0)
  [11/100] Reservation+CG seed=1097657231 B_cam=9.19 Mbps (MFBR 8.0)
  [12/100] Reservation+CG seed=1826701614 B_cam=11.11 Mbps (MFBR 8.0)
  [13/100] Reservation+CG seed=579362555 B_cam=8.21 Mbps (MFBR 8.0)
  [14/100] Reservation+CG seed=1367864806 B_cam=10.16 Mbps (MFBR 8.0)
  [15/100] Reservation+CG seed=87989972 B_cam=9.49 Mbps (MFBR 8.0)
  [16/100] Reservation+CG seed=161576974 B_cam=8.70 Mbps (MFBR 8.0)
  [17/100] Reservation+CG seed=376383645 B_cam=9.46 Mbps (MFBR 8.0)
  [18/100] Reservation+CG seed=661058651 B_cam=9.41 Mbps (MFBR 8.0)
  [19/100] Reservation+CG seed=35492826 B_cam=8.85 Mbps (MFBR 8.0)
  [20/100] Reservation+CG seed=1746484539 B_cam=9.75 Mbps (MFBR 8.0)
  [21/100] ConfigSched+CG seed=1826701614 B_cam=8.14 Mbps (MFBR 8.0)
  [22/100] ConfigSched+CG seed=376383645 B_cam=7.36 Mbps (MFBR 8.0)
  [23/100] ConfigSched+CG seed=1367864806 B_cam=7.71 Mbps (MFBR 8.0)
  [24/100] ConfigSched+CG seed=1097657231 B_cam=7.33 Mbps (MFBR 8.0)
  [25/100] TwoTier+CG   seed=376383645 B_cam=8.18 Mbps (MFBR 8.0)
  [26/100] ConfigSched+CG seed=579362555 B_cam=6.64 Mbps (MFBR 8.0)
  [27/100] ConfigSched+CG seed=661058651 B_cam=7.35 Mbps (MFBR 8.0)
  [28/100] PF+CGt       seed=1826701614 B_cam=5.90 Mbps (MFBR 8.0)
  [29/100] ConfigSched+CG seed=87989972 B_cam=7.22 Mbps (MFBR 8.0)
  [30/100] ConfigSched+CG seed=161576974 B_cam=6.88 Mbps (MFBR 8.0)
  [31/100] ConfigSched+CG seed=35492826 B_cam=7.20 Mbps (MFBR 8.0)
  [32/100] ConfigSched+CG seed=1746484539 B_cam=7.38 Mbps (MFBR 8.0)
  [33/100] TwoTier+CG   seed=161576974 B_cam=6.67 Mbps (MFBR 8.0)
  [34/100] TwoTier+CG   seed=87989972 B_cam=7.22 Mbps (MFBR 8.0)
  [35/100] TwoTier+CG   seed=661058651 B_cam=8.12 Mbps (MFBR 8.0)
  [36/100] TwoTier+CG   seed=1746484539 B_cam=7.83 Mbps (MFBR 8.0)
  [37/100] TwoTier+CG   seed=1826701614 B_cam=9.12 Mbps (MFBR 8.0)
  [38/100] TwoTier+CG   seed=1367864806 B_cam=8.20 Mbps (MFBR 8.0)
  [39/100] PF+CGt       seed=1097657231 B_cam=5.67 Mbps (MFBR 8.0)
  [40/100] TwoTier+CG   seed=35492826 B_cam=6.71 Mbps (MFBR 8.0)
  [41/100] TwoTier+CG   seed=1097657231 B_cam=6.38 Mbps (MFBR 8.0)
  [42/100] TwoTier+CG   seed=579362555 B_cam=6.32 Mbps (MFBR 8.0)
  [43/100] PF+CGt       seed=1367864806 B_cam=5.80 Mbps (MFBR 8.0)
  [44/100] PF+CGt       seed=579362555 B_cam=4.77 Mbps (MFBR 8.0)
  [45/100] PF+CGt       seed=661058651 B_cam=5.22 Mbps (MFBR 8.0)
  [46/100] PF+CGt       seed=161576974 B_cam=4.91 Mbps (MFBR 8.0)
  [47/100] PF+CGt       seed=35492826 B_cam=5.35 Mbps (MFBR 8.0)
  [48/100] PF+CGt       seed=87989972 B_cam=5.42 Mbps (MFBR 8.0)
  [49/100] PF+CGt       seed=376383645 B_cam=5.17 Mbps (MFBR 8.0)
  [50/100] PF+CGt       seed=1746484539 B_cam=5.34 Mbps (MFBR 8.0)
  [51/100] Reservation+CGt seed=1826701614 B_cam=11.20 Mbps (MFBR 8.0)
  [52/100] Reservation+CGt seed=1367864806 B_cam=10.65 Mbps (MFBR 8.0)
  [53/100] Reservation+CGt seed=1097657231 B_cam=9.45 Mbps (MFBR 8.0)
  [54/100] ProtoRRageD2+CG seed=1826701614 B_cam=7.66 Mbps (MFBR 8.0)
  [55/100] Reservation+CGt seed=579362555 B_cam=8.50 Mbps (MFBR 8.0)
  [56/100] Reservation+CGt seed=87989972 B_cam=9.45 Mbps (MFBR 8.0)
  [57/100] Reservation+CGt seed=661058651 B_cam=9.70 Mbps (MFBR 8.0)
  [58/100] Reservation+CGt seed=1746484539 B_cam=10.05 Mbps (MFBR 8.0)
  [59/100] Reservation+CGt seed=35492826 B_cam=9.23 Mbps (MFBR 8.0)
  [60/100] Reservation+CGt seed=161576974 B_cam=8.80 Mbps (MFBR 8.0)
  [61/100] Reservation+CGt seed=376383645 B_cam=9.94 Mbps (MFBR 8.0)
  [62/100] ProtoRRageD2+CG seed=376383645 B_cam=6.41 Mbps (MFBR 8.0)
  [63/100] ProtoRRageD2+CG seed=1097657231 B_cam=6.65 Mbps (MFBR 8.0)
  [64/100] ProtoRRageD2+CG seed=1367864806 B_cam=7.09 Mbps (MFBR 8.0)
  [65/100] ProtoRRageD2+CG seed=87989972 B_cam=6.83 Mbps (MFBR 8.0)
  [66/100] ProtoRRageD2+CG seed=35492826 B_cam=6.68 Mbps (MFBR 8.0)
  [67/100] ProtoRRageD2+CG seed=661058651 B_cam=6.33 Mbps (MFBR 8.0)
  [68/100] ProtoRRageD2+CG seed=579362555 B_cam=5.72 Mbps (MFBR 8.0)
  [69/100] ProtoRRageD2+CG seed=161576974 B_cam=5.92 Mbps (MFBR 8.0)
  [70/100] ProtoRRageD2+CG seed=1746484539 B_cam=6.31 Mbps (MFBR 8.0)
  [71/100] ConfigSched+CGt seed=1826701614 B_cam=8.10 Mbps (MFBR 8.0)
  [72/100] ConfigSched+CGt seed=1367864806 B_cam=7.93 Mbps (MFBR 8.0)
  [73/100] TwoTier+CGt  seed=1826701614 B_cam=9.45 Mbps (MFBR 8.0)
  [74/100] ConfigSched+CGt seed=1097657231 B_cam=7.20 Mbps (MFBR 8.0)
  [75/100] ConfigSched+CGt seed=161576974 B_cam=6.94 Mbps (MFBR 8.0)
  [76/100] ConfigSched+CGt seed=579362555 B_cam=6.65 Mbps (MFBR 8.0)
  [77/100] ConfigSched+CGt seed=87989972 B_cam=7.27 Mbps (MFBR 8.0)
  [78/100] ConfigSched+CGt seed=661058651 B_cam=7.49 Mbps (MFBR 8.0)
  [79/100] ConfigSched+CGt seed=35492826 B_cam=7.12 Mbps (MFBR 8.0)
  [80/100] TwoTier+CGt  seed=1097657231 B_cam=10.71 Mbps (MFBR 8.0)
  [81/100] TwoTier+CGt  seed=1367864806 B_cam=8.21 Mbps (MFBR 8.0)
  [82/100] ConfigSched+CGt seed=1746484539 B_cam=7.38 Mbps (MFBR 8.0)
  [83/100] ConfigSched+CGt seed=376383645 B_cam=7.51 Mbps (MFBR 8.0)
  [84/100] TwoTier+CGt  seed=161576974 B_cam=8.32 Mbps (MFBR 8.0)
  [85/100] TwoTier+CGt  seed=1746484539 B_cam=8.03 Mbps (MFBR 8.0)
  [86/100] TwoTier+CGt  seed=661058651 B_cam=8.25 Mbps (MFBR 8.0)
  [87/100] TwoTier+CGt  seed=87989972 B_cam=7.54 Mbps (MFBR 8.0)
  [88/100] TwoTier+CGt  seed=376383645 B_cam=9.24 Mbps (MFBR 8.0)
  [89/100] TwoTier+CGt  seed=579362555 B_cam=6.18 Mbps (MFBR 8.0)
  [90/100] TwoTier+CGt  seed=35492826 B_cam=6.72 Mbps (MFBR 8.0)
  [91/100] ProtoRRageD2+CGt seed=1826701614 B_cam=7.06 Mbps (MFBR 8.0)
  [92/100] ProtoRRageD2+CGt seed=87989972 B_cam=6.13 Mbps (MFBR 8.0)
  [93/100] ProtoRRageD2+CGt seed=661058651 B_cam=6.30 Mbps (MFBR 8.0)
  [94/100] ProtoRRageD2+CGt seed=1367864806 B_cam=6.86 Mbps (MFBR 8.0)
  [95/100] ProtoRRageD2+CGt seed=579362555 B_cam=5.68 Mbps (MFBR 8.0)
  [96/100] ProtoRRageD2+CGt seed=35492826 B_cam=6.83 Mbps (MFBR 8.0)
  [97/100] ProtoRRageD2+CGt seed=1097657231 B_cam=7.11 Mbps (MFBR 8.0)
  [98/100] ProtoRRageD2+CGt seed=161576974 B_cam=5.98 Mbps (MFBR 8.0)
  [99/100] ProtoRRageD2+CGt seed=1746484539 B_cam=6.62 Mbps (MFBR 8.0)
  [100/100] ProtoRRageD2+CGt seed=376383645 B_cam=6.37 Mbps (MFBR 8.0)
achieved offered rate: 2.08-2.13x MFBR (GT-4.3 requires >= 2.0x)

wrote sweeps/cell-2026-09-16-linux/cg/g7.json
