  EXCLUDED sensor_dense:6 -- g12_sensor_dense_n6_x1.0: GBR classes [4] absent (census {2: 1}); M13 orders classes against each other, so this cell can only produce a one-element 'order', which is not an ordering (docs/wp9-plan.md §35.7 case 1). Exclude the cell.
  EXCLUDED sensor_dense:4 -- g12_sensor_dense_n4_x1.0: GBR classes [2, 4] absent (census {}); M13 orders classes against each other, so this cell can only produce a one-element 'order', which is not an ordering (docs/wp9-plan.md §35.7 case 1). Exclude the cell.
840 ramp sweeps x 11 points = 9240 driver runs (2 tie-break arms x 6 cells x 7 arms x 10 seeds)
  0 banked, 840 to run
    ... 10/840 (16s)
    ... 20/840 (26s)
    ... 30/840 (52s)
    ... 40/840 (73s)
    ... 50/840 (81s)
    ... 60/840 (96s)
    ... 70/840 (106s)
    ... 80/840 (112s)
    ... 90/840 (126s)
    ... 100/840 (143s)
    ... 110/840 (167s)
    ... 120/840 (174s)
    ... 130/840 (185s)
    ... 140/840 (197s)
    ... 150/840 (208s)
    ... 160/840 (231s)
    ... 170/840 (260s)
    ... 180/840 (291s)
    ... 190/840 (305s)
    ... 200/840 (319s)
    ... 210/840 (329s)
    ... 220/840 (337s)
    ... 230/840 (355s)
    ... 240/840 (378s)
    ... 250/840 (398s)
    ... 260/840 (408s)
    ... 270/840 (421s)
    ... 280/840 (431s)
    ... 290/840 (442s)
    ... 300/840 (461s)
    ... 310/840 (485s)
    ... 320/840 (516s)
    ... 330/840 (526s)
    ... 340/840 (540s)
    ... 350/840 (550s)
    ... 360/840 (555s)
    ... 370/840 (569s)
    ... 380/840 (590s)
    ... 390/840 (611s)
    ... 400/840 (620s)
    ... 410/840 (631s)
    ... 420/840 (642s)
    ... 430/840 (648s)
    ... 440/840 (663s)
    ... 450/840 (686s)
    ... 460/840 (710s)
    ... 470/840 (718s)
    ... 480/840 (729s)
    ... 490/840 (738s)
    ... 500/840 (743s)
    ... 510/840 (758s)
    ... 520/840 (773s)
    ... 530/840 (799s)
    ... 540/840 (810s)
    ... 550/840 (817s)
    ... 560/840 (830s)
    ... 570/840 (841s)
    ... 580/840 (863s)
    ... 590/840 (893s)
    ... 600/840 (920s)
    ... 610/840 (936s)
    ... 620/840 (947s)
    ... 630/840 (958s)
    ... 640/840 (970s)
    ... 650/840 (982s)
    ... 660/840 (1004s)
    ... 670/840 (1028s)
    ... 680/840 (1038s)
    ... 690/840 (1052s)
    ... 700/840 (1060s)
    ... 710/840 (1071s)
    ... 720/840 (1089s)
    ... 730/840 (1115s)
    ... 740/840 (1144s)
    ... 750/840 (1155s)
    ... 760/840 (1168s)
    ... 770/840 (1174s)
    ... 780/840 (1183s)
    ... 790/840 (1197s)
    ... 800/840 (1217s)
    ... 810/840 (1240s)
    ... 820/840 (1248s)
    ... 830/840 (1258s)
    ... 840/840 (1268s)

wrote sweeps/cs2-increments/g12_composition_allarms_2026-09-17.json  (1268s, 840 sweeps)
