G2 stress: 1890 driver runs x 30 trials
  A  1 clause part x 4 STOP counts x 7 arms x 10 seeds x 1 caps x 30 trials (N=12)
  B  1 clause part x 6 fleet sizes x 4 loads x 7 arms x 10 seeds x 1 caps x 30 trials (STOP=2)
  horizon 20000, bound 100 ms, STOP bearer PDB 100 ms (LIFTED DIAGNOSTIC)
  0 banked, 1890 to run
    ... 25/1890 (23s)
    ... 50/1890 (46s)
    ... 75/1890 (73s)
    ... 100/1890 (120s)
    ... 125/1890 (177s)
    ... 150/1890 (243s)
    ... 175/1890 (273s)
    ... 200/1890 (295s)
    ... 225/1890 (317s)
    ... 250/1890 (342s)
    ... 275/1890 (379s)
    ... 300/1890 (405s)
    ... 325/1890 (431s)
    ... 350/1890 (456s)
    ... 375/1890 (491s)
    ... 400/1890 (525s)
    ... 425/1890 (565s)
    ... 450/1890 (628s)
    ... 475/1890 (696s)
    ... 500/1890 (766s)
    ... 525/1890 (856s)
    ... 550/1890 (947s)
    ... 575/1890 (993s)
    ... 600/1890 (1022s)
    ... 625/1890 (1052s)
    ... 650/1890 (1081s)
    ... 675/1890 (1112s)
    ... 700/1890 (1141s)
    ... 725/1890 (1173s)
    ... 750/1890 (1204s)
    ... 775/1890 (1230s)
    ... 800/1890 (1248s)
    ... 825/1890 (1273s)
    ... 850/1890 (1295s)
    ... 875/1890 (1362s)
    ... 900/1890 (1420s)
    ... 925/1890 (1485s)
    ... 950/1890 (1511s)
    ... 975/1890 (1530s)
    ... 1000/1890 (1552s)
    ... 1025/1890 (1573s)
    ... 1050/1890 (1594s)
    ... 1075/1890 (1609s)
    ... 1100/1890 (1627s)
    ... 1125/1890 (1648s)
    ... 1150/1890 (1700s)
    ... 1175/1890 (1748s)
    ... 1200/1890 (1798s)
    ... 1225/1890 (1822s)
    ... 1250/1890 (1835s)
    ... 1275/1890 (1852s)
    ... 1300/1890 (1872s)
    ... 1325/1890 (1893s)
    ... 1350/1890 (1909s)
    ... 1375/1890 (1925s)
    ... 1400/1890 (1943s)
    ... 1425/1890 (1983s)
    ... 1450/1890 (2033s)
    ... 1475/1890 (2081s)
    ... 1500/1890 (2115s)
    ... 1525/1890 (2132s)
    ... 1550/1890 (2152s)
    ... 1575/1890 (2169s)
    ... 1600/1890 (2186s)
    ... 1625/1890 (2199s)
    ... 1650/1890 (2211s)
    ... 1675/1890 (2225s)
    ... 1700/1890 (2255s)
    ... 1725/1890 (2293s)
    ... 1750/1890 (2329s)
    ... 1775/1890 (2355s)
    ... 1800/1890 (2368s)
    ... 1825/1890 (2381s)
    ... 1850/1890 (2394s)
    ... 1875/1890 (2406s)

wrote sweeps/cs2-increments/g2_liftedpdb_2026-09-17.json  (2414s, 1890 runs, 128100 STOP events, 17 missed)
