G2 stress: 1320 driver runs x 30 trials
  A  1 clause part x 5 STOP counts x 3 arms x 10 seeds x 2 caps x 30 trials (N=12)
  B  1 clause part x 6 fleet sizes x 3 loads x 3 arms x 10 seeds x 2 caps x 30 trials (STOP=2)
  horizon 40000, bound 100 ms, STOP bearer PDB 5 ms (faithful)
  0 banked, 1320 to run
    ... 25/1320 (48s)
    ... 50/1320 (95s)
    ... 75/1320 (132s)
    ... 100/1320 (170s)
    ... 125/1320 (215s)
    ... 150/1320 (258s)
    ... 175/1320 (302s)
    ... 200/1320 (332s)
    ... 225/1320 (366s)
    ... 250/1320 (387s)
    ... 275/1320 (417s)
    ... 300/1320 (449s)
    ... 325/1320 (475s)
    ... 350/1320 (498s)
    ... 375/1320 (520s)
    ... 400/1320 (548s)
    ... 425/1320 (573s)
    ... 450/1320 (599s)
    ... 475/1320 (622s)
    ... 500/1320 (641s)
    ... 525/1320 (662s)
    ... 550/1320 (686s)
    ... 575/1320 (708s)
    ... 600/1320 (728s)
    ... 625/1320 (746s)
    ... 650/1320 (758s)
    ... 675/1320 (773s)
    ... 700/1320 (788s)
    ... 725/1320 (803s)
    ... 750/1320 (815s)
    ... 775/1320 (828s)
    ... 800/1320 (841s)
    ... 825/1320 (855s)
    ... 850/1320 (865s)
    ... 875/1320 (876s)
    ... 900/1320 (890s)
    ... 925/1320 (905s)
    ... 950/1320 (922s)
    ... 975/1320 (932s)
    ... 1000/1320 (940s)
    ... 1025/1320 (950s)
    ... 1050/1320 (961s)
    ... 1075/1320 (970s)
    ... 1100/1320 (980s)
    ... 1125/1320 (989s)
    ... 1150/1320 (996s)
    ... 1175/1320 (1004s)
    ... 1200/1320 (1012s)
    ... 1225/1320 (1021s)
    ... 1250/1320 (1027s)
    ... 1275/1320 (1033s)
    ... 1300/1320 (1040s)

wrote sweeps/g2-stress/g2_stress.json  (1043s, 1320 runs, 109800 STOP events, 513 missed)
