G2 stress: 1320 driver runs x 30 trials
  A  1 clause part x 5 STOP counts x 3 arms x 10 seeds x 2 caps x 30 trials (N=12)
  B  1 clause part x 6 fleet sizes x 3 loads x 3 arms x 10 seeds x 2 caps x 30 trials (STOP=2)
  horizon 40000, bound 100 ms, STOP bearer PDB 5 ms (faithful)
  0 banked, 1320 to run
    ... 25/1320 (59s)
    ... 50/1320 (109s)
    ... 75/1320 (139s)
    ... 100/1320 (177s)
    ... 125/1320 (216s)
    ... 150/1320 (245s)
    ... 175/1320 (288s)
    ... 200/1320 (320s)
    ... 225/1320 (350s)
    ... 250/1320 (383s)
    ... 275/1320 (410s)
    ... 300/1320 (435s)
    ... 325/1320 (460s)
    ... 350/1320 (478s)
    ... 375/1320 (499s)
    ... 400/1320 (522s)
    ... 425/1320 (543s)
    ... 450/1320 (568s)
    ... 475/1320 (589s)
    ... 500/1320 (616s)
    ... 525/1320 (640s)
    ... 550/1320 (664s)
    ... 575/1320 (697s)
    ... 600/1320 (726s)
    ... 625/1320 (758s)
    ... 650/1320 (781s)
    ... 675/1320 (801s)
    ... 700/1320 (821s)
    ... 725/1320 (841s)
    ... 750/1320 (862s)
    ... 775/1320 (883s)
    ... 800/1320 (904s)
    ... 825/1320 (923s)
    ... 850/1320 (941s)
    ... 875/1320 (957s)
    ... 900/1320 (978s)
    ... 925/1320 (1002s)
    ... 950/1320 (1025s)
    ... 975/1320 (1036s)
    ... 1000/1320 (1048s)
    ... 1025/1320 (1059s)
    ... 1050/1320 (1070s)
    ... 1075/1320 (1081s)
    ... 1100/1320 (1091s)
    ... 1125/1320 (1100s)
    ... 1150/1320 (1110s)
    ... 1175/1320 (1120s)
    ... 1200/1320 (1134s)
    ... 1225/1320 (1146s)
    ... 1250/1320 (1159s)
    ... 1275/1320 (1170s)
    ... 1300/1320 (1181s)

wrote sweeps/g2-stress/g2_stress.json  (1188s, 1320 runs, 109800 STOP events, 513 missed)
