G1 stress: 1280 driver runs
  A  2 clause parts x 9 UE counts x 4 arms x 10 seeds x 2 caps  (committed x1)
  B  2 clause parts x 8 load levels x 4 arms x 10 seeds x 2 caps  (N=6)
  horizon 20000 slots, 2 driven robots, bound p98 <= 95 ms, gap bound 200 ms
  0 banked, 1280 to run
    ... 25/1280 (75s)
    ... 50/1280 (125s)
    ... 75/1280 (161s)
    ... 100/1280 (191s)
    ... 125/1280 (234s)
    ... 150/1280 (282s)
    ... 175/1280 (305s)
    ... 200/1280 (324s)
    ... 225/1280 (350s)
    ... 250/1280 (391s)
    ... 275/1280 (415s)
    ... 300/1280 (437s)
    ... 325/1280 (479s)
    ... 350/1280 (497s)
    ... 375/1280 (525s)
    ... 400/1280 (553s)
    ... 425/1280 (580s)
    ... 450/1280 (609s)
    ... 475/1280 (636s)
    ... 500/1280 (664s)
    ... 525/1280 (681s)
    ... 550/1280 (720s)
    ... 575/1280 (736s)
    ... 600/1280 (750s)
    ... 625/1280 (790s)
    ... 650/1280 (806s)
    ... 675/1280 (819s)
    ... 700/1280 (849s)
    ... 725/1280 (857s)
    ... 750/1280 (866s)
    ... 775/1280 (876s)
    ... 800/1280 (885s)
    ... 825/1280 (893s)
    ... 850/1280 (902s)
    ... 875/1280 (913s)
    ... 900/1280 (937s)
    ... 925/1280 (946s)
    ... 950/1280 (952s)
    ... 975/1280 (959s)
    ... 1000/1280 (988s)
    ... 1025/1280 (1019s)
    ... 1050/1280 (1048s)
    ... 1075/1280 (1059s)
    ... 1100/1280 (1068s)
    ... 1125/1280 (1075s)
    ... 1150/1280 (1103s)
    ... 1175/1280 (1132s)
    ... 1200/1280 (1159s)
    ... 1225/1280 (1171s)
    ... 1250/1280 (1183s)
    ... 1275/1280 (1195s)

wrote sweeps\cell-2026-09-15\aligned\g1.json  (1196s, 1280 runs)
