G3 stress: 400 driver runs, 15.2M slots (2.11 simulated hours)
  parts ['A']  arms ['PF', 'Reservation', 'TwoTier', 'ProtoRRageD2']  caps [4]  seeds 10  fixed N=6
  bounds: max gap <= 500 ms, zero gaps >= 2000 ms (campaign), p98 <= 95 ms
    gt22: 400 runs, 15.2M slots
  projected cost: 1.66 h CPU -> 6 min wall at 23 workers (x0.77 measured pool efficiency)
  projected peak memory: 11.2 GB (500 MB x 23 workers, worst task 200,000 slots)
  0 banked, 400 to run
    ... 25/400 (214s)
    ... 50/400 (304s)
    ... 75/400 (366s)
    ... 100/400 (450s)
    ... 125/400 (478s)
    ... 150/400 (501s)
    ... 175/400 (539s)
    ... 200/400 (555s)
    ... 225/400 (594s)
    ... 250/400 (612s)
    ... 275/400 (642s)
    ... 300/400 (665s)
    ... 325/400 (683s)
    ... 350/400 (711s)
    ... 375/400 (729s)
    ... 400/400 (758s)

wrote sweeps\cell-2026-09-15\aligned\g3.json  (758s, 400 runs)
