20 runs = 2 arms x 10 seeds, asset B (ue2) camera offered at 2.1x MFBR
  [1/20] ProtoGkpiD2  seed=87989972 B_cam=16.63 Mbps (MFBR 8.0)
  [2/20] ProtoGkpiD2  seed=1097657231 B_cam=16.81 Mbps (MFBR 8.0)
  [3/20] ProtoGkpiD2  seed=1826701614 B_cam=14.52 Mbps (MFBR 8.0)
  [4/20] ProtoGkpiD2  seed=579362555 B_cam=12.66 Mbps (MFBR 8.0)
  [5/20] ProtoGkpiD2  seed=661058651 B_cam=16.41 Mbps (MFBR 8.0)
  [6/20] ProtoGkpiD2  seed=1746484539 B_cam=16.40 Mbps (MFBR 8.0)
  [7/20] ProtoM1      seed=1097657231 B_cam=16.47 Mbps (MFBR 8.0)
  [8/20] ProtoM1      seed=661058651 B_cam=16.47 Mbps (MFBR 8.0)
  [9/20] ProtoM1      seed=1746484539 B_cam=16.26 Mbps (MFBR 8.0)
  [10/20] ProtoM1      seed=161576974 B_cam=16.14 Mbps (MFBR 8.0)
  [11/20] ProtoM1      seed=35492826 B_cam=15.26 Mbps (MFBR 8.0)
  [12/20] ProtoM1      seed=376383645 B_cam=14.64 Mbps (MFBR 8.0)
  [13/20] ProtoGkpiD2  seed=1367864806 B_cam=14.86 Mbps (MFBR 8.0)
  [14/20] ProtoGkpiD2  seed=161576974 B_cam=13.69 Mbps (MFBR 8.0)
  [15/20] ProtoGkpiD2  seed=376383645 B_cam=14.54 Mbps (MFBR 8.0)
  [16/20] ProtoGkpiD2  seed=35492826 B_cam=16.73 Mbps (MFBR 8.0)
  [17/20] ProtoM1      seed=87989972 B_cam=16.60 Mbps (MFBR 8.0)
  [18/20] ProtoM1      seed=579362555 B_cam=16.60 Mbps (MFBR 8.0)
  [19/20] ProtoM1      seed=1826701614 B_cam=16.42 Mbps (MFBR 8.0)
  [20/20] ProtoM1      seed=1367864806 B_cam=15.67 Mbps (MFBR 8.0)
achieved offered rate: 2.07-2.16x MFBR (GT-4.3 requires >= 2.0x)

wrote sweeps/g7-aggressor/g7_m1.json
