40 runs = 4 arms x 10 seeds, asset B (ue2) camera offered at 2.1x MFBR
  [1/40] PF           seed=87989972 B_cam=8.19 Mbps (MFBR 8.0)
  [2/40] PF           seed=1367864806 B_cam=8.94 Mbps (MFBR 8.0)
  [3/40] Reservation  seed=1097657231 B_cam=16.98 Mbps (MFBR 8.0)
  [4/40] Reservation  seed=1826701614 B_cam=16.52 Mbps (MFBR 8.0)
  [5/40] Reservation  seed=1367864806 B_cam=16.26 Mbps (MFBR 8.0)
  [6/40] PF           seed=1097657231 B_cam=8.82 Mbps (MFBR 8.0)
  [7/40] PF           seed=1826701614 B_cam=8.60 Mbps (MFBR 8.0)
  [8/40] Reservation  seed=35492826 B_cam=16.27 Mbps (MFBR 8.0)
  [9/40] PF           seed=579362555 B_cam=8.33 Mbps (MFBR 8.0)
  [10/40] PF           seed=661058651 B_cam=8.53 Mbps (MFBR 8.0)
  [11/40] Reservation  seed=87989972 B_cam=15.91 Mbps (MFBR 8.0)
  [12/40] Reservation  seed=661058651 B_cam=16.57 Mbps (MFBR 8.0)
  [13/40] Reservation  seed=579362555 B_cam=17.13 Mbps (MFBR 8.0)
  [14/40] Reservation  seed=161576974 B_cam=15.44 Mbps (MFBR 8.0)
  [15/40] PF           seed=161576974 B_cam=7.40 Mbps (MFBR 8.0)
  [16/40] Reservation  seed=1746484539 B_cam=16.72 Mbps (MFBR 8.0)
  [17/40] Reservation  seed=376383645 B_cam=16.03 Mbps (MFBR 8.0)
  [18/40] PF           seed=35492826 B_cam=8.32 Mbps (MFBR 8.0)
  [19/40] PF           seed=376383645 B_cam=8.24 Mbps (MFBR 8.0)
  [20/40] PF           seed=1746484539 B_cam=8.66 Mbps (MFBR 8.0)
  [21/40] TwoTier      seed=87989972 B_cam=15.93 Mbps (MFBR 8.0)
  [22/40] TwoTier      seed=579362555 B_cam=16.75 Mbps (MFBR 8.0)
  [23/40] TwoTier      seed=661058651 B_cam=16.14 Mbps (MFBR 8.0)
  [24/40] TwoTier      seed=1367864806 B_cam=16.61 Mbps (MFBR 8.0)
  [25/40] TwoTier      seed=1826701614 B_cam=16.49 Mbps (MFBR 8.0)
  [26/40] TwoTier      seed=1097657231 B_cam=16.74 Mbps (MFBR 8.0)
  [27/40] TwoTier      seed=376383645 B_cam=16.37 Mbps (MFBR 8.0)
  [28/40] TwoTier      seed=1746484539 B_cam=16.39 Mbps (MFBR 8.0)
  [29/40] TwoTier      seed=161576974 B_cam=16.31 Mbps (MFBR 8.0)
  [30/40] TwoTier      seed=35492826 B_cam=16.21 Mbps (MFBR 8.0)
  [31/40] ProtoGkpiD2  seed=661058651 B_cam=16.41 Mbps (MFBR 8.0)
  [32/40] ProtoGkpiD2  seed=1097657231 B_cam=16.81 Mbps (MFBR 8.0)
  [33/40] ProtoGkpiD2  seed=579362555 B_cam=12.66 Mbps (MFBR 8.0)
  [34/40] ProtoGkpiD2  seed=1826701614 B_cam=14.52 Mbps (MFBR 8.0)
  [35/40] ProtoGkpiD2  seed=87989972 B_cam=16.63 Mbps (MFBR 8.0)
  [36/40] ProtoGkpiD2  seed=161576974 B_cam=13.69 Mbps (MFBR 8.0)
  [37/40] ProtoGkpiD2  seed=1367864806 B_cam=14.86 Mbps (MFBR 8.0)
  [38/40] ProtoGkpiD2  seed=35492826 B_cam=16.73 Mbps (MFBR 8.0)
  [39/40] ProtoGkpiD2  seed=1746484539 B_cam=16.40 Mbps (MFBR 8.0)
  [40/40] ProtoGkpiD2  seed=376383645 B_cam=14.54 Mbps (MFBR 8.0)
achieved offered rate: 2.07-2.16x MFBR (GT-4.3 requires >= 2.0x)

wrote sweeps/g7-aggressor/g7_n8.json
